Processing ESP32S3 (framework: arduino; platform: espressif32@6.9.0; board: esp32-s3-devkitc-1)
--------------------------------------------------------------------------------
Verbose mode can be enabled via `-v, --verbose` option
CONFIGURATION: https://docs.platformio.org/page/boards/espressif32/esp32-s3-devkitc-1.html
PLATFORM: Espressif 32 (6.9.0) > Espressif ESP32-S3-DevKitC-1-N8 (8 MB QD, No PSRAM)
HARDWARE: ESP32S3 240MHz, 320KB RAM, 8MB Flash
DEBUG: Current (esp-builtin) On-board (esp-builtin) External (cmsis-dap, esp-bridge, esp-prog, iot-bus-jtag, jlink, minimodule, olimex-arm-usb-ocd, olimex-arm-usb-ocd-h, olimex-arm-usb-tiny-h, olimex-jtag-tiny, tumpa)
PACKAGES: 
 - framework-arduinoespressif32 @ 3.20017.241212+sha.dcc1105b 
 - tool-esptoolpy @ 1.40501.0 (4.5.1) 
 - toolchain-riscv32-esp @ 8.4.0+2021r2-patch5 
 - toolchain-xtensa-esp32s3 @ 8.4.0+2021r2-patch5
LDF: Library Dependency Finder -> https://bit.ly/configure-pio-ldf
LDF Modes: Finder ~ chain, Compatibility ~ strict
Found 66 compatible libraries
Scanning dependencies...
Dependency Graph
|-- AsyncTCP @ 3.3.2+sha.ef448a8
|-- ESPAsyncWebServer @ 3.6.0+sha.ad3741d
|-- ArduinoJson @ 7.2.0
|-- ElegantOTA @ 3.1.7
|-- FastLED @ 3.10.3
|-- ESP8266Audio @ 1.9.9
|-- WebSockets @ 2.7.3+sha.e3edca4
|-- AUDIO @ 1.0.0
|-- DEBUG
|-- ELRS_BACKPACK
|-- LED
|-- POWER
|-- QMI8658
|-- RACEHISTORY
|-- RGBLED
|-- ROTORHAZARD
|-- SELFTEST
|-- STORAGE
|-- TRACKMANAGER
|-- TRANSPORT
|-- USB
|-- WEBHOOK
|-- WEBSERVER
Building in release mode
Compiling .pio\build\ESP32S3\src\main.cpp.o
Building .pio\build\ESP32S3\bootloader.bin
Generating partitions .pio\build\ESP32S3\partitions.bin
esptool.py v4.5.1
Creating esp32s3 image...
Merged 1 ELF section
Successfully created esp32s3 image.
Compiling .pio\build\ESP32S3\lib860\AsyncTCP@src-7fb2940bccb78b8d2de6915ae328b7fc\AsyncTCP.cpp.o
Compiling .pio\build\ESP32S3\lib971\FS\FS.cpp.o
Compiling .pio\build\ESP32S3\lib971\FS\vfs_api.cpp.o
Compiling .pio\build\ESP32S3\lib868\WiFi\WiFi.cpp.o
Compiling .pio\build\ESP32S3\lib868\WiFi\WiFiAP.cpp.o
Compiling .pio\build\ESP32S3\lib868\WiFi\WiFiClient.cpp.o
Compiling .pio\build\ESP32S3\lib868\WiFi\WiFiGeneric.cpp.o
Compiling .pio\build\ESP32S3\lib868\WiFi\WiFiMulti.cpp.o
Compiling .pio\build\ESP32S3\lib868\WiFi\WiFiSTA.cpp.o
Compiling .pio\build\ESP32S3\lib868\WiFi\WiFiScan.cpp.o
Compiling .pio\build\ESP32S3\lib868\WiFi\WiFiServer.cpp.o
Compiling .pio\build\ESP32S3\lib868\WiFi\WiFiUdp.cpp.o
Compiling .pio\build\ESP32S3\lib453\WebServer\Parsing.cpp.o
Compiling .pio\build\ESP32S3\lib453\WebServer\WebServer.cpp.o
Compiling .pio\build\ESP32S3\lib453\WebServer\detail\mimetable.cpp.o
Compiling .pio\build\ESP32S3\libec6\ESPAsyncWebServer@src-8a740033305cb1c99d89b522d725653f\AsyncEventSource.cpp.o
Compiling .pio\build\ESP32S3\libec6\ESPAsyncWebServer@src-8a740033305cb1c99d89b522d725653f\AsyncJson.cpp.o
Archiving .pio\build\ESP32S3\lib971\libFS.a
Archiving .pio\build\ESP32S3\lib860\libAsyncTCP@src-7fb2940bccb78b8d2de6915ae328b7fc.a
Compiling .pio\build\ESP32S3\libec6\ESPAsyncWebServer@src-8a740033305cb1c99d89b522d725653f\AsyncMessagePack.cpp.o
Compiling .pio\build\ESP32S3\libec6\ESPAsyncWebServer@src-8a740033305cb1c99d89b522d725653f\AsyncWebHeader.cpp.o
Compiling .pio\build\ESP32S3\libec6\ESPAsyncWebServer@src-8a740033305cb1c99d89b522d725653f\AsyncWebSocket.cpp.o
Compiling .pio\build\ESP32S3\libec6\ESPAsyncWebServer@src-8a740033305cb1c99d89b522d725653f\BackPort_SHA1Builder.cpp.o
Compiling .pio\build\ESP32S3\libec6\ESPAsyncWebServer@src-8a740033305cb1c99d89b522d725653f\ChunkPrint.cpp.o
Compiling .pio\build\ESP32S3\libec6\ESPAsyncWebServer@src-8a740033305cb1c99d89b522d725653f\Middleware.cpp.o
Compiling .pio\build\ESP32S3\libec6\ESPAsyncWebServer@src-8a740033305cb1c99d89b522d725653f\WebAuthentication.cpp.o
Compiling .pio\build\ESP32S3\libec6\ESPAsyncWebServer@src-8a740033305cb1c99d89b522d725653f\WebHandlers.cpp.o
Compiling .pio\build\ESP32S3\libec6\ESPAsyncWebServer@src-8a740033305cb1c99d89b522d725653f\WebRequest.cpp.o
Compiling .pio\build\ESP32S3\libec6\ESPAsyncWebServer@src-8a740033305cb1c99d89b522d725653f\WebResponses.cpp.o
Archiving .pio\build\ESP32S3\lib868\libWiFi.a
Compiling .pio\build\ESP32S3\libec6\ESPAsyncWebServer@src-8a740033305cb1c99d89b522d725653f\WebServer.cpp.o
Compiling .pio\build\ESP32S3\lib255\LittleFS\LittleFS.cpp.o
Compiling .pio\build\ESP32S3\lib7cd\Update\HttpsOTAUpdate.cpp.o
Archiving .pio\build\ESP32S3\lib453\libWebServer.a
Compiling .pio\build\ESP32S3\lib7cd\Update\Updater.cpp.o
Compiling .pio\build\ESP32S3\liba90\ElegantOTA\ElegantOTA.cpp.o
Compiling .pio\build\ESP32S3\liba90\ElegantOTA\elop.cpp.o
Compiling .pio\build\ESP32S3\lib05b\SPI\SPI.cpp.o
Compiling .pio\build\ESP32S3\libd4e\I2S\I2S.cpp.o
Archiving .pio\build\ESP32S3\lib255\libLittleFS.a
Compiling .pio\build\ESP32S3\lib53e\SD\SD.cpp.o
Compiling .pio\build\ESP32S3\lib53e\SD\sd_diskio.cpp.o
Compiling .pio\build\ESP32S3\lib53e\SD\sd_diskio_crc.c.o
Compiling .pio\build\ESP32S3\lib53d\FastLED\FastLED.cpp.o
Archiving .pio\build\ESP32S3\libec6\libESPAsyncWebServer@src-8a740033305cb1c99d89b522d725653f.a
Archiving .pio\build\ESP32S3\lib7cd\libUpdate.a
Compiling .pio\build\ESP32S3\lib53d\FastLED\bitswap.cpp.o
Compiling .pio\build\ESP32S3\lib53d\FastLED\cled_controller.cpp.o
Compiling .pio\build\ESP32S3\lib53d\FastLED\colorpalettes.cpp.o
Compiling .pio\build\ESP32S3\lib53d\FastLED\crgb.cpp.o
Compiling .pio\build\ESP32S3\lib53d\FastLED\fl\allocator.cpp.o
Compiling .pio\build\ESP32S3\lib53d\FastLED\fl\async.cpp.o
Compiling .pio\build\ESP32S3\lib53d\FastLED\fl\audio.cpp.o
Compiling .pio\build\ESP32S3\lib53d\FastLED\fl\audio_input.cpp.o
Compiling .pio\build\ESP32S3\lib53d\FastLED\fl\audio_reactive.cpp.o
Compiling .pio\build\ESP32S3\lib53d\FastLED\fl\bitset.cpp.o
Compiling .pio\build\ESP32S3\lib53d\FastLED\fl\blur.cpp.o
Archiving .pio\build\ESP32S3\lib05b\libSPI.a
Compiling .pio\build\ESP32S3\lib53d\FastLED\fl\bytestreammemory.cpp.o
Compiling .pio\build\ESP32S3\lib53d\FastLED\fl\colorutils.cpp.o
Archiving .pio\build\ESP32S3\libd4e\libI2S.a
Compiling .pio\build\ESP32S3\lib53d\FastLED\fl\corkscrew.cpp.o
Compiling .pio\build\ESP32S3\lib53d\FastLED\fl\crgb_hsv16.cpp.o
Compiling .pio\build\ESP32S3\lib53d\FastLED\fl\downscale.cpp.o
Compiling .pio\build\ESP32S3\lib53d\FastLED\fl\ease.cpp.o
Compiling .pio\build\ESP32S3\lib53d\FastLED\fl\engine_events.cpp.o
Archiving .pio\build\ESP32S3\liba90\libElegantOTA.a
Compiling .pio\build\ESP32S3\lib53d\FastLED\fl\fetch.cpp.o
Compiling .pio\build\ESP32S3\lib53d\FastLED\fl\fft.cpp.o
Archiving .pio\build\ESP32S3\lib53e\libSD.a
Compiling .pio\build\ESP32S3\lib53d\FastLED\fl\fft_impl.cpp.o
Compiling .pio\build\ESP32S3\lib53d\FastLED\fl\file_system.cpp.o
Compiling .pio\build\ESP32S3\lib53d\FastLED\fl\fill.cpp.o
Compiling .pio\build\ESP32S3\lib53d\FastLED\fl\gamma.cpp.o
Compiling .pio\build\ESP32S3\lib53d\FastLED\fl\gradient.cpp.o
Compiling .pio\build\ESP32S3\lib53d\FastLED\fl\hsv16.cpp.o
Compiling .pio\build\ESP32S3\lib53d\FastLED\fl\id_tracker.cpp.o
Compiling .pio\build\ESP32S3\lib53d\FastLED\fl\io.cpp.o
Compiling .pio\build\ESP32S3\lib53d\FastLED\fl\istream.cpp.o
Compiling .pio\build\ESP32S3\lib53d\FastLED\fl\json.cpp.o
Compiling .pio\build\ESP32S3\lib53d\FastLED\fl\leds.cpp.o
Compiling .pio\build\ESP32S3\lib53d\FastLED\fl\line_simplification.cpp.o
Compiling .pio\build\ESP32S3\lib53d\FastLED\fl\noise_woryley.cpp.o
Compiling .pio\build\ESP32S3\lib53d\FastLED\fl\ostream.cpp.o
Compiling .pio\build\ESP32S3\lib53d\FastLED\fl\ptr.cpp.o
Compiling .pio\build\ESP32S3\lib53d\FastLED\fl\random.cpp.o
Compiling .pio\build\ESP32S3\lib53d\FastLED\fl\raster_sparse.cpp.o
Compiling .pio\build\ESP32S3\lib53d\FastLED\fl\rectangular_draw_buffer.cpp.o
Compiling .pio\build\ESP32S3\lib53d\FastLED\fl\referent.cpp.o
Compiling .pio\build\ESP32S3\lib53d\FastLED\fl\rgbw.cpp.o
Compiling .pio\build\ESP32S3\lib53d\FastLED\fl\screenmap.cpp.o
Compiling .pio\build\ESP32S3\lib53d\FastLED\fl\sin32.cpp.o
Compiling .pio\build\ESP32S3\lib53d\FastLED\fl\splat.cpp.o
Compiling .pio\build\ESP32S3\lib53d\FastLED\fl\str.cpp.o
Compiling .pio\build\ESP32S3\lib53d\FastLED\fl\str_ui.cpp.o
Compiling .pio\build\ESP32S3\lib53d\FastLED\fl\strstream.cpp.o
Compiling .pio\build\ESP32S3\lib53d\FastLED\fl\stub_main.cpp.o
Compiling .pio\build\ESP32S3\lib53d\FastLED\fl\task.cpp.o
Compiling .pio\build\ESP32S3\lib53d\FastLED\fl\tile2x2.cpp.o
Compiling .pio\build\ESP32S3\lib53d\FastLED\fl\time.cpp.o
Compiling .pio\build\ESP32S3\lib53d\FastLED\fl\time_alpha.cpp.o
Compiling .pio\build\ESP32S3\lib53d\FastLED\fl\transform.cpp.o
Compiling .pio\build\ESP32S3\lib53d\FastLED\fl\type_traits.cpp.o
Compiling .pio\build\ESP32S3\lib53d\FastLED\fl\ui.cpp.o
Compiling .pio\build\ESP32S3\lib53d\FastLED\fl\upscale.cpp.o
Compiling .pio\build\ESP32S3\lib53d\FastLED\fl\wave_simulation.cpp.o
Compiling .pio\build\ESP32S3\lib53d\FastLED\fl\wave_simulation_real.cpp.o
Compiling .pio\build\ESP32S3\lib53d\FastLED\fl\xmap.cpp.o
Compiling .pio\build\ESP32S3\lib53d\FastLED\fl\xymap.cpp.o
Compiling .pio\build\ESP32S3\lib53d\FastLED\fl\xypath.cpp.o
Compiling .pio\build\ESP32S3\lib53d\FastLED\fl\xypath_impls.cpp.o
Compiling .pio\build\ESP32S3\lib53d\FastLED\fl\xypath_renderer.cpp.o
Compiling .pio\build\ESP32S3\lib53d\FastLED\fx\2d\blend.cpp.o
Compiling .pio\build\ESP32S3\lib53d\FastLED\fx\2d\luminova.cpp.o
Compiling .pio\build\ESP32S3\lib53d\FastLED\fx\2d\noisepalette.cpp.o
Compiling .pio\build\ESP32S3\lib53d\FastLED\fx\2d\scale_up.cpp.o
Compiling .pio\build\ESP32S3\lib53d\FastLED\fx\2d\wave.cpp.o
Compiling .pio\build\ESP32S3\lib53d\FastLED\fx\detail\fx_layer.cpp.o
Compiling .pio\build\ESP32S3\lib53d\FastLED\fx\frame.cpp.o
Compiling .pio\build\ESP32S3\lib53d\FastLED\fx\fx_engine.cpp.o
Compiling .pio\build\ESP32S3\lib53d\FastLED\fx\time.cpp.o
Compiling .pio\build\ESP32S3\lib53d\FastLED\fx\video.cpp.o
Compiling .pio\build\ESP32S3\lib53d\FastLED\fx\video\frame_interpolator.cpp.o
Compiling .pio\build\ESP32S3\lib53d\FastLED\fx\video\frame_tracker.cpp.o
Compiling .pio\build\ESP32S3\lib53d\FastLED\fx\video\pixel_stream.cpp.o
Compiling .pio\build\ESP32S3\lib53d\FastLED\fx\video\video_impl.cpp.o
Compiling .pio\build\ESP32S3\lib53d\FastLED\hsv2rgb.cpp.o
Compiling .pio\build\ESP32S3\lib53d\FastLED\lib8tion.cpp.o
Compiling .pio\build\ESP32S3\lib53d\FastLED\noise.cpp.o
Compiling .pio\build\ESP32S3\lib53d\FastLED\platforms.cpp.o
Compiling .pio\build\ESP32S3\lib53d\FastLED\platforms\adafruit\clockless.cpp.o
Compiling .pio\build\ESP32S3\lib53d\FastLED\platforms\arm\k20\clockless_objectfled.cpp.o
Compiling .pio\build\ESP32S3\lib53d\FastLED\platforms\arm\mgm240\fastpin_arm_mgm240.cpp.o
Compiling .pio\build\ESP32S3\lib53d\FastLED\platforms\compile_test.cpp.o
Compiling .pio\build\ESP32S3\lib53d\FastLED\platforms\esp\32\audio\audio.cpp.o
Compiling .pio\build\ESP32S3\lib53d\FastLED\platforms\esp\32\audio\sound_util.cpp.o
Compiling .pio\build\ESP32S3\lib53d\FastLED\platforms\esp\32\clockless_i2s_esp32s3.cpp.o
Compiling .pio\build\ESP32S3\lib53d\FastLED\platforms\esp\32\i2s\i2s_esp32dev.cpp.o
Compiling .pio\build\ESP32S3\lib53d\FastLED\platforms\esp\32\rmt_4\idf4_rmt.cpp.o
python : .pio/libdeps/ESP32S3/FastLED/src/platforms/esp/32/clockless_i2s_esp32s3.cpp:10:2: warning: #warning "esp_memory_utils.h is not available, are you on esp-idf 4? The parallel clockless i2s driver will not be available" [-Wcpp]
At line:1 char:1
+ python -m platformio run --project-dir "C:\Users\Louis\Desktop\Code\f ...
+ ~~~~~~~~~~~~~~~~~~~~~~~~~~~~~~~~~~~~~~~~~~~~~~~~~~~~~~~~~~~~~~~~~~~~~
    + CategoryInfo          : NotSpecified: (.pio/libdeps/ES...ilable" [-Wcpp]:String) [], RemoteException
    + FullyQualifiedErrorId : NativeCommandError
 
 #warning "esp_memory_utils.h is not available, are you on esp-idf 4? The parallel clockless i2s driver will not be available"
  ^~~~~~~
Compiling .pio\build\ESP32S3\lib53d\FastLED\platforms\esp\32\rmt_4\idf4_rmt_impl.cpp.o
Compiling .pio\build\ESP32S3\lib53d\FastLED\platforms\esp\32\rmt_5\idf5_rmt.cpp.o
Compiling .pio\build\ESP32S3\lib53d\FastLED\platforms\esp\32\rmt_5\strip_rmt.cpp.o
Compiling .pio\build\ESP32S3\lib53d\FastLED\platforms\esp\32\spi_ws2812\strip_spi.cpp.o
Compiling .pio\build\ESP32S3\lib53d\FastLED\platforms\stub\Arduino.cpp.o
Compiling .pio\build\ESP32S3\lib53d\FastLED\platforms\stub\led_sysdefs_stub.cpp.o
Compiling .pio\build\ESP32S3\lib53d\FastLED\platforms\stub\time_stub.cpp.o
Compiling .pio\build\ESP32S3\lib53d\FastLED\platforms\wasm\active_strip_data.cpp.o
Compiling .pio\build\ESP32S3\lib53d\FastLED\platforms\wasm\engine_listener.cpp.o
Compiling .pio\build\ESP32S3\lib53d\FastLED\platforms\wasm\entry_point.cpp.o
Compiling .pio\build\ESP32S3\lib53d\FastLED\platforms\wasm\fastspi_wasm.cpp.o
Compiling .pio\build\ESP32S3\lib53d\FastLED\platforms\wasm\fs_wasm.cpp.o
Compiling .pio\build\ESP32S3\lib53d\FastLED\platforms\wasm\js.cpp.o
Compiling .pio\build\ESP32S3\lib53d\FastLED\platforms\wasm\js_bindings.cpp.o
Compiling .pio\build\ESP32S3\lib53d\FastLED\platforms\wasm\js_fetch.cpp.o
Compiling .pio\build\ESP32S3\lib53d\FastLED\platforms\wasm\timer.cpp.o
Compiling .pio\build\ESP32S3\lib53d\FastLED\platforms\wasm\ui.cpp.o
Compiling .pio\build\ESP32S3\lib53d\FastLED\power_mgt.cpp.o
Compiling .pio\build\ESP32S3\lib53d\FastLED\sensors\button.cpp.o
Compiling .pio\build\ESP32S3\lib53d\FastLED\sensors\digital_pin.cpp.o
Compiling .pio\build\ESP32S3\lib53d\FastLED\sensors\pir.cpp.o
Compiling .pio\build\ESP32S3\lib53d\FastLED\simplex.cpp.o
Compiling .pio\build\ESP32S3\lib53d\FastLED\third_party\cq_kernel\cq_kernel.cpp.o
Compiling .pio\build\ESP32S3\lib53d\FastLED\third_party\cq_kernel\kiss_fft.cpp.o
Compiling .pio\build\ESP32S3\lib53d\FastLED\third_party\cq_kernel\kiss_fftr.cpp.o
Compiling .pio\build\ESP32S3\lib53d\FastLED\third_party\espressif\led_strip\src\led_strip_api.c.o
Compiling .pio\build\ESP32S3\lib53d\FastLED\third_party\espressif\led_strip\src\led_strip_rmt_dev.c.o
Compiling .pio\build\ESP32S3\lib53d\FastLED\third_party\espressif\led_strip\src\led_strip_rmt_encoder.c.o
Compiling .pio\build\ESP32S3\lib53d\FastLED\third_party\espressif\led_strip\src\led_strip_spi_dev.c.o
Compiling .pio\build\ESP32S3\lib53d\FastLED\third_party\object_fled\src\OjectFLED.cpp.o
Compiling .pio\build\ESP32S3\lib53d\FastLED\transpose8x1_noinline.cpp.o
Compiling .pio\build\ESP32S3\lib53d\FastLED\wiring.cpp.o
Compiling .pio\build\ESP32S3\libd0b\SPIFFS\SPIFFS.cpp.o
Compiling .pio\build\ESP32S3\lib2a0\WiFiClientSecure\WiFiClientSecure.cpp.o
Compiling .pio\build\ESP32S3\lib2a0\WiFiClientSecure\esp_crt_bundle.c.o
Compiling .pio\build\ESP32S3\lib2a0\WiFiClientSecure\ssl_client.cpp.o
Compiling .pio\build\ESP32S3\lib96e\HTTPClient\HTTPClient.cpp.o
Compiling .pio\build\ESP32S3\lib0b6\ESP8266Audio\AudioFileSourceBuffer.cpp.o
Compiling .pio\build\ESP32S3\lib0b6\ESP8266Audio\AudioFileSourceFS.cpp.o
Compiling .pio\build\ESP32S3\lib0b6\ESP8266Audio\AudioFileSourceFunction.cpp.o
Compiling .pio\build\ESP32S3\lib0b6\ESP8266Audio\AudioFileSourceHTTPStream.cpp.o
Compiling .pio\build\ESP32S3\lib0b6\ESP8266Audio\AudioFileSourceICYStream.cpp.o
Compiling .pio\build\ESP32S3\lib0b6\ESP8266Audio\AudioFileSourceID3.cpp.o
Compiling .pio\build\ESP32S3\lib0b6\ESP8266Audio\AudioFileSourcePROGMEM.cpp.o
Compiling .pio\build\ESP32S3\lib0b6\ESP8266Audio\AudioFileSourceSD.cpp.o
Compiling .pio\build\ESP32S3\lib0b6\ESP8266Audio\AudioFileSourceSPIRAMBuffer.cpp.o
Compiling .pio\build\ESP32S3\lib0b6\ESP8266Audio\AudioFileSourceSTDIO.cpp.o
Compiling .pio\build\ESP32S3\lib0b6\ESP8266Audio\AudioFileStream.cpp.o
Archiving .pio\build\ESP32S3\libd0b\libSPIFFS.a
Archiving .pio\build\ESP32S3\lib53d\libFastLED.a
Compiling .pio\build\ESP32S3\lib0b6\ESP8266Audio\AudioGeneratorAAC.cpp.o
Compiling .pio\build\ESP32S3\lib0b6\ESP8266Audio\AudioGeneratorFLAC.cpp.o
Compiling .pio\build\ESP32S3\lib0b6\ESP8266Audio\AudioGeneratorMIDI.cpp.o
Archiving .pio\build\ESP32S3\lib2a0\libWiFiClientSecure.a
Compiling .pio\build\ESP32S3\lib0b6\ESP8266Audio\AudioGeneratorMOD.cpp.o
Compiling .pio\build\ESP32S3\lib0b6\ESP8266Audio\AudioGeneratorMP3.cpp.o
Compiling .pio\build\ESP32S3\lib0b6\ESP8266Audio\AudioGeneratorMP3a.cpp.o
Compiling .pio\build\ESP32S3\lib0b6\ESP8266Audio\AudioGeneratorOpus.cpp.o
Compiling .pio\build\ESP32S3\lib0b6\ESP8266Audio\AudioGeneratorRTTTL.cpp.o
Compiling .pio\build\ESP32S3\lib0b6\ESP8266Audio\AudioGeneratorTalkie.cpp.o
Compiling .pio\build\ESP32S3\lib0b6\ESP8266Audio\AudioGeneratorWAV.cpp.o
Compiling .pio\build\ESP32S3\lib0b6\ESP8266Audio\AudioLogger.cpp.o
Compiling .pio\build\ESP32S3\lib0b6\ESP8266Audio\AudioOutputBuffer.cpp.o
Compiling .pio\build\ESP32S3\lib0b6\ESP8266Audio\AudioOutputFilterBiquad.cpp.o
Compiling .pio\build\ESP32S3\lib0b6\ESP8266Audio\AudioOutputFilterDecimate.cpp.o
Compiling .pio\build\ESP32S3\lib0b6\ESP8266Audio\AudioOutputI2S.cpp.o
Compiling .pio\build\ESP32S3\lib0b6\ESP8266Audio\AudioOutputI2SNoDAC.cpp.o
Archiving .pio\build\ESP32S3\lib96e\libHTTPClient.a
Compiling .pio\build\ESP32S3\lib0b6\ESP8266Audio\AudioOutputMixer.cpp.o
Compiling .pio\build\ESP32S3\lib0b6\ESP8266Audio\AudioOutputPWM.cpp.o
Compiling .pio\build\ESP32S3\lib0b6\ESP8266Audio\AudioOutputSPDIF.cpp.o
Compiling .pio\build\ESP32S3\lib0b6\ESP8266Audio\AudioOutputSPIFFSWAV.cpp.o
Compiling .pio\build\ESP32S3\lib0b6\ESP8266Audio\AudioOutputSTDIO.cpp.o
Compiling .pio\build\ESP32S3\lib0b6\ESP8266Audio\AudioOutputSerialWAV.cpp.o
Compiling .pio\build\ESP32S3\lib0b6\ESP8266Audio\AudioOutputULP.cpp.o
Compiling .pio\build\ESP32S3\lib0b6\ESP8266Audio\driver\SinglePinI2SDriver.cpp.o
Compiling .pio\build\ESP32S3\lib0b6\ESP8266Audio\libflac\bitmath.c.o
Compiling .pio\build\ESP32S3\lib0b6\ESP8266Audio\libflac\bitreader.c.o
Compiling .pio\build\ESP32S3\lib0b6\ESP8266Audio\libflac\cpu.c.o
Compiling .pio\build\ESP32S3\lib0b6\ESP8266Audio\libflac\crc.c.o
Compiling .pio\build\ESP32S3\lib0b6\ESP8266Audio\libflac\fixed.c.o
Compiling .pio\build\ESP32S3\lib0b6\ESP8266Audio\libflac\float.c.o
Compiling .pio\build\ESP32S3\lib0b6\ESP8266Audio\libflac\format.c.o
Compiling .pio\build\ESP32S3\lib0b6\ESP8266Audio\libflac\lpc.c.o
Compiling .pio\build\ESP32S3\lib0b6\ESP8266Audio\libflac\md5.c.o
Compiling .pio\build\ESP32S3\lib0b6\ESP8266Audio\libflac\memory.c.o
Compiling .pio\build\ESP32S3\lib0b6\ESP8266Audio\libflac\stream_decoder.c.o
Compiling .pio\build\ESP32S3\lib0b6\ESP8266Audio\libflac\window.c.o
Compiling .pio\build\ESP32S3\lib0b6\ESP8266Audio\libhelix-aac\aacdec.c.o
Compiling .pio\build\ESP32S3\lib0b6\ESP8266Audio\libhelix-aac\aactabs.c.o
Compiling .pio\build\ESP32S3\lib0b6\ESP8266Audio\libhelix-aac\bitstream.c.o
Compiling .pio\build\ESP32S3\lib0b6\ESP8266Audio\libhelix-aac\buffers.c.o
Compiling .pio\build\ESP32S3\lib0b6\ESP8266Audio\libhelix-aac\dct4.c.o
Compiling .pio\build\ESP32S3\lib0b6\ESP8266Audio\libhelix-aac\decelmnt.c.o
Compiling .pio\build\ESP32S3\lib0b6\ESP8266Audio\libhelix-aac\dequant.c.o
Compiling .pio\build\ESP32S3\lib0b6\ESP8266Audio\libhelix-aac\fft.c.o
Compiling .pio\build\ESP32S3\lib0b6\ESP8266Audio\libhelix-aac\filefmt.c.o
Compiling .pio\build\ESP32S3\lib0b6\ESP8266Audio\libhelix-aac\huffman.c.o
Compiling .pio\build\ESP32S3\lib0b6\ESP8266Audio\libhelix-aac\hufftabs.c.o
Compiling .pio\build\ESP32S3\lib0b6\ESP8266Audio\libhelix-aac\imdct.c.o
Compiling .pio\build\ESP32S3\lib0b6\ESP8266Audio\libhelix-aac\noiseless.c.o
Compiling .pio\build\ESP32S3\lib0b6\ESP8266Audio\libhelix-aac\pns.c.o
Compiling .pio\build\ESP32S3\lib0b6\ESP8266Audio\libhelix-aac\sbr.c.o
Compiling .pio\build\ESP32S3\lib0b6\ESP8266Audio\libhelix-aac\sbrfft.c.o
Compiling .pio\build\ESP32S3\lib0b6\ESP8266Audio\libhelix-aac\sbrfreq.c.o
Compiling .pio\build\ESP32S3\lib0b6\ESP8266Audio\libhelix-aac\sbrhfadj.c.o
Compiling .pio\build\ESP32S3\lib0b6\ESP8266Audio\libhelix-aac\sbrhfgen.c.o
Compiling .pio\build\ESP32S3\lib0b6\ESP8266Audio\libhelix-aac\sbrhuff.c.o
Compiling .pio\build\ESP32S3\lib0b6\ESP8266Audio\libhelix-aac\sbrimdct.c.o
Compiling .pio\build\ESP32S3\lib0b6\ESP8266Audio\libhelix-aac\sbrmath.c.o
Compiling .pio\build\ESP32S3\lib0b6\ESP8266Audio\libhelix-aac\sbrqmf.c.o
Compiling .pio\build\ESP32S3\lib0b6\ESP8266Audio\libhelix-aac\sbrside.c.o
Compiling .pio\build\ESP32S3\lib0b6\ESP8266Audio\libhelix-aac\sbrtabs.c.o
Compiling .pio\build\ESP32S3\lib0b6\ESP8266Audio\libhelix-aac\stproc.c.o
Compiling .pio\build\ESP32S3\lib0b6\ESP8266Audio\libhelix-aac\tns.c.o
Compiling .pio\build\ESP32S3\lib0b6\ESP8266Audio\libhelix-aac\trigtabs.c.o
Compiling .pio\build\ESP32S3\lib0b6\ESP8266Audio\libhelix-mp3\bitstream.c.o
Compiling .pio\build\ESP32S3\lib0b6\ESP8266Audio\libhelix-mp3\buffers.c.o
Compiling .pio\build\ESP32S3\lib0b6\ESP8266Audio\libhelix-mp3\dct32.c.o
Compiling .pio\build\ESP32S3\lib0b6\ESP8266Audio\libhelix-mp3\dequant.c.o
Compiling .pio\build\ESP32S3\lib0b6\ESP8266Audio\libhelix-mp3\dqchan.c.o
Compiling .pio\build\ESP32S3\lib0b6\ESP8266Audio\libhelix-mp3\huffman.c.o
Compiling .pio\build\ESP32S3\lib0b6\ESP8266Audio\libhelix-mp3\hufftabs.c.o
Compiling .pio\build\ESP32S3\lib0b6\ESP8266Audio\libhelix-mp3\imdct.c.o
Compiling .pio\build\ESP32S3\lib0b6\ESP8266Audio\libhelix-mp3\mp3dec.c.o
Compiling .pio\build\ESP32S3\lib0b6\ESP8266Audio\libhelix-mp3\mp3tabs.c.o
Compiling .pio\build\ESP32S3\lib0b6\ESP8266Audio\libhelix-mp3\polyphase.c.o
Compiling .pio\build\ESP32S3\lib0b6\ESP8266Audio\libhelix-mp3\scalfact.c.o
Compiling .pio\build\ESP32S3\lib0b6\ESP8266Audio\libhelix-mp3\stproc.c.o
Compiling .pio\build\ESP32S3\lib0b6\ESP8266Audio\libhelix-mp3\subband.c.o
Compiling .pio\build\ESP32S3\lib0b6\ESP8266Audio\libhelix-mp3\trigtabs.c.o
Compiling .pio\build\ESP32S3\lib0b6\ESP8266Audio\libmad\bit.c.o
Compiling .pio\build\ESP32S3\lib0b6\ESP8266Audio\libmad\decoder.c.o
Compiling .pio\build\ESP32S3\lib0b6\ESP8266Audio\libmad\fixed.c.o
Compiling .pio\build\ESP32S3\lib0b6\ESP8266Audio\libmad\frame.c.o
Compiling .pio\build\ESP32S3\lib0b6\ESP8266Audio\libmad\huffman.c.o
Compiling .pio\build\ESP32S3\lib0b6\ESP8266Audio\libmad\layer3.c.o
Compiling .pio\build\ESP32S3\lib0b6\ESP8266Audio\libmad\stream.c.o
Compiling .pio\build\ESP32S3\lib0b6\ESP8266Audio\libmad\synth.c.o
Compiling .pio\build\ESP32S3\lib0b6\ESP8266Audio\libmad\timer.c.o
Compiling .pio\build\ESP32S3\lib0b6\ESP8266Audio\libmad\version.c.o
Compiling .pio\build\ESP32S3\lib0b6\ESP8266Audio\libogg\bitwise.c.o
Compiling .pio\build\ESP32S3\lib0b6\ESP8266Audio\libogg\framing.c.o
Compiling .pio\build\ESP32S3\lib0b6\ESP8266Audio\libopus\celt\bands.c.o
Compiling .pio\build\ESP32S3\lib0b6\ESP8266Audio\libopus\celt\celt.c.o
Compiling .pio\build\ESP32S3\lib0b6\ESP8266Audio\libopus\celt\celt_decoder.c.o
Compiling .pio\build\ESP32S3\lib0b6\ESP8266Audio\libopus\celt\celt_encoder.c.o
Compiling .pio\build\ESP32S3\lib0b6\ESP8266Audio\libopus\celt\celt_lpc.c.o
Compiling .pio\build\ESP32S3\lib0b6\ESP8266Audio\libopus\celt\cwrs.c.o
Compiling .pio\build\ESP32S3\lib0b6\ESP8266Audio\libopus\celt\entcode.c.o
Compiling .pio\build\ESP32S3\lib0b6\ESP8266Audio\libopus\celt\entdec.c.o
Compiling .pio\build\ESP32S3\lib0b6\ESP8266Audio\libopus\celt\entenc.c.o
Compiling .pio\build\ESP32S3\lib0b6\ESP8266Audio\libopus\celt\kiss_fft.c.o
Compiling .pio\build\ESP32S3\lib0b6\ESP8266Audio\libopus\celt\laplace.c.o
Compiling .pio\build\ESP32S3\lib0b6\ESP8266Audio\libopus\celt\mathops.c.o
Compiling .pio\build\ESP32S3\lib0b6\ESP8266Audio\libopus\celt\mdct.c.o
Compiling .pio\build\ESP32S3\lib0b6\ESP8266Audio\libopus\celt\modes.c.o
Compiling .pio\build\ESP32S3\lib0b6\ESP8266Audio\libopus\celt\pitch.c.o
Compiling .pio\build\ESP32S3\lib0b6\ESP8266Audio\libopus\celt\quant_bands.c.o
Compiling .pio\build\ESP32S3\lib0b6\ESP8266Audio\libopus\celt\rate.c.o
Compiling .pio\build\ESP32S3\lib0b6\ESP8266Audio\libopus\celt\vq.c.o
Compiling .pio\build\ESP32S3\lib0b6\ESP8266Audio\libopus\mapping_matrix.c.o
Compiling .pio\build\ESP32S3\lib0b6\ESP8266Audio\libopus\opus.c.o
Compiling .pio\build\ESP32S3\lib0b6\ESP8266Audio\libopus\opus_decoder.c.o
Compiling .pio\build\ESP32S3\lib0b6\ESP8266Audio\libopus\opus_encoder.c.o
Compiling .pio\build\ESP32S3\lib0b6\ESP8266Audio\libopus\opus_multistream.c.o
Compiling .pio\build\ESP32S3\lib0b6\ESP8266Audio\libopus\opus_multistream_decoder.c.o
Compiling .pio\build\ESP32S3\lib0b6\ESP8266Audio\libopus\opus_multistream_encoder.c.o
Compiling .pio\build\ESP32S3\lib0b6\ESP8266Audio\libopus\opus_projection_decoder.c.o
Compiling .pio\build\ESP32S3\lib0b6\ESP8266Audio\libopus\opus_projection_encoder.c.o
Compiling .pio\build\ESP32S3\lib0b6\ESP8266Audio\libopus\repacketizer.c.o
Compiling .pio\build\ESP32S3\lib0b6\ESP8266Audio\libopus\silk\A2NLSF.c.o
Compiling .pio\build\ESP32S3\lib0b6\ESP8266Audio\libopus\silk\CNG.c.o
Compiling .pio\build\ESP32S3\lib0b6\ESP8266Audio\libopus\silk\HP_variable_cutoff.c.o
Compiling .pio\build\ESP32S3\lib0b6\ESP8266Audio\libopus\silk\LPC_analysis_filter.c.o
Compiling .pio\build\ESP32S3\lib0b6\ESP8266Audio\libopus\silk\LPC_fit.c.o
Compiling .pio\build\ESP32S3\lib0b6\ESP8266Audio\libopus\silk\LPC_inv_pred_gain.c.o
Compiling .pio\build\ESP32S3\lib0b6\ESP8266Audio\libopus\silk\LP_variable_cutoff.c.o
Compiling .pio\build\ESP32S3\lib0b6\ESP8266Audio\libopus\silk\NLSF2A.c.o
Compiling .pio\build\ESP32S3\lib0b6\ESP8266Audio\libopus\silk\NLSF_VQ.c.o
Compiling .pio\build\ESP32S3\lib0b6\ESP8266Audio\libopus\silk\NLSF_VQ_weights_laroia.c.o
Compiling .pio\build\ESP32S3\lib0b6\ESP8266Audio\libopus\silk\NLSF_decode.c.o
Compiling .pio\build\ESP32S3\lib0b6\ESP8266Audio\libopus\silk\NLSF_del_dec_quant.c.o
Compiling .pio\build\ESP32S3\lib0b6\ESP8266Audio\libopus\silk\NLSF_encode.c.o
Compiling .pio\build\ESP32S3\lib0b6\ESP8266Audio\libopus\silk\NLSF_stabilize.c.o
Compiling .pio\build\ESP32S3\lib0b6\ESP8266Audio\libopus\silk\NLSF_unpack.c.o
Compiling .pio\build\ESP32S3\lib0b6\ESP8266Audio\libopus\silk\NSQ.c.o
Compiling .pio\build\ESP32S3\lib0b6\ESP8266Audio\libopus\silk\NSQ_del_dec.c.o
Compiling .pio\build\ESP32S3\lib0b6\ESP8266Audio\libopus\silk\PLC.c.o
Compiling .pio\build\ESP32S3\lib0b6\ESP8266Audio\libopus\silk\VAD.c.o
Compiling .pio\build\ESP32S3\lib0b6\ESP8266Audio\libopus\silk\VQ_WMat_EC.c.o
Compiling .pio\build\ESP32S3\lib0b6\ESP8266Audio\libopus\silk\ana_filt_bank_1.c.o
Compiling .pio\build\ESP32S3\lib0b6\ESP8266Audio\libopus\silk\biquad_alt.c.o
Compiling .pio\build\ESP32S3\lib0b6\ESP8266Audio\libopus\silk\bwexpander.c.o
Compiling .pio\build\ESP32S3\lib0b6\ESP8266Audio\libopus\silk\bwexpander_32.c.o
Compiling .pio\build\ESP32S3\lib0b6\ESP8266Audio\libopus\silk\check_control_input.c.o
Compiling .pio\build\ESP32S3\lib0b6\ESP8266Audio\libopus\silk\code_signs.c.o
Compiling .pio\build\ESP32S3\lib0b6\ESP8266Audio\libopus\silk\control_SNR.c.o
Compiling .pio\build\ESP32S3\lib0b6\ESP8266Audio\libopus\silk\control_audio_bandwidth.c.o
Compiling .pio\build\ESP32S3\lib0b6\ESP8266Audio\libopus\silk\control_codec.c.o
Compiling .pio\build\ESP32S3\lib0b6\ESP8266Audio\libopus\silk\debug.c.o
Compiling .pio\build\ESP32S3\lib0b6\ESP8266Audio\libopus\silk\dec_API.c.o
Compiling .pio\build\ESP32S3\lib0b6\ESP8266Audio\libopus\silk\decode_core.c.o
Compiling .pio\build\ESP32S3\lib0b6\ESP8266Audio\libopus\silk\decode_frame.c.o
Compiling .pio\build\ESP32S3\lib0b6\ESP8266Audio\libopus\silk\decode_indices.c.o
Compiling .pio\build\ESP32S3\lib0b6\ESP8266Audio\libopus\silk\decode_parameters.c.o
Compiling .pio\build\ESP32S3\lib0b6\ESP8266Audio\libopus\silk\decode_pitch.c.o
Compiling .pio\build\ESP32S3\lib0b6\ESP8266Audio\libopus\silk\decode_pulses.c.o
Compiling .pio\build\ESP32S3\lib0b6\ESP8266Audio\libopus\silk\decoder_set_fs.c.o
Compiling .pio\build\ESP32S3\lib0b6\ESP8266Audio\libopus\silk\enc_API.c.o
Compiling .pio\build\ESP32S3\lib0b6\ESP8266Audio\libopus\silk\encode_indices.c.o
Compiling .pio\build\ESP32S3\lib0b6\ESP8266Audio\libopus\silk\encode_pulses.c.o
Compiling .pio\build\ESP32S3\lib0b6\ESP8266Audio\libopus\silk\fixed\LTP_analysis_filter_FIX.c.o
Compiling .pio\build\ESP32S3\lib0b6\ESP8266Audio\libopus\silk\fixed\LTP_scale_ctrl_FIX.c.o
Compiling .pio\build\ESP32S3\lib0b6\ESP8266Audio\libopus\silk\fixed\apply_sine_window_FIX.c.o
Compiling .pio\build\ESP32S3\lib0b6\ESP8266Audio\libopus\silk\fixed\autocorr_FIX.c.o
Compiling .pio\build\ESP32S3\lib0b6\ESP8266Audio\libopus\silk\fixed\burg_modified_FIX.c.o
Compiling .pio\build\ESP32S3\lib0b6\ESP8266Audio\libopus\silk\fixed\corrMatrix_FIX.c.o
Compiling .pio\build\ESP32S3\lib0b6\ESP8266Audio\libopus\silk\fixed\encode_frame_FIX.c.o
Compiling .pio\build\ESP32S3\lib0b6\ESP8266Audio\libopus\silk\fixed\find_LPC_FIX.c.o
Compiling .pio\build\ESP32S3\lib0b6\ESP8266Audio\libopus\silk\fixed\find_LTP_FIX.c.o
Compiling .pio\build\ESP32S3\lib0b6\ESP8266Audio\libopus\silk\fixed\find_pitch_lags_FIX.c.o
Compiling .pio\build\ESP32S3\lib0b6\ESP8266Audio\libopus\silk\fixed\find_pred_coefs_FIX.c.o
Compiling .pio\build\ESP32S3\lib0b6\ESP8266Audio\libopus\silk\fixed\k2a_FIX.c.o
Compiling .pio\build\ESP32S3\lib0b6\ESP8266Audio\libopus\silk\fixed\k2a_Q16_FIX.c.o
Compiling .pio\build\ESP32S3\lib0b6\ESP8266Audio\libopus\silk\fixed\noise_shape_analysis_FIX.c.o
Compiling .pio\build\ESP32S3\lib0b6\ESP8266Audio\libopus\silk\fixed\pitch_analysis_core_FIX.c.o
Compiling .pio\build\ESP32S3\lib0b6\ESP8266Audio\libopus\silk\fixed\process_gains_FIX.c.o
Compiling .pio\build\ESP32S3\lib0b6\ESP8266Audio\libopus\silk\fixed\regularize_correlations_FIX.c.o
Compiling .pio\build\ESP32S3\lib0b6\ESP8266Audio\libopus\silk\fixed\residual_energy16_FIX.c.o
Compiling .pio\build\ESP32S3\lib0b6\ESP8266Audio\libopus\silk\fixed\residual_energy_FIX.c.o
Compiling .pio\build\ESP32S3\lib0b6\ESP8266Audio\libopus\silk\fixed\schur64_FIX.c.o
Compiling .pio\build\ESP32S3\lib0b6\ESP8266Audio\libopus\silk\fixed\schur_FIX.c.o
Compiling .pio\build\ESP32S3\lib0b6\ESP8266Audio\libopus\silk\fixed\vector_ops_FIX.c.o
Compiling .pio\build\ESP32S3\lib0b6\ESP8266Audio\libopus\silk\fixed\warped_autocorrelation_FIX.c.o
Compiling .pio\build\ESP32S3\lib0b6\ESP8266Audio\libopus\silk\gain_quant.c.o
Compiling .pio\build\ESP32S3\lib0b6\ESP8266Audio\libopus\silk\init_decoder.c.o
Compiling .pio\build\ESP32S3\lib0b6\ESP8266Audio\libopus\silk\init_encoder.c.o
Compiling .pio\build\ESP32S3\lib0b6\ESP8266Audio\libopus\silk\inner_prod_aligned.c.o
Compiling .pio\build\ESP32S3\lib0b6\ESP8266Audio\libopus\silk\interpolate.c.o
Compiling .pio\build\ESP32S3\lib0b6\ESP8266Audio\libopus\silk\lin2log.c.o
Compiling .pio\build\ESP32S3\lib0b6\ESP8266Audio\libopus\silk\log2lin.c.o
Compiling .pio\build\ESP32S3\lib0b6\ESP8266Audio\libopus\silk\pitch_est_tables.c.o
Compiling .pio\build\ESP32S3\lib0b6\ESP8266Audio\libopus\silk\process_NLSFs.c.o
Compiling .pio\build\ESP32S3\lib0b6\ESP8266Audio\libopus\silk\quant_LTP_gains.c.o
Compiling .pio\build\ESP32S3\lib0b6\ESP8266Audio\libopus\silk\resampler.c.o
Compiling .pio\build\ESP32S3\lib0b6\ESP8266Audio\libopus\silk\resampler_down2.c.o
Compiling .pio\build\ESP32S3\lib0b6\ESP8266Audio\libopus\silk\resampler_down2_3.c.o
Compiling .pio\build\ESP32S3\lib0b6\ESP8266Audio\libopus\silk\resampler_private_AR2.c.o
Compiling .pio\build\ESP32S3\lib0b6\ESP8266Audio\libopus\silk\resampler_private_IIR_FIR.c.o
Compiling .pio\build\ESP32S3\lib0b6\ESP8266Audio\libopus\silk\resampler_private_down_FIR.c.o
Compiling .pio\build\ESP32S3\lib0b6\ESP8266Audio\libopus\silk\resampler_private_up2_HQ.c.o
Compiling .pio\build\ESP32S3\lib0b6\ESP8266Audio\libopus\silk\resampler_rom.c.o
Compiling .pio\build\ESP32S3\lib0b6\ESP8266Audio\libopus\silk\shell_coder.c.o
Compiling .pio\build\ESP32S3\lib0b6\ESP8266Audio\libopus\silk\sigm_Q15.c.o
Compiling .pio\build\ESP32S3\lib0b6\ESP8266Audio\libopus\silk\sort.c.o
Compiling .pio\build\ESP32S3\lib0b6\ESP8266Audio\libopus\silk\stereo_LR_to_MS.c.o
Compiling .pio\build\ESP32S3\lib0b6\ESP8266Audio\libopus\silk\stereo_MS_to_LR.c.o
Compiling .pio\build\ESP32S3\lib0b6\ESP8266Audio\libopus\silk\stereo_decode_pred.c.o
Compiling .pio\build\ESP32S3\lib0b6\ESP8266Audio\libopus\silk\stereo_encode_pred.c.o
Compiling .pio\build\ESP32S3\lib0b6\ESP8266Audio\libopus\silk\stereo_find_predictor.c.o
Compiling .pio\build\ESP32S3\lib0b6\ESP8266Audio\libopus\silk\stereo_quant_pred.c.o
Compiling .pio\build\ESP32S3\lib0b6\ESP8266Audio\libopus\silk\sum_sqr_shift.c.o
Compiling .pio\build\ESP32S3\lib0b6\ESP8266Audio\libopus\silk\table_LSF_cos.c.o
Compiling .pio\build\ESP32S3\lib0b6\ESP8266Audio\libopus\silk\tables_LTP.c.o
Compiling .pio\build\ESP32S3\lib0b6\ESP8266Audio\libopus\silk\tables_NLSF_CB_NB_MB.c.o
Compiling .pio\build\ESP32S3\lib0b6\ESP8266Audio\libopus\silk\tables_NLSF_CB_WB.c.o
Compiling .pio\build\ESP32S3\lib0b6\ESP8266Audio\libopus\silk\tables_gain.c.o
Compiling .pio\build\ESP32S3\lib0b6\ESP8266Audio\libopus\silk\tables_other.c.o
Compiling .pio\build\ESP32S3\lib0b6\ESP8266Audio\libopus\silk\tables_pitch_lag.c.o
Compiling .pio\build\ESP32S3\lib0b6\ESP8266Audio\libopus\silk\tables_pulses_per_block.c.o
Compiling .pio\build\ESP32S3\lib0b6\ESP8266Audio\opusfile\info.c.o
Compiling .pio\build\ESP32S3\lib0b6\ESP8266Audio\opusfile\internal.c.o
Compiling .pio\build\ESP32S3\lib0b6\ESP8266Audio\opusfile\opusfile.c.o
Compiling .pio\build\ESP32S3\lib0b6\ESP8266Audio\opusfile\stream.c.o
Compiling .pio\build\ESP32S3\lib265\Ethernet\ETH.cpp.o
Compiling .pio\build\ESP32S3\lib0f1\WebSockets\SocketIOclient.cpp.o
Compiling .pio\build\ESP32S3\lib0f1\WebSockets\WebSockets.cpp.o
Compiling .pio\build\ESP32S3\lib0f1\WebSockets\WebSocketsClient.cpp.o
Compiling .pio\build\ESP32S3\lib0f1\WebSockets\WebSocketsServer.cpp.o
Compiling .pio\build\ESP32S3\lib0f1\WebSockets\libb64\cdecode.c.o
Compiling .pio\build\ESP32S3\lib0f1\WebSockets\libb64\cencode.c.o
Compiling .pio\build\ESP32S3\lib0f1\WebSockets\libsha1\libsha1.c.o
Compiling .pio\build\ESP32S3\lib3da\BUZZER\buzzer.cpp.o
Archiving .pio\build\ESP32S3\lib0b6\libESP8266Audio.a
Compiling .pio\build\ESP32S3\lib754\LED\led.cpp.o
Compiling .pio\build\ESP32S3\libd06\RX5808\RX5808.cpp.o
Compiling .pio\build\ESP32S3\lib012\BATTERY\battery.cpp.o
Archiving .pio\build\ESP32S3\lib265\libEthernet.a
Compiling .pio\build\ESP32S3\lib4a2\STORAGE\storage.cpp.o
Compiling .pio\build\ESP32S3\libdd1\EEPROM\EEPROM.cpp.o
Compiling .pio\build\ESP32S3\libb09\CONFIG\config.cpp.o
Archiving .pio\build\ESP32S3\lib0f1\libWebSockets.a
Compiling .pio\build\ESP32S3\lib6ca\AUDIO\audio.cpp.o
Archiving .pio\build\ESP32S3\lib754\libLED.a
Compiling .pio\build\ESP32S3\lib2a2\ELRS_BACKPACK\elrs_backpack_espnow.cpp.o
Archiving .pio\build\ESP32S3\lib012\libBATTERY.a
Compiling .pio\build\ESP32S3\lib2a2\ELRS_BACKPACK\elrs_bind_uid.cpp.o
Compiling .pio\build\ESP32S3\lib2a2\ELRS_BACKPACK\msp.cpp.o
Compiling .pio\build\ESP32S3\lib2c2\POWER\power.cpp.o
Archiving .pio\build\ESP32S3\lib3da\libBUZZER.a
Compiling .pio\build\ESP32S3\libda4\Wire\Wire.cpp.o
Archiving .pio\build\ESP32S3\libdd1\libEEPROM.a
Compiling .pio\build\ESP32S3\lib292\QMI8658\qmi8658.cpp.o
Archiving .pio\build\ESP32S3\libd06\libRX5808.a
Compiling .pio\build\ESP32S3\lib78a\RACEHISTORY\racehistory.cpp.o
Compiling .pio\build\ESP32S3\libf9b\RGBLED\rgbled.cpp.o
Archiving .pio\build\ESP32S3\libda4\libWire.a
Archiving .pio\build\ESP32S3\lib6ca\libAUDIO.a
Archiving .pio\build\ESP32S3\lib2c2\libPOWER.a
Archiving .pio\build\ESP32S3\lib4a2\libSTORAGE.a
Compiling .pio\build\ESP32S3\lib28e\ROTORHAZARD\rotorhazard.cpp.o
Archiving .pio\build\ESP32S3\lib2a2\libELRS_BACKPACK.a
Compiling .pio\build\ESP32S3\lib50d\KALMAN\kalman.cpp.o
Compiling .pio\build\ESP32S3\libd9e\TRACKMANAGER\trackmanager.cpp.o
Archiving .pio\build\ESP32S3\libb09\libCONFIG.a
Archiving .pio\build\ESP32S3\lib50d\libKALMAN.a
Compiling .pio\build\ESP32S3\libd8f\WEBHOOK\webhook.cpp.o
Compiling .pio\build\ESP32S3\libdbd\LAPTIMER\laptimer.cpp.o
Archiving .pio\build\ESP32S3\lib292\libQMI8658.a
Compiling .pio\build\ESP32S3\lib536\USB\usb.cpp.o
Compiling .pio\build\ESP32S3\libb72\SELFTEST\selftest.cpp.o
Archiving .pio\build\ESP32S3\lib28e\libROTORHAZARD.a
Archiving .pio\build\ESP32S3\libd8f\libWEBHOOK.a
Compiling .pio\build\ESP32S3\libebf\DNSServer\DNSServer.cpp.o
Archiving .pio\build\ESP32S3\lib78a\libRACEHISTORY.a
Archiving .pio\build\ESP32S3\libf9b\libRGBLED.a
Compiling .pio\build\ESP32S3\libc71\ESPmDNS\ESPmDNS.cpp.o
Compiling .pio\build\ESP32S3\libdd9\WEBSERVER\webserver.cpp.o
Archiving .pio\build\ESP32S3\libd9e\libTRACKMANAGER.a
Compiling .pio\build\ESP32S3\FrameworkArduino\Esp.cpp.o
Compiling .pio\build\ESP32S3\FrameworkArduino\FirmwareMSC.cpp.o
Compiling .pio\build\ESP32S3\FrameworkArduino\FunctionalInterrupt.cpp.o
Archiving .pio\build\ESP32S3\libebf\libDNSServer.a
Compiling .pio\build\ESP32S3\FrameworkArduino\HWCDC.cpp.o
Compiling .pio\build\ESP32S3\FrameworkArduino\HardwareSerial.cpp.o
Compiling .pio\build\ESP32S3\FrameworkArduino\IPAddress.cpp.o
Compiling .pio\build\ESP32S3\FrameworkArduino\IPv6Address.cpp.o
Compiling .pio\build\ESP32S3\FrameworkArduino\MD5Builder.cpp.o
Compiling .pio\build\ESP32S3\FrameworkArduino\Print.cpp.o
Compiling .pio\build\ESP32S3\FrameworkArduino\Stream.cpp.o
Compiling .pio\build\ESP32S3\FrameworkArduino\StreamString.cpp.o
Archiving .pio\build\ESP32S3\libc71\libESPmDNS.a
lib/USB/usb.cpp: In member function 'void USBTransport::processCommand(const char*)':
lib/USB/usb.cpp:151:71: warning: 'ArduinoJson::V720PB22::detail::enable_if_t<ArduinoJson::V720PB22::detail::IsString<TChar*>::value, bool> ArduinoJson::V720PB22::detail::VariantRefBase<TDerived>::containsKey(TChar*) const [with TChar = const char; TDerived = 
ArduinoJson::V720PB22::detail::MemberProxy<ArduinoJson::V720PB22::JsonDocument&, const char*>; ArduinoJson::V720PB22::detail::enable_if_t<ArduinoJson::V720PB22::detail::IsString<TChar*>::value, bool> = bool]' is deprecated: use obj["key"].is<T>() instead [-Wdeprecated-declarations]
         if (!doc["data"].isNull() && doc["data"].containsKey("lapTime")) {
                                                                       ^
In file included from .pio/libdeps/ESP32S3/ArduinoJson/src/ArduinoJson.hpp:46,
                 from .pio/libdeps/ESP32S3/ArduinoJson/src/ArduinoJson.h:9,
                 from lib/CONFIG/config.h:4,
                 from lib/USB/usb.h:28,
                 from lib/USB/usb.cpp:1:
.pio/libdeps/ESP32S3/ArduinoJson/src/ArduinoJson/Variant/VariantRefBaseImpl.hpp:89:1: note: declared here
 VariantRefBase<TDerived>::containsKey(TChar* key) const {
 ^~~~~~~~~~~~~~~~~~~~~~~~
lib/USB/usb.cpp:244:70: warning: 'ArduinoJson::V720PB22::detail::enable_if_t<ArduinoJson::V720PB22::detail::IsString<TChar*>::value, bool> ArduinoJson::V720PB22::detail::VariantRefBase<TDerived>::containsKey(TChar*) const [with TChar = const char; TDerived = 
ArduinoJson::V720PB22::detail::MemberProxy<ArduinoJson::V720PB22::JsonDocument&, const char*>; ArduinoJson::V720PB22::detail::enable_if_t<ArduinoJson::V720PB22::detail::IsString<TChar*>::value, bool> = bool]' is deprecated: use obj["key"].is<T>() instead [-Wdeprecated-declarations]
         if (!doc["data"].isNull() && doc["data"].containsKey("preset")) {
                                                                      ^
In file included from .pio/libdeps/ESP32S3/ArduinoJson/src/ArduinoJson.hpp:46,
                 from .pio/libdeps/ESP32S3/ArduinoJson/src/ArduinoJson.h:9,
                 from lib/CONFIG/config.h:4,
                 from lib/USB/usb.h:28,
                 from lib/USB/usb.cpp:1:
.pio/libdeps/ESP32S3/ArduinoJson/src/ArduinoJson/Variant/VariantRefBaseImpl.hpp:89:1: note: declared here
 VariantRefBase<TDerived>::containsKey(TChar* key) const {
 ^~~~~~~~~~~~~~~~~~~~~~~~
lib/USB/usb.cpp:261:69: warning: 'ArduinoJson::V720PB22::detail::enable_if_t<ArduinoJson::V720PB22::detail::IsString<TChar*>::value, bool> ArduinoJson::V720PB22::detail::VariantRefBase<TDerived>::containsKey(TChar*) const [with TChar = const char; TDerived = 
ArduinoJson::V720PB22::detail::MemberProxy<ArduinoJson::V720PB22::JsonDocument&, const char*>; ArduinoJson::V720PB22::detail::enable_if_t<ArduinoJson::V720PB22::detail::IsString<TChar*>::value, bool> = bool]' is deprecated: use obj["key"].is<T>() instead [-Wdeprecated-declarations]
         if (!doc["data"].isNull() && doc["data"].containsKey("color")) {
                                                                     ^
In file included from .pio/libdeps/ESP32S3/ArduinoJson/src/ArduinoJson.hpp:46,
                 from .pio/libdeps/ESP32S3/ArduinoJson/src/ArduinoJson.h:9,
                 from lib/CONFIG/config.h:4,
                 from lib/USB/usb.h:28,
                 from lib/USB/usb.cpp:1:
.pio/libdeps/ESP32S3/ArduinoJson/src/ArduinoJson/Variant/VariantRefBaseImpl.hpp:89:1: note: declared here
 VariantRefBase<TDerived>::containsKey(TChar* key) const {
 ^~~~~~~~~~~~~~~~~~~~~~~~
lib/USB/usb.cpp:279:74: warning: 'ArduinoJson::V720PB22::detail::enable_if_t<ArduinoJson::V720PB22::detail::IsString<TChar*>::value, bool> ArduinoJson::V720PB22::detail::VariantRefBase<TDerived>::containsKey(TChar*) const [with TChar = const char; TDerived = 
ArduinoJson::V720PB22::detail::MemberProxy<ArduinoJson::V720PB22::JsonDocument&, const char*>; ArduinoJson::V720PB22::detail::enable_if_t<ArduinoJson::V720PB22::detail::IsString<TChar*>::value, bool> = bool]' is deprecated: use obj["key"].is<T>() instead [-Wdeprecated-declarations]
         if (!doc["data"].isNull() && doc["data"].containsKey("brightness")) {
                                                                          ^
In file included from .pio/libdeps/ESP32S3/ArduinoJson/src/ArduinoJson.hpp:46,
                 from .pio/libdeps/ESP32S3/ArduinoJson/src/ArduinoJson.h:9,
                 from lib/CONFIG/config.h:4,
                 from lib/USB/usb.h:28,
                 from lib/USB/usb.cpp:1:
.pio/libdeps/ESP32S3/ArduinoJson/src/ArduinoJson/Variant/VariantRefBaseImpl.hpp:89:1: note: declared here
 VariantRefBase<TDerived>::containsKey(TChar* key) const {
 ^~~~~~~~~~~~~~~~~~~~~~~~
lib/USB/usb.cpp:296:69: warning: 'ArduinoJson::V720PB22::detail::enable_if_t<ArduinoJson::V720PB22::detail::IsString<TChar*>::value, bool> ArduinoJson::V720PB22::detail::VariantRefBase<TDerived>::containsKey(TChar*) const [with TChar = const char; TDerived = 
ArduinoJson::V720PB22::detail::MemberProxy<ArduinoJson::V720PB22::JsonDocument&, const char*>; ArduinoJson::V720PB22::detail::enable_if_t<ArduinoJson::V720PB22::detail::IsString<TChar*>::value, bool> = bool]' is deprecated: use obj["key"].is<T>() instead [-Wdeprecated-declarations]
         if (!doc["data"].isNull() && doc["data"].containsKey("speed")) {
                                                                     ^
In file included from .pio/libdeps/ESP32S3/ArduinoJson/src/ArduinoJson.hpp:46,
                 from .pio/libdeps/ESP32S3/ArduinoJson/src/ArduinoJson.h:9,
                 from lib/CONFIG/config.h:4,
                 from lib/USB/usb.h:28,
                 from lib/USB/usb.cpp:1:
.pio/libdeps/ESP32S3/ArduinoJson/src/ArduinoJson/Variant/VariantRefBaseImpl.hpp:89:1: note: declared here
 VariantRefBase<TDerived>::containsKey(TChar* key) const {
 ^~~~~~~~~~~~~~~~~~~~~~~~
lib/USB/usb.cpp:313:70: warning: 'ArduinoJson::V720PB22::detail::enable_if_t<ArduinoJson::V720PB22::detail::IsString<TChar*>::value, bool> ArduinoJson::V720PB22::detail::VariantRefBase<TDerived>::containsKey(TChar*) const [with TChar = const char; TDerived = 
ArduinoJson::V720PB22::detail::MemberProxy<ArduinoJson::V720PB22::JsonDocument&, const char*>; ArduinoJson::V720PB22::detail::enable_if_t<ArduinoJson::V720PB22::detail::IsString<TChar*>::value, bool> = bool]' is deprecated: use obj["key"].is<T>() instead [-Wdeprecated-declarations]
         if (!doc["data"].isNull() && doc["data"].containsKey("enable")) {
                                                                      ^
In file included from .pio/libdeps/ESP32S3/ArduinoJson/src/ArduinoJson.hpp:46,
                 from .pio/libdeps/ESP32S3/ArduinoJson/src/ArduinoJson.h:9,
                 from lib/CONFIG/config.h:4,
                 from lib/USB/usb.h:28,
                 from lib/USB/usb.cpp:1:
.pio/libdeps/ESP32S3/ArduinoJson/src/ArduinoJson/Variant/VariantRefBaseImpl.hpp:89:1: note: declared here
 VariantRefBase<TDerived>::containsKey(TChar* key) const {
 ^~~~~~~~~~~~~~~~~~~~~~~~
lib/USB/usb.cpp:330:69: warning: 'ArduinoJson::V720PB22::detail::enable_if_t<ArduinoJson::V720PB22::detail::IsString<TChar*>::value, bool> ArduinoJson::V720PB22::detail::VariantRefBase<TDerived>::containsKey(TChar*) const [with TChar = const char; TDerived = 
ArduinoJson::V720PB22::detail::MemberProxy<ArduinoJson::V720PB22::JsonDocument&, const char*>; ArduinoJson::V720PB22::detail::enable_if_t<ArduinoJson::V720PB22::detail::IsString<TChar*>::value, bool> = bool]' is deprecated: use obj["key"].is<T>() instead [-Wdeprecated-declarations]
         if (!doc["data"].isNull() && doc["data"].containsKey("color")) {
                                                                     ^
In file included from .pio/libdeps/ESP32S3/ArduinoJson/src/ArduinoJson.hpp:46,
                 from .pio/libdeps/ESP32S3/ArduinoJson/src/ArduinoJson.h:9,
                 from lib/CONFIG/config.h:4,
                 from lib/USB/usb.h:28,
                 from lib/USB/usb.cpp:1:
.pio/libdeps/ESP32S3/ArduinoJson/src/ArduinoJson/Variant/VariantRefBaseImpl.hpp:89:1: note: declared here
 VariantRefBase<TDerived>::containsKey(TChar* key) const {
 ^~~~~~~~~~~~~~~~~~~~~~~~
lib/USB/usb.cpp:348:69: warning: 'ArduinoJson::V720PB22::detail::enable_if_t<ArduinoJson::V720PB22::detail::IsString<TChar*>::value, bool> ArduinoJson::V720PB22::detail::VariantRefBase<TDerived>::containsKey(TChar*) const [with TChar = const char; TDerived = 
ArduinoJson::V720PB22::detail::MemberProxy<ArduinoJson::V720PB22::JsonDocument&, const char*>; ArduinoJson::V720PB22::detail::enable_if_t<ArduinoJson::V720PB22::detail::IsString<TChar*>::value, bool> = bool]' is deprecated: use obj["key"].is<T>() instead [-Wdeprecated-declarations]
         if (!doc["data"].isNull() && doc["data"].containsKey("color")) {
                                                                     ^
In file included from .pio/libdeps/ESP32S3/ArduinoJson/src/ArduinoJson.hpp:46,
                 from .pio/libdeps/ESP32S3/ArduinoJson/src/ArduinoJson.h:9,
                 from lib/CONFIG/config.h:4,
                 from lib/USB/usb.h:28,
                 from lib/USB/usb.cpp:1:
.pio/libdeps/ESP32S3/ArduinoJson/src/ArduinoJson/Variant/VariantRefBaseImpl.hpp:89:1: note: declared here
 VariantRefBase<TDerived>::containsKey(TChar* key) const {
 ^~~~~~~~~~~~~~~~~~~~~~~~
Compiling .pio\build\ESP32S3\FrameworkArduino\Tone.cpp.o
Archiving .pio\build\ESP32S3\libdbd\libLAPTIMER.a
Compiling .pio\build\ESP32S3\FrameworkArduino\USB.cpp.o
Compiling .pio\build\ESP32S3\FrameworkArduino\USBCDC.cpp.o
Compiling .pio\build\ESP32S3\FrameworkArduino\USBMSC.cpp.o
Compiling .pio\build\ESP32S3\FrameworkArduino\WMath.cpp.o
Compiling .pio\build\ESP32S3\FrameworkArduino\WString.cpp.o
Compiling .pio\build\ESP32S3\FrameworkArduino\base64.cpp.o
Compiling .pio\build\ESP32S3\FrameworkArduino\cbuf.cpp.o
Compiling .pio\build\ESP32S3\FrameworkArduino\esp32-hal-adc.c.o
Compiling .pio\build\ESP32S3\FrameworkArduino\esp32-hal-bt.c.o
Compiling .pio\build\ESP32S3\FrameworkArduino\esp32-hal-cpu.c.o
Compiling .pio\build\ESP32S3\FrameworkArduino\esp32-hal-dac.c.o
Compiling .pio\build\ESP32S3\FrameworkArduino\esp32-hal-gpio.c.o
Compiling .pio\build\ESP32S3\FrameworkArduino\esp32-hal-i2c-slave.c.o
Compiling .pio\build\ESP32S3\FrameworkArduino\esp32-hal-i2c.c.o
Compiling .pio\build\ESP32S3\FrameworkArduino\esp32-hal-ledc.c.o
Compiling .pio\build\ESP32S3\FrameworkArduino\esp32-hal-matrix.c.o
Compiling .pio\build\ESP32S3\FrameworkArduino\esp32-hal-misc.c.o
Compiling .pio\build\ESP32S3\FrameworkArduino\esp32-hal-psram.c.o
Compiling .pio\build\ESP32S3\FrameworkArduino\esp32-hal-rgb-led.c.o
Compiling .pio\build\ESP32S3\FrameworkArduino\esp32-hal-rmt.c.o
Compiling .pio\build\ESP32S3\FrameworkArduino\esp32-hal-sigmadelta.c.o
Compiling .pio\build\ESP32S3\FrameworkArduino\esp32-hal-spi.c.o
Compiling .pio\build\ESP32S3\FrameworkArduino\esp32-hal-time.c.o
Compiling .pio\build\ESP32S3\FrameworkArduino\esp32-hal-timer.c.o
Compiling .pio\build\ESP32S3\FrameworkArduino\esp32-hal-tinyusb.c.o
Compiling .pio\build\ESP32S3\FrameworkArduino\esp32-hal-touch.c.o
Compiling .pio\build\ESP32S3\FrameworkArduino\esp32-hal-uart.c.o
Archiving .pio\build\ESP32S3\libb72\libSELFTEST.a
Compiling .pio\build\ESP32S3\FrameworkArduino\firmware_msc_fat.c.o
Compiling .pio\build\ESP32S3\FrameworkArduino\libb64\cdecode.c.o
Compiling .pio\build\ESP32S3\FrameworkArduino\libb64\cencode.c.o
Compiling .pio\build\ESP32S3\FrameworkArduino\main.cpp.o
Compiling .pio\build\ESP32S3\FrameworkArduino\stdlib_noniso.c.o
Archiving .pio\build\ESP32S3\lib536\libUSB.a
Compiling .pio\build\ESP32S3\FrameworkArduino\wiring_pulse.c.o
Compiling .pio\build\ESP32S3\FrameworkArduino\wiring_shift.c.o
Archiving .pio\build\ESP32S3\libFrameworkArduino.a
Archiving .pio\build\ESP32S3\libdd9\libWEBSERVER.a
Linking .pio\build\ESP32S3\firmware.elf
Retrieving maximum program size .pio\build\ESP32S3\firmware.elf
Checking size .pio\build\ESP32S3\firmware.elf
Advanced Memory Usage is available via "PlatformIO Home > Project Inspect"
RAM:   [==        ]  24.0% (used 78804 bytes from 327680 bytes)
Flash: [=======   ]  67.3% (used 1410749 bytes from 2097152 bytes)
Building .pio\build\ESP32S3\firmware.bin
esptool.py v4.5.1
Creating esp32s3 image...
Merged 2 ELF sections
Successfully created esp32s3 image.
========================= [SUCCESS] Took 72.23 seconds =========================

Processing ESP32S3SuperMini (framework: arduino; platform: espressif32@6.9.0; board: esp32-s3-devkitc-1)
--------------------------------------------------------------------------------
Verbose mode can be enabled via `-v, --verbose` option
CONFIGURATION: https://docs.platformio.org/page/boards/espressif32/esp32-s3-devkitc-1.html
PLATFORM: Espressif 32 (6.9.0) > Espressif ESP32-S3-DevKitC-1-N8 (8 MB QD, No PSRAM)
HARDWARE: ESP32S3 240MHz, 320KB RAM, 8MB Flash
DEBUG: Current (esp-builtin) On-board (esp-builtin) External (cmsis-dap, esp-bridge, esp-prog, iot-bus-jtag, jlink, minimodule, olimex-arm-usb-ocd, olimex-arm-usb-ocd-h, olimex-arm-usb-tiny-h, olimex-jtag-tiny, tumpa)
PACKAGES: 
 - framework-arduinoespressif32 @ 3.20017.241212+sha.dcc1105b 
 - tool-esptoolpy @ 1.40501.0 (4.5.1) 
 - toolchain-riscv32-esp @ 8.4.0+2021r2-patch5 
 - toolchain-xtensa-esp32s3 @ 8.4.0+2021r2-patch5
LDF: Library Dependency Finder -> https://bit.ly/configure-pio-ldf
LDF Modes: Finder ~ chain, Compatibility ~ strict
Found 66 compatible libraries
Scanning dependencies...
Dependency Graph
|-- AsyncTCP @ 3.3.2+sha.ef448a8
|-- ESPAsyncWebServer @ 3.6.0+sha.ad3741d
|-- ArduinoJson @ 7.2.0
|-- ElegantOTA @ 3.1.7
|-- FastLED @ 3.10.3
|-- WebSockets @ 2.7.3+sha.e3edca4
|-- AUDIO @ 1.0.0
|-- DEBUG
|-- ELRS_BACKPACK
|-- LED
|-- POWER
|-- QMI8658
|-- RACEHISTORY
|-- RGBLED
|-- ROTORHAZARD
|-- SELFTEST
|-- STORAGE
|-- TRACKMANAGER
|-- TRANSPORT
|-- USB
|-- WEBHOOK
|-- WEBSERVER
Building in release mode
Compiling .pio\build\ESP32S3SuperMini\src\main.cpp.o
Building .pio\build\ESP32S3SuperMini\bootloader.bin
Generating partitions .pio\build\ESP32S3SuperMini\partitions.bin
esptool.py v4.5.1
Creating esp32s3 image...
Merged 1 ELF section
Successfully created esp32s3 image.
Compiling .pio\build\ESP32S3SuperMini\lib028\AsyncTCP@src-7fb2940bccb78b8d2de6915ae328b7fc\AsyncTCP.cpp.o
Compiling .pio\build\ESP32S3SuperMini\lib971\FS\FS.cpp.o
Compiling .pio\build\ESP32S3SuperMini\lib971\FS\vfs_api.cpp.o
Compiling .pio\build\ESP32S3SuperMini\lib868\WiFi\WiFi.cpp.o
Compiling .pio\build\ESP32S3SuperMini\lib868\WiFi\WiFiAP.cpp.o
Compiling .pio\build\ESP32S3SuperMini\lib868\WiFi\WiFiClient.cpp.o
Compiling .pio\build\ESP32S3SuperMini\lib868\WiFi\WiFiGeneric.cpp.o
Compiling .pio\build\ESP32S3SuperMini\lib868\WiFi\WiFiMulti.cpp.o
Compiling .pio\build\ESP32S3SuperMini\lib868\WiFi\WiFiSTA.cpp.o
Compiling .pio\build\ESP32S3SuperMini\lib868\WiFi\WiFiScan.cpp.o
Compiling .pio\build\ESP32S3SuperMini\lib868\WiFi\WiFiServer.cpp.o
Compiling .pio\build\ESP32S3SuperMini\lib868\WiFi\WiFiUdp.cpp.o
Compiling .pio\build\ESP32S3SuperMini\lib453\WebServer\Parsing.cpp.o
Compiling .pio\build\ESP32S3SuperMini\lib453\WebServer\WebServer.cpp.o
Compiling .pio\build\ESP32S3SuperMini\lib453\WebServer\detail\mimetable.cpp.o
Compiling .pio\build\ESP32S3SuperMini\lib5be\ESPAsyncWebServer@src-8a740033305cb1c99d89b522d725653f\AsyncEventSource.cpp.o
Compiling .pio\build\ESP32S3SuperMini\lib5be\ESPAsyncWebServer@src-8a740033305cb1c99d89b522d725653f\AsyncJson.cpp.o
Archiving .pio\build\ESP32S3SuperMini\lib971\libFS.a
Archiving .pio\build\ESP32S3SuperMini\lib028\libAsyncTCP@src-7fb2940bccb78b8d2de6915ae328b7fc.a
Compiling .pio\build\ESP32S3SuperMini\lib5be\ESPAsyncWebServer@src-8a740033305cb1c99d89b522d725653f\AsyncMessagePack.cpp.o
Compiling .pio\build\ESP32S3SuperMini\lib5be\ESPAsyncWebServer@src-8a740033305cb1c99d89b522d725653f\AsyncWebHeader.cpp.o
Compiling .pio\build\ESP32S3SuperMini\lib5be\ESPAsyncWebServer@src-8a740033305cb1c99d89b522d725653f\AsyncWebSocket.cpp.o
Compiling .pio\build\ESP32S3SuperMini\lib5be\ESPAsyncWebServer@src-8a740033305cb1c99d89b522d725653f\BackPort_SHA1Builder.cpp.o
Compiling .pio\build\ESP32S3SuperMini\lib5be\ESPAsyncWebServer@src-8a740033305cb1c99d89b522d725653f\ChunkPrint.cpp.o
Compiling .pio\build\ESP32S3SuperMini\lib5be\ESPAsyncWebServer@src-8a740033305cb1c99d89b522d725653f\Middleware.cpp.o
Compiling .pio\build\ESP32S3SuperMini\lib5be\ESPAsyncWebServer@src-8a740033305cb1c99d89b522d725653f\WebAuthentication.cpp.o
Compiling .pio\build\ESP32S3SuperMini\lib5be\ESPAsyncWebServer@src-8a740033305cb1c99d89b522d725653f\WebHandlers.cpp.o
Compiling .pio\build\ESP32S3SuperMini\lib5be\ESPAsyncWebServer@src-8a740033305cb1c99d89b522d725653f\WebRequest.cpp.o
Compiling .pio\build\ESP32S3SuperMini\lib5be\ESPAsyncWebServer@src-8a740033305cb1c99d89b522d725653f\WebResponses.cpp.o
Archiving .pio\build\ESP32S3SuperMini\lib868\libWiFi.a
Compiling .pio\build\ESP32S3SuperMini\lib5be\ESPAsyncWebServer@src-8a740033305cb1c99d89b522d725653f\WebServer.cpp.o
Compiling .pio\build\ESP32S3SuperMini\lib255\LittleFS\LittleFS.cpp.o
Compiling .pio\build\ESP32S3SuperMini\lib7cd\Update\HttpsOTAUpdate.cpp.o
Archiving .pio\build\ESP32S3SuperMini\lib453\libWebServer.a
Compiling .pio\build\ESP32S3SuperMini\lib7cd\Update\Updater.cpp.o
Compiling .pio\build\ESP32S3SuperMini\libd98\ElegantOTA\ElegantOTA.cpp.o
Compiling .pio\build\ESP32S3SuperMini\libd98\ElegantOTA\elop.cpp.o
Compiling .pio\build\ESP32S3SuperMini\lib05b\SPI\SPI.cpp.o
Compiling .pio\build\ESP32S3SuperMini\libd4e\I2S\I2S.cpp.o
Archiving .pio\build\ESP32S3SuperMini\lib255\libLittleFS.a
Compiling .pio\build\ESP32S3SuperMini\lib53e\SD\SD.cpp.o
Compiling .pio\build\ESP32S3SuperMini\lib53e\SD\sd_diskio.cpp.o
Compiling .pio\build\ESP32S3SuperMini\lib53e\SD\sd_diskio_crc.c.o
Compiling .pio\build\ESP32S3SuperMini\libf74\FastLED\FastLED.cpp.o
Archiving .pio\build\ESP32S3SuperMini\lib5be\libESPAsyncWebServer@src-8a740033305cb1c99d89b522d725653f.a
Archiving .pio\build\ESP32S3SuperMini\lib7cd\libUpdate.a
Compiling .pio\build\ESP32S3SuperMini\libf74\FastLED\bitswap.cpp.o
Compiling .pio\build\ESP32S3SuperMini\libf74\FastLED\cled_controller.cpp.o
Compiling .pio\build\ESP32S3SuperMini\libf74\FastLED\colorpalettes.cpp.o
Compiling .pio\build\ESP32S3SuperMini\libf74\FastLED\crgb.cpp.o
Compiling .pio\build\ESP32S3SuperMini\libf74\FastLED\fl\allocator.cpp.o
Compiling .pio\build\ESP32S3SuperMini\libf74\FastLED\fl\async.cpp.o
Compiling .pio\build\ESP32S3SuperMini\libf74\FastLED\fl\audio.cpp.o
Compiling .pio\build\ESP32S3SuperMini\libf74\FastLED\fl\audio_input.cpp.o
Compiling .pio\build\ESP32S3SuperMini\libf74\FastLED\fl\audio_reactive.cpp.o
Compiling .pio\build\ESP32S3SuperMini\libf74\FastLED\fl\bitset.cpp.o
Compiling .pio\build\ESP32S3SuperMini\libf74\FastLED\fl\blur.cpp.o
Archiving .pio\build\ESP32S3SuperMini\lib05b\libSPI.a
Compiling .pio\build\ESP32S3SuperMini\libf74\FastLED\fl\bytestreammemory.cpp.o
Compiling .pio\build\ESP32S3SuperMini\libf74\FastLED\fl\colorutils.cpp.o
Compiling .pio\build\ESP32S3SuperMini\libf74\FastLED\fl\corkscrew.cpp.o
Archiving .pio\build\ESP32S3SuperMini\libd4e\libI2S.a
Compiling .pio\build\ESP32S3SuperMini\libf74\FastLED\fl\crgb_hsv16.cpp.o
Compiling .pio\build\ESP32S3SuperMini\libf74\FastLED\fl\downscale.cpp.o
Compiling .pio\build\ESP32S3SuperMini\libf74\FastLED\fl\ease.cpp.o
Compiling .pio\build\ESP32S3SuperMini\libf74\FastLED\fl\engine_events.cpp.o
Archiving .pio\build\ESP32S3SuperMini\libd98\libElegantOTA.a
Compiling .pio\build\ESP32S3SuperMini\libf74\FastLED\fl\fetch.cpp.o
Compiling .pio\build\ESP32S3SuperMini\libf74\FastLED\fl\fft.cpp.o
Archiving .pio\build\ESP32S3SuperMini\lib53e\libSD.a
Compiling .pio\build\ESP32S3SuperMini\libf74\FastLED\fl\fft_impl.cpp.o
Compiling .pio\build\ESP32S3SuperMini\libf74\FastLED\fl\file_system.cpp.o
Compiling .pio\build\ESP32S3SuperMini\libf74\FastLED\fl\fill.cpp.o
Compiling .pio\build\ESP32S3SuperMini\libf74\FastLED\fl\gamma.cpp.o
Compiling .pio\build\ESP32S3SuperMini\libf74\FastLED\fl\gradient.cpp.o
Compiling .pio\build\ESP32S3SuperMini\libf74\FastLED\fl\hsv16.cpp.o
Compiling .pio\build\ESP32S3SuperMini\libf74\FastLED\fl\id_tracker.cpp.o
Compiling .pio\build\ESP32S3SuperMini\libf74\FastLED\fl\io.cpp.o
Compiling .pio\build\ESP32S3SuperMini\libf74\FastLED\fl\istream.cpp.o
Compiling .pio\build\ESP32S3SuperMini\libf74\FastLED\fl\json.cpp.o
Compiling .pio\build\ESP32S3SuperMini\libf74\FastLED\fl\leds.cpp.o
Compiling .pio\build\ESP32S3SuperMini\libf74\FastLED\fl\line_simplification.cpp.o
Compiling .pio\build\ESP32S3SuperMini\libf74\FastLED\fl\noise_woryley.cpp.o
Compiling .pio\build\ESP32S3SuperMini\libf74\FastLED\fl\ostream.cpp.o
Compiling .pio\build\ESP32S3SuperMini\libf74\FastLED\fl\ptr.cpp.o
Compiling .pio\build\ESP32S3SuperMini\libf74\FastLED\fl\random.cpp.o
Compiling .pio\build\ESP32S3SuperMini\libf74\FastLED\fl\raster_sparse.cpp.o
Compiling .pio\build\ESP32S3SuperMini\libf74\FastLED\fl\rectangular_draw_buffer.cpp.o
Compiling .pio\build\ESP32S3SuperMini\libf74\FastLED\fl\referent.cpp.o
Compiling .pio\build\ESP32S3SuperMini\libf74\FastLED\fl\rgbw.cpp.o
Compiling .pio\build\ESP32S3SuperMini\libf74\FastLED\fl\screenmap.cpp.o
Compiling .pio\build\ESP32S3SuperMini\libf74\FastLED\fl\sin32.cpp.o
Compiling .pio\build\ESP32S3SuperMini\libf74\FastLED\fl\splat.cpp.o
Compiling .pio\build\ESP32S3SuperMini\libf74\FastLED\fl\str.cpp.o
Compiling .pio\build\ESP32S3SuperMini\libf74\FastLED\fl\str_ui.cpp.o
Compiling .pio\build\ESP32S3SuperMini\libf74\FastLED\fl\strstream.cpp.o
Compiling .pio\build\ESP32S3SuperMini\libf74\FastLED\fl\stub_main.cpp.o
Compiling .pio\build\ESP32S3SuperMini\libf74\FastLED\fl\task.cpp.o
Compiling .pio\build\ESP32S3SuperMini\libf74\FastLED\fl\tile2x2.cpp.o
Compiling .pio\build\ESP32S3SuperMini\libf74\FastLED\fl\time.cpp.o
Compiling .pio\build\ESP32S3SuperMini\libf74\FastLED\fl\time_alpha.cpp.o
Compiling .pio\build\ESP32S3SuperMini\libf74\FastLED\fl\transform.cpp.o
Compiling .pio\build\ESP32S3SuperMini\libf74\FastLED\fl\type_traits.cpp.o
Compiling .pio\build\ESP32S3SuperMini\libf74\FastLED\fl\ui.cpp.o
Compiling .pio\build\ESP32S3SuperMini\libf74\FastLED\fl\upscale.cpp.o
Compiling .pio\build\ESP32S3SuperMini\libf74\FastLED\fl\wave_simulation.cpp.o
Compiling .pio\build\ESP32S3SuperMini\libf74\FastLED\fl\wave_simulation_real.cpp.o
Compiling .pio\build\ESP32S3SuperMini\libf74\FastLED\fl\xmap.cpp.o
Compiling .pio\build\ESP32S3SuperMini\libf74\FastLED\fl\xymap.cpp.o
Compiling .pio\build\ESP32S3SuperMini\libf74\FastLED\fl\xypath.cpp.o
Compiling .pio\build\ESP32S3SuperMini\libf74\FastLED\fl\xypath_impls.cpp.o
Compiling .pio\build\ESP32S3SuperMini\libf74\FastLED\fl\xypath_renderer.cpp.o
Compiling .pio\build\ESP32S3SuperMini\libf74\FastLED\fx\2d\blend.cpp.o
Compiling .pio\build\ESP32S3SuperMini\libf74\FastLED\fx\2d\luminova.cpp.o
Compiling .pio\build\ESP32S3SuperMini\libf74\FastLED\fx\2d\noisepalette.cpp.o
Compiling .pio\build\ESP32S3SuperMini\libf74\FastLED\fx\2d\scale_up.cpp.o
Compiling .pio\build\ESP32S3SuperMini\libf74\FastLED\fx\2d\wave.cpp.o
Compiling .pio\build\ESP32S3SuperMini\libf74\FastLED\fx\detail\fx_layer.cpp.o
Compiling .pio\build\ESP32S3SuperMini\libf74\FastLED\fx\frame.cpp.o
Compiling .pio\build\ESP32S3SuperMini\libf74\FastLED\fx\fx_engine.cpp.o
Compiling .pio\build\ESP32S3SuperMini\libf74\FastLED\fx\time.cpp.o
Compiling .pio\build\ESP32S3SuperMini\libf74\FastLED\fx\video.cpp.o
Compiling .pio\build\ESP32S3SuperMini\libf74\FastLED\fx\video\frame_interpolator.cpp.o
Compiling .pio\build\ESP32S3SuperMini\libf74\FastLED\fx\video\frame_tracker.cpp.o
Compiling .pio\build\ESP32S3SuperMini\libf74\FastLED\fx\video\pixel_stream.cpp.o
Compiling .pio\build\ESP32S3SuperMini\libf74\FastLED\fx\video\video_impl.cpp.o
Compiling .pio\build\ESP32S3SuperMini\libf74\FastLED\hsv2rgb.cpp.o
Compiling .pio\build\ESP32S3SuperMini\libf74\FastLED\lib8tion.cpp.o
Compiling .pio\build\ESP32S3SuperMini\libf74\FastLED\noise.cpp.o
Compiling .pio\build\ESP32S3SuperMini\libf74\FastLED\platforms.cpp.o
Compiling .pio\build\ESP32S3SuperMini\libf74\FastLED\platforms\adafruit\clockless.cpp.o
Compiling .pio\build\ESP32S3SuperMini\libf74\FastLED\platforms\arm\k20\clockless_objectfled.cpp.o
Compiling .pio\build\ESP32S3SuperMini\libf74\FastLED\platforms\arm\mgm240\fastpin_arm_mgm240.cpp.o
Compiling .pio\build\ESP32S3SuperMini\libf74\FastLED\platforms\compile_test.cpp.o
Compiling .pio\build\ESP32S3SuperMini\libf74\FastLED\platforms\esp\32\audio\audio.cpp.o
Compiling .pio\build\ESP32S3SuperMini\libf74\FastLED\platforms\esp\32\audio\sound_util.cpp.o
Compiling .pio\build\ESP32S3SuperMini\libf74\FastLED\platforms\esp\32\clockless_i2s_esp32s3.cpp.o
Compiling .pio\build\ESP32S3SuperMini\libf74\FastLED\platforms\esp\32\i2s\i2s_esp32dev.cpp.o
Compiling .pio\build\ESP32S3SuperMini\libf74\FastLED\platforms\esp\32\rmt_4\idf4_rmt.cpp.o
Compiling .pio\build\ESP32S3SuperMini\libf74\FastLED\platforms\esp\32\rmt_4\idf4_rmt_impl.cpp.o
.pio/libdeps/ESP32S3SuperMini/FastLED/src/platforms/esp/32/clockless_i2s_esp32s3.cpp:10:2: warning: #warning "esp_memory_utils.h is not available, are you on esp-idf 4? The parallel clockless i2s driver will not be available" [-Wcpp]
 #warning "esp_memory_utils.h is not available, are you on esp-idf 4? The parallel clockless i2s driver will not be available"
  ^~~~~~~
Compiling .pio\build\ESP32S3SuperMini\libf74\FastLED\platforms\esp\32\rmt_5\idf5_rmt.cpp.o
Compiling .pio\build\ESP32S3SuperMini\libf74\FastLED\platforms\esp\32\rmt_5\strip_rmt.cpp.o
Compiling .pio\build\ESP32S3SuperMini\libf74\FastLED\platforms\esp\32\spi_ws2812\strip_spi.cpp.o
Compiling .pio\build\ESP32S3SuperMini\libf74\FastLED\platforms\stub\Arduino.cpp.o
Compiling .pio\build\ESP32S3SuperMini\libf74\FastLED\platforms\stub\led_sysdefs_stub.cpp.o
Compiling .pio\build\ESP32S3SuperMini\libf74\FastLED\platforms\stub\time_stub.cpp.o
Compiling .pio\build\ESP32S3SuperMini\libf74\FastLED\platforms\wasm\active_strip_data.cpp.o
Compiling .pio\build\ESP32S3SuperMini\libf74\FastLED\platforms\wasm\engine_listener.cpp.o
Compiling .pio\build\ESP32S3SuperMini\libf74\FastLED\platforms\wasm\entry_point.cpp.o
Compiling .pio\build\ESP32S3SuperMini\libf74\FastLED\platforms\wasm\fastspi_wasm.cpp.o
Compiling .pio\build\ESP32S3SuperMini\libf74\FastLED\platforms\wasm\fs_wasm.cpp.o
Compiling .pio\build\ESP32S3SuperMini\libf74\FastLED\platforms\wasm\js.cpp.o
Compiling .pio\build\ESP32S3SuperMini\libf74\FastLED\platforms\wasm\js_bindings.cpp.o
Compiling .pio\build\ESP32S3SuperMini\libf74\FastLED\platforms\wasm\js_fetch.cpp.o
Compiling .pio\build\ESP32S3SuperMini\libf74\FastLED\platforms\wasm\timer.cpp.o
Compiling .pio\build\ESP32S3SuperMini\libf74\FastLED\platforms\wasm\ui.cpp.o
Compiling .pio\build\ESP32S3SuperMini\libf74\FastLED\power_mgt.cpp.o
Compiling .pio\build\ESP32S3SuperMini\libf74\FastLED\sensors\button.cpp.o
Compiling .pio\build\ESP32S3SuperMini\libf74\FastLED\sensors\digital_pin.cpp.o
Compiling .pio\build\ESP32S3SuperMini\libf74\FastLED\sensors\pir.cpp.o
Compiling .pio\build\ESP32S3SuperMini\libf74\FastLED\simplex.cpp.o
Compiling .pio\build\ESP32S3SuperMini\libf74\FastLED\third_party\cq_kernel\cq_kernel.cpp.o
Compiling .pio\build\ESP32S3SuperMini\libf74\FastLED\third_party\cq_kernel\kiss_fft.cpp.o
Compiling .pio\build\ESP32S3SuperMini\libf74\FastLED\third_party\cq_kernel\kiss_fftr.cpp.o
Compiling .pio\build\ESP32S3SuperMini\libf74\FastLED\third_party\espressif\led_strip\src\led_strip_api.c.o
Compiling .pio\build\ESP32S3SuperMini\libf74\FastLED\third_party\espressif\led_strip\src\led_strip_rmt_dev.c.o
Compiling .pio\build\ESP32S3SuperMini\libf74\FastLED\third_party\espressif\led_strip\src\led_strip_rmt_encoder.c.o
Compiling .pio\build\ESP32S3SuperMini\libf74\FastLED\third_party\espressif\led_strip\src\led_strip_spi_dev.c.o
Compiling .pio\build\ESP32S3SuperMini\libf74\FastLED\third_party\object_fled\src\OjectFLED.cpp.o
Compiling .pio\build\ESP32S3SuperMini\libf74\FastLED\transpose8x1_noinline.cpp.o
Compiling .pio\build\ESP32S3SuperMini\libf74\FastLED\wiring.cpp.o
Compiling .pio\build\ESP32S3SuperMini\lib265\Ethernet\ETH.cpp.o
Compiling .pio\build\ESP32S3SuperMini\lib2a0\WiFiClientSecure\WiFiClientSecure.cpp.o
Compiling .pio\build\ESP32S3SuperMini\lib2a0\WiFiClientSecure\esp_crt_bundle.c.o
Compiling .pio\build\ESP32S3SuperMini\lib2a0\WiFiClientSecure\ssl_client.cpp.o
Compiling .pio\build\ESP32S3SuperMini\libc8c\WebSockets\SocketIOclient.cpp.o
Compiling .pio\build\ESP32S3SuperMini\libc8c\WebSockets\WebSockets.cpp.o
Compiling .pio\build\ESP32S3SuperMini\libc8c\WebSockets\WebSocketsClient.cpp.o
Compiling .pio\build\ESP32S3SuperMini\libc8c\WebSockets\WebSocketsServer.cpp.o
Compiling .pio\build\ESP32S3SuperMini\libc8c\WebSockets\libb64\cdecode.c.o
Compiling .pio\build\ESP32S3SuperMini\libc8c\WebSockets\libb64\cencode.c.o
Compiling .pio\build\ESP32S3SuperMini\libc8c\WebSockets\libsha1\libsha1.c.o
Compiling .pio\build\ESP32S3SuperMini\libd0b\SPIFFS\SPIFFS.cpp.o
Compiling .pio\build\ESP32S3SuperMini\lib96e\HTTPClient\HTTPClient.cpp.o
Compiling .pio\build\ESP32S3SuperMini\lib14d\ESP8266Audio\AudioFileSourceBuffer.cpp.o
Archiving .pio\build\ESP32S3SuperMini\libf74\libFastLED.a
Archiving .pio\build\ESP32S3SuperMini\lib265\libEthernet.a
Compiling .pio\build\ESP32S3SuperMini\lib14d\ESP8266Audio\AudioFileSourceFS.cpp.o
Compiling .pio\build\ESP32S3SuperMini\lib14d\ESP8266Audio\AudioFileSourceFunction.cpp.o
Compiling .pio\build\ESP32S3SuperMini\lib14d\ESP8266Audio\AudioFileSourceHTTPStream.cpp.o
Compiling .pio\build\ESP32S3SuperMini\lib14d\ESP8266Audio\AudioFileSourceICYStream.cpp.o
Compiling .pio\build\ESP32S3SuperMini\lib14d\ESP8266Audio\AudioFileSourceID3.cpp.o
Compiling .pio\build\ESP32S3SuperMini\lib14d\ESP8266Audio\AudioFileSourcePROGMEM.cpp.o
Compiling .pio\build\ESP32S3SuperMini\lib14d\ESP8266Audio\AudioFileSourceSD.cpp.o
Compiling .pio\build\ESP32S3SuperMini\lib14d\ESP8266Audio\AudioFileSourceSPIRAMBuffer.cpp.o
Archiving .pio\build\ESP32S3SuperMini\lib2a0\libWiFiClientSecure.a
Compiling .pio\build\ESP32S3SuperMini\lib14d\ESP8266Audio\AudioFileSourceSTDIO.cpp.o
Compiling .pio\build\ESP32S3SuperMini\lib14d\ESP8266Audio\AudioFileStream.cpp.o
Compiling .pio\build\ESP32S3SuperMini\lib14d\ESP8266Audio\AudioGeneratorAAC.cpp.o
Archiving .pio\build\ESP32S3SuperMini\libc8c\libWebSockets.a
Compiling .pio\build\ESP32S3SuperMini\lib14d\ESP8266Audio\AudioGeneratorFLAC.cpp.o
Archiving .pio\build\ESP32S3SuperMini\libd0b\libSPIFFS.a
Compiling .pio\build\ESP32S3SuperMini\lib14d\ESP8266Audio\AudioGeneratorMIDI.cpp.o
Compiling .pio\build\ESP32S3SuperMini\lib14d\ESP8266Audio\AudioGeneratorMOD.cpp.o
Compiling .pio\build\ESP32S3SuperMini\lib14d\ESP8266Audio\AudioGeneratorMP3.cpp.o
Compiling .pio\build\ESP32S3SuperMini\lib14d\ESP8266Audio\AudioGeneratorMP3a.cpp.o
Compiling .pio\build\ESP32S3SuperMini\lib14d\ESP8266Audio\AudioGeneratorOpus.cpp.o
Compiling .pio\build\ESP32S3SuperMini\lib14d\ESP8266Audio\AudioGeneratorRTTTL.cpp.o
Compiling .pio\build\ESP32S3SuperMini\lib14d\ESP8266Audio\AudioGeneratorTalkie.cpp.o
Compiling .pio\build\ESP32S3SuperMini\lib14d\ESP8266Audio\AudioGeneratorWAV.cpp.o
Compiling .pio\build\ESP32S3SuperMini\lib14d\ESP8266Audio\AudioLogger.cpp.o
Compiling .pio\build\ESP32S3SuperMini\lib14d\ESP8266Audio\AudioOutputBuffer.cpp.o
Compiling .pio\build\ESP32S3SuperMini\lib14d\ESP8266Audio\AudioOutputFilterBiquad.cpp.o
Compiling .pio\build\ESP32S3SuperMini\lib14d\ESP8266Audio\AudioOutputFilterDecimate.cpp.o
Archiving .pio\build\ESP32S3SuperMini\lib96e\libHTTPClient.a
Compiling .pio\build\ESP32S3SuperMini\lib14d\ESP8266Audio\AudioOutputI2S.cpp.o
Compiling .pio\build\ESP32S3SuperMini\lib14d\ESP8266Audio\AudioOutputI2SNoDAC.cpp.o
Compiling .pio\build\ESP32S3SuperMini\lib14d\ESP8266Audio\AudioOutputMixer.cpp.o
Compiling .pio\build\ESP32S3SuperMini\lib14d\ESP8266Audio\AudioOutputPWM.cpp.o
Compiling .pio\build\ESP32S3SuperMini\lib14d\ESP8266Audio\AudioOutputSPDIF.cpp.o
Compiling .pio\build\ESP32S3SuperMini\lib14d\ESP8266Audio\AudioOutputSPIFFSWAV.cpp.o
Compiling .pio\build\ESP32S3SuperMini\lib14d\ESP8266Audio\AudioOutputSTDIO.cpp.o
Compiling .pio\build\ESP32S3SuperMini\lib14d\ESP8266Audio\AudioOutputSerialWAV.cpp.o
Compiling .pio\build\ESP32S3SuperMini\lib14d\ESP8266Audio\AudioOutputULP.cpp.o
Compiling .pio\build\ESP32S3SuperMini\lib14d\ESP8266Audio\driver\SinglePinI2SDriver.cpp.o
Compiling .pio\build\ESP32S3SuperMini\lib14d\ESP8266Audio\libflac\bitmath.c.o
Compiling .pio\build\ESP32S3SuperMini\lib14d\ESP8266Audio\libflac\bitreader.c.o
Compiling .pio\build\ESP32S3SuperMini\lib14d\ESP8266Audio\libflac\cpu.c.o
Compiling .pio\build\ESP32S3SuperMini\lib14d\ESP8266Audio\libflac\crc.c.o
Compiling .pio\build\ESP32S3SuperMini\lib14d\ESP8266Audio\libflac\fixed.c.o
Compiling .pio\build\ESP32S3SuperMini\lib14d\ESP8266Audio\libflac\float.c.o
Compiling .pio\build\ESP32S3SuperMini\lib14d\ESP8266Audio\libflac\format.c.o
Compiling .pio\build\ESP32S3SuperMini\lib14d\ESP8266Audio\libflac\lpc.c.o
Compiling .pio\build\ESP32S3SuperMini\lib14d\ESP8266Audio\libflac\md5.c.o
Compiling .pio\build\ESP32S3SuperMini\lib14d\ESP8266Audio\libflac\memory.c.o
Compiling .pio\build\ESP32S3SuperMini\lib14d\ESP8266Audio\libflac\stream_decoder.c.o
Compiling .pio\build\ESP32S3SuperMini\lib14d\ESP8266Audio\libflac\window.c.o
Compiling .pio\build\ESP32S3SuperMini\lib14d\ESP8266Audio\libhelix-aac\aacdec.c.o
Compiling .pio\build\ESP32S3SuperMini\lib14d\ESP8266Audio\libhelix-aac\aactabs.c.o
Compiling .pio\build\ESP32S3SuperMini\lib14d\ESP8266Audio\libhelix-aac\bitstream.c.o
Compiling .pio\build\ESP32S3SuperMini\lib14d\ESP8266Audio\libhelix-aac\buffers.c.o
Compiling .pio\build\ESP32S3SuperMini\lib14d\ESP8266Audio\libhelix-aac\dct4.c.o
Compiling .pio\build\ESP32S3SuperMini\lib14d\ESP8266Audio\libhelix-aac\decelmnt.c.o
Compiling .pio\build\ESP32S3SuperMini\lib14d\ESP8266Audio\libhelix-aac\dequant.c.o
Compiling .pio\build\ESP32S3SuperMini\lib14d\ESP8266Audio\libhelix-aac\fft.c.o
Compiling .pio\build\ESP32S3SuperMini\lib14d\ESP8266Audio\libhelix-aac\filefmt.c.o
Compiling .pio\build\ESP32S3SuperMini\lib14d\ESP8266Audio\libhelix-aac\huffman.c.o
Compiling .pio\build\ESP32S3SuperMini\lib14d\ESP8266Audio\libhelix-aac\hufftabs.c.o
Compiling .pio\build\ESP32S3SuperMini\lib14d\ESP8266Audio\libhelix-aac\imdct.c.o
Compiling .pio\build\ESP32S3SuperMini\lib14d\ESP8266Audio\libhelix-aac\noiseless.c.o
Compiling .pio\build\ESP32S3SuperMini\lib14d\ESP8266Audio\libhelix-aac\pns.c.o
Compiling .pio\build\ESP32S3SuperMini\lib14d\ESP8266Audio\libhelix-aac\sbr.c.o
Compiling .pio\build\ESP32S3SuperMini\lib14d\ESP8266Audio\libhelix-aac\sbrfft.c.o
Compiling .pio\build\ESP32S3SuperMini\lib14d\ESP8266Audio\libhelix-aac\sbrfreq.c.o
Compiling .pio\build\ESP32S3SuperMini\lib14d\ESP8266Audio\libhelix-aac\sbrhfadj.c.o
Compiling .pio\build\ESP32S3SuperMini\lib14d\ESP8266Audio\libhelix-aac\sbrhfgen.c.o
Compiling .pio\build\ESP32S3SuperMini\lib14d\ESP8266Audio\libhelix-aac\sbrhuff.c.o
Compiling .pio\build\ESP32S3SuperMini\lib14d\ESP8266Audio\libhelix-aac\sbrimdct.c.o
Compiling .pio\build\ESP32S3SuperMini\lib14d\ESP8266Audio\libhelix-aac\sbrmath.c.o
Compiling .pio\build\ESP32S3SuperMini\lib14d\ESP8266Audio\libhelix-aac\sbrqmf.c.o
Compiling .pio\build\ESP32S3SuperMini\lib14d\ESP8266Audio\libhelix-aac\sbrside.c.o
Compiling .pio\build\ESP32S3SuperMini\lib14d\ESP8266Audio\libhelix-aac\sbrtabs.c.o
Compiling .pio\build\ESP32S3SuperMini\lib14d\ESP8266Audio\libhelix-aac\stproc.c.o
Compiling .pio\build\ESP32S3SuperMini\lib14d\ESP8266Audio\libhelix-aac\tns.c.o
Compiling .pio\build\ESP32S3SuperMini\lib14d\ESP8266Audio\libhelix-aac\trigtabs.c.o
Compiling .pio\build\ESP32S3SuperMini\lib14d\ESP8266Audio\libhelix-mp3\bitstream.c.o
Compiling .pio\build\ESP32S3SuperMini\lib14d\ESP8266Audio\libhelix-mp3\buffers.c.o
Compiling .pio\build\ESP32S3SuperMini\lib14d\ESP8266Audio\libhelix-mp3\dct32.c.o
Compiling .pio\build\ESP32S3SuperMini\lib14d\ESP8266Audio\libhelix-mp3\dequant.c.o
Compiling .pio\build\ESP32S3SuperMini\lib14d\ESP8266Audio\libhelix-mp3\dqchan.c.o
Compiling .pio\build\ESP32S3SuperMini\lib14d\ESP8266Audio\libhelix-mp3\huffman.c.o
Compiling .pio\build\ESP32S3SuperMini\lib14d\ESP8266Audio\libhelix-mp3\hufftabs.c.o
Compiling .pio\build\ESP32S3SuperMini\lib14d\ESP8266Audio\libhelix-mp3\imdct.c.o
Compiling .pio\build\ESP32S3SuperMini\lib14d\ESP8266Audio\libhelix-mp3\mp3dec.c.o
Compiling .pio\build\ESP32S3SuperMini\lib14d\ESP8266Audio\libhelix-mp3\mp3tabs.c.o
Compiling .pio\build\ESP32S3SuperMini\lib14d\ESP8266Audio\libhelix-mp3\polyphase.c.o
Compiling .pio\build\ESP32S3SuperMini\lib14d\ESP8266Audio\libhelix-mp3\scalfact.c.o
Compiling .pio\build\ESP32S3SuperMini\lib14d\ESP8266Audio\libhelix-mp3\stproc.c.o
Compiling .pio\build\ESP32S3SuperMini\lib14d\ESP8266Audio\libhelix-mp3\subband.c.o
Compiling .pio\build\ESP32S3SuperMini\lib14d\ESP8266Audio\libhelix-mp3\trigtabs.c.o
Compiling .pio\build\ESP32S3SuperMini\lib14d\ESP8266Audio\libmad\bit.c.o
Compiling .pio\build\ESP32S3SuperMini\lib14d\ESP8266Audio\libmad\decoder.c.o
Compiling .pio\build\ESP32S3SuperMini\lib14d\ESP8266Audio\libmad\fixed.c.o
Compiling .pio\build\ESP32S3SuperMini\lib14d\ESP8266Audio\libmad\frame.c.o
Compiling .pio\build\ESP32S3SuperMini\lib14d\ESP8266Audio\libmad\huffman.c.o
Compiling .pio\build\ESP32S3SuperMini\lib14d\ESP8266Audio\libmad\layer3.c.o
Compiling .pio\build\ESP32S3SuperMini\lib14d\ESP8266Audio\libmad\stream.c.o
Compiling .pio\build\ESP32S3SuperMini\lib14d\ESP8266Audio\libmad\synth.c.o
Compiling .pio\build\ESP32S3SuperMini\lib14d\ESP8266Audio\libmad\timer.c.o
Compiling .pio\build\ESP32S3SuperMini\lib14d\ESP8266Audio\libmad\version.c.o
Compiling .pio\build\ESP32S3SuperMini\lib14d\ESP8266Audio\libogg\bitwise.c.o
Compiling .pio\build\ESP32S3SuperMini\lib14d\ESP8266Audio\libogg\framing.c.o
Compiling .pio\build\ESP32S3SuperMini\lib14d\ESP8266Audio\libopus\celt\bands.c.o
Compiling .pio\build\ESP32S3SuperMini\lib14d\ESP8266Audio\libopus\celt\celt.c.o
Compiling .pio\build\ESP32S3SuperMini\lib14d\ESP8266Audio\libopus\celt\celt_decoder.c.o
Compiling .pio\build\ESP32S3SuperMini\lib14d\ESP8266Audio\libopus\celt\celt_encoder.c.o
Compiling .pio\build\ESP32S3SuperMini\lib14d\ESP8266Audio\libopus\celt\celt_lpc.c.o
Compiling .pio\build\ESP32S3SuperMini\lib14d\ESP8266Audio\libopus\celt\cwrs.c.o
Compiling .pio\build\ESP32S3SuperMini\lib14d\ESP8266Audio\libopus\celt\entcode.c.o
Compiling .pio\build\ESP32S3SuperMini\lib14d\ESP8266Audio\libopus\celt\entdec.c.o
Compiling .pio\build\ESP32S3SuperMini\lib14d\ESP8266Audio\libopus\celt\entenc.c.o
Compiling .pio\build\ESP32S3SuperMini\lib14d\ESP8266Audio\libopus\celt\kiss_fft.c.o
Compiling .pio\build\ESP32S3SuperMini\lib14d\ESP8266Audio\libopus\celt\laplace.c.o
Compiling .pio\build\ESP32S3SuperMini\lib14d\ESP8266Audio\libopus\celt\mathops.c.o
Compiling .pio\build\ESP32S3SuperMini\lib14d\ESP8266Audio\libopus\celt\mdct.c.o
Compiling .pio\build\ESP32S3SuperMini\lib14d\ESP8266Audio\libopus\celt\modes.c.o
Compiling .pio\build\ESP32S3SuperMini\lib14d\ESP8266Audio\libopus\celt\pitch.c.o
Compiling .pio\build\ESP32S3SuperMini\lib14d\ESP8266Audio\libopus\celt\quant_bands.c.o
Compiling .pio\build\ESP32S3SuperMini\lib14d\ESP8266Audio\libopus\celt\rate.c.o
Compiling .pio\build\ESP32S3SuperMini\lib14d\ESP8266Audio\libopus\celt\vq.c.o
Compiling .pio\build\ESP32S3SuperMini\lib14d\ESP8266Audio\libopus\mapping_matrix.c.o
Compiling .pio\build\ESP32S3SuperMini\lib14d\ESP8266Audio\libopus\opus.c.o
Compiling .pio\build\ESP32S3SuperMini\lib14d\ESP8266Audio\libopus\opus_decoder.c.o
Compiling .pio\build\ESP32S3SuperMini\lib14d\ESP8266Audio\libopus\opus_encoder.c.o
Compiling .pio\build\ESP32S3SuperMini\lib14d\ESP8266Audio\libopus\opus_multistream.c.o
Compiling .pio\build\ESP32S3SuperMini\lib14d\ESP8266Audio\libopus\opus_multistream_decoder.c.o
Compiling .pio\build\ESP32S3SuperMini\lib14d\ESP8266Audio\libopus\opus_multistream_encoder.c.o
Compiling .pio\build\ESP32S3SuperMini\lib14d\ESP8266Audio\libopus\opus_projection_decoder.c.o
Compiling .pio\build\ESP32S3SuperMini\lib14d\ESP8266Audio\libopus\opus_projection_encoder.c.o
Compiling .pio\build\ESP32S3SuperMini\lib14d\ESP8266Audio\libopus\repacketizer.c.o
Compiling .pio\build\ESP32S3SuperMini\lib14d\ESP8266Audio\libopus\silk\A2NLSF.c.o
Compiling .pio\build\ESP32S3SuperMini\lib14d\ESP8266Audio\libopus\silk\CNG.c.o
Compiling .pio\build\ESP32S3SuperMini\lib14d\ESP8266Audio\libopus\silk\HP_variable_cutoff.c.o
Compiling .pio\build\ESP32S3SuperMini\lib14d\ESP8266Audio\libopus\silk\LPC_analysis_filter.c.o
Compiling .pio\build\ESP32S3SuperMini\lib14d\ESP8266Audio\libopus\silk\LPC_fit.c.o
Compiling .pio\build\ESP32S3SuperMini\lib14d\ESP8266Audio\libopus\silk\LPC_inv_pred_gain.c.o
Compiling .pio\build\ESP32S3SuperMini\lib14d\ESP8266Audio\libopus\silk\LP_variable_cutoff.c.o
Compiling .pio\build\ESP32S3SuperMini\lib14d\ESP8266Audio\libopus\silk\NLSF2A.c.o
Compiling .pio\build\ESP32S3SuperMini\lib14d\ESP8266Audio\libopus\silk\NLSF_VQ.c.o
Compiling .pio\build\ESP32S3SuperMini\lib14d\ESP8266Audio\libopus\silk\NLSF_VQ_weights_laroia.c.o
Compiling .pio\build\ESP32S3SuperMini\lib14d\ESP8266Audio\libopus\silk\NLSF_decode.c.o
Compiling .pio\build\ESP32S3SuperMini\lib14d\ESP8266Audio\libopus\silk\NLSF_del_dec_quant.c.o
Compiling .pio\build\ESP32S3SuperMini\lib14d\ESP8266Audio\libopus\silk\NLSF_encode.c.o
Compiling .pio\build\ESP32S3SuperMini\lib14d\ESP8266Audio\libopus\silk\NLSF_stabilize.c.o
Compiling .pio\build\ESP32S3SuperMini\lib14d\ESP8266Audio\libopus\silk\NLSF_unpack.c.o
Compiling .pio\build\ESP32S3SuperMini\lib14d\ESP8266Audio\libopus\silk\NSQ.c.o
Compiling .pio\build\ESP32S3SuperMini\lib14d\ESP8266Audio\libopus\silk\NSQ_del_dec.c.o
Compiling .pio\build\ESP32S3SuperMini\lib14d\ESP8266Audio\libopus\silk\PLC.c.o
Compiling .pio\build\ESP32S3SuperMini\lib14d\ESP8266Audio\libopus\silk\VAD.c.o
Compiling .pio\build\ESP32S3SuperMini\lib14d\ESP8266Audio\libopus\silk\VQ_WMat_EC.c.o
Compiling .pio\build\ESP32S3SuperMini\lib14d\ESP8266Audio\libopus\silk\ana_filt_bank_1.c.o
Compiling .pio\build\ESP32S3SuperMini\lib14d\ESP8266Audio\libopus\silk\biquad_alt.c.o
Compiling .pio\build\ESP32S3SuperMini\lib14d\ESP8266Audio\libopus\silk\bwexpander.c.o
Compiling .pio\build\ESP32S3SuperMini\lib14d\ESP8266Audio\libopus\silk\bwexpander_32.c.o
Compiling .pio\build\ESP32S3SuperMini\lib14d\ESP8266Audio\libopus\silk\check_control_input.c.o
Compiling .pio\build\ESP32S3SuperMini\lib14d\ESP8266Audio\libopus\silk\code_signs.c.o
Compiling .pio\build\ESP32S3SuperMini\lib14d\ESP8266Audio\libopus\silk\control_SNR.c.o
Compiling .pio\build\ESP32S3SuperMini\lib14d\ESP8266Audio\libopus\silk\control_audio_bandwidth.c.o
Compiling .pio\build\ESP32S3SuperMini\lib14d\ESP8266Audio\libopus\silk\control_codec.c.o
Compiling .pio\build\ESP32S3SuperMini\lib14d\ESP8266Audio\libopus\silk\debug.c.o
Compiling .pio\build\ESP32S3SuperMini\lib14d\ESP8266Audio\libopus\silk\dec_API.c.o
Compiling .pio\build\ESP32S3SuperMini\lib14d\ESP8266Audio\libopus\silk\decode_core.c.o
Compiling .pio\build\ESP32S3SuperMini\lib14d\ESP8266Audio\libopus\silk\decode_frame.c.o
Compiling .pio\build\ESP32S3SuperMini\lib14d\ESP8266Audio\libopus\silk\decode_indices.c.o
Compiling .pio\build\ESP32S3SuperMini\lib14d\ESP8266Audio\libopus\silk\decode_parameters.c.o
Compiling .pio\build\ESP32S3SuperMini\lib14d\ESP8266Audio\libopus\silk\decode_pitch.c.o
Compiling .pio\build\ESP32S3SuperMini\lib14d\ESP8266Audio\libopus\silk\decode_pulses.c.o
Compiling .pio\build\ESP32S3SuperMini\lib14d\ESP8266Audio\libopus\silk\decoder_set_fs.c.o
Compiling .pio\build\ESP32S3SuperMini\lib14d\ESP8266Audio\libopus\silk\enc_API.c.o
Compiling .pio\build\ESP32S3SuperMini\lib14d\ESP8266Audio\libopus\silk\encode_indices.c.o
Compiling .pio\build\ESP32S3SuperMini\lib14d\ESP8266Audio\libopus\silk\encode_pulses.c.o
Compiling .pio\build\ESP32S3SuperMini\lib14d\ESP8266Audio\libopus\silk\fixed\LTP_analysis_filter_FIX.c.o
Compiling .pio\build\ESP32S3SuperMini\lib14d\ESP8266Audio\libopus\silk\fixed\LTP_scale_ctrl_FIX.c.o
Compiling .pio\build\ESP32S3SuperMini\lib14d\ESP8266Audio\libopus\silk\fixed\apply_sine_window_FIX.c.o
Compiling .pio\build\ESP32S3SuperMini\lib14d\ESP8266Audio\libopus\silk\fixed\autocorr_FIX.c.o
Compiling .pio\build\ESP32S3SuperMini\lib14d\ESP8266Audio\libopus\silk\fixed\burg_modified_FIX.c.o
Compiling .pio\build\ESP32S3SuperMini\lib14d\ESP8266Audio\libopus\silk\fixed\corrMatrix_FIX.c.o
Compiling .pio\build\ESP32S3SuperMini\lib14d\ESP8266Audio\libopus\silk\fixed\encode_frame_FIX.c.o
Compiling .pio\build\ESP32S3SuperMini\lib14d\ESP8266Audio\libopus\silk\fixed\find_LPC_FIX.c.o
Compiling .pio\build\ESP32S3SuperMini\lib14d\ESP8266Audio\libopus\silk\fixed\find_LTP_FIX.c.o
Compiling .pio\build\ESP32S3SuperMini\lib14d\ESP8266Audio\libopus\silk\fixed\find_pitch_lags_FIX.c.o
Compiling .pio\build\ESP32S3SuperMini\lib14d\ESP8266Audio\libopus\silk\fixed\find_pred_coefs_FIX.c.o
Compiling .pio\build\ESP32S3SuperMini\lib14d\ESP8266Audio\libopus\silk\fixed\k2a_FIX.c.o
Compiling .pio\build\ESP32S3SuperMini\lib14d\ESP8266Audio\libopus\silk\fixed\k2a_Q16_FIX.c.o
Compiling .pio\build\ESP32S3SuperMini\lib14d\ESP8266Audio\libopus\silk\fixed\noise_shape_analysis_FIX.c.o
Compiling .pio\build\ESP32S3SuperMini\lib14d\ESP8266Audio\libopus\silk\fixed\pitch_analysis_core_FIX.c.o
Compiling .pio\build\ESP32S3SuperMini\lib14d\ESP8266Audio\libopus\silk\fixed\process_gains_FIX.c.o
Compiling .pio\build\ESP32S3SuperMini\lib14d\ESP8266Audio\libopus\silk\fixed\regularize_correlations_FIX.c.o
Compiling .pio\build\ESP32S3SuperMini\lib14d\ESP8266Audio\libopus\silk\fixed\residual_energy16_FIX.c.o
Compiling .pio\build\ESP32S3SuperMini\lib14d\ESP8266Audio\libopus\silk\fixed\residual_energy_FIX.c.o
Compiling .pio\build\ESP32S3SuperMini\lib14d\ESP8266Audio\libopus\silk\fixed\schur64_FIX.c.o
Compiling .pio\build\ESP32S3SuperMini\lib14d\ESP8266Audio\libopus\silk\fixed\schur_FIX.c.o
Compiling .pio\build\ESP32S3SuperMini\lib14d\ESP8266Audio\libopus\silk\fixed\vector_ops_FIX.c.o
Compiling .pio\build\ESP32S3SuperMini\lib14d\ESP8266Audio\libopus\silk\fixed\warped_autocorrelation_FIX.c.o
Compiling .pio\build\ESP32S3SuperMini\lib14d\ESP8266Audio\libopus\silk\gain_quant.c.o
Compiling .pio\build\ESP32S3SuperMini\lib14d\ESP8266Audio\libopus\silk\init_decoder.c.o
Compiling .pio\build\ESP32S3SuperMini\lib14d\ESP8266Audio\libopus\silk\init_encoder.c.o
Compiling .pio\build\ESP32S3SuperMini\lib14d\ESP8266Audio\libopus\silk\inner_prod_aligned.c.o
Compiling .pio\build\ESP32S3SuperMini\lib14d\ESP8266Audio\libopus\silk\interpolate.c.o
Compiling .pio\build\ESP32S3SuperMini\lib14d\ESP8266Audio\libopus\silk\lin2log.c.o
Compiling .pio\build\ESP32S3SuperMini\lib14d\ESP8266Audio\libopus\silk\log2lin.c.o
Compiling .pio\build\ESP32S3SuperMini\lib14d\ESP8266Audio\libopus\silk\pitch_est_tables.c.o
Compiling .pio\build\ESP32S3SuperMini\lib14d\ESP8266Audio\libopus\silk\process_NLSFs.c.o
Compiling .pio\build\ESP32S3SuperMini\lib14d\ESP8266Audio\libopus\silk\quant_LTP_gains.c.o
Compiling .pio\build\ESP32S3SuperMini\lib14d\ESP8266Audio\libopus\silk\resampler.c.o
Compiling .pio\build\ESP32S3SuperMini\lib14d\ESP8266Audio\libopus\silk\resampler_down2.c.o
Compiling .pio\build\ESP32S3SuperMini\lib14d\ESP8266Audio\libopus\silk\resampler_down2_3.c.o
Compiling .pio\build\ESP32S3SuperMini\lib14d\ESP8266Audio\libopus\silk\resampler_private_AR2.c.o
Compiling .pio\build\ESP32S3SuperMini\lib14d\ESP8266Audio\libopus\silk\resampler_private_IIR_FIR.c.o
Compiling .pio\build\ESP32S3SuperMini\lib14d\ESP8266Audio\libopus\silk\resampler_private_down_FIR.c.o
Compiling .pio\build\ESP32S3SuperMini\lib14d\ESP8266Audio\libopus\silk\resampler_private_up2_HQ.c.o
Compiling .pio\build\ESP32S3SuperMini\lib14d\ESP8266Audio\libopus\silk\resampler_rom.c.o
Compiling .pio\build\ESP32S3SuperMini\lib14d\ESP8266Audio\libopus\silk\shell_coder.c.o
Compiling .pio\build\ESP32S3SuperMini\lib14d\ESP8266Audio\libopus\silk\sigm_Q15.c.o
Compiling .pio\build\ESP32S3SuperMini\lib14d\ESP8266Audio\libopus\silk\sort.c.o
Compiling .pio\build\ESP32S3SuperMini\lib14d\ESP8266Audio\libopus\silk\stereo_LR_to_MS.c.o
Compiling .pio\build\ESP32S3SuperMini\lib14d\ESP8266Audio\libopus\silk\stereo_MS_to_LR.c.o
Compiling .pio\build\ESP32S3SuperMini\lib14d\ESP8266Audio\libopus\silk\stereo_decode_pred.c.o
Compiling .pio\build\ESP32S3SuperMini\lib14d\ESP8266Audio\libopus\silk\stereo_encode_pred.c.o
Compiling .pio\build\ESP32S3SuperMini\lib14d\ESP8266Audio\libopus\silk\stereo_find_predictor.c.o
Compiling .pio\build\ESP32S3SuperMini\lib14d\ESP8266Audio\libopus\silk\stereo_quant_pred.c.o
Compiling .pio\build\ESP32S3SuperMini\lib14d\ESP8266Audio\libopus\silk\sum_sqr_shift.c.o
Compiling .pio\build\ESP32S3SuperMini\lib14d\ESP8266Audio\libopus\silk\table_LSF_cos.c.o
Compiling .pio\build\ESP32S3SuperMini\lib14d\ESP8266Audio\libopus\silk\tables_LTP.c.o
Compiling .pio\build\ESP32S3SuperMini\lib14d\ESP8266Audio\libopus\silk\tables_NLSF_CB_NB_MB.c.o
Compiling .pio\build\ESP32S3SuperMini\lib14d\ESP8266Audio\libopus\silk\tables_NLSF_CB_WB.c.o
Compiling .pio\build\ESP32S3SuperMini\lib14d\ESP8266Audio\libopus\silk\tables_gain.c.o
Compiling .pio\build\ESP32S3SuperMini\lib14d\ESP8266Audio\libopus\silk\tables_other.c.o
Compiling .pio\build\ESP32S3SuperMini\lib14d\ESP8266Audio\libopus\silk\tables_pitch_lag.c.o
Compiling .pio\build\ESP32S3SuperMini\lib14d\ESP8266Audio\libopus\silk\tables_pulses_per_block.c.o
Compiling .pio\build\ESP32S3SuperMini\lib14d\ESP8266Audio\opusfile\info.c.o
Compiling .pio\build\ESP32S3SuperMini\lib14d\ESP8266Audio\opusfile\internal.c.o
Compiling .pio\build\ESP32S3SuperMini\lib14d\ESP8266Audio\opusfile\opusfile.c.o
Compiling .pio\build\ESP32S3SuperMini\lib14d\ESP8266Audio\opusfile\stream.c.o
Compiling .pio\build\ESP32S3SuperMini\lib3da\BUZZER\buzzer.cpp.o
Compiling .pio\build\ESP32S3SuperMini\lib754\LED\led.cpp.o
Compiling .pio\build\ESP32S3SuperMini\libd06\RX5808\RX5808.cpp.o
Archiving .pio\build\ESP32S3SuperMini\lib14d\libESP8266Audio.a
Compiling .pio\build\ESP32S3SuperMini\lib012\BATTERY\battery.cpp.o
Compiling .pio\build\ESP32S3SuperMini\lib4a2\STORAGE\storage.cpp.o
Compiling .pio\build\ESP32S3SuperMini\libdd1\EEPROM\EEPROM.cpp.o
Compiling .pio\build\ESP32S3SuperMini\libb09\CONFIG\config.cpp.o
Compiling .pio\build\ESP32S3SuperMini\lib6ca\AUDIO\audio.cpp.o
Archiving .pio\build\ESP32S3SuperMini\lib754\libLED.a
Compiling .pio\build\ESP32S3SuperMini\lib2a2\ELRS_BACKPACK\elrs_backpack_espnow.cpp.o
Archiving .pio\build\ESP32S3SuperMini\lib012\libBATTERY.a
Archiving .pio\build\ESP32S3SuperMini\lib3da\libBUZZER.a
Compiling .pio\build\ESP32S3SuperMini\lib2a2\ELRS_BACKPACK\elrs_bind_uid.cpp.o
Compiling .pio\build\ESP32S3SuperMini\lib2a2\ELRS_BACKPACK\msp.cpp.o
Compiling .pio\build\ESP32S3SuperMini\lib2c2\POWER\power.cpp.o
Compiling .pio\build\ESP32S3SuperMini\libda4\Wire\Wire.cpp.o
Archiving .pio\build\ESP32S3SuperMini\libdd1\libEEPROM.a
Compiling .pio\build\ESP32S3SuperMini\lib292\QMI8658\qmi8658.cpp.o
Archiving .pio\build\ESP32S3SuperMini\libd06\libRX5808.a
Compiling .pio\build\ESP32S3SuperMini\lib78a\RACEHISTORY\racehistory.cpp.o
Archiving .pio\build\ESP32S3SuperMini\lib4a2\libSTORAGE.a
Compiling .pio\build\ESP32S3SuperMini\libf9b\RGBLED\rgbled.cpp.o
Archiving .pio\build\ESP32S3SuperMini\libda4\libWire.a
Archiving .pio\build\ESP32S3SuperMini\lib6ca\libAUDIO.a
Archiving .pio\build\ESP32S3SuperMini\lib2c2\libPOWER.a
Compiling .pio\build\ESP32S3SuperMini\lib28e\ROTORHAZARD\rotorhazard.cpp.o
Archiving .pio\build\ESP32S3SuperMini\lib2a2\libELRS_BACKPACK.a
Compiling .pio\build\ESP32S3SuperMini\lib50d\KALMAN\kalman.cpp.o
Compiling .pio\build\ESP32S3SuperMini\libd9e\TRACKMANAGER\trackmanager.cpp.o
Archiving .pio\build\ESP32S3SuperMini\lib50d\libKALMAN.a
Archiving .pio\build\ESP32S3SuperMini\libb09\libCONFIG.a
Compiling .pio\build\ESP32S3SuperMini\libd8f\WEBHOOK\webhook.cpp.o
Archiving .pio\build\ESP32S3SuperMini\lib292\libQMI8658.a
Compiling .pio\build\ESP32S3SuperMini\libdbd\LAPTIMER\laptimer.cpp.o
Compiling .pio\build\ESP32S3SuperMini\lib536\USB\usb.cpp.o
Compiling .pio\build\ESP32S3SuperMini\libb72\SELFTEST\selftest.cpp.o
Archiving .pio\build\ESP32S3SuperMini\lib78a\libRACEHISTORY.a
Archiving .pio\build\ESP32S3SuperMini\libf9b\libRGBLED.a
Archiving .pio\build\ESP32S3SuperMini\lib28e\libROTORHAZARD.a
Archiving .pio\build\ESP32S3SuperMini\libd8f\libWEBHOOK.a
Compiling .pio\build\ESP32S3SuperMini\libebf\DNSServer\DNSServer.cpp.o
Compiling .pio\build\ESP32S3SuperMini\libc71\ESPmDNS\ESPmDNS.cpp.o
Compiling .pio\build\ESP32S3SuperMini\libdd9\WEBSERVER\webserver.cpp.o
Archiving .pio\build\ESP32S3SuperMini\libd9e\libTRACKMANAGER.a
Compiling .pio\build\ESP32S3SuperMini\FrameworkArduino\Esp.cpp.o
Archiving .pio\build\ESP32S3SuperMini\libebf\libDNSServer.a
Compiling .pio\build\ESP32S3SuperMini\FrameworkArduino\FirmwareMSC.cpp.o
Compiling .pio\build\ESP32S3SuperMini\FrameworkArduino\FunctionalInterrupt.cpp.o
Compiling .pio\build\ESP32S3SuperMini\FrameworkArduino\HWCDC.cpp.o
Compiling .pio\build\ESP32S3SuperMini\FrameworkArduino\HardwareSerial.cpp.o
Compiling .pio\build\ESP32S3SuperMini\FrameworkArduino\IPAddress.cpp.o
Compiling .pio\build\ESP32S3SuperMini\FrameworkArduino\IPv6Address.cpp.o
Compiling .pio\build\ESP32S3SuperMini\FrameworkArduino\MD5Builder.cpp.o
Compiling .pio\build\ESP32S3SuperMini\FrameworkArduino\Print.cpp.o
Compiling .pio\build\ESP32S3SuperMini\FrameworkArduino\Stream.cpp.o
Compiling .pio\build\ESP32S3SuperMini\FrameworkArduino\StreamString.cpp.o
lib/USB/usb.cpp: In member function 'void USBTransport::processCommand(const char*)':
lib/USB/usb.cpp:151:71: warning: 'ArduinoJson::V720PB22::detail::enable_if_t<ArduinoJson::V720PB22::detail::IsString<TChar*>::value, bool> ArduinoJson::V720PB22::detail::VariantRefBase<TDerived>::containsKey(TChar*) const [with TChar = const char; TDerived = 
ArduinoJson::V720PB22::detail::MemberProxy<ArduinoJson::V720PB22::JsonDocument&, const char*>; ArduinoJson::V720PB22::detail::enable_if_t<ArduinoJson::V720PB22::detail::IsString<TChar*>::value, bool> = bool]' is deprecated: use obj["key"].is<T>() instead [-Wdeprecated-declarations]
         if (!doc["data"].isNull() && doc["data"].containsKey("lapTime")) {
                                                                       ^
In file included from .pio/libdeps/ESP32S3SuperMini/ArduinoJson/src/ArduinoJson.hpp:46,
                 from .pio/libdeps/ESP32S3SuperMini/ArduinoJson/src/ArduinoJson.h:9,
                 from lib/CONFIG/config.h:4,
                 from lib/USB/usb.h:28,
                 from lib/USB/usb.cpp:1:
.pio/libdeps/ESP32S3SuperMini/ArduinoJson/src/ArduinoJson/Variant/VariantRefBaseImpl.hpp:89:1: note: declared here
 VariantRefBase<TDerived>::containsKey(TChar* key) const {
 ^~~~~~~~~~~~~~~~~~~~~~~~
lib/USB/usb.cpp:244:70: warning: 'ArduinoJson::V720PB22::detail::enable_if_t<ArduinoJson::V720PB22::detail::IsString<TChar*>::value, bool> ArduinoJson::V720PB22::detail::VariantRefBase<TDerived>::containsKey(TChar*) const [with TChar = const char; TDerived = 
ArduinoJson::V720PB22::detail::MemberProxy<ArduinoJson::V720PB22::JsonDocument&, const char*>; ArduinoJson::V720PB22::detail::enable_if_t<ArduinoJson::V720PB22::detail::IsString<TChar*>::value, bool> = bool]' is deprecated: use obj["key"].is<T>() instead [-Wdeprecated-declarations]
         if (!doc["data"].isNull() && doc["data"].containsKey("preset")) {
                                                                      ^
In file included from .pio/libdeps/ESP32S3SuperMini/ArduinoJson/src/ArduinoJson.hpp:46,
                 from .pio/libdeps/ESP32S3SuperMini/ArduinoJson/src/ArduinoJson.h:9,
                 from lib/CONFIG/config.h:4,
                 from lib/USB/usb.h:28,
                 from lib/USB/usb.cpp:1:
.pio/libdeps/ESP32S3SuperMini/ArduinoJson/src/ArduinoJson/Variant/VariantRefBaseImpl.hpp:89:1: note: declared here
 VariantRefBase<TDerived>::containsKey(TChar* key) const {
 ^~~~~~~~~~~~~~~~~~~~~~~~
lib/USB/usb.cpp:261:69: warning: 'ArduinoJson::V720PB22::detail::enable_if_t<ArduinoJson::V720PB22::detail::IsString<TChar*>::value, bool> ArduinoJson::V720PB22::detail::VariantRefBase<TDerived>::containsKey(TChar*) const [with TChar = const char; TDerived = 
ArduinoJson::V720PB22::detail::MemberProxy<ArduinoJson::V720PB22::JsonDocument&, const char*>; ArduinoJson::V720PB22::detail::enable_if_t<ArduinoJson::V720PB22::detail::IsString<TChar*>::value, bool> = bool]' is deprecated: use obj["key"].is<T>() instead [-Wdeprecated-declarations]
         if (!doc["data"].isNull() && doc["data"].containsKey("color")) {
                                                                     ^
In file included from .pio/libdeps/ESP32S3SuperMini/ArduinoJson/src/ArduinoJson.hpp:46,
                 from .pio/libdeps/ESP32S3SuperMini/ArduinoJson/src/ArduinoJson.h:9,
                 from lib/CONFIG/config.h:4,
                 from lib/USB/usb.h:28,
                 from lib/USB/usb.cpp:1:
.pio/libdeps/ESP32S3SuperMini/ArduinoJson/src/ArduinoJson/Variant/VariantRefBaseImpl.hpp:89:1: note: declared here
 VariantRefBase<TDerived>::containsKey(TChar* key) const {
 ^~~~~~~~~~~~~~~~~~~~~~~~
lib/USB/usb.cpp:279:74: warning: 'ArduinoJson::V720PB22::detail::enable_if_t<ArduinoJson::V720PB22::detail::IsString<TChar*>::value, bool> ArduinoJson::V720PB22::detail::VariantRefBase<TDerived>::containsKey(TChar*) const [with TChar = const char; TDerived = 
ArduinoJson::V720PB22::detail::MemberProxy<ArduinoJson::V720PB22::JsonDocument&, const char*>; ArduinoJson::V720PB22::detail::enable_if_t<ArduinoJson::V720PB22::detail::IsString<TChar*>::value, bool> = bool]' is deprecated: use obj["key"].is<T>() instead [-Wdeprecated-declarations]
         if (!doc["data"].isNull() && doc["data"].containsKey("brightness")) {
                                                                          ^
In file included from .pio/libdeps/ESP32S3SuperMini/ArduinoJson/src/ArduinoJson.hpp:46,
                 from .pio/libdeps/ESP32S3SuperMini/ArduinoJson/src/ArduinoJson.h:9,
                 from lib/CONFIG/config.h:4,
                 from lib/USB/usb.h:28,
                 from lib/USB/usb.cpp:1:
.pio/libdeps/ESP32S3SuperMini/ArduinoJson/src/ArduinoJson/Variant/VariantRefBaseImpl.hpp:89:1: note: declared here
 VariantRefBase<TDerived>::containsKey(TChar* key) const {
 ^~~~~~~~~~~~~~~~~~~~~~~~
lib/USB/usb.cpp:296:69: warning: 'ArduinoJson::V720PB22::detail::enable_if_t<ArduinoJson::V720PB22::detail::IsString<TChar*>::value, bool> ArduinoJson::V720PB22::detail::VariantRefBase<TDerived>::containsKey(TChar*) const [with TChar = const char; TDerived = 
ArduinoJson::V720PB22::detail::MemberProxy<ArduinoJson::V720PB22::JsonDocument&, const char*>; ArduinoJson::V720PB22::detail::enable_if_t<ArduinoJson::V720PB22::detail::IsString<TChar*>::value, bool> = bool]' is deprecated: use obj["key"].is<T>() instead [-Wdeprecated-declarations]
         if (!doc["data"].isNull() && doc["data"].containsKey("speed")) {
                                                                     ^
In file included from .pio/libdeps/ESP32S3SuperMini/ArduinoJson/src/ArduinoJson.hpp:46,
                 from .pio/libdeps/ESP32S3SuperMini/ArduinoJson/src/ArduinoJson.h:9,
                 from lib/CONFIG/config.h:4,
                 from lib/USB/usb.h:28,
                 from lib/USB/usb.cpp:1:
.pio/libdeps/ESP32S3SuperMini/ArduinoJson/src/ArduinoJson/Variant/VariantRefBaseImpl.hpp:89:1: note: declared here
 VariantRefBase<TDerived>::containsKey(TChar* key) const {
 ^~~~~~~~~~~~~~~~~~~~~~~~
lib/USB/usb.cpp:313:70: warning: 'ArduinoJson::V720PB22::detail::enable_if_t<ArduinoJson::V720PB22::detail::IsString<TChar*>::value, bool> ArduinoJson::V720PB22::detail::VariantRefBase<TDerived>::containsKey(TChar*) const [with TChar = const char; TDerived = 
ArduinoJson::V720PB22::detail::MemberProxy<ArduinoJson::V720PB22::JsonDocument&, const char*>; ArduinoJson::V720PB22::detail::enable_if_t<ArduinoJson::V720PB22::detail::IsString<TChar*>::value, bool> = bool]' is deprecated: use obj["key"].is<T>() instead [-Wdeprecated-declarations]
         if (!doc["data"].isNull() && doc["data"].containsKey("enable")) {
                                                                      ^
In file included from .pio/libdeps/ESP32S3SuperMini/ArduinoJson/src/ArduinoJson.hpp:46,
                 from .pio/libdeps/ESP32S3SuperMini/ArduinoJson/src/ArduinoJson.h:9,
                 from lib/CONFIG/config.h:4,
                 from lib/USB/usb.h:28,
                 from lib/USB/usb.cpp:1:
.pio/libdeps/ESP32S3SuperMini/ArduinoJson/src/ArduinoJson/Variant/VariantRefBaseImpl.hpp:89:1: note: declared here
 VariantRefBase<TDerived>::containsKey(TChar* key) const {
 ^~~~~~~~~~~~~~~~~~~~~~~~
lib/USB/usb.cpp:330:69: warning: 'ArduinoJson::V720PB22::detail::enable_if_t<ArduinoJson::V720PB22::detail::IsString<TChar*>::value, bool> ArduinoJson::V720PB22::detail::VariantRefBase<TDerived>::containsKey(TChar*) const [with TChar = const char; TDerived = 
ArduinoJson::V720PB22::detail::MemberProxy<ArduinoJson::V720PB22::JsonDocument&, const char*>; ArduinoJson::V720PB22::detail::enable_if_t<ArduinoJson::V720PB22::detail::IsString<TChar*>::value, bool> = bool]' is deprecated: use obj["key"].is<T>() instead [-Wdeprecated-declarations]
         if (!doc["data"].isNull() && doc["data"].containsKey("color")) {
                                                                     ^
In file included from .pio/libdeps/ESP32S3SuperMini/ArduinoJson/src/ArduinoJson.hpp:46,
                 from .pio/libdeps/ESP32S3SuperMini/ArduinoJson/src/ArduinoJson.h:9,
                 from lib/CONFIG/config.h:4,
                 from lib/USB/usb.h:28,
                 from lib/USB/usb.cpp:1:
.pio/libdeps/ESP32S3SuperMini/ArduinoJson/src/ArduinoJson/Variant/VariantRefBaseImpl.hpp:89:1: note: declared here
 VariantRefBase<TDerived>::containsKey(TChar* key) const {
 ^~~~~~~~~~~~~~~~~~~~~~~~
lib/USB/usb.cpp:348:69: warning: 'ArduinoJson::V720PB22::detail::enable_if_t<ArduinoJson::V720PB22::detail::IsString<TChar*>::value, bool> ArduinoJson::V720PB22::detail::VariantRefBase<TDerived>::containsKey(TChar*) const [with TChar = const char; TDerived = 
ArduinoJson::V720PB22::detail::MemberProxy<ArduinoJson::V720PB22::JsonDocument&, const char*>; ArduinoJson::V720PB22::detail::enable_if_t<ArduinoJson::V720PB22::detail::IsString<TChar*>::value, bool> = bool]' is deprecated: use obj["key"].is<T>() instead [-Wdeprecated-declarations]
         if (!doc["data"].isNull() && doc["data"].containsKey("color")) {
                                                                     ^
In file included from .pio/libdeps/ESP32S3SuperMini/ArduinoJson/src/ArduinoJson.hpp:46,
                 from .pio/libdeps/ESP32S3SuperMini/ArduinoJson/src/ArduinoJson.h:9,
                 from lib/CONFIG/config.h:4,
                 from lib/USB/usb.h:28,
                 from lib/USB/usb.cpp:1:
.pio/libdeps/ESP32S3SuperMini/ArduinoJson/src/ArduinoJson/Variant/VariantRefBaseImpl.hpp:89:1: note: declared here
 VariantRefBase<TDerived>::containsKey(TChar* key) const {
 ^~~~~~~~~~~~~~~~~~~~~~~~
Archiving .pio\build\ESP32S3SuperMini\libdbd\libLAPTIMER.a
Compiling .pio\build\ESP32S3SuperMini\FrameworkArduino\Tone.cpp.o
Archiving .pio\build\ESP32S3SuperMini\libc71\libESPmDNS.a
Compiling .pio\build\ESP32S3SuperMini\FrameworkArduino\USB.cpp.o
Compiling .pio\build\ESP32S3SuperMini\FrameworkArduino\USBCDC.cpp.o
Compiling .pio\build\ESP32S3SuperMini\FrameworkArduino\USBMSC.cpp.o
Compiling .pio\build\ESP32S3SuperMini\FrameworkArduino\WMath.cpp.o
Compiling .pio\build\ESP32S3SuperMini\FrameworkArduino\WString.cpp.o
Compiling .pio\build\ESP32S3SuperMini\FrameworkArduino\base64.cpp.o
Compiling .pio\build\ESP32S3SuperMini\FrameworkArduino\cbuf.cpp.o
Compiling .pio\build\ESP32S3SuperMini\FrameworkArduino\esp32-hal-adc.c.o
Compiling .pio\build\ESP32S3SuperMini\FrameworkArduino\esp32-hal-bt.c.o
Compiling .pio\build\ESP32S3SuperMini\FrameworkArduino\esp32-hal-cpu.c.o
Compiling .pio\build\ESP32S3SuperMini\FrameworkArduino\esp32-hal-dac.c.o
Compiling .pio\build\ESP32S3SuperMini\FrameworkArduino\esp32-hal-gpio.c.o
Compiling .pio\build\ESP32S3SuperMini\FrameworkArduino\esp32-hal-i2c-slave.c.o
Compiling .pio\build\ESP32S3SuperMini\FrameworkArduino\esp32-hal-i2c.c.o
Compiling .pio\build\ESP32S3SuperMini\FrameworkArduino\esp32-hal-ledc.c.o
Compiling .pio\build\ESP32S3SuperMini\FrameworkArduino\esp32-hal-matrix.c.o
Compiling .pio\build\ESP32S3SuperMini\FrameworkArduino\esp32-hal-misc.c.o
Compiling .pio\build\ESP32S3SuperMini\FrameworkArduino\esp32-hal-psram.c.o
Compiling .pio\build\ESP32S3SuperMini\FrameworkArduino\esp32-hal-rgb-led.c.o
Compiling .pio\build\ESP32S3SuperMini\FrameworkArduino\esp32-hal-rmt.c.o
Compiling .pio\build\ESP32S3SuperMini\FrameworkArduino\esp32-hal-sigmadelta.c.o
Compiling .pio\build\ESP32S3SuperMini\FrameworkArduino\esp32-hal-spi.c.o
Compiling .pio\build\ESP32S3SuperMini\FrameworkArduino\esp32-hal-time.c.o
Compiling .pio\build\ESP32S3SuperMini\FrameworkArduino\esp32-hal-timer.c.o
Archiving .pio\build\ESP32S3SuperMini\lib536\libUSB.a
Compiling .pio\build\ESP32S3SuperMini\FrameworkArduino\esp32-hal-tinyusb.c.o
Compiling .pio\build\ESP32S3SuperMini\FrameworkArduino\esp32-hal-touch.c.o
Compiling .pio\build\ESP32S3SuperMini\FrameworkArduino\esp32-hal-uart.c.o
Compiling .pio\build\ESP32S3SuperMini\FrameworkArduino\firmware_msc_fat.c.o
Archiving .pio\build\ESP32S3SuperMini\libb72\libSELFTEST.a
Compiling .pio\build\ESP32S3SuperMini\FrameworkArduino\libb64\cdecode.c.o
Compiling .pio\build\ESP32S3SuperMini\FrameworkArduino\libb64\cencode.c.o
Compiling .pio\build\ESP32S3SuperMini\FrameworkArduino\main.cpp.o
Compiling .pio\build\ESP32S3SuperMini\FrameworkArduino\stdlib_noniso.c.o
Compiling .pio\build\ESP32S3SuperMini\FrameworkArduino\wiring_pulse.c.o
Compiling .pio\build\ESP32S3SuperMini\FrameworkArduino\wiring_shift.c.o
Archiving .pio\build\ESP32S3SuperMini\libFrameworkArduino.a
Archiving .pio\build\ESP32S3SuperMini\libdd9\libWEBSERVER.a
Linking .pio\build\ESP32S3SuperMini\firmware.elf
Retrieving maximum program size .pio\build\ESP32S3SuperMini\firmware.elf
Checking size .pio\build\ESP32S3SuperMini\firmware.elf
Advanced Memory Usage is available via "PlatformIO Home > Project Inspect"
RAM:   [==        ]  23.7% (used 77608 bytes from 327680 bytes)
Flash: [==========]  97.8% (used 1282397 bytes from 1310720 bytes)
Building .pio\build\ESP32S3SuperMini\firmware.bin
esptool.py v4.5.1
Creating esp32s3 image...
Merged 2 ELF sections
Successfully created esp32s3 image.
========================= [SUCCESS] Took 78.79 seconds =========================

Processing LilyGOTEnergyS3 (framework: arduino; platform: espressif32@6.9.0; board: esp32-s3-devkitc-1)
--------------------------------------------------------------------------------
Verbose mode can be enabled via `-v, --verbose` option
CONFIGURATION: https://docs.platformio.org/page/boards/espressif32/esp32-s3-devkitc-1.html
PLATFORM: Espressif 32 (6.9.0) > Espressif ESP32-S3-DevKitC-1-N8 (8 MB QD, No PSRAM)
HARDWARE: ESP32S3 240MHz, 320KB RAM, 8MB Flash
DEBUG: Current (esp-builtin) On-board (esp-builtin) External (cmsis-dap, esp-bridge, esp-prog, iot-bus-jtag, jlink, minimodule, olimex-arm-usb-ocd, olimex-arm-usb-ocd-h, olimex-arm-usb-tiny-h, olimex-jtag-tiny, tumpa)
PACKAGES: 
 - framework-arduinoespressif32 @ 3.20017.241212+sha.dcc1105b 
 - tool-esptoolpy @ 1.40501.0 (4.5.1) 
 - toolchain-riscv32-esp @ 8.4.0+2021r2-patch5 
 - toolchain-xtensa-esp32s3 @ 8.4.0+2021r2-patch5
LDF: Library Dependency Finder -> https://bit.ly/configure-pio-ldf
LDF Modes: Finder ~ chain, Compatibility ~ strict
Found 66 compatible libraries
Scanning dependencies...
Dependency Graph
|-- AsyncTCP @ 3.3.2+sha.ef448a8
|-- ESPAsyncWebServer @ 3.6.0+sha.ad3741d
|-- ArduinoJson @ 7.2.0
|-- ElegantOTA @ 3.1.7
|-- FastLED @ 3.10.3
|-- WebSockets @ 2.7.3+sha.e3edca4
|-- AUDIO @ 1.0.0
|-- DEBUG
|-- ELRS_BACKPACK
|-- LED
|-- POWER
|-- QMI8658
|-- RACEHISTORY
|-- RGBLED
|-- ROTORHAZARD
|-- SELFTEST
|-- STORAGE
|-- TRACKMANAGER
|-- TRANSPORT
|-- USB
|-- WEBHOOK
|-- WEBSERVER
Building in release mode
Compiling .pio\build\LilyGOTEnergyS3\src\main.cpp.o
Building .pio\build\LilyGOTEnergyS3\bootloader.bin
Generating partitions .pio\build\LilyGOTEnergyS3\partitions.bin
esptool.py v4.5.1
Creating esp32s3 image...
Merged 1 ELF section
Successfully created esp32s3 image.
Compiling .pio\build\LilyGOTEnergyS3\lib86a\AsyncTCP@src-7fb2940bccb78b8d2de6915ae328b7fc\AsyncTCP.cpp.o
Compiling .pio\build\LilyGOTEnergyS3\lib971\FS\FS.cpp.o
Compiling .pio\build\LilyGOTEnergyS3\lib971\FS\vfs_api.cpp.o
Compiling .pio\build\LilyGOTEnergyS3\lib868\WiFi\WiFi.cpp.o
Compiling .pio\build\LilyGOTEnergyS3\lib868\WiFi\WiFiAP.cpp.o
Compiling .pio\build\LilyGOTEnergyS3\lib868\WiFi\WiFiClient.cpp.o
Compiling .pio\build\LilyGOTEnergyS3\lib868\WiFi\WiFiGeneric.cpp.o
Compiling .pio\build\LilyGOTEnergyS3\lib868\WiFi\WiFiMulti.cpp.o
Compiling .pio\build\LilyGOTEnergyS3\lib868\WiFi\WiFiSTA.cpp.o
Compiling .pio\build\LilyGOTEnergyS3\lib868\WiFi\WiFiScan.cpp.o
Compiling .pio\build\LilyGOTEnergyS3\lib868\WiFi\WiFiServer.cpp.o
Compiling .pio\build\LilyGOTEnergyS3\lib868\WiFi\WiFiUdp.cpp.o
Compiling .pio\build\LilyGOTEnergyS3\lib453\WebServer\Parsing.cpp.o
Compiling .pio\build\LilyGOTEnergyS3\lib453\WebServer\WebServer.cpp.o
Compiling .pio\build\LilyGOTEnergyS3\lib453\WebServer\detail\mimetable.cpp.o
Compiling .pio\build\LilyGOTEnergyS3\lib57e\ESPAsyncWebServer@src-8a740033305cb1c99d89b522d725653f\AsyncEventSource.cpp.o
Compiling .pio\build\LilyGOTEnergyS3\lib57e\ESPAsyncWebServer@src-8a740033305cb1c99d89b522d725653f\AsyncJson.cpp.o
Archiving .pio\build\LilyGOTEnergyS3\lib971\libFS.a
Archiving .pio\build\LilyGOTEnergyS3\lib86a\libAsyncTCP@src-7fb2940bccb78b8d2de6915ae328b7fc.a
Compiling .pio\build\LilyGOTEnergyS3\lib57e\ESPAsyncWebServer@src-8a740033305cb1c99d89b522d725653f\AsyncMessagePack.cpp.o
Compiling .pio\build\LilyGOTEnergyS3\lib57e\ESPAsyncWebServer@src-8a740033305cb1c99d89b522d725653f\AsyncWebHeader.cpp.o
Compiling .pio\build\LilyGOTEnergyS3\lib57e\ESPAsyncWebServer@src-8a740033305cb1c99d89b522d725653f\AsyncWebSocket.cpp.o
Compiling .pio\build\LilyGOTEnergyS3\lib57e\ESPAsyncWebServer@src-8a740033305cb1c99d89b522d725653f\BackPort_SHA1Builder.cpp.o
Compiling .pio\build\LilyGOTEnergyS3\lib57e\ESPAsyncWebServer@src-8a740033305cb1c99d89b522d725653f\ChunkPrint.cpp.o
Compiling .pio\build\LilyGOTEnergyS3\lib57e\ESPAsyncWebServer@src-8a740033305cb1c99d89b522d725653f\Middleware.cpp.o
Compiling .pio\build\LilyGOTEnergyS3\lib57e\ESPAsyncWebServer@src-8a740033305cb1c99d89b522d725653f\WebAuthentication.cpp.o
Compiling .pio\build\LilyGOTEnergyS3\lib57e\ESPAsyncWebServer@src-8a740033305cb1c99d89b522d725653f\WebHandlers.cpp.o
Compiling .pio\build\LilyGOTEnergyS3\lib57e\ESPAsyncWebServer@src-8a740033305cb1c99d89b522d725653f\WebRequest.cpp.o
Compiling .pio\build\LilyGOTEnergyS3\lib57e\ESPAsyncWebServer@src-8a740033305cb1c99d89b522d725653f\WebResponses.cpp.o
Compiling .pio\build\LilyGOTEnergyS3\lib57e\ESPAsyncWebServer@src-8a740033305cb1c99d89b522d725653f\WebServer.cpp.o
Archiving .pio\build\LilyGOTEnergyS3\lib868\libWiFi.a
Compiling .pio\build\LilyGOTEnergyS3\lib255\LittleFS\LittleFS.cpp.o
Compiling .pio\build\LilyGOTEnergyS3\lib7cd\Update\HttpsOTAUpdate.cpp.o
Archiving .pio\build\LilyGOTEnergyS3\lib453\libWebServer.a
Compiling .pio\build\LilyGOTEnergyS3\lib7cd\Update\Updater.cpp.o
Compiling .pio\build\LilyGOTEnergyS3\lib9a9\ElegantOTA\ElegantOTA.cpp.o
Compiling .pio\build\LilyGOTEnergyS3\lib9a9\ElegantOTA\elop.cpp.o
Compiling .pio\build\LilyGOTEnergyS3\lib05b\SPI\SPI.cpp.o
Compiling .pio\build\LilyGOTEnergyS3\libd4e\I2S\I2S.cpp.o
Compiling .pio\build\LilyGOTEnergyS3\lib53e\SD\SD.cpp.o
Archiving .pio\build\LilyGOTEnergyS3\lib255\libLittleFS.a
Archiving .pio\build\LilyGOTEnergyS3\lib7cd\libUpdate.a
Compiling .pio\build\LilyGOTEnergyS3\lib53e\SD\sd_diskio.cpp.o
Compiling .pio\build\LilyGOTEnergyS3\lib53e\SD\sd_diskio_crc.c.o
Compiling .pio\build\LilyGOTEnergyS3\libd9c\FastLED\FastLED.cpp.o
Archiving .pio\build\LilyGOTEnergyS3\lib57e\libESPAsyncWebServer@src-8a740033305cb1c99d89b522d725653f.a
Compiling .pio\build\LilyGOTEnergyS3\libd9c\FastLED\bitswap.cpp.o
Compiling .pio\build\LilyGOTEnergyS3\libd9c\FastLED\cled_controller.cpp.o
Compiling .pio\build\LilyGOTEnergyS3\libd9c\FastLED\colorpalettes.cpp.o
Compiling .pio\build\LilyGOTEnergyS3\libd9c\FastLED\crgb.cpp.o
Compiling .pio\build\LilyGOTEnergyS3\libd9c\FastLED\fl\allocator.cpp.o
Compiling .pio\build\LilyGOTEnergyS3\libd9c\FastLED\fl\async.cpp.o
Compiling .pio\build\LilyGOTEnergyS3\libd9c\FastLED\fl\audio.cpp.o
Compiling .pio\build\LilyGOTEnergyS3\libd9c\FastLED\fl\audio_input.cpp.o
Compiling .pio\build\LilyGOTEnergyS3\libd9c\FastLED\fl\audio_reactive.cpp.o
Compiling .pio\build\LilyGOTEnergyS3\libd9c\FastLED\fl\bitset.cpp.o
Compiling .pio\build\LilyGOTEnergyS3\libd9c\FastLED\fl\blur.cpp.o
Archiving .pio\build\LilyGOTEnergyS3\lib05b\libSPI.a
Compiling .pio\build\LilyGOTEnergyS3\libd9c\FastLED\fl\bytestreammemory.cpp.o
Compiling .pio\build\LilyGOTEnergyS3\libd9c\FastLED\fl\colorutils.cpp.o
Compiling .pio\build\LilyGOTEnergyS3\libd9c\FastLED\fl\corkscrew.cpp.o
Archiving .pio\build\LilyGOTEnergyS3\libd4e\libI2S.a
Compiling .pio\build\LilyGOTEnergyS3\libd9c\FastLED\fl\crgb_hsv16.cpp.o
Compiling .pio\build\LilyGOTEnergyS3\libd9c\FastLED\fl\downscale.cpp.o
Compiling .pio\build\LilyGOTEnergyS3\libd9c\FastLED\fl\ease.cpp.o
Compiling .pio\build\LilyGOTEnergyS3\libd9c\FastLED\fl\engine_events.cpp.o
Compiling .pio\build\LilyGOTEnergyS3\libd9c\FastLED\fl\fetch.cpp.o
Archiving .pio\build\LilyGOTEnergyS3\lib9a9\libElegantOTA.a
Archiving .pio\build\LilyGOTEnergyS3\lib53e\libSD.a
Compiling .pio\build\LilyGOTEnergyS3\libd9c\FastLED\fl\fft.cpp.o
Compiling .pio\build\LilyGOTEnergyS3\libd9c\FastLED\fl\fft_impl.cpp.o
Compiling .pio\build\LilyGOTEnergyS3\libd9c\FastLED\fl\file_system.cpp.o
Compiling .pio\build\LilyGOTEnergyS3\libd9c\FastLED\fl\fill.cpp.o
Compiling .pio\build\LilyGOTEnergyS3\libd9c\FastLED\fl\gamma.cpp.o
Compiling .pio\build\LilyGOTEnergyS3\libd9c\FastLED\fl\gradient.cpp.o
Compiling .pio\build\LilyGOTEnergyS3\libd9c\FastLED\fl\hsv16.cpp.o
Compiling .pio\build\LilyGOTEnergyS3\libd9c\FastLED\fl\id_tracker.cpp.o
Compiling .pio\build\LilyGOTEnergyS3\libd9c\FastLED\fl\io.cpp.o
Compiling .pio\build\LilyGOTEnergyS3\libd9c\FastLED\fl\istream.cpp.o
Compiling .pio\build\LilyGOTEnergyS3\libd9c\FastLED\fl\json.cpp.o
Compiling .pio\build\LilyGOTEnergyS3\libd9c\FastLED\fl\leds.cpp.o
Compiling .pio\build\LilyGOTEnergyS3\libd9c\FastLED\fl\line_simplification.cpp.o
Compiling .pio\build\LilyGOTEnergyS3\libd9c\FastLED\fl\noise_woryley.cpp.o
Compiling .pio\build\LilyGOTEnergyS3\libd9c\FastLED\fl\ostream.cpp.o
Compiling .pio\build\LilyGOTEnergyS3\libd9c\FastLED\fl\ptr.cpp.o
Compiling .pio\build\LilyGOTEnergyS3\libd9c\FastLED\fl\random.cpp.o
Compiling .pio\build\LilyGOTEnergyS3\libd9c\FastLED\fl\raster_sparse.cpp.o
Compiling .pio\build\LilyGOTEnergyS3\libd9c\FastLED\fl\rectangular_draw_buffer.cpp.o
Compiling .pio\build\LilyGOTEnergyS3\libd9c\FastLED\fl\referent.cpp.o
Compiling .pio\build\LilyGOTEnergyS3\libd9c\FastLED\fl\rgbw.cpp.o
Compiling .pio\build\LilyGOTEnergyS3\libd9c\FastLED\fl\screenmap.cpp.o
Compiling .pio\build\LilyGOTEnergyS3\libd9c\FastLED\fl\sin32.cpp.o
Compiling .pio\build\LilyGOTEnergyS3\libd9c\FastLED\fl\splat.cpp.o
Compiling .pio\build\LilyGOTEnergyS3\libd9c\FastLED\fl\str.cpp.o
Compiling .pio\build\LilyGOTEnergyS3\libd9c\FastLED\fl\str_ui.cpp.o
Compiling .pio\build\LilyGOTEnergyS3\libd9c\FastLED\fl\strstream.cpp.o
Compiling .pio\build\LilyGOTEnergyS3\libd9c\FastLED\fl\stub_main.cpp.o
Compiling .pio\build\LilyGOTEnergyS3\libd9c\FastLED\fl\task.cpp.o
Compiling .pio\build\LilyGOTEnergyS3\libd9c\FastLED\fl\tile2x2.cpp.o
Compiling .pio\build\LilyGOTEnergyS3\libd9c\FastLED\fl\time.cpp.o
Compiling .pio\build\LilyGOTEnergyS3\libd9c\FastLED\fl\time_alpha.cpp.o
Compiling .pio\build\LilyGOTEnergyS3\libd9c\FastLED\fl\transform.cpp.o
Compiling .pio\build\LilyGOTEnergyS3\libd9c\FastLED\fl\type_traits.cpp.o
Compiling .pio\build\LilyGOTEnergyS3\libd9c\FastLED\fl\ui.cpp.o
Compiling .pio\build\LilyGOTEnergyS3\libd9c\FastLED\fl\upscale.cpp.o
Compiling .pio\build\LilyGOTEnergyS3\libd9c\FastLED\fl\wave_simulation.cpp.o
Compiling .pio\build\LilyGOTEnergyS3\libd9c\FastLED\fl\wave_simulation_real.cpp.o
Compiling .pio\build\LilyGOTEnergyS3\libd9c\FastLED\fl\xmap.cpp.o
Compiling .pio\build\LilyGOTEnergyS3\libd9c\FastLED\fl\xymap.cpp.o
Compiling .pio\build\LilyGOTEnergyS3\libd9c\FastLED\fl\xypath.cpp.o
Compiling .pio\build\LilyGOTEnergyS3\libd9c\FastLED\fl\xypath_impls.cpp.o
Compiling .pio\build\LilyGOTEnergyS3\libd9c\FastLED\fl\xypath_renderer.cpp.o
Compiling .pio\build\LilyGOTEnergyS3\libd9c\FastLED\fx\2d\blend.cpp.o
Compiling .pio\build\LilyGOTEnergyS3\libd9c\FastLED\fx\2d\luminova.cpp.o
Compiling .pio\build\LilyGOTEnergyS3\libd9c\FastLED\fx\2d\noisepalette.cpp.o
Compiling .pio\build\LilyGOTEnergyS3\libd9c\FastLED\fx\2d\scale_up.cpp.o
Compiling .pio\build\LilyGOTEnergyS3\libd9c\FastLED\fx\2d\wave.cpp.o
Compiling .pio\build\LilyGOTEnergyS3\libd9c\FastLED\fx\detail\fx_layer.cpp.o
Compiling .pio\build\LilyGOTEnergyS3\libd9c\FastLED\fx\frame.cpp.o
Compiling .pio\build\LilyGOTEnergyS3\libd9c\FastLED\fx\fx_engine.cpp.o
Compiling .pio\build\LilyGOTEnergyS3\libd9c\FastLED\fx\time.cpp.o
Compiling .pio\build\LilyGOTEnergyS3\libd9c\FastLED\fx\video.cpp.o
Compiling .pio\build\LilyGOTEnergyS3\libd9c\FastLED\fx\video\frame_interpolator.cpp.o
Compiling .pio\build\LilyGOTEnergyS3\libd9c\FastLED\fx\video\frame_tracker.cpp.o
Compiling .pio\build\LilyGOTEnergyS3\libd9c\FastLED\fx\video\pixel_stream.cpp.o
Compiling .pio\build\LilyGOTEnergyS3\libd9c\FastLED\fx\video\video_impl.cpp.o
Compiling .pio\build\LilyGOTEnergyS3\libd9c\FastLED\hsv2rgb.cpp.o
Compiling .pio\build\LilyGOTEnergyS3\libd9c\FastLED\lib8tion.cpp.o
Compiling .pio\build\LilyGOTEnergyS3\libd9c\FastLED\noise.cpp.o
Compiling .pio\build\LilyGOTEnergyS3\libd9c\FastLED\platforms.cpp.o
Compiling .pio\build\LilyGOTEnergyS3\libd9c\FastLED\platforms\adafruit\clockless.cpp.o
Compiling .pio\build\LilyGOTEnergyS3\libd9c\FastLED\platforms\arm\k20\clockless_objectfled.cpp.o
Compiling .pio\build\LilyGOTEnergyS3\libd9c\FastLED\platforms\arm\mgm240\fastpin_arm_mgm240.cpp.o
Compiling .pio\build\LilyGOTEnergyS3\libd9c\FastLED\platforms\compile_test.cpp.o
Compiling .pio\build\LilyGOTEnergyS3\libd9c\FastLED\platforms\esp\32\audio\audio.cpp.o
Compiling .pio\build\LilyGOTEnergyS3\libd9c\FastLED\platforms\esp\32\audio\sound_util.cpp.o
Compiling .pio\build\LilyGOTEnergyS3\libd9c\FastLED\platforms\esp\32\clockless_i2s_esp32s3.cpp.o
Compiling .pio\build\LilyGOTEnergyS3\libd9c\FastLED\platforms\esp\32\i2s\i2s_esp32dev.cpp.o
Compiling .pio\build\LilyGOTEnergyS3\libd9c\FastLED\platforms\esp\32\rmt_4\idf4_rmt.cpp.o
.pio/libdeps/LilyGOTEnergyS3/FastLED/src/platforms/esp/32/clockless_i2s_esp32s3.cpp:10:2: warning: #warning "esp_memory_utils.h is not available, are you on esp-idf 4? The parallel clockless i2s driver will not be available" [-Wcpp]
 #warning "esp_memory_utils.h is not available, are you on esp-idf 4? The parallel clockless i2s driver will not be available"
  ^~~~~~~
Compiling .pio\build\LilyGOTEnergyS3\libd9c\FastLED\platforms\esp\32\rmt_4\idf4_rmt_impl.cpp.o
Compiling .pio\build\LilyGOTEnergyS3\libd9c\FastLED\platforms\esp\32\rmt_5\idf5_rmt.cpp.o
Compiling .pio\build\LilyGOTEnergyS3\libd9c\FastLED\platforms\esp\32\rmt_5\strip_rmt.cpp.o
Compiling .pio\build\LilyGOTEnergyS3\libd9c\FastLED\platforms\esp\32\spi_ws2812\strip_spi.cpp.o
Compiling .pio\build\LilyGOTEnergyS3\libd9c\FastLED\platforms\stub\Arduino.cpp.o
Compiling .pio\build\LilyGOTEnergyS3\libd9c\FastLED\platforms\stub\led_sysdefs_stub.cpp.o
Compiling .pio\build\LilyGOTEnergyS3\libd9c\FastLED\platforms\stub\time_stub.cpp.o
Compiling .pio\build\LilyGOTEnergyS3\libd9c\FastLED\platforms\wasm\active_strip_data.cpp.o
Compiling .pio\build\LilyGOTEnergyS3\libd9c\FastLED\platforms\wasm\engine_listener.cpp.o
Compiling .pio\build\LilyGOTEnergyS3\libd9c\FastLED\platforms\wasm\entry_point.cpp.o
Compiling .pio\build\LilyGOTEnergyS3\libd9c\FastLED\platforms\wasm\fastspi_wasm.cpp.o
Compiling .pio\build\LilyGOTEnergyS3\libd9c\FastLED\platforms\wasm\fs_wasm.cpp.o
Compiling .pio\build\LilyGOTEnergyS3\libd9c\FastLED\platforms\wasm\js.cpp.o
Compiling .pio\build\LilyGOTEnergyS3\libd9c\FastLED\platforms\wasm\js_bindings.cpp.o
Compiling .pio\build\LilyGOTEnergyS3\libd9c\FastLED\platforms\wasm\js_fetch.cpp.o
Compiling .pio\build\LilyGOTEnergyS3\libd9c\FastLED\platforms\wasm\timer.cpp.o
Compiling .pio\build\LilyGOTEnergyS3\libd9c\FastLED\platforms\wasm\ui.cpp.o
Compiling .pio\build\LilyGOTEnergyS3\libd9c\FastLED\power_mgt.cpp.o
Compiling .pio\build\LilyGOTEnergyS3\libd9c\FastLED\sensors\button.cpp.o
Compiling .pio\build\LilyGOTEnergyS3\libd9c\FastLED\sensors\digital_pin.cpp.o
Compiling .pio\build\LilyGOTEnergyS3\libd9c\FastLED\sensors\pir.cpp.o
Compiling .pio\build\LilyGOTEnergyS3\libd9c\FastLED\simplex.cpp.o
Compiling .pio\build\LilyGOTEnergyS3\libd9c\FastLED\third_party\cq_kernel\cq_kernel.cpp.o
Compiling .pio\build\LilyGOTEnergyS3\libd9c\FastLED\third_party\cq_kernel\kiss_fft.cpp.o
Compiling .pio\build\LilyGOTEnergyS3\libd9c\FastLED\third_party\cq_kernel\kiss_fftr.cpp.o
Compiling .pio\build\LilyGOTEnergyS3\libd9c\FastLED\third_party\espressif\led_strip\src\led_strip_api.c.o
Compiling .pio\build\LilyGOTEnergyS3\libd9c\FastLED\third_party\espressif\led_strip\src\led_strip_rmt_dev.c.o
Compiling .pio\build\LilyGOTEnergyS3\libd9c\FastLED\third_party\espressif\led_strip\src\led_strip_rmt_encoder.c.o
Compiling .pio\build\LilyGOTEnergyS3\libd9c\FastLED\third_party\espressif\led_strip\src\led_strip_spi_dev.c.o
Compiling .pio\build\LilyGOTEnergyS3\libd9c\FastLED\third_party\object_fled\src\OjectFLED.cpp.o
Compiling .pio\build\LilyGOTEnergyS3\libd9c\FastLED\transpose8x1_noinline.cpp.o
Compiling .pio\build\LilyGOTEnergyS3\libd9c\FastLED\wiring.cpp.o
Compiling .pio\build\LilyGOTEnergyS3\lib265\Ethernet\ETH.cpp.o
Compiling .pio\build\LilyGOTEnergyS3\lib2a0\WiFiClientSecure\WiFiClientSecure.cpp.o
Compiling .pio\build\LilyGOTEnergyS3\lib2a0\WiFiClientSecure\esp_crt_bundle.c.o
Compiling .pio\build\LilyGOTEnergyS3\lib2a0\WiFiClientSecure\ssl_client.cpp.o
Compiling .pio\build\LilyGOTEnergyS3\lib7eb\WebSockets\SocketIOclient.cpp.o
Compiling .pio\build\LilyGOTEnergyS3\lib7eb\WebSockets\WebSockets.cpp.o
Compiling .pio\build\LilyGOTEnergyS3\lib7eb\WebSockets\WebSocketsClient.cpp.o
Compiling .pio\build\LilyGOTEnergyS3\lib7eb\WebSockets\WebSocketsServer.cpp.o
Compiling .pio\build\LilyGOTEnergyS3\lib7eb\WebSockets\libb64\cdecode.c.o
Compiling .pio\build\LilyGOTEnergyS3\lib7eb\WebSockets\libb64\cencode.c.o
Compiling .pio\build\LilyGOTEnergyS3\lib7eb\WebSockets\libsha1\libsha1.c.o
Compiling .pio\build\LilyGOTEnergyS3\libd0b\SPIFFS\SPIFFS.cpp.o
Compiling .pio\build\LilyGOTEnergyS3\lib96e\HTTPClient\HTTPClient.cpp.o
Compiling .pio\build\LilyGOTEnergyS3\lib246\ESP8266Audio\AudioFileSourceBuffer.cpp.o
Compiling .pio\build\LilyGOTEnergyS3\lib246\ESP8266Audio\AudioFileSourceFS.cpp.o
Archiving .pio\build\LilyGOTEnergyS3\libd9c\libFastLED.a
Compiling .pio\build\LilyGOTEnergyS3\lib246\ESP8266Audio\AudioFileSourceFunction.cpp.o
Compiling .pio\build\LilyGOTEnergyS3\lib246\ESP8266Audio\AudioFileSourceHTTPStream.cpp.o
Compiling .pio\build\LilyGOTEnergyS3\lib246\ESP8266Audio\AudioFileSourceICYStream.cpp.o
Archiving .pio\build\LilyGOTEnergyS3\lib265\libEthernet.a
Compiling .pio\build\LilyGOTEnergyS3\lib246\ESP8266Audio\AudioFileSourceID3.cpp.o
Compiling .pio\build\LilyGOTEnergyS3\lib246\ESP8266Audio\AudioFileSourcePROGMEM.cpp.o
Compiling .pio\build\LilyGOTEnergyS3\lib246\ESP8266Audio\AudioFileSourceSD.cpp.o
Compiling .pio\build\LilyGOTEnergyS3\lib246\ESP8266Audio\AudioFileSourceSPIRAMBuffer.cpp.o
Archiving .pio\build\LilyGOTEnergyS3\lib2a0\libWiFiClientSecure.a
Compiling .pio\build\LilyGOTEnergyS3\lib246\ESP8266Audio\AudioFileSourceSTDIO.cpp.o
Compiling .pio\build\LilyGOTEnergyS3\lib246\ESP8266Audio\AudioFileStream.cpp.o
Archiving .pio\build\LilyGOTEnergyS3\libd0b\libSPIFFS.a
Compiling .pio\build\LilyGOTEnergyS3\lib246\ESP8266Audio\AudioGeneratorAAC.cpp.o
Compiling .pio\build\LilyGOTEnergyS3\lib246\ESP8266Audio\AudioGeneratorFLAC.cpp.o
Compiling .pio\build\LilyGOTEnergyS3\lib246\ESP8266Audio\AudioGeneratorMIDI.cpp.o
Archiving .pio\build\LilyGOTEnergyS3\lib7eb\libWebSockets.a
Compiling .pio\build\LilyGOTEnergyS3\lib246\ESP8266Audio\AudioGeneratorMOD.cpp.o
Compiling .pio\build\LilyGOTEnergyS3\lib246\ESP8266Audio\AudioGeneratorMP3.cpp.o
Compiling .pio\build\LilyGOTEnergyS3\lib246\ESP8266Audio\AudioGeneratorMP3a.cpp.o
Compiling .pio\build\LilyGOTEnergyS3\lib246\ESP8266Audio\AudioGeneratorOpus.cpp.o
Compiling .pio\build\LilyGOTEnergyS3\lib246\ESP8266Audio\AudioGeneratorRTTTL.cpp.o
Compiling .pio\build\LilyGOTEnergyS3\lib246\ESP8266Audio\AudioGeneratorTalkie.cpp.o
Compiling .pio\build\LilyGOTEnergyS3\lib246\ESP8266Audio\AudioGeneratorWAV.cpp.o
Compiling .pio\build\LilyGOTEnergyS3\lib246\ESP8266Audio\AudioLogger.cpp.o
Compiling .pio\build\LilyGOTEnergyS3\lib246\ESP8266Audio\AudioOutputBuffer.cpp.o
Archiving .pio\build\LilyGOTEnergyS3\lib96e\libHTTPClient.a
Compiling .pio\build\LilyGOTEnergyS3\lib246\ESP8266Audio\AudioOutputFilterBiquad.cpp.o
Compiling .pio\build\LilyGOTEnergyS3\lib246\ESP8266Audio\AudioOutputFilterDecimate.cpp.o
Compiling .pio\build\LilyGOTEnergyS3\lib246\ESP8266Audio\AudioOutputI2S.cpp.o
Compiling .pio\build\LilyGOTEnergyS3\lib246\ESP8266Audio\AudioOutputI2SNoDAC.cpp.o
Compiling .pio\build\LilyGOTEnergyS3\lib246\ESP8266Audio\AudioOutputMixer.cpp.o
Compiling .pio\build\LilyGOTEnergyS3\lib246\ESP8266Audio\AudioOutputPWM.cpp.o
Compiling .pio\build\LilyGOTEnergyS3\lib246\ESP8266Audio\AudioOutputSPDIF.cpp.o
Compiling .pio\build\LilyGOTEnergyS3\lib246\ESP8266Audio\AudioOutputSPIFFSWAV.cpp.o
Compiling .pio\build\LilyGOTEnergyS3\lib246\ESP8266Audio\AudioOutputSTDIO.cpp.o
Compiling .pio\build\LilyGOTEnergyS3\lib246\ESP8266Audio\AudioOutputSerialWAV.cpp.o
Compiling .pio\build\LilyGOTEnergyS3\lib246\ESP8266Audio\AudioOutputULP.cpp.o
Compiling .pio\build\LilyGOTEnergyS3\lib246\ESP8266Audio\driver\SinglePinI2SDriver.cpp.o
Compiling .pio\build\LilyGOTEnergyS3\lib246\ESP8266Audio\libflac\bitmath.c.o
Compiling .pio\build\LilyGOTEnergyS3\lib246\ESP8266Audio\libflac\bitreader.c.o
Compiling .pio\build\LilyGOTEnergyS3\lib246\ESP8266Audio\libflac\cpu.c.o
Compiling .pio\build\LilyGOTEnergyS3\lib246\ESP8266Audio\libflac\crc.c.o
Compiling .pio\build\LilyGOTEnergyS3\lib246\ESP8266Audio\libflac\fixed.c.o
Compiling .pio\build\LilyGOTEnergyS3\lib246\ESP8266Audio\libflac\float.c.o
Compiling .pio\build\LilyGOTEnergyS3\lib246\ESP8266Audio\libflac\format.c.o
Compiling .pio\build\LilyGOTEnergyS3\lib246\ESP8266Audio\libflac\lpc.c.o
Compiling .pio\build\LilyGOTEnergyS3\lib246\ESP8266Audio\libflac\md5.c.o
Compiling .pio\build\LilyGOTEnergyS3\lib246\ESP8266Audio\libflac\memory.c.o
Compiling .pio\build\LilyGOTEnergyS3\lib246\ESP8266Audio\libflac\stream_decoder.c.o
Compiling .pio\build\LilyGOTEnergyS3\lib246\ESP8266Audio\libflac\window.c.o
Compiling .pio\build\LilyGOTEnergyS3\lib246\ESP8266Audio\libhelix-aac\aacdec.c.o
Compiling .pio\build\LilyGOTEnergyS3\lib246\ESP8266Audio\libhelix-aac\aactabs.c.o
Compiling .pio\build\LilyGOTEnergyS3\lib246\ESP8266Audio\libhelix-aac\bitstream.c.o
Compiling .pio\build\LilyGOTEnergyS3\lib246\ESP8266Audio\libhelix-aac\buffers.c.o
Compiling .pio\build\LilyGOTEnergyS3\lib246\ESP8266Audio\libhelix-aac\dct4.c.o
Compiling .pio\build\LilyGOTEnergyS3\lib246\ESP8266Audio\libhelix-aac\decelmnt.c.o
Compiling .pio\build\LilyGOTEnergyS3\lib246\ESP8266Audio\libhelix-aac\dequant.c.o
Compiling .pio\build\LilyGOTEnergyS3\lib246\ESP8266Audio\libhelix-aac\fft.c.o
Compiling .pio\build\LilyGOTEnergyS3\lib246\ESP8266Audio\libhelix-aac\filefmt.c.o
Compiling .pio\build\LilyGOTEnergyS3\lib246\ESP8266Audio\libhelix-aac\huffman.c.o
Compiling .pio\build\LilyGOTEnergyS3\lib246\ESP8266Audio\libhelix-aac\hufftabs.c.o
Compiling .pio\build\LilyGOTEnergyS3\lib246\ESP8266Audio\libhelix-aac\imdct.c.o
Compiling .pio\build\LilyGOTEnergyS3\lib246\ESP8266Audio\libhelix-aac\noiseless.c.o
Compiling .pio\build\LilyGOTEnergyS3\lib246\ESP8266Audio\libhelix-aac\pns.c.o
Compiling .pio\build\LilyGOTEnergyS3\lib246\ESP8266Audio\libhelix-aac\sbr.c.o
Compiling .pio\build\LilyGOTEnergyS3\lib246\ESP8266Audio\libhelix-aac\sbrfft.c.o
Compiling .pio\build\LilyGOTEnergyS3\lib246\ESP8266Audio\libhelix-aac\sbrfreq.c.o
Compiling .pio\build\LilyGOTEnergyS3\lib246\ESP8266Audio\libhelix-aac\sbrhfadj.c.o
Compiling .pio\build\LilyGOTEnergyS3\lib246\ESP8266Audio\libhelix-aac\sbrhfgen.c.o
Compiling .pio\build\LilyGOTEnergyS3\lib246\ESP8266Audio\libhelix-aac\sbrhuff.c.o
Compiling .pio\build\LilyGOTEnergyS3\lib246\ESP8266Audio\libhelix-aac\sbrimdct.c.o
Compiling .pio\build\LilyGOTEnergyS3\lib246\ESP8266Audio\libhelix-aac\sbrmath.c.o
Compiling .pio\build\LilyGOTEnergyS3\lib246\ESP8266Audio\libhelix-aac\sbrqmf.c.o
Compiling .pio\build\LilyGOTEnergyS3\lib246\ESP8266Audio\libhelix-aac\sbrside.c.o
Compiling .pio\build\LilyGOTEnergyS3\lib246\ESP8266Audio\libhelix-aac\sbrtabs.c.o
Compiling .pio\build\LilyGOTEnergyS3\lib246\ESP8266Audio\libhelix-aac\stproc.c.o
Compiling .pio\build\LilyGOTEnergyS3\lib246\ESP8266Audio\libhelix-aac\tns.c.o
Compiling .pio\build\LilyGOTEnergyS3\lib246\ESP8266Audio\libhelix-aac\trigtabs.c.o
Compiling .pio\build\LilyGOTEnergyS3\lib246\ESP8266Audio\libhelix-mp3\bitstream.c.o
Compiling .pio\build\LilyGOTEnergyS3\lib246\ESP8266Audio\libhelix-mp3\buffers.c.o
Compiling .pio\build\LilyGOTEnergyS3\lib246\ESP8266Audio\libhelix-mp3\dct32.c.o
Compiling .pio\build\LilyGOTEnergyS3\lib246\ESP8266Audio\libhelix-mp3\dequant.c.o
Compiling .pio\build\LilyGOTEnergyS3\lib246\ESP8266Audio\libhelix-mp3\dqchan.c.o
Compiling .pio\build\LilyGOTEnergyS3\lib246\ESP8266Audio\libhelix-mp3\huffman.c.o
Compiling .pio\build\LilyGOTEnergyS3\lib246\ESP8266Audio\libhelix-mp3\hufftabs.c.o
Compiling .pio\build\LilyGOTEnergyS3\lib246\ESP8266Audio\libhelix-mp3\imdct.c.o
Compiling .pio\build\LilyGOTEnergyS3\lib246\ESP8266Audio\libhelix-mp3\mp3dec.c.o
Compiling .pio\build\LilyGOTEnergyS3\lib246\ESP8266Audio\libhelix-mp3\mp3tabs.c.o
Compiling .pio\build\LilyGOTEnergyS3\lib246\ESP8266Audio\libhelix-mp3\polyphase.c.o
Compiling .pio\build\LilyGOTEnergyS3\lib246\ESP8266Audio\libhelix-mp3\scalfact.c.o
Compiling .pio\build\LilyGOTEnergyS3\lib246\ESP8266Audio\libhelix-mp3\stproc.c.o
Compiling .pio\build\LilyGOTEnergyS3\lib246\ESP8266Audio\libhelix-mp3\subband.c.o
Compiling .pio\build\LilyGOTEnergyS3\lib246\ESP8266Audio\libhelix-mp3\trigtabs.c.o
Compiling .pio\build\LilyGOTEnergyS3\lib246\ESP8266Audio\libmad\bit.c.o
Compiling .pio\build\LilyGOTEnergyS3\lib246\ESP8266Audio\libmad\decoder.c.o
Compiling .pio\build\LilyGOTEnergyS3\lib246\ESP8266Audio\libmad\fixed.c.o
Compiling .pio\build\LilyGOTEnergyS3\lib246\ESP8266Audio\libmad\frame.c.o
Compiling .pio\build\LilyGOTEnergyS3\lib246\ESP8266Audio\libmad\huffman.c.o
Compiling .pio\build\LilyGOTEnergyS3\lib246\ESP8266Audio\libmad\layer3.c.o
Compiling .pio\build\LilyGOTEnergyS3\lib246\ESP8266Audio\libmad\stream.c.o
Compiling .pio\build\LilyGOTEnergyS3\lib246\ESP8266Audio\libmad\synth.c.o
Compiling .pio\build\LilyGOTEnergyS3\lib246\ESP8266Audio\libmad\timer.c.o
Compiling .pio\build\LilyGOTEnergyS3\lib246\ESP8266Audio\libmad\version.c.o
Compiling .pio\build\LilyGOTEnergyS3\lib246\ESP8266Audio\libogg\bitwise.c.o
Compiling .pio\build\LilyGOTEnergyS3\lib246\ESP8266Audio\libogg\framing.c.o
Compiling .pio\build\LilyGOTEnergyS3\lib246\ESP8266Audio\libopus\celt\bands.c.o
Compiling .pio\build\LilyGOTEnergyS3\lib246\ESP8266Audio\libopus\celt\celt.c.o
Compiling .pio\build\LilyGOTEnergyS3\lib246\ESP8266Audio\libopus\celt\celt_decoder.c.o
Compiling .pio\build\LilyGOTEnergyS3\lib246\ESP8266Audio\libopus\celt\celt_encoder.c.o
Compiling .pio\build\LilyGOTEnergyS3\lib246\ESP8266Audio\libopus\celt\celt_lpc.c.o
Compiling .pio\build\LilyGOTEnergyS3\lib246\ESP8266Audio\libopus\celt\cwrs.c.o
Compiling .pio\build\LilyGOTEnergyS3\lib246\ESP8266Audio\libopus\celt\entcode.c.o
Compiling .pio\build\LilyGOTEnergyS3\lib246\ESP8266Audio\libopus\celt\entdec.c.o
Compiling .pio\build\LilyGOTEnergyS3\lib246\ESP8266Audio\libopus\celt\entenc.c.o
Compiling .pio\build\LilyGOTEnergyS3\lib246\ESP8266Audio\libopus\celt\kiss_fft.c.o
Compiling .pio\build\LilyGOTEnergyS3\lib246\ESP8266Audio\libopus\celt\laplace.c.o
Compiling .pio\build\LilyGOTEnergyS3\lib246\ESP8266Audio\libopus\celt\mathops.c.o
Compiling .pio\build\LilyGOTEnergyS3\lib246\ESP8266Audio\libopus\celt\mdct.c.o
Compiling .pio\build\LilyGOTEnergyS3\lib246\ESP8266Audio\libopus\celt\modes.c.o
Compiling .pio\build\LilyGOTEnergyS3\lib246\ESP8266Audio\libopus\celt\pitch.c.o
Compiling .pio\build\LilyGOTEnergyS3\lib246\ESP8266Audio\libopus\celt\quant_bands.c.o
Compiling .pio\build\LilyGOTEnergyS3\lib246\ESP8266Audio\libopus\celt\rate.c.o
Compiling .pio\build\LilyGOTEnergyS3\lib246\ESP8266Audio\libopus\celt\vq.c.o
Compiling .pio\build\LilyGOTEnergyS3\lib246\ESP8266Audio\libopus\mapping_matrix.c.o
Compiling .pio\build\LilyGOTEnergyS3\lib246\ESP8266Audio\libopus\opus.c.o
Compiling .pio\build\LilyGOTEnergyS3\lib246\ESP8266Audio\libopus\opus_decoder.c.o
Compiling .pio\build\LilyGOTEnergyS3\lib246\ESP8266Audio\libopus\opus_encoder.c.o
Compiling .pio\build\LilyGOTEnergyS3\lib246\ESP8266Audio\libopus\opus_multistream.c.o
Compiling .pio\build\LilyGOTEnergyS3\lib246\ESP8266Audio\libopus\opus_multistream_decoder.c.o
Compiling .pio\build\LilyGOTEnergyS3\lib246\ESP8266Audio\libopus\opus_multistream_encoder.c.o
Compiling .pio\build\LilyGOTEnergyS3\lib246\ESP8266Audio\libopus\opus_projection_decoder.c.o
Compiling .pio\build\LilyGOTEnergyS3\lib246\ESP8266Audio\libopus\opus_projection_encoder.c.o
Compiling .pio\build\LilyGOTEnergyS3\lib246\ESP8266Audio\libopus\repacketizer.c.o
Compiling .pio\build\LilyGOTEnergyS3\lib246\ESP8266Audio\libopus\silk\A2NLSF.c.o
Compiling .pio\build\LilyGOTEnergyS3\lib246\ESP8266Audio\libopus\silk\CNG.c.o
Compiling .pio\build\LilyGOTEnergyS3\lib246\ESP8266Audio\libopus\silk\HP_variable_cutoff.c.o
Compiling .pio\build\LilyGOTEnergyS3\lib246\ESP8266Audio\libopus\silk\LPC_analysis_filter.c.o
Compiling .pio\build\LilyGOTEnergyS3\lib246\ESP8266Audio\libopus\silk\LPC_fit.c.o
Compiling .pio\build\LilyGOTEnergyS3\lib246\ESP8266Audio\libopus\silk\LPC_inv_pred_gain.c.o
Compiling .pio\build\LilyGOTEnergyS3\lib246\ESP8266Audio\libopus\silk\LP_variable_cutoff.c.o
Compiling .pio\build\LilyGOTEnergyS3\lib246\ESP8266Audio\libopus\silk\NLSF2A.c.o
Compiling .pio\build\LilyGOTEnergyS3\lib246\ESP8266Audio\libopus\silk\NLSF_VQ.c.o
Compiling .pio\build\LilyGOTEnergyS3\lib246\ESP8266Audio\libopus\silk\NLSF_VQ_weights_laroia.c.o
Compiling .pio\build\LilyGOTEnergyS3\lib246\ESP8266Audio\libopus\silk\NLSF_decode.c.o
Compiling .pio\build\LilyGOTEnergyS3\lib246\ESP8266Audio\libopus\silk\NLSF_del_dec_quant.c.o
Compiling .pio\build\LilyGOTEnergyS3\lib246\ESP8266Audio\libopus\silk\NLSF_encode.c.o
Compiling .pio\build\LilyGOTEnergyS3\lib246\ESP8266Audio\libopus\silk\NLSF_stabilize.c.o
Compiling .pio\build\LilyGOTEnergyS3\lib246\ESP8266Audio\libopus\silk\NLSF_unpack.c.o
Compiling .pio\build\LilyGOTEnergyS3\lib246\ESP8266Audio\libopus\silk\NSQ.c.o
Compiling .pio\build\LilyGOTEnergyS3\lib246\ESP8266Audio\libopus\silk\NSQ_del_dec.c.o
Compiling .pio\build\LilyGOTEnergyS3\lib246\ESP8266Audio\libopus\silk\PLC.c.o
Compiling .pio\build\LilyGOTEnergyS3\lib246\ESP8266Audio\libopus\silk\VAD.c.o
Compiling .pio\build\LilyGOTEnergyS3\lib246\ESP8266Audio\libopus\silk\VQ_WMat_EC.c.o
Compiling .pio\build\LilyGOTEnergyS3\lib246\ESP8266Audio\libopus\silk\ana_filt_bank_1.c.o
Compiling .pio\build\LilyGOTEnergyS3\lib246\ESP8266Audio\libopus\silk\biquad_alt.c.o
Compiling .pio\build\LilyGOTEnergyS3\lib246\ESP8266Audio\libopus\silk\bwexpander.c.o
Compiling .pio\build\LilyGOTEnergyS3\lib246\ESP8266Audio\libopus\silk\bwexpander_32.c.o
Compiling .pio\build\LilyGOTEnergyS3\lib246\ESP8266Audio\libopus\silk\check_control_input.c.o
Compiling .pio\build\LilyGOTEnergyS3\lib246\ESP8266Audio\libopus\silk\code_signs.c.o
Compiling .pio\build\LilyGOTEnergyS3\lib246\ESP8266Audio\libopus\silk\control_SNR.c.o
Compiling .pio\build\LilyGOTEnergyS3\lib246\ESP8266Audio\libopus\silk\control_audio_bandwidth.c.o
Compiling .pio\build\LilyGOTEnergyS3\lib246\ESP8266Audio\libopus\silk\control_codec.c.o
Compiling .pio\build\LilyGOTEnergyS3\lib246\ESP8266Audio\libopus\silk\debug.c.o
Compiling .pio\build\LilyGOTEnergyS3\lib246\ESP8266Audio\libopus\silk\dec_API.c.o
Compiling .pio\build\LilyGOTEnergyS3\lib246\ESP8266Audio\libopus\silk\decode_core.c.o
Compiling .pio\build\LilyGOTEnergyS3\lib246\ESP8266Audio\libopus\silk\decode_frame.c.o
Compiling .pio\build\LilyGOTEnergyS3\lib246\ESP8266Audio\libopus\silk\decode_indices.c.o
Compiling .pio\build\LilyGOTEnergyS3\lib246\ESP8266Audio\libopus\silk\decode_parameters.c.o
Compiling .pio\build\LilyGOTEnergyS3\lib246\ESP8266Audio\libopus\silk\decode_pitch.c.o
Compiling .pio\build\LilyGOTEnergyS3\lib246\ESP8266Audio\libopus\silk\decode_pulses.c.o
Compiling .pio\build\LilyGOTEnergyS3\lib246\ESP8266Audio\libopus\silk\decoder_set_fs.c.o
Compiling .pio\build\LilyGOTEnergyS3\lib246\ESP8266Audio\libopus\silk\enc_API.c.o
Compiling .pio\build\LilyGOTEnergyS3\lib246\ESP8266Audio\libopus\silk\encode_indices.c.o
Compiling .pio\build\LilyGOTEnergyS3\lib246\ESP8266Audio\libopus\silk\encode_pulses.c.o
Compiling .pio\build\LilyGOTEnergyS3\lib246\ESP8266Audio\libopus\silk\fixed\LTP_analysis_filter_FIX.c.o
Compiling .pio\build\LilyGOTEnergyS3\lib246\ESP8266Audio\libopus\silk\fixed\LTP_scale_ctrl_FIX.c.o
Compiling .pio\build\LilyGOTEnergyS3\lib246\ESP8266Audio\libopus\silk\fixed\apply_sine_window_FIX.c.o
Compiling .pio\build\LilyGOTEnergyS3\lib246\ESP8266Audio\libopus\silk\fixed\autocorr_FIX.c.o
Compiling .pio\build\LilyGOTEnergyS3\lib246\ESP8266Audio\libopus\silk\fixed\burg_modified_FIX.c.o
Compiling .pio\build\LilyGOTEnergyS3\lib246\ESP8266Audio\libopus\silk\fixed\corrMatrix_FIX.c.o
Compiling .pio\build\LilyGOTEnergyS3\lib246\ESP8266Audio\libopus\silk\fixed\encode_frame_FIX.c.o
Compiling .pio\build\LilyGOTEnergyS3\lib246\ESP8266Audio\libopus\silk\fixed\find_LPC_FIX.c.o
Compiling .pio\build\LilyGOTEnergyS3\lib246\ESP8266Audio\libopus\silk\fixed\find_LTP_FIX.c.o
Compiling .pio\build\LilyGOTEnergyS3\lib246\ESP8266Audio\libopus\silk\fixed\find_pitch_lags_FIX.c.o
Compiling .pio\build\LilyGOTEnergyS3\lib246\ESP8266Audio\libopus\silk\fixed\find_pred_coefs_FIX.c.o
Compiling .pio\build\LilyGOTEnergyS3\lib246\ESP8266Audio\libopus\silk\fixed\k2a_FIX.c.o
Compiling .pio\build\LilyGOTEnergyS3\lib246\ESP8266Audio\libopus\silk\fixed\k2a_Q16_FIX.c.o
Compiling .pio\build\LilyGOTEnergyS3\lib246\ESP8266Audio\libopus\silk\fixed\noise_shape_analysis_FIX.c.o
Compiling .pio\build\LilyGOTEnergyS3\lib246\ESP8266Audio\libopus\silk\fixed\pitch_analysis_core_FIX.c.o
Compiling .pio\build\LilyGOTEnergyS3\lib246\ESP8266Audio\libopus\silk\fixed\process_gains_FIX.c.o
Compiling .pio\build\LilyGOTEnergyS3\lib246\ESP8266Audio\libopus\silk\fixed\regularize_correlations_FIX.c.o
Compiling .pio\build\LilyGOTEnergyS3\lib246\ESP8266Audio\libopus\silk\fixed\residual_energy16_FIX.c.o
Compiling .pio\build\LilyGOTEnergyS3\lib246\ESP8266Audio\libopus\silk\fixed\residual_energy_FIX.c.o
Compiling .pio\build\LilyGOTEnergyS3\lib246\ESP8266Audio\libopus\silk\fixed\schur64_FIX.c.o
Compiling .pio\build\LilyGOTEnergyS3\lib246\ESP8266Audio\libopus\silk\fixed\schur_FIX.c.o
Compiling .pio\build\LilyGOTEnergyS3\lib246\ESP8266Audio\libopus\silk\fixed\vector_ops_FIX.c.o
Compiling .pio\build\LilyGOTEnergyS3\lib246\ESP8266Audio\libopus\silk\fixed\warped_autocorrelation_FIX.c.o
Compiling .pio\build\LilyGOTEnergyS3\lib246\ESP8266Audio\libopus\silk\gain_quant.c.o
Compiling .pio\build\LilyGOTEnergyS3\lib246\ESP8266Audio\libopus\silk\init_decoder.c.o
Compiling .pio\build\LilyGOTEnergyS3\lib246\ESP8266Audio\libopus\silk\init_encoder.c.o
Compiling .pio\build\LilyGOTEnergyS3\lib246\ESP8266Audio\libopus\silk\inner_prod_aligned.c.o
Compiling .pio\build\LilyGOTEnergyS3\lib246\ESP8266Audio\libopus\silk\interpolate.c.o
Compiling .pio\build\LilyGOTEnergyS3\lib246\ESP8266Audio\libopus\silk\lin2log.c.o
Compiling .pio\build\LilyGOTEnergyS3\lib246\ESP8266Audio\libopus\silk\log2lin.c.o
Compiling .pio\build\LilyGOTEnergyS3\lib246\ESP8266Audio\libopus\silk\pitch_est_tables.c.o
Compiling .pio\build\LilyGOTEnergyS3\lib246\ESP8266Audio\libopus\silk\process_NLSFs.c.o
Compiling .pio\build\LilyGOTEnergyS3\lib246\ESP8266Audio\libopus\silk\quant_LTP_gains.c.o
Compiling .pio\build\LilyGOTEnergyS3\lib246\ESP8266Audio\libopus\silk\resampler.c.o
Compiling .pio\build\LilyGOTEnergyS3\lib246\ESP8266Audio\libopus\silk\resampler_down2.c.o
Compiling .pio\build\LilyGOTEnergyS3\lib246\ESP8266Audio\libopus\silk\resampler_down2_3.c.o
Compiling .pio\build\LilyGOTEnergyS3\lib246\ESP8266Audio\libopus\silk\resampler_private_AR2.c.o
Compiling .pio\build\LilyGOTEnergyS3\lib246\ESP8266Audio\libopus\silk\resampler_private_IIR_FIR.c.o
Compiling .pio\build\LilyGOTEnergyS3\lib246\ESP8266Audio\libopus\silk\resampler_private_down_FIR.c.o
Compiling .pio\build\LilyGOTEnergyS3\lib246\ESP8266Audio\libopus\silk\resampler_private_up2_HQ.c.o
Compiling .pio\build\LilyGOTEnergyS3\lib246\ESP8266Audio\libopus\silk\resampler_rom.c.o
Compiling .pio\build\LilyGOTEnergyS3\lib246\ESP8266Audio\libopus\silk\shell_coder.c.o
Compiling .pio\build\LilyGOTEnergyS3\lib246\ESP8266Audio\libopus\silk\sigm_Q15.c.o
Compiling .pio\build\LilyGOTEnergyS3\lib246\ESP8266Audio\libopus\silk\sort.c.o
Compiling .pio\build\LilyGOTEnergyS3\lib246\ESP8266Audio\libopus\silk\stereo_LR_to_MS.c.o
Compiling .pio\build\LilyGOTEnergyS3\lib246\ESP8266Audio\libopus\silk\stereo_MS_to_LR.c.o
Compiling .pio\build\LilyGOTEnergyS3\lib246\ESP8266Audio\libopus\silk\stereo_decode_pred.c.o
Compiling .pio\build\LilyGOTEnergyS3\lib246\ESP8266Audio\libopus\silk\stereo_encode_pred.c.o
Compiling .pio\build\LilyGOTEnergyS3\lib246\ESP8266Audio\libopus\silk\stereo_find_predictor.c.o
Compiling .pio\build\LilyGOTEnergyS3\lib246\ESP8266Audio\libopus\silk\stereo_quant_pred.c.o
Compiling .pio\build\LilyGOTEnergyS3\lib246\ESP8266Audio\libopus\silk\sum_sqr_shift.c.o
Compiling .pio\build\LilyGOTEnergyS3\lib246\ESP8266Audio\libopus\silk\table_LSF_cos.c.o
Compiling .pio\build\LilyGOTEnergyS3\lib246\ESP8266Audio\libopus\silk\tables_LTP.c.o
Compiling .pio\build\LilyGOTEnergyS3\lib246\ESP8266Audio\libopus\silk\tables_NLSF_CB_NB_MB.c.o
Compiling .pio\build\LilyGOTEnergyS3\lib246\ESP8266Audio\libopus\silk\tables_NLSF_CB_WB.c.o
Compiling .pio\build\LilyGOTEnergyS3\lib246\ESP8266Audio\libopus\silk\tables_gain.c.o
Compiling .pio\build\LilyGOTEnergyS3\lib246\ESP8266Audio\libopus\silk\tables_other.c.o
Compiling .pio\build\LilyGOTEnergyS3\lib246\ESP8266Audio\libopus\silk\tables_pitch_lag.c.o
Compiling .pio\build\LilyGOTEnergyS3\lib246\ESP8266Audio\libopus\silk\tables_pulses_per_block.c.o
Compiling .pio\build\LilyGOTEnergyS3\lib246\ESP8266Audio\opusfile\info.c.o
Compiling .pio\build\LilyGOTEnergyS3\lib246\ESP8266Audio\opusfile\internal.c.o
Compiling .pio\build\LilyGOTEnergyS3\lib246\ESP8266Audio\opusfile\opusfile.c.o
Compiling .pio\build\LilyGOTEnergyS3\lib246\ESP8266Audio\opusfile\stream.c.o
Compiling .pio\build\LilyGOTEnergyS3\lib3da\BUZZER\buzzer.cpp.o
Compiling .pio\build\LilyGOTEnergyS3\lib754\LED\led.cpp.o
Compiling .pio\build\LilyGOTEnergyS3\libd06\RX5808\RX5808.cpp.o
Archiving .pio\build\LilyGOTEnergyS3\lib246\libESP8266Audio.a
Compiling .pio\build\LilyGOTEnergyS3\lib012\BATTERY\battery.cpp.o
Compiling .pio\build\LilyGOTEnergyS3\lib4a2\STORAGE\storage.cpp.o
Compiling .pio\build\LilyGOTEnergyS3\libdd1\EEPROM\EEPROM.cpp.o
Archiving .pio\build\LilyGOTEnergyS3\lib754\libLED.a
Compiling .pio\build\LilyGOTEnergyS3\libb09\CONFIG\config.cpp.o
Compiling .pio\build\LilyGOTEnergyS3\lib6ca\AUDIO\audio.cpp.o
Compiling .pio\build\LilyGOTEnergyS3\lib2a2\ELRS_BACKPACK\elrs_backpack_espnow.cpp.o
Archiving .pio\build\LilyGOTEnergyS3\lib012\libBATTERY.a
Compiling .pio\build\LilyGOTEnergyS3\lib2a2\ELRS_BACKPACK\elrs_bind_uid.cpp.o
Compiling .pio\build\LilyGOTEnergyS3\lib2a2\ELRS_BACKPACK\msp.cpp.o
Compiling .pio\build\LilyGOTEnergyS3\lib2c2\POWER\power.cpp.o
Compiling .pio\build\LilyGOTEnergyS3\libda4\Wire\Wire.cpp.o
Archiving .pio\build\LilyGOTEnergyS3\libdd1\libEEPROM.a
Compiling .pio\build\LilyGOTEnergyS3\lib292\QMI8658\qmi8658.cpp.o
Compiling .pio\build\LilyGOTEnergyS3\lib78a\RACEHISTORY\racehistory.cpp.o
Archiving .pio\build\LilyGOTEnergyS3\lib4a2\libSTORAGE.a
Archiving .pio\build\LilyGOTEnergyS3\libd06\libRX5808.a
Archiving .pio\build\LilyGOTEnergyS3\lib3da\libBUZZER.a
Compiling .pio\build\LilyGOTEnergyS3\libf9b\RGBLED\rgbled.cpp.o
Archiving .pio\build\LilyGOTEnergyS3\lib6ca\libAUDIO.a
Archiving .pio\build\LilyGOTEnergyS3\libda4\libWire.a
Archiving .pio\build\LilyGOTEnergyS3\lib2c2\libPOWER.a
Compiling .pio\build\LilyGOTEnergyS3\lib28e\ROTORHAZARD\rotorhazard.cpp.o
Archiving .pio\build\LilyGOTEnergyS3\lib2a2\libELRS_BACKPACK.a
Compiling .pio\build\LilyGOTEnergyS3\lib50d\KALMAN\kalman.cpp.o
Compiling .pio\build\LilyGOTEnergyS3\libd9e\TRACKMANAGER\trackmanager.cpp.o
Archiving .pio\build\LilyGOTEnergyS3\lib50d\libKALMAN.a
Archiving .pio\build\LilyGOTEnergyS3\libb09\libCONFIG.a
Compiling .pio\build\LilyGOTEnergyS3\libd8f\WEBHOOK\webhook.cpp.o
Archiving .pio\build\LilyGOTEnergyS3\lib292\libQMI8658.a
Compiling .pio\build\LilyGOTEnergyS3\libdbd\LAPTIMER\laptimer.cpp.o
Compiling .pio\build\LilyGOTEnergyS3\lib536\USB\usb.cpp.o
Compiling .pio\build\LilyGOTEnergyS3\libb72\SELFTEST\selftest.cpp.o
Archiving .pio\build\LilyGOTEnergyS3\lib78a\libRACEHISTORY.a
Archiving .pio\build\LilyGOTEnergyS3\libf9b\libRGBLED.a
Archiving .pio\build\LilyGOTEnergyS3\lib28e\libROTORHAZARD.a
Archiving .pio\build\LilyGOTEnergyS3\libd8f\libWEBHOOK.a
Compiling .pio\build\LilyGOTEnergyS3\libebf\DNSServer\DNSServer.cpp.o
Compiling .pio\build\LilyGOTEnergyS3\libc71\ESPmDNS\ESPmDNS.cpp.o
Compiling .pio\build\LilyGOTEnergyS3\libdd9\WEBSERVER\webserver.cpp.o
Archiving .pio\build\LilyGOTEnergyS3\libdbd\libLAPTIMER.a
Archiving .pio\build\LilyGOTEnergyS3\libd9e\libTRACKMANAGER.a
Compiling .pio\build\LilyGOTEnergyS3\FrameworkArduino\Esp.cpp.o
Archiving .pio\build\LilyGOTEnergyS3\libebf\libDNSServer.a
Compiling .pio\build\LilyGOTEnergyS3\FrameworkArduino\FirmwareMSC.cpp.o
Compiling .pio\build\LilyGOTEnergyS3\FrameworkArduino\FunctionalInterrupt.cpp.o
lib/USB/usb.cpp: In member function 'void USBTransport::processCommand(const char*)':
lib/USB/usb.cpp:151:71: warning: 'ArduinoJson::V720PB22::detail::enable_if_t<ArduinoJson::V720PB22::detail::IsString<TChar*>::value, bool> ArduinoJson::V720PB22::detail::VariantRefBase<TDerived>::containsKey(TChar*) const [with TChar = const char; TDerived = 
ArduinoJson::V720PB22::detail::MemberProxy<ArduinoJson::V720PB22::JsonDocument&, const char*>; ArduinoJson::V720PB22::detail::enable_if_t<ArduinoJson::V720PB22::detail::IsString<TChar*>::value, bool> = bool]' is deprecated: use obj["key"].is<T>() instead [-Wdeprecated-declarations]
         if (!doc["data"].isNull() && doc["data"].containsKey("lapTime")) {
                                                                       ^
In file included from .pio/libdeps/LilyGOTEnergyS3/ArduinoJson/src/ArduinoJson.hpp:46,
                 from .pio/libdeps/LilyGOTEnergyS3/ArduinoJson/src/ArduinoJson.h:9,
                 from lib/CONFIG/config.h:4,
                 from lib/USB/usb.h:28,
                 from lib/USB/usb.cpp:1:
.pio/libdeps/LilyGOTEnergyS3/ArduinoJson/src/ArduinoJson/Variant/VariantRefBaseImpl.hpp:89:1: note: declared here
 VariantRefBase<TDerived>::containsKey(TChar* key) const {
 ^~~~~~~~~~~~~~~~~~~~~~~~
lib/USB/usb.cpp:244:70: warning: 'ArduinoJson::V720PB22::detail::enable_if_t<ArduinoJson::V720PB22::detail::IsString<TChar*>::value, bool> ArduinoJson::V720PB22::detail::VariantRefBase<TDerived>::containsKey(TChar*) const [with TChar = const char; TDerived = 
ArduinoJson::V720PB22::detail::MemberProxy<ArduinoJson::V720PB22::JsonDocument&, const char*>; ArduinoJson::V720PB22::detail::enable_if_t<ArduinoJson::V720PB22::detail::IsString<TChar*>::value, bool> = bool]' is deprecated: use obj["key"].is<T>() instead [-Wdeprecated-declarations]
         if (!doc["data"].isNull() && doc["data"].containsKey("preset")) {
                                                                      ^
In file included from .pio/libdeps/LilyGOTEnergyS3/ArduinoJson/src/ArduinoJson.hpp:46,
                 from .pio/libdeps/LilyGOTEnergyS3/ArduinoJson/src/ArduinoJson.h:9,
                 from lib/CONFIG/config.h:4,
                 from lib/USB/usb.h:28,
                 from lib/USB/usb.cpp:1:
.pio/libdeps/LilyGOTEnergyS3/ArduinoJson/src/ArduinoJson/Variant/VariantRefBaseImpl.hpp:89:1: note: declared here
 VariantRefBase<TDerived>::containsKey(TChar* key) const {
 ^~~~~~~~~~~~~~~~~~~~~~~~
lib/USB/usb.cpp:261:69: warning: 'ArduinoJson::V720PB22::detail::enable_if_t<ArduinoJson::V720PB22::detail::IsString<TChar*>::value, bool> ArduinoJson::V720PB22::detail::VariantRefBase<TDerived>::containsKey(TChar*) const [with TChar = const char; TDerived = 
ArduinoJson::V720PB22::detail::MemberProxy<ArduinoJson::V720PB22::JsonDocument&, const char*>; ArduinoJson::V720PB22::detail::enable_if_t<ArduinoJson::V720PB22::detail::IsString<TChar*>::value, bool> = bool]' is deprecated: use obj["key"].is<T>() instead [-Wdeprecated-declarations]
         if (!doc["data"].isNull() && doc["data"].containsKey("color")) {
                                                                     ^
In file included from .pio/libdeps/LilyGOTEnergyS3/ArduinoJson/src/ArduinoJson.hpp:46,
                 from .pio/libdeps/LilyGOTEnergyS3/ArduinoJson/src/ArduinoJson.h:9,
                 from lib/CONFIG/config.h:4,
                 from lib/USB/usb.h:28,
                 from lib/USB/usb.cpp:1:
.pio/libdeps/LilyGOTEnergyS3/ArduinoJson/src/ArduinoJson/Variant/VariantRefBaseImpl.hpp:89:1: note: declared here
 VariantRefBase<TDerived>::containsKey(TChar* key) const {
 ^~~~~~~~~~~~~~~~~~~~~~~~
lib/USB/usb.cpp:279:74: warning: 'ArduinoJson::V720PB22::detail::enable_if_t<ArduinoJson::V720PB22::detail::IsString<TChar*>::value, bool> ArduinoJson::V720PB22::detail::VariantRefBase<TDerived>::containsKey(TChar*) const [with TChar = const char; TDerived = 
ArduinoJson::V720PB22::detail::MemberProxy<ArduinoJson::V720PB22::JsonDocument&, const char*>; ArduinoJson::V720PB22::detail::enable_if_t<ArduinoJson::V720PB22::detail::IsString<TChar*>::value, bool> = bool]' is deprecated: use obj["key"].is<T>() instead [-Wdeprecated-declarations]
         if (!doc["data"].isNull() && doc["data"].containsKey("brightness")) {
                                                                          ^
In file included from .pio/libdeps/LilyGOTEnergyS3/ArduinoJson/src/ArduinoJson.hpp:46,
                 from .pio/libdeps/LilyGOTEnergyS3/ArduinoJson/src/ArduinoJson.h:9,
                 from lib/CONFIG/config.h:4,
                 from lib/USB/usb.h:28,
                 from lib/USB/usb.cpp:1:
.pio/libdeps/LilyGOTEnergyS3/ArduinoJson/src/ArduinoJson/Variant/VariantRefBaseImpl.hpp:89:1: note: declared here
 VariantRefBase<TDerived>::containsKey(TChar* key) const {
 ^~~~~~~~~~~~~~~~~~~~~~~~
lib/USB/usb.cpp:296:69: warning: 'ArduinoJson::V720PB22::detail::enable_if_t<ArduinoJson::V720PB22::detail::IsString<TChar*>::value, bool> ArduinoJson::V720PB22::detail::VariantRefBase<TDerived>::containsKey(TChar*) const [with TChar = const char; TDerived = 
ArduinoJson::V720PB22::detail::MemberProxy<ArduinoJson::V720PB22::JsonDocument&, const char*>; ArduinoJson::V720PB22::detail::enable_if_t<ArduinoJson::V720PB22::detail::IsString<TChar*>::value, bool> = bool]' is deprecated: use obj["key"].is<T>() instead [-Wdeprecated-declarations]
         if (!doc["data"].isNull() && doc["data"].containsKey("speed")) {
                                                                     ^
In file included from .pio/libdeps/LilyGOTEnergyS3/ArduinoJson/src/ArduinoJson.hpp:46,
                 from .pio/libdeps/LilyGOTEnergyS3/ArduinoJson/src/ArduinoJson.h:9,
                 from lib/CONFIG/config.h:4,
                 from lib/USB/usb.h:28,
                 from lib/USB/usb.cpp:1:
.pio/libdeps/LilyGOTEnergyS3/ArduinoJson/src/ArduinoJson/Variant/VariantRefBaseImpl.hpp:89:1: note: declared here
 VariantRefBase<TDerived>::containsKey(TChar* key) const {
 ^~~~~~~~~~~~~~~~~~~~~~~~
lib/USB/usb.cpp:313:70: warning: 'ArduinoJson::V720PB22::detail::enable_if_t<ArduinoJson::V720PB22::detail::IsString<TChar*>::value, bool> ArduinoJson::V720PB22::detail::VariantRefBase<TDerived>::containsKey(TChar*) const [with TChar = const char; TDerived = 
ArduinoJson::V720PB22::detail::MemberProxy<ArduinoJson::V720PB22::JsonDocument&, const char*>; ArduinoJson::V720PB22::detail::enable_if_t<ArduinoJson::V720PB22::detail::IsString<TChar*>::value, bool> = bool]' is deprecated: use obj["key"].is<T>() instead [-Wdeprecated-declarations]
         if (!doc["data"].isNull() && doc["data"].containsKey("enable")) {
                                                                      ^
In file included from .pio/libdeps/LilyGOTEnergyS3/ArduinoJson/src/ArduinoJson.hpp:46,
                 from .pio/libdeps/LilyGOTEnergyS3/ArduinoJson/src/ArduinoJson.h:9,
                 from lib/CONFIG/config.h:4,
                 from lib/USB/usb.h:28,
                 from lib/USB/usb.cpp:1:
.pio/libdeps/LilyGOTEnergyS3/ArduinoJson/src/ArduinoJson/Variant/VariantRefBaseImpl.hpp:89:1: note: declared here
 VariantRefBase<TDerived>::containsKey(TChar* key) const {
 ^~~~~~~~~~~~~~~~~~~~~~~~
lib/USB/usb.cpp:330:69: warning: 'ArduinoJson::V720PB22::detail::enable_if_t<ArduinoJson::V720PB22::detail::IsString<TChar*>::value, bool> ArduinoJson::V720PB22::detail::VariantRefBase<TDerived>::containsKey(TChar*) const [with TChar = const char; TDerived = 
ArduinoJson::V720PB22::detail::MemberProxy<ArduinoJson::V720PB22::JsonDocument&, const char*>; ArduinoJson::V720PB22::detail::enable_if_t<ArduinoJson::V720PB22::detail::IsString<TChar*>::value, bool> = bool]' is deprecated: use obj["key"].is<T>() instead [-Wdeprecated-declarations]
         if (!doc["data"].isNull() && doc["data"].containsKey("color")) {
                                                                     ^
In file included from .pio/libdeps/LilyGOTEnergyS3/ArduinoJson/src/ArduinoJson.hpp:46,
                 from .pio/libdeps/LilyGOTEnergyS3/ArduinoJson/src/ArduinoJson.h:9,
                 from lib/CONFIG/config.h:4,
                 from lib/USB/usb.h:28,
                 from lib/USB/usb.cpp:1:
.pio/libdeps/LilyGOTEnergyS3/ArduinoJson/src/ArduinoJson/Variant/VariantRefBaseImpl.hpp:89:1: note: declared here
 VariantRefBase<TDerived>::containsKey(TChar* key) const {
 ^~~~~~~~~~~~~~~~~~~~~~~~
lib/USB/usb.cpp:348:69: warning: 'ArduinoJson::V720PB22::detail::enable_if_t<ArduinoJson::V720PB22::detail::IsString<TChar*>::value, bool> ArduinoJson::V720PB22::detail::VariantRefBase<TDerived>::containsKey(TChar*) const [with TChar = const char; TDerived = 
ArduinoJson::V720PB22::detail::MemberProxy<ArduinoJson::V720PB22::JsonDocument&, const char*>; ArduinoJson::V720PB22::detail::enable_if_t<ArduinoJson::V720PB22::detail::IsString<TChar*>::value, bool> = bool]' is deprecated: use obj["key"].is<T>() instead [-Wdeprecated-declarations]
         if (!doc["data"].isNull() && doc["data"].containsKey("color")) {
                                                                     ^
In file included from .pio/libdeps/LilyGOTEnergyS3/ArduinoJson/src/ArduinoJson.hpp:46,
                 from .pio/libdeps/LilyGOTEnergyS3/ArduinoJson/src/ArduinoJson.h:9,
                 from lib/CONFIG/config.h:4,
                 from lib/USB/usb.h:28,
                 from lib/USB/usb.cpp:1:
.pio/libdeps/LilyGOTEnergyS3/ArduinoJson/src/ArduinoJson/Variant/VariantRefBaseImpl.hpp:89:1: note: declared here
 VariantRefBase<TDerived>::containsKey(TChar* key) const {
 ^~~~~~~~~~~~~~~~~~~~~~~~
Compiling .pio\build\LilyGOTEnergyS3\FrameworkArduino\HWCDC.cpp.o
Compiling .pio\build\LilyGOTEnergyS3\FrameworkArduino\HardwareSerial.cpp.o
Compiling .pio\build\LilyGOTEnergyS3\FrameworkArduino\IPAddress.cpp.o
Compiling .pio\build\LilyGOTEnergyS3\FrameworkArduino\IPv6Address.cpp.o
Compiling .pio\build\LilyGOTEnergyS3\FrameworkArduino\MD5Builder.cpp.o
Compiling .pio\build\LilyGOTEnergyS3\FrameworkArduino\Print.cpp.o
Compiling .pio\build\LilyGOTEnergyS3\FrameworkArduino\Stream.cpp.o
Compiling .pio\build\LilyGOTEnergyS3\FrameworkArduino\StreamString.cpp.o
Compiling .pio\build\LilyGOTEnergyS3\FrameworkArduino\Tone.cpp.o
Archiving .pio\build\LilyGOTEnergyS3\libc71\libESPmDNS.a
Compiling .pio\build\LilyGOTEnergyS3\FrameworkArduino\USB.cpp.o
Compiling .pio\build\LilyGOTEnergyS3\FrameworkArduino\USBCDC.cpp.o
Compiling .pio\build\LilyGOTEnergyS3\FrameworkArduino\USBMSC.cpp.o
Compiling .pio\build\LilyGOTEnergyS3\FrameworkArduino\WMath.cpp.o
Compiling .pio\build\LilyGOTEnergyS3\FrameworkArduino\WString.cpp.o
Compiling .pio\build\LilyGOTEnergyS3\FrameworkArduino\base64.cpp.o
Compiling .pio\build\LilyGOTEnergyS3\FrameworkArduino\cbuf.cpp.o
Compiling .pio\build\LilyGOTEnergyS3\FrameworkArduino\esp32-hal-adc.c.o
Compiling .pio\build\LilyGOTEnergyS3\FrameworkArduino\esp32-hal-bt.c.o
Compiling .pio\build\LilyGOTEnergyS3\FrameworkArduino\esp32-hal-cpu.c.o
Compiling .pio\build\LilyGOTEnergyS3\FrameworkArduino\esp32-hal-dac.c.o
Compiling .pio\build\LilyGOTEnergyS3\FrameworkArduino\esp32-hal-gpio.c.o
Compiling .pio\build\LilyGOTEnergyS3\FrameworkArduino\esp32-hal-i2c-slave.c.o
Compiling .pio\build\LilyGOTEnergyS3\FrameworkArduino\esp32-hal-i2c.c.o
Compiling .pio\build\LilyGOTEnergyS3\FrameworkArduino\esp32-hal-ledc.c.o
Compiling .pio\build\LilyGOTEnergyS3\FrameworkArduino\esp32-hal-matrix.c.o
Archiving .pio\build\LilyGOTEnergyS3\libb72\libSELFTEST.a
Compiling .pio\build\LilyGOTEnergyS3\FrameworkArduino\esp32-hal-misc.c.o
Compiling .pio\build\LilyGOTEnergyS3\FrameworkArduino\esp32-hal-psram.c.o
Archiving .pio\build\LilyGOTEnergyS3\lib536\libUSB.a
Compiling .pio\build\LilyGOTEnergyS3\FrameworkArduino\esp32-hal-rgb-led.c.o
Compiling .pio\build\LilyGOTEnergyS3\FrameworkArduino\esp32-hal-rmt.c.o
Compiling .pio\build\LilyGOTEnergyS3\FrameworkArduino\esp32-hal-sigmadelta.c.o
Compiling .pio\build\LilyGOTEnergyS3\FrameworkArduino\esp32-hal-spi.c.o
Compiling .pio\build\LilyGOTEnergyS3\FrameworkArduino\esp32-hal-time.c.o
Compiling .pio\build\LilyGOTEnergyS3\FrameworkArduino\esp32-hal-timer.c.o
Compiling .pio\build\LilyGOTEnergyS3\FrameworkArduino\esp32-hal-tinyusb.c.o
Compiling .pio\build\LilyGOTEnergyS3\FrameworkArduino\esp32-hal-touch.c.o
Compiling .pio\build\LilyGOTEnergyS3\FrameworkArduino\esp32-hal-uart.c.o
Compiling .pio\build\LilyGOTEnergyS3\FrameworkArduino\firmware_msc_fat.c.o
Compiling .pio\build\LilyGOTEnergyS3\FrameworkArduino\libb64\cdecode.c.o
Compiling .pio\build\LilyGOTEnergyS3\FrameworkArduino\libb64\cencode.c.o
Compiling .pio\build\LilyGOTEnergyS3\FrameworkArduino\main.cpp.o
Compiling .pio\build\LilyGOTEnergyS3\FrameworkArduino\stdlib_noniso.c.o
Compiling .pio\build\LilyGOTEnergyS3\FrameworkArduino\wiring_pulse.c.o
Compiling .pio\build\LilyGOTEnergyS3\FrameworkArduino\wiring_shift.c.o
Archiving .pio\build\LilyGOTEnergyS3\libFrameworkArduino.a
Archiving .pio\build\LilyGOTEnergyS3\libdd9\libWEBSERVER.a
Linking .pio\build\LilyGOTEnergyS3\firmware.elf
Retrieving maximum program size .pio\build\LilyGOTEnergyS3\firmware.elf
Checking size .pio\build\LilyGOTEnergyS3\firmware.elf
Advanced Memory Usage is available via "PlatformIO Home > Project Inspect"
RAM:   [==        ]  23.7% (used 77648 bytes from 327680 bytes)
Flash: [======    ]  61.0% (used 1279601 bytes from 2097152 bytes)
Building .pio\build\LilyGOTEnergyS3\firmware.bin
esptool.py v4.5.1
Creating esp32s3 image...
Merged 2 ELF sections
Successfully created esp32s3 image.
========================= [SUCCESS] Took 82.88 seconds =========================

Processing SeeedXIAOESP32S3 (framework: arduino; platform: espressif32@6.9.0; board: seeed_xiao_esp32s3)
--------------------------------------------------------------------------------
Verbose mode can be enabled via `-v, --verbose` option
CONFIGURATION: https://docs.platformio.org/page/boards/espressif32/seeed_xiao_esp32s3.html
PLATFORM: Espressif 32 (6.9.0) > Seeed Studio XIAO ESP32S3
HARDWARE: ESP32S3 240MHz, 320KB RAM, 8MB Flash
DEBUG: Current (cmsis-dap) External (cmsis-dap, esp-bridge, esp-builtin, esp-prog, iot-bus-jtag, jlink, minimodule, olimex-arm-usb-ocd, olimex-arm-usb-ocd-h, olimex-arm-usb-tiny-h, olimex-jtag-tiny, tumpa)
PACKAGES: 
 - framework-arduinoespressif32 @ 3.20017.241212+sha.dcc1105b 
 - tool-esptoolpy @ 1.40501.0 (4.5.1) 
 - toolchain-riscv32-esp @ 8.4.0+2021r2-patch5 
 - toolchain-xtensa-esp32s3 @ 8.4.0+2021r2-patch5
LDF: Library Dependency Finder -> https://bit.ly/configure-pio-ldf
LDF Modes: Finder ~ chain, Compatibility ~ strict
Found 66 compatible libraries
Scanning dependencies...
Dependency Graph
|-- AsyncTCP @ 3.3.2+sha.ef448a8
|-- ESPAsyncWebServer @ 3.6.0+sha.ad3741d
|-- ArduinoJson @ 7.2.0
|-- ElegantOTA @ 3.1.7
|-- FastLED @ 3.10.3
|-- WebSockets @ 2.7.3+sha.e3edca4
|-- AUDIO @ 1.0.0
|-- DEBUG
|-- ELRS_BACKPACK
|-- LED
|-- POWER
|-- QMI8658
|-- RACEHISTORY
|-- RGBLED
|-- ROTORHAZARD
|-- SELFTEST
|-- STORAGE
|-- TRACKMANAGER
|-- TRANSPORT
|-- USB
|-- WEBHOOK
|-- WEBSERVER
Building in release mode
Compiling .pio\build\SeeedXIAOESP32S3\src\main.cpp.o
Building .pio\build\SeeedXIAOESP32S3\bootloader.bin
Generating partitions .pio\build\SeeedXIAOESP32S3\partitions.bin
esptool.py v4.5.1
Creating esp32s3 image...
Merged 1 ELF section
Successfully created esp32s3 image.
Compiling .pio\build\SeeedXIAOESP32S3\libef5\AsyncTCP@src-7fb2940bccb78b8d2de6915ae328b7fc\AsyncTCP.cpp.o
Compiling .pio\build\SeeedXIAOESP32S3\lib971\FS\FS.cpp.o
Compiling .pio\build\SeeedXIAOESP32S3\lib971\FS\vfs_api.cpp.o
Compiling .pio\build\SeeedXIAOESP32S3\lib868\WiFi\WiFi.cpp.o
Compiling .pio\build\SeeedXIAOESP32S3\lib868\WiFi\WiFiAP.cpp.o
Compiling .pio\build\SeeedXIAOESP32S3\lib868\WiFi\WiFiClient.cpp.o
Compiling .pio\build\SeeedXIAOESP32S3\lib868\WiFi\WiFiGeneric.cpp.o
Compiling .pio\build\SeeedXIAOESP32S3\lib868\WiFi\WiFiMulti.cpp.o
Compiling .pio\build\SeeedXIAOESP32S3\lib868\WiFi\WiFiSTA.cpp.o
Compiling .pio\build\SeeedXIAOESP32S3\lib868\WiFi\WiFiScan.cpp.o
Compiling .pio\build\SeeedXIAOESP32S3\lib868\WiFi\WiFiServer.cpp.o
Compiling .pio\build\SeeedXIAOESP32S3\lib868\WiFi\WiFiUdp.cpp.o
Compiling .pio\build\SeeedXIAOESP32S3\lib453\WebServer\Parsing.cpp.o
Compiling .pio\build\SeeedXIAOESP32S3\lib453\WebServer\WebServer.cpp.o
Compiling .pio\build\SeeedXIAOESP32S3\lib453\WebServer\detail\mimetable.cpp.o
Compiling .pio\build\SeeedXIAOESP32S3\lib466\ESPAsyncWebServer@src-8a740033305cb1c99d89b522d725653f\AsyncEventSource.cpp.o
Compiling .pio\build\SeeedXIAOESP32S3\lib466\ESPAsyncWebServer@src-8a740033305cb1c99d89b522d725653f\AsyncJson.cpp.o
Archiving .pio\build\SeeedXIAOESP32S3\lib971\libFS.a
Archiving .pio\build\SeeedXIAOESP32S3\libef5\libAsyncTCP@src-7fb2940bccb78b8d2de6915ae328b7fc.a
Compiling .pio\build\SeeedXIAOESP32S3\lib466\ESPAsyncWebServer@src-8a740033305cb1c99d89b522d725653f\AsyncMessagePack.cpp.o
Compiling .pio\build\SeeedXIAOESP32S3\lib466\ESPAsyncWebServer@src-8a740033305cb1c99d89b522d725653f\AsyncWebHeader.cpp.o
Compiling .pio\build\SeeedXIAOESP32S3\lib466\ESPAsyncWebServer@src-8a740033305cb1c99d89b522d725653f\AsyncWebSocket.cpp.o
Compiling .pio\build\SeeedXIAOESP32S3\lib466\ESPAsyncWebServer@src-8a740033305cb1c99d89b522d725653f\BackPort_SHA1Builder.cpp.o
Compiling .pio\build\SeeedXIAOESP32S3\lib466\ESPAsyncWebServer@src-8a740033305cb1c99d89b522d725653f\ChunkPrint.cpp.o
Compiling .pio\build\SeeedXIAOESP32S3\lib466\ESPAsyncWebServer@src-8a740033305cb1c99d89b522d725653f\Middleware.cpp.o
Compiling .pio\build\SeeedXIAOESP32S3\lib466\ESPAsyncWebServer@src-8a740033305cb1c99d89b522d725653f\WebAuthentication.cpp.o
Compiling .pio\build\SeeedXIAOESP32S3\lib466\ESPAsyncWebServer@src-8a740033305cb1c99d89b522d725653f\WebHandlers.cpp.o
Compiling .pio\build\SeeedXIAOESP32S3\lib466\ESPAsyncWebServer@src-8a740033305cb1c99d89b522d725653f\WebRequest.cpp.o
Compiling .pio\build\SeeedXIAOESP32S3\lib466\ESPAsyncWebServer@src-8a740033305cb1c99d89b522d725653f\WebResponses.cpp.o
Archiving .pio\build\SeeedXIAOESP32S3\lib868\libWiFi.a
Compiling .pio\build\SeeedXIAOESP32S3\lib466\ESPAsyncWebServer@src-8a740033305cb1c99d89b522d725653f\WebServer.cpp.o
Compiling .pio\build\SeeedXIAOESP32S3\lib255\LittleFS\LittleFS.cpp.o
Compiling .pio\build\SeeedXIAOESP32S3\lib7cd\Update\HttpsOTAUpdate.cpp.o
Archiving .pio\build\SeeedXIAOESP32S3\lib453\libWebServer.a
Compiling .pio\build\SeeedXIAOESP32S3\lib7cd\Update\Updater.cpp.o
Compiling .pio\build\SeeedXIAOESP32S3\libebb\ElegantOTA\ElegantOTA.cpp.o
Compiling .pio\build\SeeedXIAOESP32S3\libebb\ElegantOTA\elop.cpp.o
Compiling .pio\build\SeeedXIAOESP32S3\lib05b\SPI\SPI.cpp.o
Compiling .pio\build\SeeedXIAOESP32S3\libd4e\I2S\I2S.cpp.o
Archiving .pio\build\SeeedXIAOESP32S3\lib255\libLittleFS.a
Compiling .pio\build\SeeedXIAOESP32S3\lib53e\SD\SD.cpp.o
Compiling .pio\build\SeeedXIAOESP32S3\lib53e\SD\sd_diskio.cpp.o
Compiling .pio\build\SeeedXIAOESP32S3\lib53e\SD\sd_diskio_crc.c.o
Compiling .pio\build\SeeedXIAOESP32S3\libda5\FastLED\FastLED.cpp.o
Archiving .pio\build\SeeedXIAOESP32S3\lib466\libESPAsyncWebServer@src-8a740033305cb1c99d89b522d725653f.a
Archiving .pio\build\SeeedXIAOESP32S3\lib7cd\libUpdate.a
Compiling .pio\build\SeeedXIAOESP32S3\libda5\FastLED\bitswap.cpp.o
Compiling .pio\build\SeeedXIAOESP32S3\libda5\FastLED\cled_controller.cpp.o
Compiling .pio\build\SeeedXIAOESP32S3\libda5\FastLED\colorpalettes.cpp.o
Compiling .pio\build\SeeedXIAOESP32S3\libda5\FastLED\crgb.cpp.o
Compiling .pio\build\SeeedXIAOESP32S3\libda5\FastLED\fl\allocator.cpp.o
Compiling .pio\build\SeeedXIAOESP32S3\libda5\FastLED\fl\async.cpp.o
Compiling .pio\build\SeeedXIAOESP32S3\libda5\FastLED\fl\audio.cpp.o
Compiling .pio\build\SeeedXIAOESP32S3\libda5\FastLED\fl\audio_input.cpp.o
Compiling .pio\build\SeeedXIAOESP32S3\libda5\FastLED\fl\audio_reactive.cpp.o
Compiling .pio\build\SeeedXIAOESP32S3\libda5\FastLED\fl\bitset.cpp.o
Compiling .pio\build\SeeedXIAOESP32S3\libda5\FastLED\fl\blur.cpp.o
Archiving .pio\build\SeeedXIAOESP32S3\lib05b\libSPI.a
Compiling .pio\build\SeeedXIAOESP32S3\libda5\FastLED\fl\bytestreammemory.cpp.o
Compiling .pio\build\SeeedXIAOESP32S3\libda5\FastLED\fl\colorutils.cpp.o
Compiling .pio\build\SeeedXIAOESP32S3\libda5\FastLED\fl\corkscrew.cpp.o
Archiving .pio\build\SeeedXIAOESP32S3\libd4e\libI2S.a
Compiling .pio\build\SeeedXIAOESP32S3\libda5\FastLED\fl\crgb_hsv16.cpp.o
Compiling .pio\build\SeeedXIAOESP32S3\libda5\FastLED\fl\downscale.cpp.o
Compiling .pio\build\SeeedXIAOESP32S3\libda5\FastLED\fl\ease.cpp.o
Compiling .pio\build\SeeedXIAOESP32S3\libda5\FastLED\fl\engine_events.cpp.o
Archiving .pio\build\SeeedXIAOESP32S3\libebb\libElegantOTA.a
Compiling .pio\build\SeeedXIAOESP32S3\libda5\FastLED\fl\fetch.cpp.o
Compiling .pio\build\SeeedXIAOESP32S3\libda5\FastLED\fl\fft.cpp.o
Archiving .pio\build\SeeedXIAOESP32S3\lib53e\libSD.a
Compiling .pio\build\SeeedXIAOESP32S3\libda5\FastLED\fl\fft_impl.cpp.o
Compiling .pio\build\SeeedXIAOESP32S3\libda5\FastLED\fl\file_system.cpp.o
Compiling .pio\build\SeeedXIAOESP32S3\libda5\FastLED\fl\fill.cpp.o
Compiling .pio\build\SeeedXIAOESP32S3\libda5\FastLED\fl\gamma.cpp.o
Compiling .pio\build\SeeedXIAOESP32S3\libda5\FastLED\fl\gradient.cpp.o
Compiling .pio\build\SeeedXIAOESP32S3\libda5\FastLED\fl\hsv16.cpp.o
Compiling .pio\build\SeeedXIAOESP32S3\libda5\FastLED\fl\id_tracker.cpp.o
Compiling .pio\build\SeeedXIAOESP32S3\libda5\FastLED\fl\io.cpp.o
Compiling .pio\build\SeeedXIAOESP32S3\libda5\FastLED\fl\istream.cpp.o
Compiling .pio\build\SeeedXIAOESP32S3\libda5\FastLED\fl\json.cpp.o
Compiling .pio\build\SeeedXIAOESP32S3\libda5\FastLED\fl\leds.cpp.o
Compiling .pio\build\SeeedXIAOESP32S3\libda5\FastLED\fl\line_simplification.cpp.o
Compiling .pio\build\SeeedXIAOESP32S3\libda5\FastLED\fl\noise_woryley.cpp.o
Compiling .pio\build\SeeedXIAOESP32S3\libda5\FastLED\fl\ostream.cpp.o
Compiling .pio\build\SeeedXIAOESP32S3\libda5\FastLED\fl\ptr.cpp.o
Compiling .pio\build\SeeedXIAOESP32S3\libda5\FastLED\fl\random.cpp.o
Compiling .pio\build\SeeedXIAOESP32S3\libda5\FastLED\fl\raster_sparse.cpp.o
Compiling .pio\build\SeeedXIAOESP32S3\libda5\FastLED\fl\rectangular_draw_buffer.cpp.o
Compiling .pio\build\SeeedXIAOESP32S3\libda5\FastLED\fl\referent.cpp.o
Compiling .pio\build\SeeedXIAOESP32S3\libda5\FastLED\fl\rgbw.cpp.o
Compiling .pio\build\SeeedXIAOESP32S3\libda5\FastLED\fl\screenmap.cpp.o
Compiling .pio\build\SeeedXIAOESP32S3\libda5\FastLED\fl\sin32.cpp.o
Compiling .pio\build\SeeedXIAOESP32S3\libda5\FastLED\fl\splat.cpp.o
Compiling .pio\build\SeeedXIAOESP32S3\libda5\FastLED\fl\str.cpp.o
Compiling .pio\build\SeeedXIAOESP32S3\libda5\FastLED\fl\str_ui.cpp.o
Compiling .pio\build\SeeedXIAOESP32S3\libda5\FastLED\fl\strstream.cpp.o
Compiling .pio\build\SeeedXIAOESP32S3\libda5\FastLED\fl\stub_main.cpp.o
Compiling .pio\build\SeeedXIAOESP32S3\libda5\FastLED\fl\task.cpp.o
Compiling .pio\build\SeeedXIAOESP32S3\libda5\FastLED\fl\tile2x2.cpp.o
Compiling .pio\build\SeeedXIAOESP32S3\libda5\FastLED\fl\time.cpp.o
Compiling .pio\build\SeeedXIAOESP32S3\libda5\FastLED\fl\time_alpha.cpp.o
Compiling .pio\build\SeeedXIAOESP32S3\libda5\FastLED\fl\transform.cpp.o
Compiling .pio\build\SeeedXIAOESP32S3\libda5\FastLED\fl\type_traits.cpp.o
Compiling .pio\build\SeeedXIAOESP32S3\libda5\FastLED\fl\ui.cpp.o
Compiling .pio\build\SeeedXIAOESP32S3\libda5\FastLED\fl\upscale.cpp.o
Compiling .pio\build\SeeedXIAOESP32S3\libda5\FastLED\fl\wave_simulation.cpp.o
Compiling .pio\build\SeeedXIAOESP32S3\libda5\FastLED\fl\wave_simulation_real.cpp.o
Compiling .pio\build\SeeedXIAOESP32S3\libda5\FastLED\fl\xmap.cpp.o
Compiling .pio\build\SeeedXIAOESP32S3\libda5\FastLED\fl\xymap.cpp.o
Compiling .pio\build\SeeedXIAOESP32S3\libda5\FastLED\fl\xypath.cpp.o
Compiling .pio\build\SeeedXIAOESP32S3\libda5\FastLED\fl\xypath_impls.cpp.o
Compiling .pio\build\SeeedXIAOESP32S3\libda5\FastLED\fl\xypath_renderer.cpp.o
Compiling .pio\build\SeeedXIAOESP32S3\libda5\FastLED\fx\2d\blend.cpp.o
Compiling .pio\build\SeeedXIAOESP32S3\libda5\FastLED\fx\2d\luminova.cpp.o
Compiling .pio\build\SeeedXIAOESP32S3\libda5\FastLED\fx\2d\noisepalette.cpp.o
Compiling .pio\build\SeeedXIAOESP32S3\libda5\FastLED\fx\2d\scale_up.cpp.o
Compiling .pio\build\SeeedXIAOESP32S3\libda5\FastLED\fx\2d\wave.cpp.o
Compiling .pio\build\SeeedXIAOESP32S3\libda5\FastLED\fx\detail\fx_layer.cpp.o
Compiling .pio\build\SeeedXIAOESP32S3\libda5\FastLED\fx\frame.cpp.o
Compiling .pio\build\SeeedXIAOESP32S3\libda5\FastLED\fx\fx_engine.cpp.o
Compiling .pio\build\SeeedXIAOESP32S3\libda5\FastLED\fx\time.cpp.o
Compiling .pio\build\SeeedXIAOESP32S3\libda5\FastLED\fx\video.cpp.o
Compiling .pio\build\SeeedXIAOESP32S3\libda5\FastLED\fx\video\frame_interpolator.cpp.o
Compiling .pio\build\SeeedXIAOESP32S3\libda5\FastLED\fx\video\frame_tracker.cpp.o
Compiling .pio\build\SeeedXIAOESP32S3\libda5\FastLED\fx\video\pixel_stream.cpp.o
Compiling .pio\build\SeeedXIAOESP32S3\libda5\FastLED\fx\video\video_impl.cpp.o
Compiling .pio\build\SeeedXIAOESP32S3\libda5\FastLED\hsv2rgb.cpp.o
Compiling .pio\build\SeeedXIAOESP32S3\libda5\FastLED\lib8tion.cpp.o
Compiling .pio\build\SeeedXIAOESP32S3\libda5\FastLED\noise.cpp.o
Compiling .pio\build\SeeedXIAOESP32S3\libda5\FastLED\platforms.cpp.o
Compiling .pio\build\SeeedXIAOESP32S3\libda5\FastLED\platforms\adafruit\clockless.cpp.o
Compiling .pio\build\SeeedXIAOESP32S3\libda5\FastLED\platforms\arm\k20\clockless_objectfled.cpp.o
Compiling .pio\build\SeeedXIAOESP32S3\libda5\FastLED\platforms\arm\mgm240\fastpin_arm_mgm240.cpp.o
Compiling .pio\build\SeeedXIAOESP32S3\libda5\FastLED\platforms\compile_test.cpp.o
Compiling .pio\build\SeeedXIAOESP32S3\libda5\FastLED\platforms\esp\32\audio\audio.cpp.o
Compiling .pio\build\SeeedXIAOESP32S3\libda5\FastLED\platforms\esp\32\audio\sound_util.cpp.o
Compiling .pio\build\SeeedXIAOESP32S3\libda5\FastLED\platforms\esp\32\clockless_i2s_esp32s3.cpp.o
Compiling .pio\build\SeeedXIAOESP32S3\libda5\FastLED\platforms\esp\32\i2s\i2s_esp32dev.cpp.o
Compiling .pio\build\SeeedXIAOESP32S3\libda5\FastLED\platforms\esp\32\rmt_4\idf4_rmt.cpp.o
Compiling .pio\build\SeeedXIAOESP32S3\libda5\FastLED\platforms\esp\32\rmt_4\idf4_rmt_impl.cpp.o
.pio/libdeps/SeeedXIAOESP32S3/FastLED/src/platforms/esp/32/clockless_i2s_esp32s3.cpp:10:2: warning: #warning "esp_memory_utils.h is not available, are you on esp-idf 4? The parallel clockless i2s driver will not be available" [-Wcpp]
 #warning "esp_memory_utils.h is not available, are you on esp-idf 4? The parallel clockless i2s driver will not be available"
  ^~~~~~~
Compiling .pio\build\SeeedXIAOESP32S3\libda5\FastLED\platforms\esp\32\rmt_5\idf5_rmt.cpp.o
Compiling .pio\build\SeeedXIAOESP32S3\libda5\FastLED\platforms\esp\32\rmt_5\strip_rmt.cpp.o
Compiling .pio\build\SeeedXIAOESP32S3\libda5\FastLED\platforms\esp\32\spi_ws2812\strip_spi.cpp.o
Compiling .pio\build\SeeedXIAOESP32S3\libda5\FastLED\platforms\stub\Arduino.cpp.o
Compiling .pio\build\SeeedXIAOESP32S3\libda5\FastLED\platforms\stub\led_sysdefs_stub.cpp.o
Compiling .pio\build\SeeedXIAOESP32S3\libda5\FastLED\platforms\stub\time_stub.cpp.o
Compiling .pio\build\SeeedXIAOESP32S3\libda5\FastLED\platforms\wasm\active_strip_data.cpp.o
Compiling .pio\build\SeeedXIAOESP32S3\libda5\FastLED\platforms\wasm\engine_listener.cpp.o
Compiling .pio\build\SeeedXIAOESP32S3\libda5\FastLED\platforms\wasm\entry_point.cpp.o
Compiling .pio\build\SeeedXIAOESP32S3\libda5\FastLED\platforms\wasm\fastspi_wasm.cpp.o
Compiling .pio\build\SeeedXIAOESP32S3\libda5\FastLED\platforms\wasm\fs_wasm.cpp.o
Compiling .pio\build\SeeedXIAOESP32S3\libda5\FastLED\platforms\wasm\js.cpp.o
Compiling .pio\build\SeeedXIAOESP32S3\libda5\FastLED\platforms\wasm\js_bindings.cpp.o
Compiling .pio\build\SeeedXIAOESP32S3\libda5\FastLED\platforms\wasm\js_fetch.cpp.o
Compiling .pio\build\SeeedXIAOESP32S3\libda5\FastLED\platforms\wasm\timer.cpp.o
Compiling .pio\build\SeeedXIAOESP32S3\libda5\FastLED\platforms\wasm\ui.cpp.o
Compiling .pio\build\SeeedXIAOESP32S3\libda5\FastLED\power_mgt.cpp.o
Compiling .pio\build\SeeedXIAOESP32S3\libda5\FastLED\sensors\button.cpp.o
Compiling .pio\build\SeeedXIAOESP32S3\libda5\FastLED\sensors\digital_pin.cpp.o
Compiling .pio\build\SeeedXIAOESP32S3\libda5\FastLED\sensors\pir.cpp.o
Compiling .pio\build\SeeedXIAOESP32S3\libda5\FastLED\simplex.cpp.o
Compiling .pio\build\SeeedXIAOESP32S3\libda5\FastLED\third_party\cq_kernel\cq_kernel.cpp.o
Compiling .pio\build\SeeedXIAOESP32S3\libda5\FastLED\third_party\cq_kernel\kiss_fft.cpp.o
Compiling .pio\build\SeeedXIAOESP32S3\libda5\FastLED\third_party\cq_kernel\kiss_fftr.cpp.o
Compiling .pio\build\SeeedXIAOESP32S3\libda5\FastLED\third_party\espressif\led_strip\src\led_strip_api.c.o
Compiling .pio\build\SeeedXIAOESP32S3\libda5\FastLED\third_party\espressif\led_strip\src\led_strip_rmt_dev.c.o
Compiling .pio\build\SeeedXIAOESP32S3\libda5\FastLED\third_party\espressif\led_strip\src\led_strip_rmt_encoder.c.o
Compiling .pio\build\SeeedXIAOESP32S3\libda5\FastLED\third_party\espressif\led_strip\src\led_strip_spi_dev.c.o
Compiling .pio\build\SeeedXIAOESP32S3\libda5\FastLED\third_party\object_fled\src\OjectFLED.cpp.o
Compiling .pio\build\SeeedXIAOESP32S3\libda5\FastLED\transpose8x1_noinline.cpp.o
Compiling .pio\build\SeeedXIAOESP32S3\libda5\FastLED\wiring.cpp.o
Compiling .pio\build\SeeedXIAOESP32S3\lib265\Ethernet\ETH.cpp.o
Compiling .pio\build\SeeedXIAOESP32S3\lib2a0\WiFiClientSecure\WiFiClientSecure.cpp.o
Compiling .pio\build\SeeedXIAOESP32S3\lib2a0\WiFiClientSecure\esp_crt_bundle.c.o
Compiling .pio\build\SeeedXIAOESP32S3\lib2a0\WiFiClientSecure\ssl_client.cpp.o
Compiling .pio\build\SeeedXIAOESP32S3\libf41\WebSockets\SocketIOclient.cpp.o
Compiling .pio\build\SeeedXIAOESP32S3\libf41\WebSockets\WebSockets.cpp.o
Compiling .pio\build\SeeedXIAOESP32S3\libf41\WebSockets\WebSocketsClient.cpp.o
Compiling .pio\build\SeeedXIAOESP32S3\libf41\WebSockets\WebSocketsServer.cpp.o
Compiling .pio\build\SeeedXIAOESP32S3\libf41\WebSockets\libb64\cdecode.c.o
Compiling .pio\build\SeeedXIAOESP32S3\libf41\WebSockets\libb64\cencode.c.o
Compiling .pio\build\SeeedXIAOESP32S3\libf41\WebSockets\libsha1\libsha1.c.o
Compiling .pio\build\SeeedXIAOESP32S3\libd0b\SPIFFS\SPIFFS.cpp.o
Compiling .pio\build\SeeedXIAOESP32S3\lib96e\HTTPClient\HTTPClient.cpp.o
Compiling .pio\build\SeeedXIAOESP32S3\lib52a\ESP8266Audio\AudioFileSourceBuffer.cpp.o
Compiling .pio\build\SeeedXIAOESP32S3\lib52a\ESP8266Audio\AudioFileSourceFS.cpp.o
Compiling .pio\build\SeeedXIAOESP32S3\lib52a\ESP8266Audio\AudioFileSourceFunction.cpp.o
Compiling .pio\build\SeeedXIAOESP32S3\lib52a\ESP8266Audio\AudioFileSourceHTTPStream.cpp.o
Compiling .pio\build\SeeedXIAOESP32S3\lib52a\ESP8266Audio\AudioFileSourceICYStream.cpp.o
Compiling .pio\build\SeeedXIAOESP32S3\lib52a\ESP8266Audio\AudioFileSourceID3.cpp.o
Archiving .pio\build\SeeedXIAOESP32S3\lib265\libEthernet.a
Archiving .pio\build\SeeedXIAOESP32S3\libda5\libFastLED.a
Compiling .pio\build\SeeedXIAOESP32S3\lib52a\ESP8266Audio\AudioFileSourcePROGMEM.cpp.o
Compiling .pio\build\SeeedXIAOESP32S3\lib52a\ESP8266Audio\AudioFileSourceSD.cpp.o
Compiling .pio\build\SeeedXIAOESP32S3\lib52a\ESP8266Audio\AudioFileSourceSPIRAMBuffer.cpp.o
Archiving .pio\build\SeeedXIAOESP32S3\lib2a0\libWiFiClientSecure.a
Compiling .pio\build\SeeedXIAOESP32S3\lib52a\ESP8266Audio\AudioFileSourceSTDIO.cpp.o
Compiling .pio\build\SeeedXIAOESP32S3\lib52a\ESP8266Audio\AudioFileStream.cpp.o
Archiving .pio\build\SeeedXIAOESP32S3\libd0b\libSPIFFS.a
Compiling .pio\build\SeeedXIAOESP32S3\lib52a\ESP8266Audio\AudioGeneratorAAC.cpp.o
Compiling .pio\build\SeeedXIAOESP32S3\lib52a\ESP8266Audio\AudioGeneratorFLAC.cpp.o
Archiving .pio\build\SeeedXIAOESP32S3\libf41\libWebSockets.a
Compiling .pio\build\SeeedXIAOESP32S3\lib52a\ESP8266Audio\AudioGeneratorMIDI.cpp.o
Compiling .pio\build\SeeedXIAOESP32S3\lib52a\ESP8266Audio\AudioGeneratorMOD.cpp.o
Compiling .pio\build\SeeedXIAOESP32S3\lib52a\ESP8266Audio\AudioGeneratorMP3.cpp.o
Compiling .pio\build\SeeedXIAOESP32S3\lib52a\ESP8266Audio\AudioGeneratorMP3a.cpp.o
Compiling .pio\build\SeeedXIAOESP32S3\lib52a\ESP8266Audio\AudioGeneratorOpus.cpp.o
Compiling .pio\build\SeeedXIAOESP32S3\lib52a\ESP8266Audio\AudioGeneratorRTTTL.cpp.o
Compiling .pio\build\SeeedXIAOESP32S3\lib52a\ESP8266Audio\AudioGeneratorTalkie.cpp.o
Compiling .pio\build\SeeedXIAOESP32S3\lib52a\ESP8266Audio\AudioGeneratorWAV.cpp.o
Compiling .pio\build\SeeedXIAOESP32S3\lib52a\ESP8266Audio\AudioLogger.cpp.o
Compiling .pio\build\SeeedXIAOESP32S3\lib52a\ESP8266Audio\AudioOutputBuffer.cpp.o
Archiving .pio\build\SeeedXIAOESP32S3\lib96e\libHTTPClient.a
Compiling .pio\build\SeeedXIAOESP32S3\lib52a\ESP8266Audio\AudioOutputFilterBiquad.cpp.o
Compiling .pio\build\SeeedXIAOESP32S3\lib52a\ESP8266Audio\AudioOutputFilterDecimate.cpp.o
Compiling .pio\build\SeeedXIAOESP32S3\lib52a\ESP8266Audio\AudioOutputI2S.cpp.o
Compiling .pio\build\SeeedXIAOESP32S3\lib52a\ESP8266Audio\AudioOutputI2SNoDAC.cpp.o
Compiling .pio\build\SeeedXIAOESP32S3\lib52a\ESP8266Audio\AudioOutputMixer.cpp.o
Compiling .pio\build\SeeedXIAOESP32S3\lib52a\ESP8266Audio\AudioOutputPWM.cpp.o
Compiling .pio\build\SeeedXIAOESP32S3\lib52a\ESP8266Audio\AudioOutputSPDIF.cpp.o
Compiling .pio\build\SeeedXIAOESP32S3\lib52a\ESP8266Audio\AudioOutputSPIFFSWAV.cpp.o
Compiling .pio\build\SeeedXIAOESP32S3\lib52a\ESP8266Audio\AudioOutputSTDIO.cpp.o
Compiling .pio\build\SeeedXIAOESP32S3\lib52a\ESP8266Audio\AudioOutputSerialWAV.cpp.o
Compiling .pio\build\SeeedXIAOESP32S3\lib52a\ESP8266Audio\AudioOutputULP.cpp.o
Compiling .pio\build\SeeedXIAOESP32S3\lib52a\ESP8266Audio\driver\SinglePinI2SDriver.cpp.o
Compiling .pio\build\SeeedXIAOESP32S3\lib52a\ESP8266Audio\libflac\bitmath.c.o
Compiling .pio\build\SeeedXIAOESP32S3\lib52a\ESP8266Audio\libflac\bitreader.c.o
Compiling .pio\build\SeeedXIAOESP32S3\lib52a\ESP8266Audio\libflac\cpu.c.o
Compiling .pio\build\SeeedXIAOESP32S3\lib52a\ESP8266Audio\libflac\crc.c.o
Compiling .pio\build\SeeedXIAOESP32S3\lib52a\ESP8266Audio\libflac\fixed.c.o
Compiling .pio\build\SeeedXIAOESP32S3\lib52a\ESP8266Audio\libflac\float.c.o
Compiling .pio\build\SeeedXIAOESP32S3\lib52a\ESP8266Audio\libflac\format.c.o
Compiling .pio\build\SeeedXIAOESP32S3\lib52a\ESP8266Audio\libflac\lpc.c.o
Compiling .pio\build\SeeedXIAOESP32S3\lib52a\ESP8266Audio\libflac\md5.c.o
Compiling .pio\build\SeeedXIAOESP32S3\lib52a\ESP8266Audio\libflac\memory.c.o
Compiling .pio\build\SeeedXIAOESP32S3\lib52a\ESP8266Audio\libflac\stream_decoder.c.o
Compiling .pio\build\SeeedXIAOESP32S3\lib52a\ESP8266Audio\libflac\window.c.o
Compiling .pio\build\SeeedXIAOESP32S3\lib52a\ESP8266Audio\libhelix-aac\aacdec.c.o
Compiling .pio\build\SeeedXIAOESP32S3\lib52a\ESP8266Audio\libhelix-aac\aactabs.c.o
Compiling .pio\build\SeeedXIAOESP32S3\lib52a\ESP8266Audio\libhelix-aac\bitstream.c.o
Compiling .pio\build\SeeedXIAOESP32S3\lib52a\ESP8266Audio\libhelix-aac\buffers.c.o
Compiling .pio\build\SeeedXIAOESP32S3\lib52a\ESP8266Audio\libhelix-aac\dct4.c.o
Compiling .pio\build\SeeedXIAOESP32S3\lib52a\ESP8266Audio\libhelix-aac\decelmnt.c.o
Compiling .pio\build\SeeedXIAOESP32S3\lib52a\ESP8266Audio\libhelix-aac\dequant.c.o
Compiling .pio\build\SeeedXIAOESP32S3\lib52a\ESP8266Audio\libhelix-aac\fft.c.o
Compiling .pio\build\SeeedXIAOESP32S3\lib52a\ESP8266Audio\libhelix-aac\filefmt.c.o
Compiling .pio\build\SeeedXIAOESP32S3\lib52a\ESP8266Audio\libhelix-aac\huffman.c.o
Compiling .pio\build\SeeedXIAOESP32S3\lib52a\ESP8266Audio\libhelix-aac\hufftabs.c.o
Compiling .pio\build\SeeedXIAOESP32S3\lib52a\ESP8266Audio\libhelix-aac\imdct.c.o
Compiling .pio\build\SeeedXIAOESP32S3\lib52a\ESP8266Audio\libhelix-aac\noiseless.c.o
Compiling .pio\build\SeeedXIAOESP32S3\lib52a\ESP8266Audio\libhelix-aac\pns.c.o
Compiling .pio\build\SeeedXIAOESP32S3\lib52a\ESP8266Audio\libhelix-aac\sbr.c.o
Compiling .pio\build\SeeedXIAOESP32S3\lib52a\ESP8266Audio\libhelix-aac\sbrfft.c.o
Compiling .pio\build\SeeedXIAOESP32S3\lib52a\ESP8266Audio\libhelix-aac\sbrfreq.c.o
Compiling .pio\build\SeeedXIAOESP32S3\lib52a\ESP8266Audio\libhelix-aac\sbrhfadj.c.o
Compiling .pio\build\SeeedXIAOESP32S3\lib52a\ESP8266Audio\libhelix-aac\sbrhfgen.c.o
Compiling .pio\build\SeeedXIAOESP32S3\lib52a\ESP8266Audio\libhelix-aac\sbrhuff.c.o
Compiling .pio\build\SeeedXIAOESP32S3\lib52a\ESP8266Audio\libhelix-aac\sbrimdct.c.o
Compiling .pio\build\SeeedXIAOESP32S3\lib52a\ESP8266Audio\libhelix-aac\sbrmath.c.o
Compiling .pio\build\SeeedXIAOESP32S3\lib52a\ESP8266Audio\libhelix-aac\sbrqmf.c.o
Compiling .pio\build\SeeedXIAOESP32S3\lib52a\ESP8266Audio\libhelix-aac\sbrside.c.o
Compiling .pio\build\SeeedXIAOESP32S3\lib52a\ESP8266Audio\libhelix-aac\sbrtabs.c.o
Compiling .pio\build\SeeedXIAOESP32S3\lib52a\ESP8266Audio\libhelix-aac\stproc.c.o
Compiling .pio\build\SeeedXIAOESP32S3\lib52a\ESP8266Audio\libhelix-aac\tns.c.o
Compiling .pio\build\SeeedXIAOESP32S3\lib52a\ESP8266Audio\libhelix-aac\trigtabs.c.o
Compiling .pio\build\SeeedXIAOESP32S3\lib52a\ESP8266Audio\libhelix-mp3\bitstream.c.o
Compiling .pio\build\SeeedXIAOESP32S3\lib52a\ESP8266Audio\libhelix-mp3\buffers.c.o
Compiling .pio\build\SeeedXIAOESP32S3\lib52a\ESP8266Audio\libhelix-mp3\dct32.c.o
Compiling .pio\build\SeeedXIAOESP32S3\lib52a\ESP8266Audio\libhelix-mp3\dequant.c.o
Compiling .pio\build\SeeedXIAOESP32S3\lib52a\ESP8266Audio\libhelix-mp3\dqchan.c.o
Compiling .pio\build\SeeedXIAOESP32S3\lib52a\ESP8266Audio\libhelix-mp3\huffman.c.o
Compiling .pio\build\SeeedXIAOESP32S3\lib52a\ESP8266Audio\libhelix-mp3\hufftabs.c.o
Compiling .pio\build\SeeedXIAOESP32S3\lib52a\ESP8266Audio\libhelix-mp3\imdct.c.o
Compiling .pio\build\SeeedXIAOESP32S3\lib52a\ESP8266Audio\libhelix-mp3\mp3dec.c.o
Compiling .pio\build\SeeedXIAOESP32S3\lib52a\ESP8266Audio\libhelix-mp3\mp3tabs.c.o
Compiling .pio\build\SeeedXIAOESP32S3\lib52a\ESP8266Audio\libhelix-mp3\polyphase.c.o
Compiling .pio\build\SeeedXIAOESP32S3\lib52a\ESP8266Audio\libhelix-mp3\scalfact.c.o
Compiling .pio\build\SeeedXIAOESP32S3\lib52a\ESP8266Audio\libhelix-mp3\stproc.c.o
Compiling .pio\build\SeeedXIAOESP32S3\lib52a\ESP8266Audio\libhelix-mp3\subband.c.o
Compiling .pio\build\SeeedXIAOESP32S3\lib52a\ESP8266Audio\libhelix-mp3\trigtabs.c.o
Compiling .pio\build\SeeedXIAOESP32S3\lib52a\ESP8266Audio\libmad\bit.c.o
Compiling .pio\build\SeeedXIAOESP32S3\lib52a\ESP8266Audio\libmad\decoder.c.o
Compiling .pio\build\SeeedXIAOESP32S3\lib52a\ESP8266Audio\libmad\fixed.c.o
Compiling .pio\build\SeeedXIAOESP32S3\lib52a\ESP8266Audio\libmad\frame.c.o
Compiling .pio\build\SeeedXIAOESP32S3\lib52a\ESP8266Audio\libmad\huffman.c.o
Compiling .pio\build\SeeedXIAOESP32S3\lib52a\ESP8266Audio\libmad\layer3.c.o
Compiling .pio\build\SeeedXIAOESP32S3\lib52a\ESP8266Audio\libmad\stream.c.o
Compiling .pio\build\SeeedXIAOESP32S3\lib52a\ESP8266Audio\libmad\synth.c.o
Compiling .pio\build\SeeedXIAOESP32S3\lib52a\ESP8266Audio\libmad\timer.c.o
Compiling .pio\build\SeeedXIAOESP32S3\lib52a\ESP8266Audio\libmad\version.c.o
Compiling .pio\build\SeeedXIAOESP32S3\lib52a\ESP8266Audio\libogg\bitwise.c.o
Compiling .pio\build\SeeedXIAOESP32S3\lib52a\ESP8266Audio\libogg\framing.c.o
Compiling .pio\build\SeeedXIAOESP32S3\lib52a\ESP8266Audio\libopus\celt\bands.c.o
Compiling .pio\build\SeeedXIAOESP32S3\lib52a\ESP8266Audio\libopus\celt\celt.c.o
Compiling .pio\build\SeeedXIAOESP32S3\lib52a\ESP8266Audio\libopus\celt\celt_decoder.c.o
Compiling .pio\build\SeeedXIAOESP32S3\lib52a\ESP8266Audio\libopus\celt\celt_encoder.c.o
Compiling .pio\build\SeeedXIAOESP32S3\lib52a\ESP8266Audio\libopus\celt\celt_lpc.c.o
Compiling .pio\build\SeeedXIAOESP32S3\lib52a\ESP8266Audio\libopus\celt\cwrs.c.o
Compiling .pio\build\SeeedXIAOESP32S3\lib52a\ESP8266Audio\libopus\celt\entcode.c.o
Compiling .pio\build\SeeedXIAOESP32S3\lib52a\ESP8266Audio\libopus\celt\entdec.c.o
Compiling .pio\build\SeeedXIAOESP32S3\lib52a\ESP8266Audio\libopus\celt\entenc.c.o
Compiling .pio\build\SeeedXIAOESP32S3\lib52a\ESP8266Audio\libopus\celt\kiss_fft.c.o
Compiling .pio\build\SeeedXIAOESP32S3\lib52a\ESP8266Audio\libopus\celt\laplace.c.o
Compiling .pio\build\SeeedXIAOESP32S3\lib52a\ESP8266Audio\libopus\celt\mathops.c.o
Compiling .pio\build\SeeedXIAOESP32S3\lib52a\ESP8266Audio\libopus\celt\mdct.c.o
Compiling .pio\build\SeeedXIAOESP32S3\lib52a\ESP8266Audio\libopus\celt\modes.c.o
Compiling .pio\build\SeeedXIAOESP32S3\lib52a\ESP8266Audio\libopus\celt\pitch.c.o
Compiling .pio\build\SeeedXIAOESP32S3\lib52a\ESP8266Audio\libopus\celt\quant_bands.c.o
Compiling .pio\build\SeeedXIAOESP32S3\lib52a\ESP8266Audio\libopus\celt\rate.c.o
Compiling .pio\build\SeeedXIAOESP32S3\lib52a\ESP8266Audio\libopus\celt\vq.c.o
Compiling .pio\build\SeeedXIAOESP32S3\lib52a\ESP8266Audio\libopus\mapping_matrix.c.o
Compiling .pio\build\SeeedXIAOESP32S3\lib52a\ESP8266Audio\libopus\opus.c.o
Compiling .pio\build\SeeedXIAOESP32S3\lib52a\ESP8266Audio\libopus\opus_decoder.c.o
Compiling .pio\build\SeeedXIAOESP32S3\lib52a\ESP8266Audio\libopus\opus_encoder.c.o
Compiling .pio\build\SeeedXIAOESP32S3\lib52a\ESP8266Audio\libopus\opus_multistream.c.o
Compiling .pio\build\SeeedXIAOESP32S3\lib52a\ESP8266Audio\libopus\opus_multistream_decoder.c.o
Compiling .pio\build\SeeedXIAOESP32S3\lib52a\ESP8266Audio\libopus\opus_multistream_encoder.c.o
Compiling .pio\build\SeeedXIAOESP32S3\lib52a\ESP8266Audio\libopus\opus_projection_decoder.c.o
Compiling .pio\build\SeeedXIAOESP32S3\lib52a\ESP8266Audio\libopus\opus_projection_encoder.c.o
Compiling .pio\build\SeeedXIAOESP32S3\lib52a\ESP8266Audio\libopus\repacketizer.c.o
Compiling .pio\build\SeeedXIAOESP32S3\lib52a\ESP8266Audio\libopus\silk\A2NLSF.c.o
Compiling .pio\build\SeeedXIAOESP32S3\lib52a\ESP8266Audio\libopus\silk\CNG.c.o
Compiling .pio\build\SeeedXIAOESP32S3\lib52a\ESP8266Audio\libopus\silk\HP_variable_cutoff.c.o
Compiling .pio\build\SeeedXIAOESP32S3\lib52a\ESP8266Audio\libopus\silk\LPC_analysis_filter.c.o
Compiling .pio\build\SeeedXIAOESP32S3\lib52a\ESP8266Audio\libopus\silk\LPC_fit.c.o
Compiling .pio\build\SeeedXIAOESP32S3\lib52a\ESP8266Audio\libopus\silk\LPC_inv_pred_gain.c.o
Compiling .pio\build\SeeedXIAOESP32S3\lib52a\ESP8266Audio\libopus\silk\LP_variable_cutoff.c.o
Compiling .pio\build\SeeedXIAOESP32S3\lib52a\ESP8266Audio\libopus\silk\NLSF2A.c.o
Compiling .pio\build\SeeedXIAOESP32S3\lib52a\ESP8266Audio\libopus\silk\NLSF_VQ.c.o
Compiling .pio\build\SeeedXIAOESP32S3\lib52a\ESP8266Audio\libopus\silk\NLSF_VQ_weights_laroia.c.o
Compiling .pio\build\SeeedXIAOESP32S3\lib52a\ESP8266Audio\libopus\silk\NLSF_decode.c.o
Compiling .pio\build\SeeedXIAOESP32S3\lib52a\ESP8266Audio\libopus\silk\NLSF_del_dec_quant.c.o
Compiling .pio\build\SeeedXIAOESP32S3\lib52a\ESP8266Audio\libopus\silk\NLSF_encode.c.o
Compiling .pio\build\SeeedXIAOESP32S3\lib52a\ESP8266Audio\libopus\silk\NLSF_stabilize.c.o
Compiling .pio\build\SeeedXIAOESP32S3\lib52a\ESP8266Audio\libopus\silk\NLSF_unpack.c.o
Compiling .pio\build\SeeedXIAOESP32S3\lib52a\ESP8266Audio\libopus\silk\NSQ.c.o
Compiling .pio\build\SeeedXIAOESP32S3\lib52a\ESP8266Audio\libopus\silk\NSQ_del_dec.c.o
Compiling .pio\build\SeeedXIAOESP32S3\lib52a\ESP8266Audio\libopus\silk\PLC.c.o
Compiling .pio\build\SeeedXIAOESP32S3\lib52a\ESP8266Audio\libopus\silk\VAD.c.o
Compiling .pio\build\SeeedXIAOESP32S3\lib52a\ESP8266Audio\libopus\silk\VQ_WMat_EC.c.o
Compiling .pio\build\SeeedXIAOESP32S3\lib52a\ESP8266Audio\libopus\silk\ana_filt_bank_1.c.o
Compiling .pio\build\SeeedXIAOESP32S3\lib52a\ESP8266Audio\libopus\silk\biquad_alt.c.o
Compiling .pio\build\SeeedXIAOESP32S3\lib52a\ESP8266Audio\libopus\silk\bwexpander.c.o
Compiling .pio\build\SeeedXIAOESP32S3\lib52a\ESP8266Audio\libopus\silk\bwexpander_32.c.o
Compiling .pio\build\SeeedXIAOESP32S3\lib52a\ESP8266Audio\libopus\silk\check_control_input.c.o
Compiling .pio\build\SeeedXIAOESP32S3\lib52a\ESP8266Audio\libopus\silk\code_signs.c.o
Compiling .pio\build\SeeedXIAOESP32S3\lib52a\ESP8266Audio\libopus\silk\control_SNR.c.o
Compiling .pio\build\SeeedXIAOESP32S3\lib52a\ESP8266Audio\libopus\silk\control_audio_bandwidth.c.o
Compiling .pio\build\SeeedXIAOESP32S3\lib52a\ESP8266Audio\libopus\silk\control_codec.c.o
Compiling .pio\build\SeeedXIAOESP32S3\lib52a\ESP8266Audio\libopus\silk\debug.c.o
Compiling .pio\build\SeeedXIAOESP32S3\lib52a\ESP8266Audio\libopus\silk\dec_API.c.o
Compiling .pio\build\SeeedXIAOESP32S3\lib52a\ESP8266Audio\libopus\silk\decode_core.c.o
Compiling .pio\build\SeeedXIAOESP32S3\lib52a\ESP8266Audio\libopus\silk\decode_frame.c.o
Compiling .pio\build\SeeedXIAOESP32S3\lib52a\ESP8266Audio\libopus\silk\decode_indices.c.o
Compiling .pio\build\SeeedXIAOESP32S3\lib52a\ESP8266Audio\libopus\silk\decode_parameters.c.o
Compiling .pio\build\SeeedXIAOESP32S3\lib52a\ESP8266Audio\libopus\silk\decode_pitch.c.o
Compiling .pio\build\SeeedXIAOESP32S3\lib52a\ESP8266Audio\libopus\silk\decode_pulses.c.o
Compiling .pio\build\SeeedXIAOESP32S3\lib52a\ESP8266Audio\libopus\silk\decoder_set_fs.c.o
Compiling .pio\build\SeeedXIAOESP32S3\lib52a\ESP8266Audio\libopus\silk\enc_API.c.o
Compiling .pio\build\SeeedXIAOESP32S3\lib52a\ESP8266Audio\libopus\silk\encode_indices.c.o
Compiling .pio\build\SeeedXIAOESP32S3\lib52a\ESP8266Audio\libopus\silk\encode_pulses.c.o
Compiling .pio\build\SeeedXIAOESP32S3\lib52a\ESP8266Audio\libopus\silk\fixed\LTP_analysis_filter_FIX.c.o
Compiling .pio\build\SeeedXIAOESP32S3\lib52a\ESP8266Audio\libopus\silk\fixed\LTP_scale_ctrl_FIX.c.o
Compiling .pio\build\SeeedXIAOESP32S3\lib52a\ESP8266Audio\libopus\silk\fixed\apply_sine_window_FIX.c.o
Compiling .pio\build\SeeedXIAOESP32S3\lib52a\ESP8266Audio\libopus\silk\fixed\autocorr_FIX.c.o
Compiling .pio\build\SeeedXIAOESP32S3\lib52a\ESP8266Audio\libopus\silk\fixed\burg_modified_FIX.c.o
Compiling .pio\build\SeeedXIAOESP32S3\lib52a\ESP8266Audio\libopus\silk\fixed\corrMatrix_FIX.c.o
Compiling .pio\build\SeeedXIAOESP32S3\lib52a\ESP8266Audio\libopus\silk\fixed\encode_frame_FIX.c.o
Compiling .pio\build\SeeedXIAOESP32S3\lib52a\ESP8266Audio\libopus\silk\fixed\find_LPC_FIX.c.o
Compiling .pio\build\SeeedXIAOESP32S3\lib52a\ESP8266Audio\libopus\silk\fixed\find_LTP_FIX.c.o
Compiling .pio\build\SeeedXIAOESP32S3\lib52a\ESP8266Audio\libopus\silk\fixed\find_pitch_lags_FIX.c.o
Compiling .pio\build\SeeedXIAOESP32S3\lib52a\ESP8266Audio\libopus\silk\fixed\find_pred_coefs_FIX.c.o
Compiling .pio\build\SeeedXIAOESP32S3\lib52a\ESP8266Audio\libopus\silk\fixed\k2a_FIX.c.o
Compiling .pio\build\SeeedXIAOESP32S3\lib52a\ESP8266Audio\libopus\silk\fixed\k2a_Q16_FIX.c.o
Compiling .pio\build\SeeedXIAOESP32S3\lib52a\ESP8266Audio\libopus\silk\fixed\noise_shape_analysis_FIX.c.o
Compiling .pio\build\SeeedXIAOESP32S3\lib52a\ESP8266Audio\libopus\silk\fixed\pitch_analysis_core_FIX.c.o
Compiling .pio\build\SeeedXIAOESP32S3\lib52a\ESP8266Audio\libopus\silk\fixed\process_gains_FIX.c.o
Compiling .pio\build\SeeedXIAOESP32S3\lib52a\ESP8266Audio\libopus\silk\fixed\regularize_correlations_FIX.c.o
Compiling .pio\build\SeeedXIAOESP32S3\lib52a\ESP8266Audio\libopus\silk\fixed\residual_energy16_FIX.c.o
Compiling .pio\build\SeeedXIAOESP32S3\lib52a\ESP8266Audio\libopus\silk\fixed\residual_energy_FIX.c.o
Compiling .pio\build\SeeedXIAOESP32S3\lib52a\ESP8266Audio\libopus\silk\fixed\schur64_FIX.c.o
Compiling .pio\build\SeeedXIAOESP32S3\lib52a\ESP8266Audio\libopus\silk\fixed\schur_FIX.c.o
Compiling .pio\build\SeeedXIAOESP32S3\lib52a\ESP8266Audio\libopus\silk\fixed\vector_ops_FIX.c.o
Compiling .pio\build\SeeedXIAOESP32S3\lib52a\ESP8266Audio\libopus\silk\fixed\warped_autocorrelation_FIX.c.o
Compiling .pio\build\SeeedXIAOESP32S3\lib52a\ESP8266Audio\libopus\silk\gain_quant.c.o
Compiling .pio\build\SeeedXIAOESP32S3\lib52a\ESP8266Audio\libopus\silk\init_decoder.c.o
Compiling .pio\build\SeeedXIAOESP32S3\lib52a\ESP8266Audio\libopus\silk\init_encoder.c.o
Compiling .pio\build\SeeedXIAOESP32S3\lib52a\ESP8266Audio\libopus\silk\inner_prod_aligned.c.o
Compiling .pio\build\SeeedXIAOESP32S3\lib52a\ESP8266Audio\libopus\silk\interpolate.c.o
Compiling .pio\build\SeeedXIAOESP32S3\lib52a\ESP8266Audio\libopus\silk\lin2log.c.o
Compiling .pio\build\SeeedXIAOESP32S3\lib52a\ESP8266Audio\libopus\silk\log2lin.c.o
Compiling .pio\build\SeeedXIAOESP32S3\lib52a\ESP8266Audio\libopus\silk\pitch_est_tables.c.o
Compiling .pio\build\SeeedXIAOESP32S3\lib52a\ESP8266Audio\libopus\silk\process_NLSFs.c.o
Compiling .pio\build\SeeedXIAOESP32S3\lib52a\ESP8266Audio\libopus\silk\quant_LTP_gains.c.o
Compiling .pio\build\SeeedXIAOESP32S3\lib52a\ESP8266Audio\libopus\silk\resampler.c.o
Compiling .pio\build\SeeedXIAOESP32S3\lib52a\ESP8266Audio\libopus\silk\resampler_down2.c.o
Compiling .pio\build\SeeedXIAOESP32S3\lib52a\ESP8266Audio\libopus\silk\resampler_down2_3.c.o
Compiling .pio\build\SeeedXIAOESP32S3\lib52a\ESP8266Audio\libopus\silk\resampler_private_AR2.c.o
Compiling .pio\build\SeeedXIAOESP32S3\lib52a\ESP8266Audio\libopus\silk\resampler_private_IIR_FIR.c.o
Compiling .pio\build\SeeedXIAOESP32S3\lib52a\ESP8266Audio\libopus\silk\resampler_private_down_FIR.c.o
Compiling .pio\build\SeeedXIAOESP32S3\lib52a\ESP8266Audio\libopus\silk\resampler_private_up2_HQ.c.o
Compiling .pio\build\SeeedXIAOESP32S3\lib52a\ESP8266Audio\libopus\silk\resampler_rom.c.o
Compiling .pio\build\SeeedXIAOESP32S3\lib52a\ESP8266Audio\libopus\silk\shell_coder.c.o
Compiling .pio\build\SeeedXIAOESP32S3\lib52a\ESP8266Audio\libopus\silk\sigm_Q15.c.o
Compiling .pio\build\SeeedXIAOESP32S3\lib52a\ESP8266Audio\libopus\silk\sort.c.o
Compiling .pio\build\SeeedXIAOESP32S3\lib52a\ESP8266Audio\libopus\silk\stereo_LR_to_MS.c.o
Compiling .pio\build\SeeedXIAOESP32S3\lib52a\ESP8266Audio\libopus\silk\stereo_MS_to_LR.c.o
Compiling .pio\build\SeeedXIAOESP32S3\lib52a\ESP8266Audio\libopus\silk\stereo_decode_pred.c.o
Compiling .pio\build\SeeedXIAOESP32S3\lib52a\ESP8266Audio\libopus\silk\stereo_encode_pred.c.o
Compiling .pio\build\SeeedXIAOESP32S3\lib52a\ESP8266Audio\libopus\silk\stereo_find_predictor.c.o
Compiling .pio\build\SeeedXIAOESP32S3\lib52a\ESP8266Audio\libopus\silk\stereo_quant_pred.c.o
Compiling .pio\build\SeeedXIAOESP32S3\lib52a\ESP8266Audio\libopus\silk\sum_sqr_shift.c.o
Compiling .pio\build\SeeedXIAOESP32S3\lib52a\ESP8266Audio\libopus\silk\table_LSF_cos.c.o
Compiling .pio\build\SeeedXIAOESP32S3\lib52a\ESP8266Audio\libopus\silk\tables_LTP.c.o
Compiling .pio\build\SeeedXIAOESP32S3\lib52a\ESP8266Audio\libopus\silk\tables_NLSF_CB_NB_MB.c.o
Compiling .pio\build\SeeedXIAOESP32S3\lib52a\ESP8266Audio\libopus\silk\tables_NLSF_CB_WB.c.o
Compiling .pio\build\SeeedXIAOESP32S3\lib52a\ESP8266Audio\libopus\silk\tables_gain.c.o
Compiling .pio\build\SeeedXIAOESP32S3\lib52a\ESP8266Audio\libopus\silk\tables_other.c.o
Compiling .pio\build\SeeedXIAOESP32S3\lib52a\ESP8266Audio\libopus\silk\tables_pitch_lag.c.o
Compiling .pio\build\SeeedXIAOESP32S3\lib52a\ESP8266Audio\libopus\silk\tables_pulses_per_block.c.o
Compiling .pio\build\SeeedXIAOESP32S3\lib52a\ESP8266Audio\opusfile\info.c.o
Compiling .pio\build\SeeedXIAOESP32S3\lib52a\ESP8266Audio\opusfile\internal.c.o
Compiling .pio\build\SeeedXIAOESP32S3\lib52a\ESP8266Audio\opusfile\opusfile.c.o
Compiling .pio\build\SeeedXIAOESP32S3\lib52a\ESP8266Audio\opusfile\stream.c.o
Compiling .pio\build\SeeedXIAOESP32S3\lib3da\BUZZER\buzzer.cpp.o
Compiling .pio\build\SeeedXIAOESP32S3\lib754\LED\led.cpp.o
Compiling .pio\build\SeeedXIAOESP32S3\libd06\RX5808\RX5808.cpp.o
Archiving .pio\build\SeeedXIAOESP32S3\lib52a\libESP8266Audio.a
Compiling .pio\build\SeeedXIAOESP32S3\lib012\BATTERY\battery.cpp.o
Compiling .pio\build\SeeedXIAOESP32S3\lib4a2\STORAGE\storage.cpp.o
Compiling .pio\build\SeeedXIAOESP32S3\libdd1\EEPROM\EEPROM.cpp.o
Compiling .pio\build\SeeedXIAOESP32S3\libb09\CONFIG\config.cpp.o
Compiling .pio\build\SeeedXIAOESP32S3\lib6ca\AUDIO\audio.cpp.o
Archiving .pio\build\SeeedXIAOESP32S3\lib754\libLED.a
Compiling .pio\build\SeeedXIAOESP32S3\lib2a2\ELRS_BACKPACK\elrs_backpack_espnow.cpp.o
Archiving .pio\build\SeeedXIAOESP32S3\lib3da\libBUZZER.a
Archiving .pio\build\SeeedXIAOESP32S3\lib012\libBATTERY.a
Compiling .pio\build\SeeedXIAOESP32S3\lib2a2\ELRS_BACKPACK\elrs_bind_uid.cpp.o
Compiling .pio\build\SeeedXIAOESP32S3\lib2a2\ELRS_BACKPACK\msp.cpp.o
Compiling .pio\build\SeeedXIAOESP32S3\lib2c2\POWER\power.cpp.o
Compiling .pio\build\SeeedXIAOESP32S3\libda4\Wire\Wire.cpp.o
Archiving .pio\build\SeeedXIAOESP32S3\libdd1\libEEPROM.a
Compiling .pio\build\SeeedXIAOESP32S3\lib292\QMI8658\qmi8658.cpp.o
Archiving .pio\build\SeeedXIAOESP32S3\libd06\libRX5808.a
Compiling .pio\build\SeeedXIAOESP32S3\lib78a\RACEHISTORY\racehistory.cpp.o
Archiving .pio\build\SeeedXIAOESP32S3\lib4a2\libSTORAGE.a
Compiling .pio\build\SeeedXIAOESP32S3\libf9b\RGBLED\rgbled.cpp.o
Archiving .pio\build\SeeedXIAOESP32S3\libda4\libWire.a
Archiving .pio\build\SeeedXIAOESP32S3\lib6ca\libAUDIO.a
Archiving .pio\build\SeeedXIAOESP32S3\lib2c2\libPOWER.a
Compiling .pio\build\SeeedXIAOESP32S3\lib28e\ROTORHAZARD\rotorhazard.cpp.o
Archiving .pio\build\SeeedXIAOESP32S3\lib2a2\libELRS_BACKPACK.a
Compiling .pio\build\SeeedXIAOESP32S3\lib50d\KALMAN\kalman.cpp.o
Compiling .pio\build\SeeedXIAOESP32S3\libd9e\TRACKMANAGER\trackmanager.cpp.o
Archiving .pio\build\SeeedXIAOESP32S3\lib50d\libKALMAN.a
Archiving .pio\build\SeeedXIAOESP32S3\libb09\libCONFIG.a
Compiling .pio\build\SeeedXIAOESP32S3\libd8f\WEBHOOK\webhook.cpp.o
Archiving .pio\build\SeeedXIAOESP32S3\lib292\libQMI8658.a
Compiling .pio\build\SeeedXIAOESP32S3\libdbd\LAPTIMER\laptimer.cpp.o
Compiling .pio\build\SeeedXIAOESP32S3\lib536\USB\usb.cpp.o
Compiling .pio\build\SeeedXIAOESP32S3\libb72\SELFTEST\selftest.cpp.o
Archiving .pio\build\SeeedXIAOESP32S3\lib78a\libRACEHISTORY.a
Archiving .pio\build\SeeedXIAOESP32S3\libf9b\libRGBLED.a
Archiving .pio\build\SeeedXIAOESP32S3\lib28e\libROTORHAZARD.a
Archiving .pio\build\SeeedXIAOESP32S3\libd8f\libWEBHOOK.a
Compiling .pio\build\SeeedXIAOESP32S3\libebf\DNSServer\DNSServer.cpp.o
Compiling .pio\build\SeeedXIAOESP32S3\libc71\ESPmDNS\ESPmDNS.cpp.o
Compiling .pio\build\SeeedXIAOESP32S3\libdd9\WEBSERVER\webserver.cpp.o
Archiving .pio\build\SeeedXIAOESP32S3\libdbd\libLAPTIMER.a
Archiving .pio\build\SeeedXIAOESP32S3\libd9e\libTRACKMANAGER.a
Compiling .pio\build\SeeedXIAOESP32S3\FrameworkArduino\Esp.cpp.o
Archiving .pio\build\SeeedXIAOESP32S3\libebf\libDNSServer.a
Compiling .pio\build\SeeedXIAOESP32S3\FrameworkArduino\FirmwareMSC.cpp.o
Compiling .pio\build\SeeedXIAOESP32S3\FrameworkArduino\FunctionalInterrupt.cpp.o
Compiling .pio\build\SeeedXIAOESP32S3\FrameworkArduino\HWCDC.cpp.o
Compiling .pio\build\SeeedXIAOESP32S3\FrameworkArduino\HardwareSerial.cpp.o
Compiling .pio\build\SeeedXIAOESP32S3\FrameworkArduino\IPAddress.cpp.o
lib/USB/usb.cpp: In member function 'void USBTransport::processCommand(const char*)':
lib/USB/usb.cpp:151:71: warning: 'ArduinoJson::V720PB22::detail::enable_if_t<ArduinoJson::V720PB22::detail::IsString<TChar*>::value, bool> ArduinoJson::V720PB22::detail::VariantRefBase<TDerived>::containsKey(TChar*) const [with TChar = const char; TDerived = 
ArduinoJson::V720PB22::detail::MemberProxy<ArduinoJson::V720PB22::JsonDocument&, const char*>; ArduinoJson::V720PB22::detail::enable_if_t<ArduinoJson::V720PB22::detail::IsString<TChar*>::value, bool> = bool]' is deprecated: use obj["key"].is<T>() instead [-Wdeprecated-declarations]
         if (!doc["data"].isNull() && doc["data"].containsKey("lapTime")) {
                                                                       ^
In file included from .pio/libdeps/SeeedXIAOESP32S3/ArduinoJson/src/ArduinoJson.hpp:46,
                 from .pio/libdeps/SeeedXIAOESP32S3/ArduinoJson/src/ArduinoJson.h:9,
                 from lib/CONFIG/config.h:4,
                 from lib/USB/usb.h:28,
                 from lib/USB/usb.cpp:1:
.pio/libdeps/SeeedXIAOESP32S3/ArduinoJson/src/ArduinoJson/Variant/VariantRefBaseImpl.hpp:89:1: note: declared here
 VariantRefBase<TDerived>::containsKey(TChar* key) const {
 ^~~~~~~~~~~~~~~~~~~~~~~~
Compiling .pio\build\SeeedXIAOESP32S3\FrameworkArduino\IPv6Address.cpp.o
lib/USB/usb.cpp:244:70: warning: 'ArduinoJson::V720PB22::detail::enable_if_t<ArduinoJson::V720PB22::detail::IsString<TChar*>::value, bool> ArduinoJson::V720PB22::detail::VariantRefBase<TDerived>::containsKey(TChar*) const [with TChar = const char; TDerived = 
ArduinoJson::V720PB22::detail::MemberProxy<ArduinoJson::V720PB22::JsonDocument&, const char*>; ArduinoJson::V720PB22::detail::enable_if_t<ArduinoJson::V720PB22::detail::IsString<TChar*>::value, bool> = bool]' is deprecated: use obj["key"].is<T>() instead [-Wdeprecated-declarations]
         if (!doc["data"].isNull() && doc["data"].containsKey("preset")) {
                                                                      ^
In file included from .pio/libdeps/SeeedXIAOESP32S3/ArduinoJson/src/ArduinoJson.hpp:46,
                 from .pio/libdeps/SeeedXIAOESP32S3/ArduinoJson/src/ArduinoJson.h:9,
                 from lib/CONFIG/config.h:4,
                 from lib/USB/usb.h:28,
Compiling .pio\build\SeeedXIAOESP32S3\FrameworkArduino\MD5Builder.cpp.o
                 from lib/USB/usb.cpp:1:
.pio/libdeps/SeeedXIAOESP32S3/ArduinoJson/src/ArduinoJson/Variant/VariantRefBaseImpl.hpp:89:1: note: declared here
 VariantRefBase<TDerived>::containsKey(TChar* key) const {
 ^~~~~~~~~~~~~~~~~~~~~~~~
lib/USB/usb.cpp:261:69: warning: 'ArduinoJson::V720PB22::detail::enable_if_t<ArduinoJson::V720PB22::detail::IsString<TChar*>::value, bool> ArduinoJson::V720PB22::detail::VariantRefBase<TDerived>::containsKey(TChar*) const [with TChar = const char; TDerived = 
ArduinoJson::V720PB22::detail::MemberProxy<ArduinoJson::V720PB22::JsonDocument&, const char*>; ArduinoJson::V720PB22::detail::enable_if_t<ArduinoJson::V720PB22::detail::IsString<TChar*>::value, bool> = bool]' is deprecated: use obj["key"].is<T>() instead [-Wdeprecated-declarations]
         if (!doc["data"].isNull() && doc["data"].containsKey("color")) {
                                                                     ^
In file included from .pio/libdeps/SeeedXIAOESP32S3/ArduinoJson/src/ArduinoJson.hpp:46,
                 from .pio/libdeps/SeeedXIAOESP32S3/ArduinoJson/src/ArduinoJson.h:9,
                 from lib/CONFIG/config.h:4,
                 from lib/USB/usb.h:28,
                 from lib/USB/usb.cpp:1:
.pio/libdeps/SeeedXIAOESP32S3/ArduinoJson/src/ArduinoJson/Variant/VariantRefBaseImpl.hpp:89:1: note: declared here
 VariantRefBase<TDerived>::containsKey(TChar* key) const {
 ^~~~~~~~~~~~~~~~~~~~~~~~
lib/USB/usb.cpp:279:74: warning: 'ArduinoJson::V720PB22::detail::enable_if_t<ArduinoJson::V720PB22::detail::IsString<TChar*>::value, bool> ArduinoJson::V720PB22::detail::VariantRefBase<TDerived>::containsKey(TChar*) const [with TChar = const char; TDerived = 
ArduinoJson::V720PB22::detail::MemberProxy<ArduinoJson::V720PB22::JsonDocument&, const char*>; ArduinoJson::V720PB22::detail::enable_if_t<ArduinoJson::V720PB22::detail::IsString<TChar*>::value, bool> = bool]' is deprecated: use obj["key"].is<T>() instead [-Wdeprecated-declarations]
         if (!doc["data"].isNull() && doc["data"].containsKey("brightness")) {
                                                                          ^
In file included from .pio/libdeps/SeeedXIAOESP32S3/ArduinoJson/src/ArduinoJson.hpp:46,
                 from .pio/libdeps/SeeedXIAOESP32S3/ArduinoJson/src/ArduinoJson.h:9,
                 from lib/CONFIG/config.h:4,
                 from lib/USB/usb.h:28,
                 from lib/USB/usb.cpp:1:
.pio/libdeps/SeeedXIAOESP32S3/ArduinoJson/src/ArduinoJson/Variant/VariantRefBaseImpl.hpp:89:1: note: declared here
 VariantRefBase<TDerived>::containsKey(TChar* key) const {
 ^~~~~~~~~~~~~~~~~~~~~~~~
lib/USB/usb.cpp:296:69: warning: 'ArduinoJson::V720PB22::detail::enable_if_t<ArduinoJson::V720PB22::detail::IsString<TChar*>::value, bool> ArduinoJson::V720PB22::detail::VariantRefBase<TDerived>::containsKey(TChar*) const [with TChar = const char; TDerived = 
ArduinoJson::V720PB22::detail::MemberProxy<ArduinoJson::V720PB22::JsonDocument&, const char*>; ArduinoJson::V720PB22::detail::enable_if_t<ArduinoJson::V720PB22::detail::IsString<TChar*>::value, bool> = bool]' is deprecated: use obj["key"].is<T>() instead [-Wdeprecated-declarations]
         if (!doc["data"].isNull() && doc["data"].containsKey("speed")) {
                                                                     ^
In file included from .pio/libdeps/SeeedXIAOESP32S3/ArduinoJson/src/ArduinoJson.hpp:46,
                 from .pio/libdeps/SeeedXIAOESP32S3/ArduinoJson/src/ArduinoJson.h:9,
                 from lib/CONFIG/config.h:4,
                 from lib/USB/usb.h:28,
                 from lib/USB/usb.cpp:1:
.pio/libdeps/SeeedXIAOESP32S3/ArduinoJson/src/ArduinoJson/Variant/VariantRefBaseImpl.hpp:89:1: note: declared here
 VariantRefBase<TDerived>::containsKey(TChar* key) const {
 ^~~~~~~~~~~~~~~~~~~~~~~~
lib/USB/usb.cpp:313:70: warning: 'ArduinoJson::V720PB22::detail::enable_if_t<ArduinoJson::V720PB22::detail::IsString<TChar*>::value, bool> ArduinoJson::V720PB22::detail::VariantRefBase<TDerived>::containsKey(TChar*) const [with TChar = const char; TDerived = 
ArduinoJson::V720PB22::detail::MemberProxy<ArduinoJson::V720PB22::JsonDocument&, const char*>; ArduinoJson::V720PB22::detail::enable_if_t<ArduinoJson::V720PB22::detail::IsString<TChar*>::value, bool> = bool]' is deprecated: use obj["key"].is<T>() instead [-Wdeprecated-declarations]
         if (!doc["data"].isNull() && doc["data"].containsKey("enable")) {
                                                                      ^
In file included from .pio/libdeps/SeeedXIAOESP32S3/ArduinoJson/src/ArduinoJson.hpp:46,
                 from .pio/libdeps/SeeedXIAOESP32S3/ArduinoJson/src/ArduinoJson.h:9,
                 from lib/CONFIG/config.h:4,
                 from lib/USB/usb.h:28,
                 from lib/USB/usb.cpp:1:
.pio/libdeps/SeeedXIAOESP32S3/ArduinoJson/src/ArduinoJson/Variant/VariantRefBaseImpl.hpp:89:1: note: declared here
 VariantRefBase<TDerived>::containsKey(TChar* key) const {
 ^~~~~~~~~~~~~~~~~~~~~~~~
lib/USB/usb.cpp:330:69: warning: 'ArduinoJson::V720PB22::detail::enable_if_t<ArduinoJson::V720PB22::detail::IsString<TChar*>::value, bool> ArduinoJson::V720PB22::detail::VariantRefBase<TDerived>::containsKey(TChar*) const [with TChar = const char; TDerived = 
ArduinoJson::V720PB22::detail::MemberProxy<ArduinoJson::V720PB22::JsonDocument&, const char*>; ArduinoJson::V720PB22::detail::enable_if_t<ArduinoJson::V720PB22::detail::IsString<TChar*>::value, bool> = bool]' is deprecated: use obj["key"].is<T>() instead [-Wdeprecated-declarations]
         if (!doc["data"].isNull() && doc["data"].containsKey("color")) {
                                                                     ^
In file included from .pio/libdeps/SeeedXIAOESP32S3/ArduinoJson/src/ArduinoJson.hpp:46,
                 from .pio/libdeps/SeeedXIAOESP32S3/ArduinoJson/src/ArduinoJson.h:9,
                 from lib/CONFIG/config.h:4,
                 from lib/USB/usb.h:28,
                 from lib/USB/usb.cpp:1:
.pio/libdeps/SeeedXIAOESP32S3/ArduinoJson/src/ArduinoJson/Variant/VariantRefBaseImpl.hpp:89:1: note: declared here
 VariantRefBase<TDerived>::containsKey(TChar* key) const {
 ^~~~~~~~~~~~~~~~~~~~~~~~
lib/USB/usb.cpp:348:69: warning: 'ArduinoJson::V720PB22::detail::enable_if_t<ArduinoJson::V720PB22::detail::IsString<TChar*>::value, bool> ArduinoJson::V720PB22::detail::VariantRefBase<TDerived>::containsKey(TChar*) const [with TChar = const char; TDerived = 
ArduinoJson::V720PB22::detail::MemberProxy<ArduinoJson::V720PB22::JsonDocument&, const char*>; ArduinoJson::V720PB22::detail::enable_if_t<ArduinoJson::V720PB22::detail::IsString<TChar*>::value, bool> = bool]' is deprecated: use obj["key"].is<T>() instead [-Wdeprecated-declarations]
         if (!doc["data"].isNull() && doc["data"].containsKey("color")) {
                                                                     ^
In file included from .pio/libdeps/SeeedXIAOESP32S3/ArduinoJson/src/ArduinoJson.hpp:46,
                 from .pio/libdeps/SeeedXIAOESP32S3/ArduinoJson/src/ArduinoJson.h:9,
                 from lib/CONFIG/config.h:4,
                 from lib/USB/usb.h:28,
                 from lib/USB/usb.cpp:1:
.pio/libdeps/SeeedXIAOESP32S3/ArduinoJson/src/ArduinoJson/Variant/VariantRefBaseImpl.hpp:89:1: note: declared here
 VariantRefBase<TDerived>::containsKey(TChar* key) const {
 ^~~~~~~~~~~~~~~~~~~~~~~~
Compiling .pio\build\SeeedXIAOESP32S3\FrameworkArduino\Print.cpp.o
Compiling .pio\build\SeeedXIAOESP32S3\FrameworkArduino\Stream.cpp.o
Compiling .pio\build\SeeedXIAOESP32S3\FrameworkArduino\StreamString.cpp.o
Compiling .pio\build\SeeedXIAOESP32S3\FrameworkArduino\Tone.cpp.o
Archiving .pio\build\SeeedXIAOESP32S3\libc71\libESPmDNS.a
Compiling .pio\build\SeeedXIAOESP32S3\FrameworkArduino\USB.cpp.o
Compiling .pio\build\SeeedXIAOESP32S3\FrameworkArduino\USBCDC.cpp.o
Compiling .pio\build\SeeedXIAOESP32S3\FrameworkArduino\USBMSC.cpp.o
Compiling .pio\build\SeeedXIAOESP32S3\FrameworkArduino\WMath.cpp.o
Compiling .pio\build\SeeedXIAOESP32S3\FrameworkArduino\WString.cpp.o
Compiling .pio\build\SeeedXIAOESP32S3\FrameworkArduino\base64.cpp.o
Compiling .pio\build\SeeedXIAOESP32S3\FrameworkArduino\cbuf.cpp.o
Compiling .pio\build\SeeedXIAOESP32S3\FrameworkArduino\esp32-hal-adc.c.o
Compiling .pio\build\SeeedXIAOESP32S3\FrameworkArduino\esp32-hal-bt.c.o
Compiling .pio\build\SeeedXIAOESP32S3\FrameworkArduino\esp32-hal-cpu.c.o
Compiling .pio\build\SeeedXIAOESP32S3\FrameworkArduino\esp32-hal-dac.c.o
Compiling .pio\build\SeeedXIAOESP32S3\FrameworkArduino\esp32-hal-gpio.c.o
Compiling .pio\build\SeeedXIAOESP32S3\FrameworkArduino\esp32-hal-i2c-slave.c.o
Compiling .pio\build\SeeedXIAOESP32S3\FrameworkArduino\esp32-hal-i2c.c.o
Compiling .pio\build\SeeedXIAOESP32S3\FrameworkArduino\esp32-hal-ledc.c.o
Compiling .pio\build\SeeedXIAOESP32S3\FrameworkArduino\esp32-hal-matrix.c.o
Compiling .pio\build\SeeedXIAOESP32S3\FrameworkArduino\esp32-hal-misc.c.o
Compiling .pio\build\SeeedXIAOESP32S3\FrameworkArduino\esp32-hal-psram.c.o
Compiling .pio\build\SeeedXIAOESP32S3\FrameworkArduino\esp32-hal-rgb-led.c.o
Compiling .pio\build\SeeedXIAOESP32S3\FrameworkArduino\esp32-hal-rmt.c.o
Compiling .pio\build\SeeedXIAOESP32S3\FrameworkArduino\esp32-hal-sigmadelta.c.o
Compiling .pio\build\SeeedXIAOESP32S3\FrameworkArduino\esp32-hal-spi.c.o
Archiving .pio\build\SeeedXIAOESP32S3\libb72\libSELFTEST.a
Compiling .pio\build\SeeedXIAOESP32S3\FrameworkArduino\esp32-hal-time.c.o
Archiving .pio\build\SeeedXIAOESP32S3\lib536\libUSB.a
Compiling .pio\build\SeeedXIAOESP32S3\FrameworkArduino\esp32-hal-timer.c.o
Compiling .pio\build\SeeedXIAOESP32S3\FrameworkArduino\esp32-hal-tinyusb.c.o
Compiling .pio\build\SeeedXIAOESP32S3\FrameworkArduino\esp32-hal-touch.c.o
Compiling .pio\build\SeeedXIAOESP32S3\FrameworkArduino\esp32-hal-uart.c.o
Compiling .pio\build\SeeedXIAOESP32S3\FrameworkArduino\firmware_msc_fat.c.o
Compiling .pio\build\SeeedXIAOESP32S3\FrameworkArduino\libb64\cdecode.c.o
Compiling .pio\build\SeeedXIAOESP32S3\FrameworkArduino\libb64\cencode.c.o
Compiling .pio\build\SeeedXIAOESP32S3\FrameworkArduino\main.cpp.o
Compiling .pio\build\SeeedXIAOESP32S3\FrameworkArduino\stdlib_noniso.c.o
Compiling .pio\build\SeeedXIAOESP32S3\FrameworkArduino\wiring_pulse.c.o
Compiling .pio\build\SeeedXIAOESP32S3\FrameworkArduino\wiring_shift.c.o
Archiving .pio\build\SeeedXIAOESP32S3\libFrameworkArduino.a
Archiving .pio\build\SeeedXIAOESP32S3\libdd9\libWEBSERVER.a
Linking .pio\build\SeeedXIAOESP32S3\firmware.elf
Retrieving maximum program size .pio\build\SeeedXIAOESP32S3\firmware.elf
Checking size .pio\build\SeeedXIAOESP32S3\firmware.elf
Advanced Memory Usage is available via "PlatformIO Home > Project Inspect"
RAM:   [==        ]  23.6% (used 77472 bytes from 327680 bytes)
Flash: [======    ]  61.0% (used 1280049 bytes from 2097152 bytes)
Building .pio\build\SeeedXIAOESP32S3\firmware.bin
esptool.py v4.5.1
Creating esp32s3 image...
Merged 2 ELF sections
Successfully created esp32s3 image.
========================= [SUCCESS] Took 89.86 seconds =========================

Processing WaveshareESP32S3LCD2 (framework: arduino; platform: https://github.com/pioarduino/platform-espressif32/releases/download/stable/platform-espressif32.zip; board: esp32-s3-devkitc-1)
--------------------------------------------------------------------------------
Tool Manager: Installing https://github.com/espressif/arduino-esp32/releases/download/3.3.5/esp32-3.3.5.tar.xz
Unpacking 0% 10% 20% 30% 40% 50% 60% 70% 80% 90% 100%
Tool Manager: framework-arduinoespressif32@3.3.5 has been installed!
Tool Manager: Installing https://github.com/pioarduino/registry/releases/download/0.0.1/esptoolpy-v5.1.0.zip
Unpacking 0% 10% 20%
Tool Manager: tool-esptoolpy@5.1.0 has been installed!
Tool Manager: Installing https://github.com/pioarduino/registry/releases/download/0.0.1/mklittlefs-3.2.0-new.zip
Unpacking 0% 10% 20%
Tool Manager: tool-mklittlefs@3.2.0 has been installed!
Removing unused dependencies...
Library Manager: Installing git+https://github.com/me-no-dev/AsyncTCP.git
git version 2.52.0.windows.1
Cloning into 'C:\Users\Louis\.platformio\.cache\tmp\pkg-installing-wbs7ms8x'...
Library Manager: AsyncTCP@3.3.2+sha.ef448a8 has been installed!
Tool Manager: Installing file://C:\Users\Louis\.platformio\tools\tool-esptoolpy
Tool Manager: tool-esptoolpy@5.1.0 has been installed!
Verbose mode can be enabled via `-v, --verbose` option
CONFIGURATION: https://docs.platformio.org/page/boards/espressif32/esp32-s3-devkitc-1.html
PLATFORM: Espressif 32 (55.3.35) > Espressif ESP32-S3-DevKitC-1-N8 (8 MB QD, No PSRAM)
HARDWARE: ESP32S3 240MHz, 320KB RAM, 8MB Flash
DEBUG: Current (esp-builtin) On-board (esp-builtin) External (cmsis-dap, esp-bridge, esp-prog, iot-bus-jtag, jlink, minimodule, olimex-arm-usb-ocd, olimex-arm-usb-ocd-h, olimex-arm-usb-tiny-h, olimex-jtag-tiny, tumpa)
PACKAGES: 
 - contrib-piohome @ 3.4.4 
 - framework-arduinoespressif32 @ 3.3.5 
 - framework-arduinoespressif32-libs @ 5.5.0+sha.9bb7aa84fe 
 - tool-esptoolpy @ 5.1.0 
 - toolchain-xtensa-esp-elf @ 14.2.0+20251107
[ComponentManager] Processed 1 ignored libraries
[ComponentManager] Session completed with 1 changes
*** Applied include path shortening for 331 framework paths ***
*** Path length reduced from 39243 to ~13849 characters ***
*** Estimated savings: 24825 characters ***
LDF: Library Dependency Finder -> https://bit.ly/configure-pio-ldf
LDF Modes: Finder ~ chain, Compatibility ~ strict
Found 79 compatible libraries
Scanning dependencies...
Dependency Graph
|-- AsyncTCP @ 3.3.2+sha.ef448a8
|-- ESPAsyncWebServer @ 3.6.0+sha.ad3741d
|-- ArduinoJson @ 7.2.0
|-- ElegantOTA @ 3.1.7
|-- FastLED @ 3.10.3
|-- GFX Library for Arduino @ 1.6.5
|-- lvgl @ 8.4.0
|-- TFT_eSPI @ 2.5.43
|-- WebSockets @ 2.7.3+sha.e3edca4
|-- LCD_UI
|-- DEBUG
|-- ELRS_BACKPACK
|-- LED
|-- POWER
|-- QMI8658
|-- RACEHISTORY
|-- RGBLED
|-- ROTORHAZARD
|-- SELFTEST
|-- STORAGE
|-- TRACKMANAGER
|-- TRANSPORT
|-- USB
|-- WEBHOOK
|-- WEBSERVER
Building in release mode
Compiling .pio\build\WaveshareESP32S3LCD2\lib092\Network\NetworkClient.cpp.o
Compiling .pio\build\WaveshareESP32S3LCD2\lib092\Network\NetworkEvents.cpp.o
Compiling .pio\build\WaveshareESP32S3LCD2\lib092\Network\NetworkInterface.cpp.o
Compiling .pio\build\WaveshareESP32S3LCD2\lib092\Network\NetworkManager.cpp.o
Compiling .pio\build\WaveshareESP32S3LCD2\lib092\Network\NetworkServer.cpp.o
Compiling .pio\build\WaveshareESP32S3LCD2\lib092\Network\NetworkUdp.cpp.o
Compiling .pio\build\WaveshareESP32S3LCD2\libe95\AsyncTCP@src-7fb2940bccb78b8d2de6915ae328b7fc\AsyncTCP.cpp.o
Compiling .pio\build\WaveshareESP32S3LCD2\lib204\Hash\PBKDF2_HMACBuilder.cpp.o
Compiling .pio\build\WaveshareESP32S3LCD2\lib204\Hash\SHA1Builder.cpp.o
Compiling .pio\build\WaveshareESP32S3LCD2\lib204\Hash\SHA2Builder.cpp.o
Compiling .pio\build\WaveshareESP32S3LCD2\lib204\Hash\SHA3Builder.cpp.o
Compiling .pio\build\WaveshareESP32S3LCD2\lib971\FS\FS.cpp.o
Compiling .pio\build\WaveshareESP32S3LCD2\lib971\FS\vfs_api.cpp.o
Compiling .pio\build\WaveshareESP32S3LCD2\lib453\WebServer\Parsing.cpp.o
Compiling .pio\build\WaveshareESP32S3LCD2\lib453\WebServer\WebServer.cpp.o
Compiling .pio\build\WaveshareESP32S3LCD2\lib453\WebServer\detail\mimetable.cpp.o
In file included from C:/Users/Louis/.platformio/packages/framework-arduinoespressif32/libraries/Network/src/NetworkEvents.h:8,
                 from C:/Users/Louis/.platformio/packages/framework-arduinoespressif32/libraries/Network/src/NetworkManager.h:8,
                 from C:/Users/Louis/.platformio/packages/framework-arduinoespressif32/libraries/Network/src/NetworkManager.cpp:6:
C:/Users/Louis/.platformio/packages/framework-arduinoespressif32-libs/esp32s3/qio_opi/include/sdkconfig.h:1094:9: warning: "CONFIG_ESP_TASK_WDT_EN" redefined
 1094 | #define CONFIG_ESP_TASK_WDT_EN 1
      |         ^~~~~~~~~~~~~~~~~~~~~~
<command-line>: note: this is the location of the previous definition
C:/Users/Louis/.platformio/packages/framework-arduinoespressif32-libs/esp32s3/qio_opi/include/sdkconfig.h:1095:9: warning: "CONFIG_ESP_TASK_WDT_INIT" redefined
 1095 | #define CONFIG_ESP_TASK_WDT_INIT 1
      |         ^~~~~~~~~~~~~~~~~~~~~~~~
<command-line>: note: this is the location of the previous definition
C:/Users/Louis/.platformio/packages/framework-arduinoespressif32-libs/esp32s3/qio_opi/include/sdkconfig.h:1098:9: warning: "CONFIG_ESP_TASK_WDT_CHECK_IDLE_TASK_CPU0" redefined
 1098 | #define CONFIG_ESP_TASK_WDT_CHECK_IDLE_TASK_CPU0 1
      |         ^~~~~~~~~~~~~~~~~~~~~~~~~~~~~~~~~~~~~~~~
<command-line>: note: this is the location of the previous definition
C:/Users/Louis/.platformio/packages/framework-arduinoespressif32-libs/esp32s3/qio_opi/include/sdkconfig.h:1155:9: warning: "CONFIG_ESP_COREDUMP_ENABLE" redefined
 1155 | #define CONFIG_ESP_COREDUMP_ENABLE 1
      |         ^~~~~~~~~~~~~~~~~~~~~~~~~~
<command-line>: note: this is the location of the previous definition
C:/Users/Louis/.platformio/packages/framework-arduinoespressif32-libs/esp32s3/qio_opi/include/sdkconfig.h:1879:9: warning: "CONFIG_ESP32S3_SPIRAM_SUPPORT" redefined
 1879 | #define CONFIG_ESP32S3_SPIRAM_SUPPORT CONFIG_SPIRAM
      |         ^~~~~~~~~~~~~~~~~~~~~~~~~~~~~
<command-line>: note: this is the location of the previous definition
In file included from C:/Users/Louis/.platformio/packages/framework-arduinoespressif32/libraries/Network/src/NetworkEvents.h:8,
                 from C:/Users/Louis/.platformio/packages/framework-arduinoespressif32/libraries/Network/src/NetworkEvents.cpp:9:
C:/Users/Louis/.platformio/packages/framework-arduinoespressif32-libs/esp32s3/qio_opi/include/sdkconfig.h:1094:9: warning: "CONFIG_ESP_TASK_WDT_EN" redefined
 1094 | #define CONFIG_ESP_TASK_WDT_EN 1
      |         ^~~~~~~~~~~~~~~~~~~~~~
<command-line>: note: this is the location of the previous definition
C:/Users/Louis/.platformio/packages/framework-arduinoespressif32-libs/esp32s3/qio_opi/include/sdkconfig.h:1095:9: warning: "CONFIG_ESP_TASK_WDT_INIT" redefined
 1095 | #define CONFIG_ESP_TASK_WDT_INIT 1
      |         ^~~~~~~~~~~~~~~~~~~~~~~~
<command-line>: note: this is the location of the previous definition
C:/Users/Louis/.platformio/packages/framework-arduinoespressif32-libs/esp32s3/qio_opi/include/sdkconfig.h:1098:9: warning: "CONFIG_ESP_TASK_WDT_CHECK_IDLE_TASK_CPU0" redefined
 1098 | #define CONFIG_ESP_TASK_WDT_CHECK_IDLE_TASK_CPU0 1
      |         ^~~~~~~~~~~~~~~~~~~~~~~~~~~~~~~~~~~~~~~~
<command-line>: note: this is the location of the previous definition
C:/Users/Louis/.platformio/packages/framework-arduinoespressif32-libs/esp32s3/qio_opi/include/sdkconfig.h:1155:9: warning: "CONFIG_ESP_COREDUMP_ENABLE" redefined
 1155 | #define CONFIG_ESP_COREDUMP_ENABLE 1
      |         ^~~~~~~~~~~~~~~~~~~~~~~~~~
<command-line>: note: this is the location of the previous definition
C:/Users/Louis/.platformio/packages/framework-arduinoespressif32-libs/esp32s3/qio_opi/include/sdkconfig.h:1879:9: warning: "CONFIG_ESP32S3_SPIRAM_SUPPORT" redefined
 1879 | #define CONFIG_ESP32S3_SPIRAM_SUPPORT CONFIG_SPIRAM
      |         ^~~~~~~~~~~~~~~~~~~~~~~~~~~~~
<command-line>: note: this is the location of the previous definition
Compiling .pio\build\WaveshareESP32S3LCD2\lib453\WebServer\middleware\AuthenticationMiddleware.cpp.o
Compiling .pio\build\WaveshareESP32S3LCD2\lib453\WebServer\middleware\CorsMiddleware.cpp.o
Compiling .pio\build\WaveshareESP32S3LCD2\lib453\WebServer\middleware\LoggingMiddleware.cpp.o
Compiling .pio\build\WaveshareESP32S3LCD2\lib453\WebServer\middleware\MiddlewareChain.cpp.o
Compiling .pio\build\WaveshareESP32S3LCD2\lib868\WiFi\AP.cpp.o
Compiling .pio\build\WaveshareESP32S3LCD2\lib868\WiFi\STA.cpp.o
In file included from C:/Users/Louis/.platformio/packages/framework-arduinoespressif32/libraries/WiFi/src/WiFi.h:25,
                 from C:/Users/Louis/.platformio/packages/framework-arduinoespressif32/libraries/WiFi/src/AP.cpp:7:
C:/Users/Louis/.platformio/packages/framework-arduinoespressif32-libs/esp32s3/qio_opi/include/sdkconfig.h:1094:9: warning: "CONFIG_ESP_TASK_WDT_EN" redefined
 1094 | #define CONFIG_ESP_TASK_WDT_EN 1
      |         ^~~~~~~~~~~~~~~~~~~~~~
<command-line>: note: this is the location of the previous definition
C:/Users/Louis/.platformio/packages/framework-arduinoespressif32-libs/esp32s3/qio_opi/include/sdkconfig.h:1095:9: warning: "CONFIG_ESP_TASK_WDT_INIT" redefined
 1095 | #define CONFIG_ESP_TASK_WDT_INIT 1
      |         ^~~~~~~~~~~~~~~~~~~~~~~~
<command-line>: note: this is the location of the previous definition
C:/Users/Louis/.platformio/packages/framework-arduinoespressif32-libs/esp32s3/qio_opi/include/sdkconfig.h:1098:9: warning: "CONFIG_ESP_TASK_WDT_CHECK_IDLE_TASK_CPU0" redefined
 1098 | #define CONFIG_ESP_TASK_WDT_CHECK_IDLE_TASK_CPU0 1
      |         ^~~~~~~~~~~~~~~~~~~~~~~~~~~~~~~~~~~~~~~~
<command-line>: note: this is the location of the previous definition
C:/Users/Louis/.platformio/packages/framework-arduinoespressif32-libs/esp32s3/qio_opi/include/sdkconfig.h:1155:9: warning: "CONFIG_ESP_COREDUMP_ENABLE" redefined
 1155 | #define CONFIG_ESP_COREDUMP_ENABLE 1
      |         ^~~~~~~~~~~~~~~~~~~~~~~~~~
<command-line>: note: this is the location of the previous definition
C:/Users/Louis/.platformio/packages/framework-arduinoespressif32-libs/esp32s3/qio_opi/include/sdkconfig.h:1879:9: warning: "CONFIG_ESP32S3_SPIRAM_SUPPORT" redefined
 1879 | #define CONFIG_ESP32S3_SPIRAM_SUPPORT CONFIG_SPIRAM
      |         ^~~~~~~~~~~~~~~~~~~~~~~~~~~~~
<command-line>: note: this is the location of the previous definition
Compiling .pio\build\WaveshareESP32S3LCD2\lib868\WiFi\WiFi.cpp.o
Compiling .pio\build\WaveshareESP32S3LCD2\lib868\WiFi\WiFiAP.cpp.o
In file included from C:/Users/Louis/.platformio/packages/framework-arduinoespressif32/libraries/WiFi/src/WiFi.h:25,
                 from C:/Users/Louis/.platformio/packages/framework-arduinoespressif32/libraries/WiFi/src/STA.cpp:6:
C:/Users/Louis/.platformio/packages/framework-arduinoespressif32-libs/esp32s3/qio_opi/include/sdkconfig.h:1094:9: warning: "CONFIG_ESP_TASK_WDT_EN" redefined
 1094 | #define CONFIG_ESP_TASK_WDT_EN 1
      |         ^~~~~~~~~~~~~~~~~~~~~~
<command-line>: note: this is the location of the previous definition
C:/Users/Louis/.platformio/packages/framework-arduinoespressif32-libs/esp32s3/qio_opi/include/sdkconfig.h:1095:9: warning: "CONFIG_ESP_TASK_WDT_INIT" redefined
 1095 | #define CONFIG_ESP_TASK_WDT_INIT 1
      |         ^~~~~~~~~~~~~~~~~~~~~~~~
<command-line>: note: this is the location of the previous definition
C:/Users/Louis/.platformio/packages/framework-arduinoespressif32-libs/esp32s3/qio_opi/include/sdkconfig.h:1098:9: warning: "CONFIG_ESP_TASK_WDT_CHECK_IDLE_TASK_CPU0" redefined
 1098 | #define CONFIG_ESP_TASK_WDT_CHECK_IDLE_TASK_CPU0 1
      |         ^~~~~~~~~~~~~~~~~~~~~~~~~~~~~~~~~~~~~~~~
<command-line>: note: this is the location of the previous definition
C:/Users/Louis/.platformio/packages/framework-arduinoespressif32-libs/esp32s3/qio_opi/include/sdkconfig.h:1155:9: warning: "CONFIG_ESP_COREDUMP_ENABLE" redefined
 1155 | #define CONFIG_ESP_COREDUMP_ENABLE 1
      |         ^~~~~~~~~~~~~~~~~~~~~~~~~~
<command-line>: note: this is the location of the previous definition
C:/Users/Louis/.platformio/packages/framework-arduinoespressif32-libs/esp32s3/qio_opi/include/sdkconfig.h:1879:9: warning: "CONFIG_ESP32S3_SPIRAM_SUPPORT" redefined
 1879 | #define CONFIG_ESP32S3_SPIRAM_SUPPORT CONFIG_SPIRAM
      |         ^~~~~~~~~~~~~~~~~~~~~~~~~~~~~
<command-line>: note: this is the location of the previous definition
In file included from C:/Users/Louis/.platformio/packages/framework-arduinoespressif32/libraries/WiFi/src/WiFi.h:25,
                 from C:/Users/Louis/.platformio/packages/framework-arduinoespressif32/libraries/WiFi/src/WiFiAP.cpp:25:
C:/Users/Louis/.platformio/packages/framework-arduinoespressif32-libs/esp32s3/qio_opi/include/sdkconfig.h:1094:9: warning: "CONFIG_ESP_TASK_WDT_EN" redefined
 1094 | #define CONFIG_ESP_TASK_WDT_EN 1
      |         ^~~~~~~~~~~~~~~~~~~~~~
<command-line>: note: this is the location of the previous definition
C:/Users/Louis/.platformio/packages/framework-arduinoespressif32-libs/esp32s3/qio_opi/include/sdkconfig.h:1095:9: warning: "CONFIG_ESP_TASK_WDT_INIT" redefined
 1095 | #define CONFIG_ESP_TASK_WDT_INIT 1
      |         ^~~~~~~~~~~~~~~~~~~~~~~~
<command-line>: note: this is the location of the previous definition
C:/Users/Louis/.platformio/packages/framework-arduinoespressif32-libs/esp32s3/qio_opi/include/sdkconfig.h:1098:9: warning: "CONFIG_ESP_TASK_WDT_CHECK_IDLE_TASK_CPU0" redefined
 1098 | #define CONFIG_ESP_TASK_WDT_CHECK_IDLE_TASK_CPU0 1
      |         ^~~~~~~~~~~~~~~~~~~~~~~~~~~~~~~~~~~~~~~~
<command-line>: note: this is the location of the previous definition
C:/Users/Louis/.platformio/packages/framework-arduinoespressif32-libs/esp32s3/qio_opi/include/sdkconfig.h:1155:9: warning: "CONFIG_ESP_COREDUMP_ENABLE" redefined
 1155 | #define CONFIG_ESP_COREDUMP_ENABLE 1
      |         ^~~~~~~~~~~~~~~~~~~~~~~~~~
<command-line>: note: this is the location of the previous definition
C:/Users/Louis/.platformio/packages/framework-arduinoespressif32-libs/esp32s3/qio_opi/include/sdkconfig.h:1879:9: warning: "CONFIG_ESP32S3_SPIRAM_SUPPORT" redefined
 1879 | #define CONFIG_ESP32S3_SPIRAM_SUPPORT CONFIG_SPIRAM
      |         ^~~~~~~~~~~~~~~~~~~~~~~~~~~~~
<command-line>: note: this is the location of the previous definition
In file included from C:/Users/Louis/.platformio/packages/framework-arduinoespressif32/libraries/WiFi/src/WiFi.h:25,
                 from C:/Users/Louis/.platformio/packages/framework-arduinoespressif32/libraries/WiFi/src/WiFi.cpp:24:
C:/Users/Louis/.platformio/packages/framework-arduinoespressif32-libs/esp32s3/qio_opi/include/sdkconfig.h:1094:9: warning: "CONFIG_ESP_TASK_WDT_EN" redefined
 1094 | #define CONFIG_ESP_TASK_WDT_EN 1
      |         ^~~~~~~~~~~~~~~~~~~~~~
<command-line>: note: this is the location of the previous definition
C:/Users/Louis/.platformio/packages/framework-arduinoespressif32-libs/esp32s3/qio_opi/include/sdkconfig.h:1095:9: warning: "CONFIG_ESP_TASK_WDT_INIT" redefined
 1095 | #define CONFIG_ESP_TASK_WDT_INIT 1
      |         ^~~~~~~~~~~~~~~~~~~~~~~~
<command-line>: note: this is the location of the previous definition
C:/Users/Louis/.platformio/packages/framework-arduinoespressif32-libs/esp32s3/qio_opi/include/sdkconfig.h:1098:9: warning: "CONFIG_ESP_TASK_WDT_CHECK_IDLE_TASK_CPU0" redefined
 1098 | #define CONFIG_ESP_TASK_WDT_CHECK_IDLE_TASK_CPU0 1
      |         ^~~~~~~~~~~~~~~~~~~~~~~~~~~~~~~~~~~~~~~~
<command-line>: note: this is the location of the previous definition
C:/Users/Louis/.platformio/packages/framework-arduinoespressif32-libs/esp32s3/qio_opi/include/sdkconfig.h:1155:9: warning: "CONFIG_ESP_COREDUMP_ENABLE" redefined
 1155 | #define CONFIG_ESP_COREDUMP_ENABLE 1
      |         ^~~~~~~~~~~~~~~~~~~~~~~~~~
<command-line>: note: this is the location of the previous definition
C:/Users/Louis/.platformio/packages/framework-arduinoespressif32-libs/esp32s3/qio_opi/include/sdkconfig.h:1879:9: warning: "CONFIG_ESP32S3_SPIRAM_SUPPORT" redefined
 1879 | #define CONFIG_ESP32S3_SPIRAM_SUPPORT CONFIG_SPIRAM
      |         ^~~~~~~~~~~~~~~~~~~~~~~~~~~~~
<command-line>: note: this is the location of the previous definition
Compiling .pio\build\WaveshareESP32S3LCD2\lib868\WiFi\WiFiGeneric.cpp.o
Compiling .pio\build\WaveshareESP32S3LCD2\lib868\WiFi\WiFiMulti.cpp.o
In file included from C:/Users/Louis/.platformio/packages/framework-arduinoespressif32/libraries/WiFi/src/WiFi.h:25,
                 from C:/Users/Louis/.platformio/packages/framework-arduinoespressif32/libraries/WiFi/src/WiFiGeneric.cpp:25:
C:/Users/Louis/.platformio/packages/framework-arduinoespressif32-libs/esp32s3/qio_opi/include/sdkconfig.h:1094:9: warning: "CONFIG_ESP_TASK_WDT_EN" redefined
 1094 | #define CONFIG_ESP_TASK_WDT_EN 1
      |         ^~~~~~~~~~~~~~~~~~~~~~
<command-line>: note: this is the location of the previous definition
C:/Users/Louis/.platformio/packages/framework-arduinoespressif32-libs/esp32s3/qio_opi/include/sdkconfig.h:1095:9: warning: "CONFIG_ESP_TASK_WDT_INIT" redefined
 1095 | #define CONFIG_ESP_TASK_WDT_INIT 1
      |         ^~~~~~~~~~~~~~~~~~~~~~~~
<command-line>: note: this is the location of the previous definition
C:/Users/Louis/.platformio/packages/framework-arduinoespressif32-libs/esp32s3/qio_opi/include/sdkconfig.h:1098:9: warning: "CONFIG_ESP_TASK_WDT_CHECK_IDLE_TASK_CPU0" redefined
 1098 | #define CONFIG_ESP_TASK_WDT_CHECK_IDLE_TASK_CPU0 1
      |         ^~~~~~~~~~~~~~~~~~~~~~~~~~~~~~~~~~~~~~~~
<command-line>: note: this is the location of the previous definition
C:/Users/Louis/.platformio/packages/framework-arduinoespressif32-libs/esp32s3/qio_opi/include/sdkconfig.h:1155:9: warning: "CONFIG_ESP_COREDUMP_ENABLE" redefined
 1155 | #define CONFIG_ESP_COREDUMP_ENABLE 1
      |         ^~~~~~~~~~~~~~~~~~~~~~~~~~
<command-line>: note: this is the location of the previous definition
C:/Users/Louis/.platformio/packages/framework-arduinoespressif32-libs/esp32s3/qio_opi/include/sdkconfig.h:1879:9: warning: "CONFIG_ESP32S3_SPIRAM_SUPPORT" redefined
 1879 | #define CONFIG_ESP32S3_SPIRAM_SUPPORT CONFIG_SPIRAM
      |         ^~~~~~~~~~~~~~~~~~~~~~~~~~~~~
<command-line>: note: this is the location of the previous definition
In file included from C:/Users/Louis/.platformio/packages/framework-arduinoespressif32/libraries/WiFi/src/WiFiMulti.h:29,
                 from C:/Users/Louis/.platformio/packages/framework-arduinoespressif32/libraries/WiFi/src/WiFiMulti.cpp:26:
C:/Users/Louis/.platformio/packages/framework-arduinoespressif32-libs/esp32s3/qio_opi/include/sdkconfig.h:1094:9: warning: "CONFIG_ESP_TASK_WDT_EN" redefined
 1094 | #define CONFIG_ESP_TASK_WDT_EN 1
      |         ^~~~~~~~~~~~~~~~~~~~~~
<command-line>: note: this is the location of the previous definition
C:/Users/Louis/.platformio/packages/framework-arduinoespressif32-libs/esp32s3/qio_opi/include/sdkconfig.h:1095:9: warning: "CONFIG_ESP_TASK_WDT_INIT" redefined
 1095 | #define CONFIG_ESP_TASK_WDT_INIT 1
      |         ^~~~~~~~~~~~~~~~~~~~~~~~
<command-line>: note: this is the location of the previous definition
C:/Users/Louis/.platformio/packages/framework-arduinoespressif32-libs/esp32s3/qio_opi/include/sdkconfig.h:1098:9: warning: "CONFIG_ESP_TASK_WDT_CHECK_IDLE_TASK_CPU0" redefined
 1098 | #define CONFIG_ESP_TASK_WDT_CHECK_IDLE_TASK_CPU0 1
      |         ^~~~~~~~~~~~~~~~~~~~~~~~~~~~~~~~~~~~~~~~
<command-line>: note: this is the location of the previous definition
C:/Users/Louis/.platformio/packages/framework-arduinoespressif32-libs/esp32s3/qio_opi/include/sdkconfig.h:1155:9: warning: "CONFIG_ESP_COREDUMP_ENABLE" redefined
 1155 | #define CONFIG_ESP_COREDUMP_ENABLE 1
      |         ^~~~~~~~~~~~~~~~~~~~~~~~~~
<command-line>: note: this is the location of the previous definition
C:/Users/Louis/.platformio/packages/framework-arduinoespressif32-libs/esp32s3/qio_opi/include/sdkconfig.h:1879:9: warning: "CONFIG_ESP32S3_SPIRAM_SUPPORT" redefined
 1879 | #define CONFIG_ESP32S3_SPIRAM_SUPPORT CONFIG_SPIRAM
      |         ^~~~~~~~~~~~~~~~~~~~~~~~~~~~~
<command-line>: note: this is the location of the previous definition
Compiling .pio\build\WaveshareESP32S3LCD2\lib868\WiFi\WiFiSTA.cpp.o
In file included from C:/Users/Louis/.platformio/packages/framework-arduinoespressif32/libraries/WiFi/src/WiFi.h:25,
                 from C:/Users/Louis/.platformio/packages/framework-arduinoespressif32/libraries/WiFi/src/WiFiSTA.cpp:25:
C:/Users/Louis/.platformio/packages/framework-arduinoespressif32-libs/esp32s3/qio_opi/include/sdkconfig.h:1094:9: warning: "CONFIG_ESP_TASK_WDT_EN" redefined
 1094 | #define CONFIG_ESP_TASK_WDT_EN 1
      |         ^~~~~~~~~~~~~~~~~~~~~~
<command-line>: note: this is the location of the previous definition
C:/Users/Louis/.platformio/packages/framework-arduinoespressif32-libs/esp32s3/qio_opi/include/sdkconfig.h:1095:9: warning: "CONFIG_ESP_TASK_WDT_INIT" redefined
 1095 | #define CONFIG_ESP_TASK_WDT_INIT 1
      |         ^~~~~~~~~~~~~~~~~~~~~~~~
<command-line>: note: this is the location of the previous definition
C:/Users/Louis/.platformio/packages/framework-arduinoespressif32-libs/esp32s3/qio_opi/include/sdkconfig.h:1098:9: warning: "CONFIG_ESP_TASK_WDT_CHECK_IDLE_TASK_CPU0" redefined
 1098 | #define CONFIG_ESP_TASK_WDT_CHECK_IDLE_TASK_CPU0 1
      |         ^~~~~~~~~~~~~~~~~~~~~~~~~~~~~~~~~~~~~~~~
<command-line>: note: this is the location of the previous definition
C:/Users/Louis/.platformio/packages/framework-arduinoespressif32-libs/esp32s3/qio_opi/include/sdkconfig.h:1155:9: warning: "CONFIG_ESP_COREDUMP_ENABLE" redefined
 1155 | #define CONFIG_ESP_COREDUMP_ENABLE 1
      |         ^~~~~~~~~~~~~~~~~~~~~~~~~~
<command-line>: note: this is the location of the previous definition
C:/Users/Louis/.platformio/packages/framework-arduinoespressif32-libs/esp32s3/qio_opi/include/sdkconfig.h:1879:9: warning: "CONFIG_ESP32S3_SPIRAM_SUPPORT" redefined
 1879 | #define CONFIG_ESP32S3_SPIRAM_SUPPORT CONFIG_SPIRAM
      |         ^~~~~~~~~~~~~~~~~~~~~~~~~~~~~
<command-line>: note: this is the location of the previous definition
Compiling .pio\build\WaveshareESP32S3LCD2\lib868\WiFi\WiFiScan.cpp.o
In file included from C:/Users/Louis/.platformio/packages/framework-arduinoespressif32/libraries/WiFi/src/WiFi.h:25,
                 from C:/Users/Louis/.platformio/packages/framework-arduinoespressif32/libraries/WiFi/src/WiFiScan.cpp:25:
C:/Users/Louis/.platformio/packages/framework-arduinoespressif32-libs/esp32s3/qio_opi/include/sdkconfig.h:1094:9: warning: "CONFIG_ESP_TASK_WDT_EN" redefined
 1094 | #define CONFIG_ESP_TASK_WDT_EN 1
      |         ^~~~~~~~~~~~~~~~~~~~~~
<command-line>: note: this is the location of the previous definition
C:/Users/Louis/.platformio/packages/framework-arduinoespressif32-libs/esp32s3/qio_opi/include/sdkconfig.h:1095:9: warning: "CONFIG_ESP_TASK_WDT_INIT" redefined
 1095 | #define CONFIG_ESP_TASK_WDT_INIT 1
      |         ^~~~~~~~~~~~~~~~~~~~~~~~
<command-line>: note: this is the location of the previous definition
C:/Users/Louis/.platformio/packages/framework-arduinoespressif32-libs/esp32s3/qio_opi/include/sdkconfig.h:1098:9: warning: "CONFIG_ESP_TASK_WDT_CHECK_IDLE_TASK_CPU0" redefined
 1098 | #define CONFIG_ESP_TASK_WDT_CHECK_IDLE_TASK_CPU0 1
      |         ^~~~~~~~~~~~~~~~~~~~~~~~~~~~~~~~~~~~~~~~
<command-line>: note: this is the location of the previous definition
C:/Users/Louis/.platformio/packages/framework-arduinoespressif32-libs/esp32s3/qio_opi/include/sdkconfig.h:1155:9: warning: "CONFIG_ESP_COREDUMP_ENABLE" redefined
 1155 | #define CONFIG_ESP_COREDUMP_ENABLE 1
      |         ^~~~~~~~~~~~~~~~~~~~~~~~~~
<command-line>: note: this is the location of the previous definition
C:/Users/Louis/.platformio/packages/framework-arduinoespressif32-libs/esp32s3/qio_opi/include/sdkconfig.h:1879:9: warning: "CONFIG_ESP32S3_SPIRAM_SUPPORT" redefined
 1879 | #define CONFIG_ESP32S3_SPIRAM_SUPPORT CONFIG_SPIRAM
      |         ^~~~~~~~~~~~~~~~~~~~~~~~~~~~~
<command-line>: note: this is the location of the previous definition
Compiling .pio\build\WaveshareESP32S3LCD2\libcf9\ESPAsyncWebServer@src-8a740033305cb1c99d89b522d725653f\AsyncEventSource.cpp.o
Compiling .pio\build\WaveshareESP32S3LCD2\libcf9\ESPAsyncWebServer@src-8a740033305cb1c99d89b522d725653f\AsyncJson.cpp.o
Compiling .pio\build\WaveshareESP32S3LCD2\libcf9\ESPAsyncWebServer@src-8a740033305cb1c99d89b522d725653f\AsyncMessagePack.cpp.o
Compiling .pio\build\WaveshareESP32S3LCD2\libcf9\ESPAsyncWebServer@src-8a740033305cb1c99d89b522d725653f\AsyncWebHeader.cpp.o
Compiling .pio\build\WaveshareESP32S3LCD2\libcf9\ESPAsyncWebServer@src-8a740033305cb1c99d89b522d725653f\AsyncWebSocket.cpp.o
Compiling .pio\build\WaveshareESP32S3LCD2\libcf9\ESPAsyncWebServer@src-8a740033305cb1c99d89b522d725653f\BackPort_SHA1Builder.cpp.o
Compiling .pio\build\WaveshareESP32S3LCD2\libcf9\ESPAsyncWebServer@src-8a740033305cb1c99d89b522d725653f\ChunkPrint.cpp.o
Compiling .pio\build\WaveshareESP32S3LCD2\libcf9\ESPAsyncWebServer@src-8a740033305cb1c99d89b522d725653f\Middleware.cpp.o
Compiling .pio\build\WaveshareESP32S3LCD2\libcf9\ESPAsyncWebServer@src-8a740033305cb1c99d89b522d725653f\WebAuthentication.cpp.o
Compiling .pio\build\WaveshareESP32S3LCD2\libcf9\ESPAsyncWebServer@src-8a740033305cb1c99d89b522d725653f\WebHandlers.cpp.o
Compiling .pio\build\WaveshareESP32S3LCD2\libcf9\ESPAsyncWebServer@src-8a740033305cb1c99d89b522d725653f\WebRequest.cpp.o
Compiling .pio\build\WaveshareESP32S3LCD2\libcf9\ESPAsyncWebServer@src-8a740033305cb1c99d89b522d725653f\WebResponses.cpp.o
Compiling .pio\build\WaveshareESP32S3LCD2\libcf9\ESPAsyncWebServer@src-8a740033305cb1c99d89b522d725653f\WebServer.cpp.o
Compiling .pio\build\WaveshareESP32S3LCD2\lib255\LittleFS\LittleFS.cpp.o
In file included from C:/Users/Louis/.platformio/packages/framework-arduinoespressif32/libraries/LittleFS/src/LittleFS.h:17,
                 from C:/Users/Louis/.platformio/packages/framework-arduinoespressif32/libraries/LittleFS/src/LittleFS.cpp:15:
C:/Users/Louis/.platformio/packages/framework-arduinoespressif32-libs/esp32s3/qio_opi/include/sdkconfig.h:1094:9: warning: "CONFIG_ESP_TASK_WDT_EN" redefined
 1094 | #define CONFIG_ESP_TASK_WDT_EN 1
      |         ^~~~~~~~~~~~~~~~~~~~~~
<command-line>: note: this is the location of the previous definition
C:/Users/Louis/.platformio/packages/framework-arduinoespressif32-libs/esp32s3/qio_opi/include/sdkconfig.h:1095:9: warning: "CONFIG_ESP_TASK_WDT_INIT" redefined
 1095 | #define CONFIG_ESP_TASK_WDT_INIT 1
      |         ^~~~~~~~~~~~~~~~~~~~~~~~
<command-line>: note: this is the location of the previous definition
C:/Users/Louis/.platformio/packages/framework-arduinoespressif32-libs/esp32s3/qio_opi/include/sdkconfig.h:1098:9: warning: "CONFIG_ESP_TASK_WDT_CHECK_IDLE_TASK_CPU0" redefined
 1098 | #define CONFIG_ESP_TASK_WDT_CHECK_IDLE_TASK_CPU0 1
      |         ^~~~~~~~~~~~~~~~~~~~~~~~~~~~~~~~~~~~~~~~
<command-line>: note: this is the location of the previous definition
C:/Users/Louis/.platformio/packages/framework-arduinoespressif32-libs/esp32s3/qio_opi/include/sdkconfig.h:1155:9: warning: "CONFIG_ESP_COREDUMP_ENABLE" redefined
 1155 | #define CONFIG_ESP_COREDUMP_ENABLE 1
      |         ^~~~~~~~~~~~~~~~~~~~~~~~~~
<command-line>: note: this is the location of the previous definition
C:/Users/Louis/.platformio/packages/framework-arduinoespressif32-libs/esp32s3/qio_opi/include/sdkconfig.h:1879:9: warning: "CONFIG_ESP32S3_SPIRAM_SUPPORT" redefined
 1879 | #define CONFIG_ESP32S3_SPIRAM_SUPPORT CONFIG_SPIRAM
      |         ^~~~~~~~~~~~~~~~~~~~~~~~~~~~~
<command-line>: note: this is the location of the previous definition
Compiling .pio\build\WaveshareESP32S3LCD2\lib7cd\Update\HttpsOTAUpdate.cpp.o
Compiling .pio\build\WaveshareESP32S3LCD2\lib7cd\Update\Updater.cpp.o
Compiling .pio\build\WaveshareESP32S3LCD2\lib7cd\Update\Updater_Signing.cpp.o
Compiling .pio\build\WaveshareESP32S3LCD2\libba7\ElegantOTA\ElegantOTA.cpp.o
Compiling .pio\build\WaveshareESP32S3LCD2\libba7\ElegantOTA\elop.cpp.o
Compiling .pio\build\WaveshareESP32S3LCD2\lib05b\SPI\SPI.cpp.o
Compiling .pio\build\WaveshareESP32S3LCD2\lib53e\SD\SD.cpp.o
Compiling .pio\build\WaveshareESP32S3LCD2\lib53e\SD\sd_diskio.cpp.o
Compiling .pio\build\WaveshareESP32S3LCD2\lib53e\SD\sd_diskio_crc.c.o
Compiling .pio\build\WaveshareESP32S3LCD2\libb76\FastLED\FastLED.cpp.o
Compiling .pio\build\WaveshareESP32S3LCD2\libb76\FastLED\bitswap.cpp.o
Compiling .pio\build\WaveshareESP32S3LCD2\libb76\FastLED\cled_controller.cpp.o
Compiling .pio\build\WaveshareESP32S3LCD2\libb76\FastLED\colorpalettes.cpp.o
Compiling .pio\build\WaveshareESP32S3LCD2\libb76\FastLED\crgb.cpp.o
Compiling .pio\build\WaveshareESP32S3LCD2\libb76\FastLED\fl\allocator.cpp.o
Compiling .pio\build\WaveshareESP32S3LCD2\libb76\FastLED\fl\async.cpp.o
Compiling .pio\build\WaveshareESP32S3LCD2\libb76\FastLED\fl\audio.cpp.o
Compiling .pio\build\WaveshareESP32S3LCD2\libb76\FastLED\fl\audio_input.cpp.o
Compiling .pio\build\WaveshareESP32S3LCD2\libb76\FastLED\fl\audio_reactive.cpp.o
Compiling .pio\build\WaveshareESP32S3LCD2\libb76\FastLED\fl\bitset.cpp.o
Compiling .pio\build\WaveshareESP32S3LCD2\libb76\FastLED\fl\blur.cpp.o
Compiling .pio\build\WaveshareESP32S3LCD2\libb76\FastLED\fl\bytestreammemory.cpp.o
Compiling .pio\build\WaveshareESP32S3LCD2\libb76\FastLED\fl\colorutils.cpp.o
Compiling .pio\build\WaveshareESP32S3LCD2\libb76\FastLED\fl\corkscrew.cpp.o
Compiling .pio\build\WaveshareESP32S3LCD2\libb76\FastLED\fl\crgb_hsv16.cpp.o
Compiling .pio\build\WaveshareESP32S3LCD2\libb76\FastLED\fl\downscale.cpp.o
Compiling .pio\build\WaveshareESP32S3LCD2\libb76\FastLED\fl\ease.cpp.o
Compiling .pio\build\WaveshareESP32S3LCD2\libb76\FastLED\fl\engine_events.cpp.o
Compiling .pio\build\WaveshareESP32S3LCD2\libb76\FastLED\fl\fetch.cpp.o
Compiling .pio\build\WaveshareESP32S3LCD2\libb76\FastLED\fl\fft.cpp.o
Compiling .pio\build\WaveshareESP32S3LCD2\libb76\FastLED\fl\fft_impl.cpp.o
Compiling .pio\build\WaveshareESP32S3LCD2\libb76\FastLED\fl\file_system.cpp.o
Compiling .pio\build\WaveshareESP32S3LCD2\libb76\FastLED\fl\fill.cpp.o
Compiling .pio\build\WaveshareESP32S3LCD2\libb76\FastLED\fl\gamma.cpp.o
Compiling .pio\build\WaveshareESP32S3LCD2\libb76\FastLED\fl\gradient.cpp.o
Compiling .pio\build\WaveshareESP32S3LCD2\libb76\FastLED\fl\hsv16.cpp.o
Compiling .pio\build\WaveshareESP32S3LCD2\libb76\FastLED\fl\id_tracker.cpp.o
Compiling .pio\build\WaveshareESP32S3LCD2\libb76\FastLED\fl\io.cpp.o
Compiling .pio\build\WaveshareESP32S3LCD2\libb76\FastLED\fl\istream.cpp.o
Compiling .pio\build\WaveshareESP32S3LCD2\libb76\FastLED\fl\json.cpp.o
Compiling .pio\build\WaveshareESP32S3LCD2\libb76\FastLED\fl\leds.cpp.o
Compiling .pio\build\WaveshareESP32S3LCD2\libb76\FastLED\fl\line_simplification.cpp.o
Compiling .pio\build\WaveshareESP32S3LCD2\libb76\FastLED\fl\noise_woryley.cpp.o
Compiling .pio\build\WaveshareESP32S3LCD2\libb76\FastLED\fl\ostream.cpp.o
Compiling .pio\build\WaveshareESP32S3LCD2\libb76\FastLED\fl\ptr.cpp.o
Compiling .pio\build\WaveshareESP32S3LCD2\libb76\FastLED\fl\random.cpp.o
Compiling .pio\build\WaveshareESP32S3LCD2\libb76\FastLED\fl\raster_sparse.cpp.o
Compiling .pio\build\WaveshareESP32S3LCD2\libb76\FastLED\fl\rectangular_draw_buffer.cpp.o
Compiling .pio\build\WaveshareESP32S3LCD2\libb76\FastLED\fl\referent.cpp.o
Compiling .pio\build\WaveshareESP32S3LCD2\libb76\FastLED\fl\rgbw.cpp.o
Compiling .pio\build\WaveshareESP32S3LCD2\libb76\FastLED\fl\screenmap.cpp.o
Compiling .pio\build\WaveshareESP32S3LCD2\libb76\FastLED\fl\sin32.cpp.o
Compiling .pio\build\WaveshareESP32S3LCD2\libb76\FastLED\fl\splat.cpp.o
Compiling .pio\build\WaveshareESP32S3LCD2\libb76\FastLED\fl\str.cpp.o
Compiling .pio\build\WaveshareESP32S3LCD2\libb76\FastLED\fl\str_ui.cpp.o
Compiling .pio\build\WaveshareESP32S3LCD2\libb76\FastLED\fl\strstream.cpp.o
Compiling .pio\build\WaveshareESP32S3LCD2\libb76\FastLED\fl\stub_main.cpp.o
Compiling .pio\build\WaveshareESP32S3LCD2\libb76\FastLED\fl\task.cpp.o
Compiling .pio\build\WaveshareESP32S3LCD2\libb76\FastLED\fl\tile2x2.cpp.o
Compiling .pio\build\WaveshareESP32S3LCD2\libb76\FastLED\fl\time.cpp.o
Compiling .pio\build\WaveshareESP32S3LCD2\libb76\FastLED\fl\time_alpha.cpp.o
Compiling .pio\build\WaveshareESP32S3LCD2\libb76\FastLED\fl\transform.cpp.o
Compiling .pio\build\WaveshareESP32S3LCD2\libb76\FastLED\fl\type_traits.cpp.o
Compiling .pio\build\WaveshareESP32S3LCD2\libb76\FastLED\fl\ui.cpp.o
Compiling .pio\build\WaveshareESP32S3LCD2\libb76\FastLED\fl\upscale.cpp.o
Compiling .pio\build\WaveshareESP32S3LCD2\libb76\FastLED\fl\wave_simulation.cpp.o
Compiling .pio\build\WaveshareESP32S3LCD2\libb76\FastLED\fl\wave_simulation_real.cpp.o
Compiling .pio\build\WaveshareESP32S3LCD2\libb76\FastLED\fl\xmap.cpp.o
Compiling .pio\build\WaveshareESP32S3LCD2\libb76\FastLED\fl\xymap.cpp.o
Compiling .pio\build\WaveshareESP32S3LCD2\libb76\FastLED\fl\xypath.cpp.o
Compiling .pio\build\WaveshareESP32S3LCD2\libb76\FastLED\fl\xypath_impls.cpp.o
Compiling .pio\build\WaveshareESP32S3LCD2\libb76\FastLED\fl\xypath_renderer.cpp.o
Compiling .pio\build\WaveshareESP32S3LCD2\libb76\FastLED\fx\2d\blend.cpp.o
Compiling .pio\build\WaveshareESP32S3LCD2\libb76\FastLED\fx\2d\luminova.cpp.o
Compiling .pio\build\WaveshareESP32S3LCD2\libb76\FastLED\fx\2d\noisepalette.cpp.o
Compiling .pio\build\WaveshareESP32S3LCD2\libb76\FastLED\fx\2d\scale_up.cpp.o
Compiling .pio\build\WaveshareESP32S3LCD2\libb76\FastLED\fx\2d\wave.cpp.o
Compiling .pio\build\WaveshareESP32S3LCD2\libb76\FastLED\fx\detail\fx_layer.cpp.o
Compiling .pio\build\WaveshareESP32S3LCD2\libb76\FastLED\fx\frame.cpp.o
Compiling .pio\build\WaveshareESP32S3LCD2\libb76\FastLED\fx\fx_engine.cpp.o
Compiling .pio\build\WaveshareESP32S3LCD2\libb76\FastLED\fx\time.cpp.o
Compiling .pio\build\WaveshareESP32S3LCD2\libb76\FastLED\fx\video.cpp.o
Compiling .pio\build\WaveshareESP32S3LCD2\libb76\FastLED\fx\video\frame_interpolator.cpp.o
Compiling .pio\build\WaveshareESP32S3LCD2\libb76\FastLED\fx\video\frame_tracker.cpp.o
Compiling .pio\build\WaveshareESP32S3LCD2\libb76\FastLED\fx\video\pixel_stream.cpp.o
Compiling .pio\build\WaveshareESP32S3LCD2\libb76\FastLED\fx\video\video_impl.cpp.o
Compiling .pio\build\WaveshareESP32S3LCD2\libb76\FastLED\hsv2rgb.cpp.o
Compiling .pio\build\WaveshareESP32S3LCD2\libb76\FastLED\lib8tion.cpp.o
Compiling .pio\build\WaveshareESP32S3LCD2\libb76\FastLED\noise.cpp.o
Compiling .pio\build\WaveshareESP32S3LCD2\libb76\FastLED\platforms.cpp.o
Compiling .pio\build\WaveshareESP32S3LCD2\libb76\FastLED\platforms\adafruit\clockless.cpp.o
Compiling .pio\build\WaveshareESP32S3LCD2\libb76\FastLED\platforms\arm\k20\clockless_objectfled.cpp.o
Compiling .pio\build\WaveshareESP32S3LCD2\libb76\FastLED\platforms\arm\mgm240\fastpin_arm_mgm240.cpp.o
Compiling .pio\build\WaveshareESP32S3LCD2\libb76\FastLED\platforms\compile_test.cpp.o
Compiling .pio\build\WaveshareESP32S3LCD2\libb76\FastLED\platforms\esp\32\audio\audio.cpp.o
Compiling .pio\build\WaveshareESP32S3LCD2\libb76\FastLED\platforms\esp\32\audio\sound_util.cpp.o
Compiling .pio\build\WaveshareESP32S3LCD2\libb76\FastLED\platforms\esp\32\clockless_i2s_esp32s3.cpp.o
In file included from .pio/libdeps/WaveshareESP32S3LCD2/FastLED/src/platforms/esp/esp_version.h:27,
                 from .pio/libdeps/WaveshareESP32S3LCD2/FastLED/src/platforms/esp/32/audio/audio.cpp:3:
C:/Users/Louis/.platformio/packages/framework-arduinoespressif32-libs/esp32s3/qio_opi/include/sdkconfig.h:1094:9: warning: "CONFIG_ESP_TASK_WDT_EN" redefined
 1094 | #define CONFIG_ESP_TASK_WDT_EN 1
      |         ^~~~~~~~~~~~~~~~~~~~~~
<command-line>: note: this is the location of the previous definition
C:/Users/Louis/.platformio/packages/framework-arduinoespressif32-libs/esp32s3/qio_opi/include/sdkconfig.h:1095:9: warning: "CONFIG_ESP_TASK_WDT_INIT" redefined
 1095 | #define CONFIG_ESP_TASK_WDT_INIT 1
      |         ^~~~~~~~~~~~~~~~~~~~~~~~
<command-line>: note: this is the location of the previous definition
C:/Users/Louis/.platformio/packages/framework-arduinoespressif32-libs/esp32s3/qio_opi/include/sdkconfig.h:1098:9: warning: "CONFIG_ESP_TASK_WDT_CHECK_IDLE_TASK_CPU0" redefined
 1098 | #define CONFIG_ESP_TASK_WDT_CHECK_IDLE_TASK_CPU0 1
      |         ^~~~~~~~~~~~~~~~~~~~~~~~~~~~~~~~~~~~~~~~
<command-line>: note: this is the location of the previous definition
C:/Users/Louis/.platformio/packages/framework-arduinoespressif32-libs/esp32s3/qio_opi/include/sdkconfig.h:1155:9: warning: "CONFIG_ESP_COREDUMP_ENABLE" redefined
 1155 | #define CONFIG_ESP_COREDUMP_ENABLE 1
      |         ^~~~~~~~~~~~~~~~~~~~~~~~~~
<command-line>: note: this is the location of the previous definition
C:/Users/Louis/.platformio/packages/framework-arduinoespressif32-libs/esp32s3/qio_opi/include/sdkconfig.h:1879:9: warning: "CONFIG_ESP32S3_SPIRAM_SUPPORT" redefined
 1879 | #define CONFIG_ESP32S3_SPIRAM_SUPPORT CONFIG_SPIRAM
      |         ^~~~~~~~~~~~~~~~~~~~~~~~~~~~~
<command-line>: note: this is the location of the previous definition
In file included from .pio/libdeps/WaveshareESP32S3LCD2/FastLED/src/platforms/esp/32/clockless_i2s_esp32s3.cpp:4:
C:/Users/Louis/.platformio/packages/framework-arduinoespressif32-libs/esp32s3/qio_opi/include/sdkconfig.h:1094:9: warning: "CONFIG_ESP_TASK_WDT_EN" redefined
 1094 | #define CONFIG_ESP_TASK_WDT_EN 1
      |         ^~~~~~~~~~~~~~~~~~~~~~
<command-line>: note: this is the location of the previous definition
C:/Users/Louis/.platformio/packages/framework-arduinoespressif32-libs/esp32s3/qio_opi/include/sdkconfig.h:1095:9: warning: "CONFIG_ESP_TASK_WDT_INIT" redefined
 1095 | #define CONFIG_ESP_TASK_WDT_INIT 1
      |         ^~~~~~~~~~~~~~~~~~~~~~~~
<command-line>: note: this is the location of the previous definition
C:/Users/Louis/.platformio/packages/framework-arduinoespressif32-libs/esp32s3/qio_opi/include/sdkconfig.h:1098:9: warning: "CONFIG_ESP_TASK_WDT_CHECK_IDLE_TASK_CPU0" redefined
 1098 | #define CONFIG_ESP_TASK_WDT_CHECK_IDLE_TASK_CPU0 1
      |         ^~~~~~~~~~~~~~~~~~~~~~~~~~~~~~~~~~~~~~~~
<command-line>: note: this is the location of the previous definition
C:/Users/Louis/.platformio/packages/framework-arduinoespressif32-libs/esp32s3/qio_opi/include/sdkconfig.h:1155:9: warning: "CONFIG_ESP_COREDUMP_ENABLE" redefined
 1155 | #define CONFIG_ESP_COREDUMP_ENABLE 1
      |         ^~~~~~~~~~~~~~~~~~~~~~~~~~
<command-line>: note: this is the location of the previous definition
C:/Users/Louis/.platformio/packages/framework-arduinoespressif32-libs/esp32s3/qio_opi/include/sdkconfig.h:1879:9: warning: "CONFIG_ESP32S3_SPIRAM_SUPPORT" redefined
 1879 | #define CONFIG_ESP32S3_SPIRAM_SUPPORT CONFIG_SPIRAM
      |         ^~~~~~~~~~~~~~~~~~~~~~~~~~~~~
<command-line>: note: this is the location of the previous definition
Compiling .pio\build\WaveshareESP32S3LCD2\libb76\FastLED\platforms\esp\32\i2s\i2s_esp32dev.cpp.o
Compiling .pio\build\WaveshareESP32S3LCD2\libb76\FastLED\platforms\esp\32\rmt_4\idf4_rmt.cpp.o
Compiling .pio\build\WaveshareESP32S3LCD2\libb76\FastLED\platforms\esp\32\rmt_4\idf4_rmt_impl.cpp.o
Compiling .pio\build\WaveshareESP32S3LCD2\libb76\FastLED\platforms\esp\32\rmt_5\idf5_rmt.cpp.o
In file included from .pio/libdeps/WaveshareESP32S3LCD2/FastLED/src/third_party/espressif/led_strip/src/enabled.h:4,
                 from .pio/libdeps/WaveshareESP32S3LCD2/FastLED/src/platforms/esp/32/rmt_4/idf4_rmt.cpp:6:
C:/Users/Louis/.platformio/packages/framework-arduinoespressif32-libs/esp32s3/qio_opi/include/sdkconfig.h:1094:9: warning: "CONFIG_ESP_TASK_WDT_EN" redefined
 1094 | #define CONFIG_ESP_TASK_WDT_EN 1
      |         ^~~~~~~~~~~~~~~~~~~~~~
<command-line>: note: this is the location of the previous definition
C:/Users/Louis/.platformio/packages/framework-arduinoespressif32-libs/esp32s3/qio_opi/include/sdkconfig.h:1095:9: warning: "CONFIG_ESP_TASK_WDT_INIT" redefined
 1095 | #define CONFIG_ESP_TASK_WDT_INIT 1
      |         ^~~~~~~~~~~~~~~~~~~~~~~~
<command-line>: note: this is the location of the previous definition
C:/Users/Louis/.platformio/packages/framework-arduinoespressif32-libs/esp32s3/qio_opi/include/sdkconfig.h:1098:9: warning: "CONFIG_ESP_TASK_WDT_CHECK_IDLE_TASK_CPU0" redefined
 1098 | #define CONFIG_ESP_TASK_WDT_CHECK_IDLE_TASK_CPU0 1
      |         ^~~~~~~~~~~~~~~~~~~~~~~~~~~~~~~~~~~~~~~~
<command-line>: note: this is the location of the previous definition
C:/Users/Louis/.platformio/packages/framework-arduinoespressif32-libs/esp32s3/qio_opi/include/sdkconfig.h:1155:9: warning: "CONFIG_ESP_COREDUMP_ENABLE" redefined
 1155 | #define CONFIG_ESP_COREDUMP_ENABLE 1
      |         ^~~~~~~~~~~~~~~~~~~~~~~~~~
<command-line>: note: this is the location of the previous definition
C:/Users/Louis/.platformio/packages/framework-arduinoespressif32-libs/esp32s3/qio_opi/include/sdkconfig.h:1879:9: warning: "CONFIG_ESP32S3_SPIRAM_SUPPORT" redefined
 1879 | #define CONFIG_ESP32S3_SPIRAM_SUPPORT CONFIG_SPIRAM
      |         ^~~~~~~~~~~~~~~~~~~~~~~~~~~~~
<command-line>: note: this is the location of the previous definition
In file included from .pio/libdeps/WaveshareESP32S3LCD2/FastLED/src/platforms/esp/32/i2s/i2s_esp32dev.cpp:5:
C:/Users/Louis/.platformio/packages/framework-arduinoespressif32-libs/esp32s3/qio_opi/include/sdkconfig.h:1094:9: warning: "CONFIG_ESP_TASK_WDT_EN" redefined
 1094 | #define CONFIG_ESP_TASK_WDT_EN 1
      |         ^~~~~~~~~~~~~~~~~~~~~~
<command-line>: note: this is the location of the previous definition
C:/Users/Louis/.platformio/packages/framework-arduinoespressif32-libs/esp32s3/qio_opi/include/sdkconfig.h:1095:9: warning: "CONFIG_ESP_TASK_WDT_INIT" redefined
 1095 | #define CONFIG_ESP_TASK_WDT_INIT 1
      |         ^~~~~~~~~~~~~~~~~~~~~~~~
<command-line>: note: this is the location of the previous definition
C:/Users/Louis/.platformio/packages/framework-arduinoespressif32-libs/esp32s3/qio_opi/include/sdkconfig.h:1098:9: warning: "CONFIG_ESP_TASK_WDT_CHECK_IDLE_TASK_CPU0" redefined
 1098 | #define CONFIG_ESP_TASK_WDT_CHECK_IDLE_TASK_CPU0 1
      |         ^~~~~~~~~~~~~~~~~~~~~~~~~~~~~~~~~~~~~~~~
<command-line>: note: this is the location of the previous definition
C:/Users/Louis/.platformio/packages/framework-arduinoespressif32-libs/esp32s3/qio_opi/include/sdkconfig.h:1155:9: warning: "CONFIG_ESP_COREDUMP_ENABLE" redefined
 1155 | #define CONFIG_ESP_COREDUMP_ENABLE 1
      |         ^~~~~~~~~~~~~~~~~~~~~~~~~~
<command-line>: note: this is the location of the previous definition
C:/Users/Louis/.platformio/packages/framework-arduinoespressif32-libs/esp32s3/qio_opi/include/sdkconfig.h:1879:9: warning: "CONFIG_ESP32S3_SPIRAM_SUPPORT" redefined
 1879 | #define CONFIG_ESP32S3_SPIRAM_SUPPORT CONFIG_SPIRAM
      |         ^~~~~~~~~~~~~~~~~~~~~~~~~~~~~
<command-line>: note: this is the location of the previous definition
Compiling .pio\build\WaveshareESP32S3LCD2\libb76\FastLED\platforms\esp\32\rmt_5\strip_rmt.cpp.o
Compiling .pio\build\WaveshareESP32S3LCD2\libb76\FastLED\platforms\esp\32\spi_ws2812\strip_spi.cpp.o
Compiling .pio\build\WaveshareESP32S3LCD2\libb76\FastLED\platforms\stub\Arduino.cpp.o
In file included from .pio/libdeps/WaveshareESP32S3LCD2/FastLED/src/third_party/espressif/led_strip/src/enabled.h:4,
                 from .pio/libdeps/WaveshareESP32S3LCD2/FastLED/src/platforms/esp/32/rmt_4/idf4_rmt_impl.cpp:7:
C:/Users/Louis/.platformio/packages/framework-arduinoespressif32-libs/esp32s3/qio_opi/include/sdkconfig.h:1094:9: warning: "CONFIG_ESP_TASK_WDT_EN" redefined
 1094 | #define CONFIG_ESP_TASK_WDT_EN 1
      |         ^~~~~~~~~~~~~~~~~~~~~~
<command-line>: note: this is the location of the previous definition
C:/Users/Louis/.platformio/packages/framework-arduinoespressif32-libs/esp32s3/qio_opi/include/sdkconfig.h:1095:9: warning: "CONFIG_ESP_TASK_WDT_INIT" redefined
 1095 | #define CONFIG_ESP_TASK_WDT_INIT 1
      |         ^~~~~~~~~~~~~~~~~~~~~~~~
<command-line>: note: this is the location of the previous definition
C:/Users/Louis/.platformio/packages/framework-arduinoespressif32-libs/esp32s3/qio_opi/include/sdkconfig.h:1098:9: warning: "CONFIG_ESP_TASK_WDT_CHECK_IDLE_TASK_CPU0" redefined
 1098 | #define CONFIG_ESP_TASK_WDT_CHECK_IDLE_TASK_CPU0 1
      |         ^~~~~~~~~~~~~~~~~~~~~~~~~~~~~~~~~~~~~~~~
<command-line>: note: this is the location of the previous definition
C:/Users/Louis/.platformio/packages/framework-arduinoespressif32-libs/esp32s3/qio_opi/include/sdkconfig.h:1155:9: warning: "CONFIG_ESP_COREDUMP_ENABLE" redefined
 1155 | #define CONFIG_ESP_COREDUMP_ENABLE 1
      |         ^~~~~~~~~~~~~~~~~~~~~~~~~~
<command-line>: note: this is the location of the previous definition
C:/Users/Louis/.platformio/packages/framework-arduinoespressif32-libs/esp32s3/qio_opi/include/sdkconfig.h:1879:9: warning: "CONFIG_ESP32S3_SPIRAM_SUPPORT" redefined
 1879 | #define CONFIG_ESP32S3_SPIRAM_SUPPORT CONFIG_SPIRAM
      |         ^~~~~~~~~~~~~~~~~~~~~~~~~~~~~
<command-line>: note: this is the location of the previous definition
In file included from .pio/libdeps/WaveshareESP32S3LCD2/FastLED/src/third_party/espressif/led_strip/src/enabled.h:4,
                 from .pio/libdeps/WaveshareESP32S3LCD2/FastLED/src/platforms/esp/32/rmt_5/idf5_rmt.cpp:3:
C:/Users/Louis/.platformio/packages/framework-arduinoespressif32-libs/esp32s3/qio_opi/include/sdkconfig.h:1094:9: warning: "CONFIG_ESP_TASK_WDT_EN" redefined
 1094 | #define CONFIG_ESP_TASK_WDT_EN 1
      |         ^~~~~~~~~~~~~~~~~~~~~~
<command-line>: note: this is the location of the previous definition
C:/Users/Louis/.platformio/packages/framework-arduinoespressif32-libs/esp32s3/qio_opi/include/sdkconfig.h:1095:9: warning: "CONFIG_ESP_TASK_WDT_INIT" redefined
 1095 | #define CONFIG_ESP_TASK_WDT_INIT 1
      |         ^~~~~~~~~~~~~~~~~~~~~~~~
<command-line>: note: this is the location of the previous definition
C:/Users/Louis/.platformio/packages/framework-arduinoespressif32-libs/esp32s3/qio_opi/include/sdkconfig.h:1098:9: warning: "CONFIG_ESP_TASK_WDT_CHECK_IDLE_TASK_CPU0" redefined
 1098 | #define CONFIG_ESP_TASK_WDT_CHECK_IDLE_TASK_CPU0 1
      |         ^~~~~~~~~~~~~~~~~~~~~~~~~~~~~~~~~~~~~~~~
<command-line>: note: this is the location of the previous definition
C:/Users/Louis/.platformio/packages/framework-arduinoespressif32-libs/esp32s3/qio_opi/include/sdkconfig.h:1155:9: warning: "CONFIG_ESP_COREDUMP_ENABLE" redefined
 1155 | #define CONFIG_ESP_COREDUMP_ENABLE 1
      |         ^~~~~~~~~~~~~~~~~~~~~~~~~~
<command-line>: note: this is the location of the previous definition
C:/Users/Louis/.platformio/packages/framework-arduinoespressif32-libs/esp32s3/qio_opi/include/sdkconfig.h:1879:9: warning: "CONFIG_ESP32S3_SPIRAM_SUPPORT" redefined
 1879 | #define CONFIG_ESP32S3_SPIRAM_SUPPORT CONFIG_SPIRAM
      |         ^~~~~~~~~~~~~~~~~~~~~~~~~~~~~
<command-line>: note: this is the location of the previous definition
Compiling .pio\build\WaveshareESP32S3LCD2\libb76\FastLED\platforms\stub\led_sysdefs_stub.cpp.o
Compiling .pio\build\WaveshareESP32S3LCD2\libb76\FastLED\platforms\stub\time_stub.cpp.o
Compiling .pio\build\WaveshareESP32S3LCD2\libb76\FastLED\platforms\wasm\active_strip_data.cpp.o
In file included from .pio/libdeps/WaveshareESP32S3LCD2/FastLED/src/third_party/espressif/led_strip/src/enabled.h:4,
                 from .pio/libdeps/WaveshareESP32S3LCD2/FastLED/src/platforms/esp/32/spi_ws2812/strip_spi.cpp:3:
C:/Users/Louis/.platformio/packages/framework-arduinoespressif32-libs/esp32s3/qio_opi/include/sdkconfig.h:1094:9: warning: "CONFIG_ESP_TASK_WDT_EN" redefined
 1094 | #define CONFIG_ESP_TASK_WDT_EN 1
      |         ^~~~~~~~~~~~~~~~~~~~~~
<command-line>: note: this is the location of the previous definition
C:/Users/Louis/.platformio/packages/framework-arduinoespressif32-libs/esp32s3/qio_opi/include/sdkconfig.h:1095:9: warning: "CONFIG_ESP_TASK_WDT_INIT" redefined
 1095 | #define CONFIG_ESP_TASK_WDT_INIT 1
      |         ^~~~~~~~~~~~~~~~~~~~~~~~
<command-line>: note: this is the location of the previous definition
C:/Users/Louis/.platformio/packages/framework-arduinoespressif32-libs/esp32s3/qio_opi/include/sdkconfig.h:1098:9: warning: "CONFIG_ESP_TASK_WDT_CHECK_IDLE_TASK_CPU0" redefined
 1098 | #define CONFIG_ESP_TASK_WDT_CHECK_IDLE_TASK_CPU0 1
      |         ^~~~~~~~~~~~~~~~~~~~~~~~~~~~~~~~~~~~~~~~
<command-line>: note: this is the location of the previous definition
C:/Users/Louis/.platformio/packages/framework-arduinoespressif32-libs/esp32s3/qio_opi/include/sdkconfig.h:1155:9: warning: "CONFIG_ESP_COREDUMP_ENABLE" redefined
 1155 | #define CONFIG_ESP_COREDUMP_ENABLE 1
      |         ^~~~~~~~~~~~~~~~~~~~~~~~~~
<command-line>: note: this is the location of the previous definition
C:/Users/Louis/.platformio/packages/framework-arduinoespressif32-libs/esp32s3/qio_opi/include/sdkconfig.h:1879:9: warning: "CONFIG_ESP32S3_SPIRAM_SUPPORT" redefined
 1879 | #define CONFIG_ESP32S3_SPIRAM_SUPPORT CONFIG_SPIRAM
      |         ^~~~~~~~~~~~~~~~~~~~~~~~~~~~~
<command-line>: note: this is the location of the previous definition
Compiling .pio\build\WaveshareESP32S3LCD2\libb76\FastLED\platforms\wasm\engine_listener.cpp.o
In file included from .pio/libdeps/WaveshareESP32S3LCD2/FastLED/src/third_party/espressif/led_strip/src/enabled.h:4,
                 from .pio/libdeps/WaveshareESP32S3LCD2/FastLED/src/platforms/esp/32/rmt_5/strip_rmt.cpp:4:
C:/Users/Louis/.platformio/packages/framework-arduinoespressif32-libs/esp32s3/qio_opi/include/sdkconfig.h:1094:9: warning: "CONFIG_ESP_TASK_WDT_EN" redefined
 1094 | #define CONFIG_ESP_TASK_WDT_EN 1
      |         ^~~~~~~~~~~~~~~~~~~~~~
<command-line>: note: this is the location of the previous definition
C:/Users/Louis/.platformio/packages/framework-arduinoespressif32-libs/esp32s3/qio_opi/include/sdkconfig.h:1095:9: warning: "CONFIG_ESP_TASK_WDT_INIT" redefined
 1095 | #define CONFIG_ESP_TASK_WDT_INIT 1
      |         ^~~~~~~~~~~~~~~~~~~~~~~~
<command-line>: note: this is the location of the previous definition
C:/Users/Louis/.platformio/packages/framework-arduinoespressif32-libs/esp32s3/qio_opi/include/sdkconfig.h:1098:9: warning: "CONFIG_ESP_TASK_WDT_CHECK_IDLE_TASK_CPU0" redefined
 1098 | #define CONFIG_ESP_TASK_WDT_CHECK_IDLE_TASK_CPU0 1
      |         ^~~~~~~~~~~~~~~~~~~~~~~~~~~~~~~~~~~~~~~~
<command-line>: note: this is the location of the previous definition
C:/Users/Louis/.platformio/packages/framework-arduinoespressif32-libs/esp32s3/qio_opi/include/sdkconfig.h:1155:9: warning: "CONFIG_ESP_COREDUMP_ENABLE" redefined
 1155 | #define CONFIG_ESP_COREDUMP_ENABLE 1
      |         ^~~~~~~~~~~~~~~~~~~~~~~~~~
<command-line>: note: this is the location of the previous definition
C:/Users/Louis/.platformio/packages/framework-arduinoespressif32-libs/esp32s3/qio_opi/include/sdkconfig.h:1879:9: warning: "CONFIG_ESP32S3_SPIRAM_SUPPORT" redefined
 1879 | #define CONFIG_ESP32S3_SPIRAM_SUPPORT CONFIG_SPIRAM
      |         ^~~~~~~~~~~~~~~~~~~~~~~~~~~~~
<command-line>: note: this is the location of the previous definition
Compiling .pio\build\WaveshareESP32S3LCD2\libb76\FastLED\platforms\wasm\entry_point.cpp.o
Compiling .pio\build\WaveshareESP32S3LCD2\libb76\FastLED\platforms\wasm\fastspi_wasm.cpp.o
Compiling .pio\build\WaveshareESP32S3LCD2\libb76\FastLED\platforms\wasm\fs_wasm.cpp.o
Compiling .pio\build\WaveshareESP32S3LCD2\libb76\FastLED\platforms\wasm\js.cpp.o
Compiling .pio\build\WaveshareESP32S3LCD2\libb76\FastLED\platforms\wasm\js_bindings.cpp.o
Compiling .pio\build\WaveshareESP32S3LCD2\libb76\FastLED\platforms\wasm\js_fetch.cpp.o
Compiling .pio\build\WaveshareESP32S3LCD2\libb76\FastLED\platforms\wasm\timer.cpp.o
Compiling .pio\build\WaveshareESP32S3LCD2\libb76\FastLED\platforms\wasm\ui.cpp.o
Compiling .pio\build\WaveshareESP32S3LCD2\libb76\FastLED\power_mgt.cpp.o
Compiling .pio\build\WaveshareESP32S3LCD2\libb76\FastLED\sensors\button.cpp.o
Compiling .pio\build\WaveshareESP32S3LCD2\libb76\FastLED\sensors\digital_pin.cpp.o
Compiling .pio\build\WaveshareESP32S3LCD2\libb76\FastLED\sensors\pir.cpp.o
Compiling .pio\build\WaveshareESP32S3LCD2\libb76\FastLED\simplex.cpp.o
Compiling .pio\build\WaveshareESP32S3LCD2\libb76\FastLED\third_party\cq_kernel\cq_kernel.cpp.o
Compiling .pio\build\WaveshareESP32S3LCD2\libb76\FastLED\third_party\cq_kernel\kiss_fft.cpp.o
Compiling .pio\build\WaveshareESP32S3LCD2\libb76\FastLED\third_party\cq_kernel\kiss_fftr.cpp.o
Compiling .pio\build\WaveshareESP32S3LCD2\libb76\FastLED\third_party\espressif\led_strip\src\led_strip_api.c.o
Compiling .pio\build\WaveshareESP32S3LCD2\libb76\FastLED\third_party\espressif\led_strip\src\led_strip_rmt_dev.c.o
In file included from .pio/libdeps/WaveshareESP32S3LCD2/FastLED/src/third_party/espressif/led_strip/src/enabled.h:4,
                 from .pio/libdeps/WaveshareESP32S3LCD2/FastLED/src/third_party/espressif/led_strip/src/led_strip_rmt_dev.c:3:
C:/Users/Louis/.platformio/packages/framework-arduinoespressif32-libs/esp32s3/qio_opi/include/sdkconfig.h:1094:9: warning: "CONFIG_ESP_TASK_WDT_EN" redefined
 1094 | #define CONFIG_ESP_TASK_WDT_EN 1
      |         ^~~~~~~~~~~~~~~~~~~~~~
<command-line>: note: this is the location of the previous definition
C:/Users/Louis/.platformio/packages/framework-arduinoespressif32-libs/esp32s3/qio_opi/include/sdkconfig.h:1095:9: warning: "CONFIG_ESP_TASK_WDT_INIT" redefined
 1095 | #define CONFIG_ESP_TASK_WDT_INIT 1
      |         ^~~~~~~~~~~~~~~~~~~~~~~~
<command-line>: note: this is the location of the previous definition
C:/Users/Louis/.platformio/packages/framework-arduinoespressif32-libs/esp32s3/qio_opi/include/sdkconfig.h:1098:9: warning: "CONFIG_ESP_TASK_WDT_CHECK_IDLE_TASK_CPU0" redefined
 1098 | #define CONFIG_ESP_TASK_WDT_CHECK_IDLE_TASK_CPU0 1
      |         ^~~~~~~~~~~~~~~~~~~~~~~~~~~~~~~~~~~~~~~~
<command-line>: note: this is the location of the previous definition
C:/Users/Louis/.platformio/packages/framework-arduinoespressif32-libs/esp32s3/qio_opi/include/sdkconfig.h:1155:9: warning: "CONFIG_ESP_COREDUMP_ENABLE" redefined
 1155 | #define CONFIG_ESP_COREDUMP_ENABLE 1
      |         ^~~~~~~~~~~~~~~~~~~~~~~~~~
<command-line>: note: this is the location of the previous definition
In file included from .pio/libdeps/WaveshareESP32S3LCD2/FastLED/src/third_party/espressif/led_strip/src/enabled.h:4,
                 from .pio/libdeps/WaveshareESP32S3LCD2/FastLED/src/third_party/espressif/led_strip/src/led_strip_api.c:4:
C:/Users/Louis/.platformio/packages/framework-arduinoespressif32-libs/esp32s3/qio_opi/include/sdkconfig.h:1094:9: warning: "CONFIG_ESP_TASK_WDT_EN" redefined
 1094 | #define CONFIG_ESP_TASK_WDT_EN 1
      |         ^~~~~~~~~~~~~~~~~~~~~~
<command-line>: note: this is the location of the previous definition
C:/Users/Louis/.platformio/packages/framework-arduinoespressif32-libs/esp32s3/qio_opi/include/sdkconfig.h:1879:9: warning: "CONFIG_ESP32S3_SPIRAM_SUPPORT" redefined
 1879 | #define CONFIG_ESP32S3_SPIRAM_SUPPORT CONFIG_SPIRAM
      |         ^~~~~~~~~~~~~~~~~~~~~~~~~~~~~
<command-line>: note: this is the location of the previous definition
C:/Users/Louis/.platformio/packages/framework-arduinoespressif32-libs/esp32s3/qio_opi/include/sdkconfig.h:1095:9: warning: "CONFIG_ESP_TASK_WDT_INIT" redefined
 1095 | #define CONFIG_ESP_TASK_WDT_INIT 1
      |         ^~~~~~~~~~~~~~~~~~~~~~~~
<command-line>: note: this is the location of the previous definition
C:/Users/Louis/.platformio/packages/framework-arduinoespressif32-libs/esp32s3/qio_opi/include/sdkconfig.h:1098:9: warning: "CONFIG_ESP_TASK_WDT_CHECK_IDLE_TASK_CPU0" redefined
 1098 | #define CONFIG_ESP_TASK_WDT_CHECK_IDLE_TASK_CPU0 1
      |         ^~~~~~~~~~~~~~~~~~~~~~~~~~~~~~~~~~~~~~~~
<command-line>: note: this is the location of the previous definition
C:/Users/Louis/.platformio/packages/framework-arduinoespressif32-libs/esp32s3/qio_opi/include/sdkconfig.h:1155:9: warning: "CONFIG_ESP_COREDUMP_ENABLE" redefined
 1155 | #define CONFIG_ESP_COREDUMP_ENABLE 1
      |         ^~~~~~~~~~~~~~~~~~~~~~~~~~
<command-line>: note: this is the location of the previous definition
C:/Users/Louis/.platformio/packages/framework-arduinoespressif32-libs/esp32s3/qio_opi/include/sdkconfig.h:1879:9: warning: "CONFIG_ESP32S3_SPIRAM_SUPPORT" redefined
 1879 | #define CONFIG_ESP32S3_SPIRAM_SUPPORT CONFIG_SPIRAM
      |         ^~~~~~~~~~~~~~~~~~~~~~~~~~~~~
<command-line>: note: this is the location of the previous definition
Compiling .pio\build\WaveshareESP32S3LCD2\libb76\FastLED\third_party\espressif\led_strip\src\led_strip_rmt_encoder.c.o
Compiling .pio\build\WaveshareESP32S3LCD2\libb76\FastLED\third_party\espressif\led_strip\src\led_strip_spi_dev.c.o
In file included from .pio/libdeps/WaveshareESP32S3LCD2/FastLED/src/third_party/espressif/led_strip/src/enabled.h:4,
                 from .pio/libdeps/WaveshareESP32S3LCD2/FastLED/src/third_party/espressif/led_strip/src/led_strip_spi_dev.c:3:
C:/Users/Louis/.platformio/packages/framework-arduinoespressif32-libs/esp32s3/qio_opi/include/sdkconfig.h:1094:9: warning: "CONFIG_ESP_TASK_WDT_EN" redefined
 1094 | #define CONFIG_ESP_TASK_WDT_EN 1
      |         ^~~~~~~~~~~~~~~~~~~~~~
<command-line>: note: this is the location of the previous definition
C:/Users/Louis/.platformio/packages/framework-arduinoespressif32-libs/esp32s3/qio_opi/include/sdkconfig.h:1095:9: warning: "CONFIG_ESP_TASK_WDT_INIT" redefined
 1095 | #define CONFIG_ESP_TASK_WDT_INIT 1
      |         ^~~~~~~~~~~~~~~~~~~~~~~~
<command-line>: note: this is the location of the previous definition
C:/Users/Louis/.platformio/packages/framework-arduinoespressif32-libs/esp32s3/qio_opi/include/sdkconfig.h:1098:9: warning: "CONFIG_ESP_TASK_WDT_CHECK_IDLE_TASK_CPU0" redefined
 1098 | #define CONFIG_ESP_TASK_WDT_CHECK_IDLE_TASK_CPU0 1
      |         ^~~~~~~~~~~~~~~~~~~~~~~~~~~~~~~~~~~~~~~~
<command-line>: note: this is the location of the previous definition
C:/Users/Louis/.platformio/packages/framework-arduinoespressif32-libs/esp32s3/qio_opi/include/sdkconfig.h:1155:9: warning: "CONFIG_ESP_COREDUMP_ENABLE" redefined
 1155 | #define CONFIG_ESP_COREDUMP_ENABLE 1
      |         ^~~~~~~~~~~~~~~~~~~~~~~~~~
<command-line>: note: this is the location of the previous definition
C:/Users/Louis/.platformio/packages/framework-arduinoespressif32-libs/esp32s3/qio_opi/include/sdkconfig.h:1879:9: warning: "CONFIG_ESP32S3_SPIRAM_SUPPORT" redefined
 1879 | #define CONFIG_ESP32S3_SPIRAM_SUPPORT CONFIG_SPIRAM
      |         ^~~~~~~~~~~~~~~~~~~~~~~~~~~~~
<command-line>: note: this is the location of the previous definition
In file included from .pio/libdeps/WaveshareESP32S3LCD2/FastLED/src/third_party/espressif/led_strip/src/enabled.h:4,
                 from .pio/libdeps/WaveshareESP32S3LCD2/FastLED/src/third_party/espressif/led_strip/src/led_strip_rmt_encoder.c:4:
C:/Users/Louis/.platformio/packages/framework-arduinoespressif32-libs/esp32s3/qio_opi/include/sdkconfig.h:1094:9: warning: "CONFIG_ESP_TASK_WDT_EN" redefined
 1094 | #define CONFIG_ESP_TASK_WDT_EN 1
      |         ^~~~~~~~~~~~~~~~~~~~~~
<command-line>: note: this is the location of the previous definition
C:/Users/Louis/.platformio/packages/framework-arduinoespressif32-libs/esp32s3/qio_opi/include/sdkconfig.h:1095:9: warning: "CONFIG_ESP_TASK_WDT_INIT" redefined
 1095 | #define CONFIG_ESP_TASK_WDT_INIT 1
      |         ^~~~~~~~~~~~~~~~~~~~~~~~
<command-line>: note: this is the location of the previous definition
C:/Users/Louis/.platformio/packages/framework-arduinoespressif32-libs/esp32s3/qio_opi/include/sdkconfig.h:1098:9: warning: "CONFIG_ESP_TASK_WDT_CHECK_IDLE_TASK_CPU0" redefined
 1098 | #define CONFIG_ESP_TASK_WDT_CHECK_IDLE_TASK_CPU0 1
      |         ^~~~~~~~~~~~~~~~~~~~~~~~~~~~~~~~~~~~~~~~
<command-line>: note: this is the location of the previous definition
C:/Users/Louis/.platformio/packages/framework-arduinoespressif32-libs/esp32s3/qio_opi/include/sdkconfig.h:1155:9: warning: "CONFIG_ESP_COREDUMP_ENABLE" redefined
 1155 | #define CONFIG_ESP_COREDUMP_ENABLE 1
      |         ^~~~~~~~~~~~~~~~~~~~~~~~~~
<command-line>: note: this is the location of the previous definition
C:/Users/Louis/.platformio/packages/framework-arduinoespressif32-libs/esp32s3/qio_opi/include/sdkconfig.h:1879:9: warning: "CONFIG_ESP32S3_SPIRAM_SUPPORT" redefined
 1879 | #define CONFIG_ESP32S3_SPIRAM_SUPPORT CONFIG_SPIRAM
      |         ^~~~~~~~~~~~~~~~~~~~~~~~~~~~~
<command-line>: note: this is the location of the previous definition
Compiling .pio\build\WaveshareESP32S3LCD2\libb76\FastLED\third_party\object_fled\src\OjectFLED.cpp.o
Compiling .pio\build\WaveshareESP32S3LCD2\libb76\FastLED\transpose8x1_noinline.cpp.o
Compiling .pio\build\WaveshareESP32S3LCD2\libb76\FastLED\wiring.cpp.o
Compiling .pio\build\WaveshareESP32S3LCD2\libda4\Wire\Wire.cpp.o
Compiling .pio\build\WaveshareESP32S3LCD2\libd66\GFX Library for Arduino\Arduino_DataBus.cpp.o
Compiling .pio\build\WaveshareESP32S3LCD2\libd66\GFX Library for Arduino\Arduino_G.cpp.o
Compiling .pio\build\WaveshareESP32S3LCD2\libd66\GFX Library for Arduino\Arduino_GFX.cpp.o
Compiling .pio\build\WaveshareESP32S3LCD2\libd66\GFX Library for Arduino\Arduino_GFX_Library.cpp.o
Compiling .pio\build\WaveshareESP32S3LCD2\libd66\GFX Library for Arduino\Arduino_OLED.cpp.o
Compiling .pio\build\WaveshareESP32S3LCD2\libd66\GFX Library for Arduino\Arduino_TFT.cpp.o
Compiling .pio\build\WaveshareESP32S3LCD2\libd66\GFX Library for Arduino\Arduino_TFT_18bit.cpp.o
Compiling .pio\build\WaveshareESP32S3LCD2\libd66\GFX Library for Arduino\canvas\Arduino_Canvas.cpp.o
Compiling .pio\build\WaveshareESP32S3LCD2\libd66\GFX Library for Arduino\canvas\Arduino_Canvas_3bit.cpp.o
In file included from .pio/libdeps/WaveshareESP32S3LCD2/FastLED/src/third_party/yves/I2SClockLessLedDriveresp32s3/driver.h:9,
                 from .pio/libdeps/WaveshareESP32S3LCD2/FastLED/src/platforms/esp/32/clockless_i2s_esp32s3.cpp:20:
.pio/libdeps/WaveshareESP32S3LCD2/FastLED/src/third_party/yves/I2SClockLessLedDriveresp32s3/src/I2SClockLessLedDriveresp32s3.h: In member function 'void fl::I2SClocklessLedDriveresp32S3::_initled(uint8_t*, const int*, int, int)':
.pio/libdeps/WaveshareESP32S3LCD2/FastLED/src/third_party/yves/I2SClockLessLedDriveresp32s3/src/I2SClockLessLedDriveresp32s3.h:397:20: warning: 'esp_lcd_i80_bus_config_t::<unnamed union>::psram_trans_align' is deprecated [-Wdeprecated-declarations]
  397 |         bus_config.psram_trans_align = LCD_DRIVER_PSRAM_DATA_ALIGNMENT;
      |                    ^~~~~~~~~~~~~~~~~
In file included from C:/Users/Louis/.platformio/packages/framework-arduinoespressif32-libs/esp32s3/include/esp_lcd/include/esp_lcd_panel_io.h:11,
                 from .pio/libdeps/WaveshareESP32S3LCD2/FastLED/src/third_party/yves/I2SClockLessLedDriveresp32s3/src/I2SClockLessLedDriveresp32s3.h:42:
C:/Users/Louis/.platformio/packages/framework-arduinoespressif32-libs/esp32s3/include/esp_lcd/include/esp_lcd_io_i80.h:33:16: note: declared here
   33 |         size_t psram_trans_align __attribute__((deprecated)); /*!< DMA transfer alignment for data allocated from PSRAM */
      |                ^~~~~~~~~~~~~~~~~
.pio/libdeps/WaveshareESP32S3LCD2/FastLED/src/third_party/yves/I2SClockLessLedDriveresp32s3/src/I2SClockLessLedDriveresp32s3.h:397:20: warning: 'esp_lcd_i80_bus_config_t::<unnamed union>::psram_trans_align' is deprecated [-Wdeprecated-declarations]
  397 |         bus_config.psram_trans_align = LCD_DRIVER_PSRAM_DATA_ALIGNMENT;
      |                    ^~~~~~~~~~~~~~~~~
C:/Users/Louis/.platformio/packages/framework-arduinoespressif32-libs/esp32s3/include/esp_lcd/include/esp_lcd_io_i80.h:33:16: note: declared here
   33 |         size_t psram_trans_align __attribute__((deprecated)); /*!< DMA transfer alignment for data allocated from PSRAM */
      |                ^~~~~~~~~~~~~~~~~
.pio/libdeps/WaveshareESP32S3LCD2/FastLED/src/third_party/yves/I2SClockLessLedDriveresp32s3/src/I2SClockLessLedDriveresp32s3.h:397:20: warning: 'esp_lcd_i80_bus_config_t::<unnamed union>::psram_trans_align' is deprecated [-Wdeprecated-declarations]
  397 |         bus_config.psram_trans_align = LCD_DRIVER_PSRAM_DATA_ALIGNMENT;
      |                    ^~~~~~~~~~~~~~~~~
C:/Users/Louis/.platformio/packages/framework-arduinoespressif32-libs/esp32s3/include/esp_lcd/include/esp_lcd_io_i80.h:33:16: note: declared here
   33 |         size_t psram_trans_align __attribute__((deprecated)); /*!< DMA transfer alignment for data allocated from PSRAM */
      |                ^~~~~~~~~~~~~~~~~
.pio/libdeps/WaveshareESP32S3LCD2/FastLED/src/third_party/yves/I2SClockLessLedDriveresp32s3/src/I2SClockLessLedDriveresp32s3.h:398:20: warning: 'esp_lcd_i80_bus_config_t::sram_trans_align' is deprecated [-Wdeprecated-declarations]
  398 |         bus_config.sram_trans_align = 4;
      |                    ^~~~~~~~~~~~~~~~
C:/Users/Louis/.platformio/packages/framework-arduinoespressif32-libs/esp32s3/include/esp_lcd/include/esp_lcd_io_i80.h:36:12: note: declared here
   36 |     size_t sram_trans_align __attribute__((deprecated)); /*!< DMA transfer alignment for data allocated from SRAM */
      |            ^~~~~~~~~~~~~~~~
.pio/libdeps/WaveshareESP32S3LCD2/FastLED/src/third_party/yves/I2SClockLessLedDriveresp32s3/src/I2SClockLessLedDriveresp32s3.h:398:20: warning: 'esp_lcd_i80_bus_config_t::sram_trans_align' is deprecated [-Wdeprecated-declarations]
  398 |         bus_config.sram_trans_align = 4;
      |                    ^~~~~~~~~~~~~~~~
C:/Users/Louis/.platformio/packages/framework-arduinoespressif32-libs/esp32s3/include/esp_lcd/include/esp_lcd_io_i80.h:36:12: note: declared here
   36 |     size_t sram_trans_align __attribute__((deprecated)); /*!< DMA transfer alignment for data allocated from SRAM */
      |            ^~~~~~~~~~~~~~~~
.pio/libdeps/WaveshareESP32S3LCD2/FastLED/src/third_party/yves/I2SClockLessLedDriveresp32s3/src/I2SClockLessLedDriveresp32s3.h:398:20: warning: 'esp_lcd_i80_bus_config_t::sram_trans_align' is deprecated [-Wdeprecated-declarations]
  398 |         bus_config.sram_trans_align = 4;
      |                    ^~~~~~~~~~~~~~~~
C:/Users/Louis/.platformio/packages/framework-arduinoespressif32-libs/esp32s3/include/esp_lcd/include/esp_lcd_io_i80.h:36:12: note: declared here
   36 |     size_t sram_trans_align __attribute__((deprecated)); /*!< DMA transfer alignment for data allocated from SRAM */
      |            ^~~~~~~~~~~~~~~~
Compiling .pio\build\WaveshareESP32S3LCD2\libd66\GFX Library for Arduino\canvas\Arduino_Canvas_Indexed.cpp.o
Compiling .pio\build\WaveshareESP32S3LCD2\libd66\GFX Library for Arduino\canvas\Arduino_Canvas_Mono.cpp.o
Compiling .pio\build\WaveshareESP32S3LCD2\libd66\GFX Library for Arduino\databus\Arduino_AVRPAR16.cpp.o
Compiling .pio\build\WaveshareESP32S3LCD2\libd66\GFX Library for Arduino\databus\Arduino_AVRPAR8.cpp.o
Compiling .pio\build\WaveshareESP32S3LCD2\libd66\GFX Library for Arduino\databus\Arduino_DUEPAR16.cpp.o
Compiling .pio\build\WaveshareESP32S3LCD2\libd66\GFX Library for Arduino\databus\Arduino_ESP32DSIPanel.cpp.o
Compiling .pio\build\WaveshareESP32S3LCD2\libd66\GFX Library for Arduino\databus\Arduino_ESP32LCD16.cpp.o
Compiling .pio\build\WaveshareESP32S3LCD2\libd66\GFX Library for Arduino\databus\Arduino_ESP32LCD8.cpp.o
Compiling .pio\build\WaveshareESP32S3LCD2\libd66\GFX Library for Arduino\databus\Arduino_ESP32PAR16.cpp.o
Compiling .pio\build\WaveshareESP32S3LCD2\libd66\GFX Library for Arduino\databus\Arduino_ESP32PAR16Q.cpp.o
Compiling .pio\build\WaveshareESP32S3LCD2\libd66\GFX Library for Arduino\databus\Arduino_ESP32PAR16QQ.cpp.o
Compiling .pio\build\WaveshareESP32S3LCD2\libd66\GFX Library for Arduino\databus\Arduino_ESP32PAR8.cpp.o
Compiling .pio\build\WaveshareESP32S3LCD2\libd66\GFX Library for Arduino\databus\Arduino_ESP32PAR8Q.cpp.o
Compiling .pio\build\WaveshareESP32S3LCD2\libd66\GFX Library for Arduino\databus\Arduino_ESP32PAR8QQ.cpp.o
Compiling .pio\build\WaveshareESP32S3LCD2\libd66\GFX Library for Arduino\databus\Arduino_ESP32PAR8QQQ.cpp.o
Compiling .pio\build\WaveshareESP32S3LCD2\libd66\GFX Library for Arduino\databus\Arduino_ESP32QSPI.cpp.o
Compiling .pio\build\WaveshareESP32S3LCD2\libd66\GFX Library for Arduino\databus\Arduino_ESP32RGBPanel.cpp.o
Compiling .pio\build\WaveshareESP32S3LCD2\libd66\GFX Library for Arduino\databus\Arduino_ESP32S2PAR16.cpp.o
Compiling .pio\build\WaveshareESP32S3LCD2\libd66\GFX Library for Arduino\databus\Arduino_ESP32S2PAR16Q.cpp.o
Compiling .pio\build\WaveshareESP32S3LCD2\libd66\GFX Library for Arduino\databus\Arduino_ESP32S2PAR8.cpp.o
Compiling .pio\build\WaveshareESP32S3LCD2\libd66\GFX Library for Arduino\databus\Arduino_ESP32S2PAR8Q.cpp.o
Compiling .pio\build\WaveshareESP32S3LCD2\libd66\GFX Library for Arduino\databus\Arduino_ESP32SPI.cpp.o
Compiling .pio\build\WaveshareESP32S3LCD2\libd66\GFX Library for Arduino\databus\Arduino_ESP32SPIDMA.cpp.o
Compiling .pio\build\WaveshareESP32S3LCD2\libd66\GFX Library for Arduino\databus\Arduino_ESP8266SPI.cpp.o
Compiling .pio\build\WaveshareESP32S3LCD2\libd66\GFX Library for Arduino\databus\Arduino_HWSPI.cpp.o
Compiling .pio\build\WaveshareESP32S3LCD2\libd66\GFX Library for Arduino\databus\Arduino_NRFXSPI.cpp.o
Compiling .pio\build\WaveshareESP32S3LCD2\libd66\GFX Library for Arduino\databus\Arduino_RPiPicoPAR16.cpp.o
Compiling .pio\build\WaveshareESP32S3LCD2\libd66\GFX Library for Arduino\databus\Arduino_RPiPicoPAR8.cpp.o
Compiling .pio\build\WaveshareESP32S3LCD2\libd66\GFX Library for Arduino\databus\Arduino_RPiPicoSPI.cpp.o
Compiling .pio\build\WaveshareESP32S3LCD2\libd66\GFX Library for Arduino\databus\Arduino_RTLPAR8.cpp.o
Compiling .pio\build\WaveshareESP32S3LCD2\libd66\GFX Library for Arduino\databus\Arduino_STM32PAR8.cpp.o
Compiling .pio\build\WaveshareESP32S3LCD2\libd66\GFX Library for Arduino\databus\Arduino_SWPAR16.cpp.o
Compiling .pio\build\WaveshareESP32S3LCD2\libd66\GFX Library for Arduino\databus\Arduino_SWPAR8.cpp.o
Compiling .pio\build\WaveshareESP32S3LCD2\libd66\GFX Library for Arduino\databus\Arduino_SWSPI.cpp.o
Compiling .pio\build\WaveshareESP32S3LCD2\libd66\GFX Library for Arduino\databus\Arduino_UNOPAR8.cpp.o
Compiling .pio\build\WaveshareESP32S3LCD2\libd66\GFX Library for Arduino\databus\Arduino_Wire.cpp.o
Compiling .pio\build\WaveshareESP32S3LCD2\libd66\GFX Library for Arduino\databus\Arduino_XCA9554SWSPI.cpp.o
Compiling .pio\build\WaveshareESP32S3LCD2\libd66\GFX Library for Arduino\databus\Arduino_XL9535SWSPI.cpp.o
Compiling .pio\build\WaveshareESP32S3LCD2\libd66\GFX Library for Arduino\databus\Arduino_mbedSPI.cpp.o
Compiling .pio\build\WaveshareESP32S3LCD2\libd66\GFX Library for Arduino\display\Arduino_AXS15231B.cpp.o
Compiling .pio\build\WaveshareESP32S3LCD2\libd66\GFX Library for Arduino\display\Arduino_CO5300.cpp.o
Compiling .pio\build\WaveshareESP32S3LCD2\libd66\GFX Library for Arduino\display\Arduino_DSI_Display.cpp.o
Compiling .pio\build\WaveshareESP32S3LCD2\libd66\GFX Library for Arduino\display\Arduino_GC9106.cpp.o
Compiling .pio\build\WaveshareESP32S3LCD2\libd66\GFX Library for Arduino\display\Arduino_GC9107.cpp.o
Compiling .pio\build\WaveshareESP32S3LCD2\libd66\GFX Library for Arduino\display\Arduino_GC9A01.cpp.o
Compiling .pio\build\WaveshareESP32S3LCD2\libd66\GFX Library for Arduino\display\Arduino_GC9C01.cpp.o
Compiling .pio\build\WaveshareESP32S3LCD2\libd66\GFX Library for Arduino\display\Arduino_GC9D01.cpp.o
Compiling .pio\build\WaveshareESP32S3LCD2\libd66\GFX Library for Arduino\display\Arduino_HX8347C.cpp.o
Compiling .pio\build\WaveshareESP32S3LCD2\libd66\GFX Library for Arduino\display\Arduino_HX8347D.cpp.o
Compiling .pio\build\WaveshareESP32S3LCD2\libd66\GFX Library for Arduino\display\Arduino_HX8352C.cpp.o
Compiling .pio\build\WaveshareESP32S3LCD2\libd66\GFX Library for Arduino\display\Arduino_HX8357A.cpp.o
Compiling .pio\build\WaveshareESP32S3LCD2\libd66\GFX Library for Arduino\display\Arduino_HX8357B.cpp.o
Compiling .pio\build\WaveshareESP32S3LCD2\libd66\GFX Library for Arduino\display\Arduino_HX8369A.cpp.o
Compiling .pio\build\WaveshareESP32S3LCD2\libd66\GFX Library for Arduino\display\Arduino_ILI9225.cpp.o
Compiling .pio\build\WaveshareESP32S3LCD2\libd66\GFX Library for Arduino\display\Arduino_ILI9331.cpp.o
Compiling .pio\build\WaveshareESP32S3LCD2\libd66\GFX Library for Arduino\display\Arduino_ILI9341.cpp.o
Compiling .pio\build\WaveshareESP32S3LCD2\libd66\GFX Library for Arduino\display\Arduino_ILI9342.cpp.o
Compiling .pio\build\WaveshareESP32S3LCD2\libd66\GFX Library for Arduino\display\Arduino_ILI9481_18bit.cpp.o
Compiling .pio\build\WaveshareESP32S3LCD2\libd66\GFX Library for Arduino\display\Arduino_ILI9486.cpp.o
Compiling .pio\build\WaveshareESP32S3LCD2\libd66\GFX Library for Arduino\display\Arduino_ILI9486_18bit.cpp.o
Compiling .pio\build\WaveshareESP32S3LCD2\libd66\GFX Library for Arduino\display\Arduino_ILI9488.cpp.o
Compiling .pio\build\WaveshareESP32S3LCD2\libd66\GFX Library for Arduino\display\Arduino_ILI9488_18bit.cpp.o
Compiling .pio\build\WaveshareESP32S3LCD2\libd66\GFX Library for Arduino\display\Arduino_ILI9488_3bit.cpp.o
Compiling .pio\build\WaveshareESP32S3LCD2\libd66\GFX Library for Arduino\display\Arduino_ILI9806.cpp.o
Compiling .pio\build\WaveshareESP32S3LCD2\libd66\GFX Library for Arduino\display\Arduino_JBT6K71.cpp.o
Compiling .pio\build\WaveshareESP32S3LCD2\libd66\GFX Library for Arduino\display\Arduino_JD9613.cpp.o
Compiling .pio\build\WaveshareESP32S3LCD2\libd66\GFX Library for Arduino\display\Arduino_NT35310.cpp.o
Compiling .pio\build\WaveshareESP32S3LCD2\libd66\GFX Library for Arduino\display\Arduino_NT35510.cpp.o
Compiling .pio\build\WaveshareESP32S3LCD2\libd66\GFX Library for Arduino\display\Arduino_NT39125.cpp.o
Compiling .pio\build\WaveshareESP32S3LCD2\libd66\GFX Library for Arduino\display\Arduino_NV3007.cpp.o
Compiling .pio\build\WaveshareESP32S3LCD2\libd66\GFX Library for Arduino\display\Arduino_NV3023.cpp.o
Compiling .pio\build\WaveshareESP32S3LCD2\libd66\GFX Library for Arduino\display\Arduino_NV3041A.cpp.o
Compiling .pio\build\WaveshareESP32S3LCD2\libd66\GFX Library for Arduino\display\Arduino_OTM8009A.cpp.o
Compiling .pio\build\WaveshareESP32S3LCD2\libd66\GFX Library for Arduino\display\Arduino_R61529.cpp.o
Compiling .pio\build\WaveshareESP32S3LCD2\libd66\GFX Library for Arduino\display\Arduino_RGB_Display.cpp.o
Compiling .pio\build\WaveshareESP32S3LCD2\libd66\GFX Library for Arduino\display\Arduino_RM67162.cpp.o
Compiling .pio\build\WaveshareESP32S3LCD2\libd66\GFX Library for Arduino\display\Arduino_RM690B0.cpp.o
Compiling .pio\build\WaveshareESP32S3LCD2\libd66\GFX Library for Arduino\display\Arduino_SEPS525.cpp.o
Compiling .pio\build\WaveshareESP32S3LCD2\libd66\GFX Library for Arduino\display\Arduino_SH1106.cpp.o
Compiling .pio\build\WaveshareESP32S3LCD2\libd66\GFX Library for Arduino\display\Arduino_SH8601.cpp.o
Compiling .pio\build\WaveshareESP32S3LCD2\libd66\GFX Library for Arduino\display\Arduino_SPD2010.cpp.o
Compiling .pio\build\WaveshareESP32S3LCD2\libd66\GFX Library for Arduino\display\Arduino_SSD1283A.cpp.o
Compiling .pio\build\WaveshareESP32S3LCD2\libd66\GFX Library for Arduino\display\Arduino_SSD1306.cpp.o
Compiling .pio\build\WaveshareESP32S3LCD2\libd66\GFX Library for Arduino\display\Arduino_SSD1331.cpp.o
Compiling .pio\build\WaveshareESP32S3LCD2\libd66\GFX Library for Arduino\display\Arduino_SSD1351.cpp.o
Compiling .pio\build\WaveshareESP32S3LCD2\libd66\GFX Library for Arduino\display\Arduino_ST7735.cpp.o
Compiling .pio\build\WaveshareESP32S3LCD2\libd66\GFX Library for Arduino\display\Arduino_ST7789.cpp.o
Compiling .pio\build\WaveshareESP32S3LCD2\libd66\GFX Library for Arduino\display\Arduino_ST77916.cpp.o
Compiling .pio\build\WaveshareESP32S3LCD2\libd66\GFX Library for Arduino\display\Arduino_ST7796.cpp.o
Compiling .pio\build\WaveshareESP32S3LCD2\libd66\GFX Library for Arduino\display\Arduino_WEA2012.cpp.o
Compiling .pio\build\WaveshareESP32S3LCD2\lib020\lvgl\core\lv_disp.c.o
Compiling .pio\build\WaveshareESP32S3LCD2\lib020\lvgl\core\lv_event.c.o
In file included from .pio/libdeps/WaveshareESP32S3LCD2/lvgl/src/core/../lv_conf_kconfig.h:15,
                 from .pio/libdeps/WaveshareESP32S3LCD2/lvgl/src/core/../lv_conf_internal.h:15,
                 from .pio/libdeps/WaveshareESP32S3LCD2/lvgl/src/core/lv_obj.h:16,
                 from .pio/libdeps/WaveshareESP32S3LCD2/lvgl/src/core/lv_event.c:9:
C:/Users/Louis/.platformio/packages/framework-arduinoespressif32-libs/esp32s3/qio_opi/include/sdkconfig.h:1094:9: warning: "CONFIG_ESP_TASK_WDT_EN" redefined
 1094 | #define CONFIG_ESP_TASK_WDT_EN 1
      |         ^~~~~~~~~~~~~~~~~~~~~~
<command-line>: note: this is the location of the previous definition
C:/Users/Louis/.platformio/packages/framework-arduinoespressif32-libs/esp32s3/qio_opi/include/sdkconfig.h:1095:9: warning: "CONFIG_ESP_TASK_WDT_INIT" redefined
 1095 | #define CONFIG_ESP_TASK_WDT_INIT 1
      |         ^~~~~~~~~~~~~~~~~~~~~~~~
<command-line>: note: this is the location of the previous definition
C:/Users/Louis/.platformio/packages/framework-arduinoespressif32-libs/esp32s3/qio_opi/include/sdkconfig.h:1098:9: warning: "CONFIG_ESP_TASK_WDT_CHECK_IDLE_TASK_CPU0" redefined
 1098 | #define CONFIG_ESP_TASK_WDT_CHECK_IDLE_TASK_CPU0 1
      |         ^~~~~~~~~~~~~~~~~~~~~~~~~~~~~~~~~~~~~~~~
<command-line>: note: this is the location of the previous definition
C:/Users/Louis/.platformio/packages/framework-arduinoespressif32-libs/esp32s3/qio_opi/include/sdkconfig.h:1155:9: warning: "CONFIG_ESP_COREDUMP_ENABLE" redefined
 1155 | #define CONFIG_ESP_COREDUMP_ENABLE 1
      |         ^~~~~~~~~~~~~~~~~~~~~~~~~~
<command-line>: note: this is the location of the previous definition
C:/Users/Louis/.platformio/packages/framework-arduinoespressif32-libs/esp32s3/qio_opi/include/sdkconfig.h:1879:9: warning: "CONFIG_ESP32S3_SPIRAM_SUPPORT" redefined
 1879 | #define CONFIG_ESP32S3_SPIRAM_SUPPORT CONFIG_SPIRAM
      |         ^~~~~~~~~~~~~~~~~~~~~~~~~~~~~
<command-line>: note: this is the location of the previous definition
In file included from .pio/libdeps/WaveshareESP32S3LCD2/lvgl/src/core/../hal/../draw/../lv_conf_kconfig.h:15,
                 from .pio/libdeps/WaveshareESP32S3LCD2/lvgl/src/core/../hal/../draw/../lv_conf_internal.h:15,
                 from .pio/libdeps/WaveshareESP32S3LCD2/lvgl/src/core/../hal/../draw/lv_draw.h:16,
                 from .pio/libdeps/WaveshareESP32S3LCD2/lvgl/src/core/../hal/lv_hal_disp.h:21,
                 from .pio/libdeps/WaveshareESP32S3LCD2/lvgl/src/core/../hal/lv_hal.h:16,
                 from .pio/libdeps/WaveshareESP32S3LCD2/lvgl/src/core/lv_disp.h:16,
                 from .pio/libdeps/WaveshareESP32S3LCD2/lvgl/src/core/lv_disp.c:9:
C:/Users/Louis/.platformio/packages/framework-arduinoespressif32-libs/esp32s3/qio_opi/include/sdkconfig.h:1094:9: warning: "CONFIG_ESP_TASK_WDT_EN" redefined
 1094 | #define CONFIG_ESP_TASK_WDT_EN 1
      |         ^~~~~~~~~~~~~~~~~~~~~~
<command-line>: note: this is the location of the previous definition
C:/Users/Louis/.platformio/packages/framework-arduinoespressif32-libs/esp32s3/qio_opi/include/sdkconfig.h:1095:9: warning: "CONFIG_ESP_TASK_WDT_INIT" redefined
 1095 | #define CONFIG_ESP_TASK_WDT_INIT 1
      |         ^~~~~~~~~~~~~~~~~~~~~~~~
<command-line>: note: this is the location of the previous definition
C:/Users/Louis/.platformio/packages/framework-arduinoespressif32-libs/esp32s3/qio_opi/include/sdkconfig.h:1098:9: warning: "CONFIG_ESP_TASK_WDT_CHECK_IDLE_TASK_CPU0" redefined
 1098 | #define CONFIG_ESP_TASK_WDT_CHECK_IDLE_TASK_CPU0 1
      |         ^~~~~~~~~~~~~~~~~~~~~~~~~~~~~~~~~~~~~~~~
<command-line>: note: this is the location of the previous definition
C:/Users/Louis/.platformio/packages/framework-arduinoespressif32-libs/esp32s3/qio_opi/include/sdkconfig.h:1155:9: warning: "CONFIG_ESP_COREDUMP_ENABLE" redefined
 1155 | #define CONFIG_ESP_COREDUMP_ENABLE 1
      |         ^~~~~~~~~~~~~~~~~~~~~~~~~~
<command-line>: note: this is the location of the previous definition
C:/Users/Louis/.platformio/packages/framework-arduinoespressif32-libs/esp32s3/qio_opi/include/sdkconfig.h:1879:9: warning: "CONFIG_ESP32S3_SPIRAM_SUPPORT" redefined
 1879 | #define CONFIG_ESP32S3_SPIRAM_SUPPORT CONFIG_SPIRAM
      |         ^~~~~~~~~~~~~~~~~~~~~~~~~~~~~
<command-line>: note: this is the location of the previous definition
Compiling .pio\build\WaveshareESP32S3LCD2\lib020\lvgl\core\lv_group.c.o
Compiling .pio\build\WaveshareESP32S3LCD2\lib020\lvgl\core\lv_indev.c.o
In file included from .pio/libdeps/WaveshareESP32S3LCD2/lvgl/src/core/../lv_conf_kconfig.h:15,
                 from .pio/libdeps/WaveshareESP32S3LCD2/lvgl/src/core/../lv_conf_internal.h:15,
                 from .pio/libdeps/WaveshareESP32S3LCD2/lvgl/src/core/lv_group.h:17,
                 from .pio/libdeps/WaveshareESP32S3LCD2/lvgl/src/core/lv_group.c:11:
C:/Users/Louis/.platformio/packages/framework-arduinoespressif32-libs/esp32s3/qio_opi/include/sdkconfig.h:1094:9: warning: "CONFIG_ESP_TASK_WDT_EN" redefined
 1094 | #define CONFIG_ESP_TASK_WDT_EN 1
      |         ^~~~~~~~~~~~~~~~~~~~~~
<command-line>: note: this is the location of the previous definition
C:/Users/Louis/.platformio/packages/framework-arduinoespressif32-libs/esp32s3/qio_opi/include/sdkconfig.h:1095:9: warning: "CONFIG_ESP_TASK_WDT_INIT" redefined
 1095 | #define CONFIG_ESP_TASK_WDT_INIT 1
      |         ^~~~~~~~~~~~~~~~~~~~~~~~
<command-line>: note: this is the location of the previous definition
C:/Users/Louis/.platformio/packages/framework-arduinoespressif32-libs/esp32s3/qio_opi/include/sdkconfig.h:1098:9: warning: "CONFIG_ESP_TASK_WDT_CHECK_IDLE_TASK_CPU0" redefined
 1098 | #define CONFIG_ESP_TASK_WDT_CHECK_IDLE_TASK_CPU0 1
      |         ^~~~~~~~~~~~~~~~~~~~~~~~~~~~~~~~~~~~~~~~
<command-line>: note: this is the location of the previous definition
C:/Users/Louis/.platformio/packages/framework-arduinoespressif32-libs/esp32s3/qio_opi/include/sdkconfig.h:1155:9: warning: "CONFIG_ESP_COREDUMP_ENABLE" redefined
 1155 | #define CONFIG_ESP_COREDUMP_ENABLE 1
      |         ^~~~~~~~~~~~~~~~~~~~~~~~~~
<command-line>: note: this is the location of the previous definition
C:/Users/Louis/.platformio/packages/framework-arduinoespressif32-libs/esp32s3/qio_opi/include/sdkconfig.h:1879:9: warning: "CONFIG_ESP32S3_SPIRAM_SUPPORT" redefined
 1879 | #define CONFIG_ESP32S3_SPIRAM_SUPPORT CONFIG_SPIRAM
      |         ^~~~~~~~~~~~~~~~~~~~~~~~~~~~~
<command-line>: note: this is the location of the previous definition
Compiling .pio\build\WaveshareESP32S3LCD2\lib020\lvgl\core\lv_indev_scroll.c.o
Compiling .pio\build\WaveshareESP32S3LCD2\lib020\lvgl\core\lv_obj.c.o
Compiling .pio\build\WaveshareESP32S3LCD2\lib020\lvgl\core\lv_obj_class.c.o
In file included from .pio/libdeps/WaveshareESP32S3LCD2/lvgl/src/core/../lv_conf_kconfig.h:15,
                 from .pio/libdeps/WaveshareESP32S3LCD2/lvgl/src/core/../lv_conf_internal.h:15,
                 from .pio/libdeps/WaveshareESP32S3LCD2/lvgl/src/core/lv_obj.h:16,
                 from .pio/libdeps/WaveshareESP32S3LCD2/lvgl/src/core/lv_indev.h:16,
                 from .pio/libdeps/WaveshareESP32S3LCD2/lvgl/src/core/lv_indev_scroll.c:9:
C:/Users/Louis/.platformio/packages/framework-arduinoespressif32-libs/esp32s3/qio_opi/include/sdkconfig.h:1094:9: warning: "CONFIG_ESP_TASK_WDT_EN" redefined
 1094 | #define CONFIG_ESP_TASK_WDT_EN 1
      |         ^~~~~~~~~~~~~~~~~~~~~~
<command-line>: note: this is the location of the previous definition
C:/Users/Louis/.platformio/packages/framework-arduinoespressif32-libs/esp32s3/qio_opi/include/sdkconfig.h:1095:9: warning: "CONFIG_ESP_TASK_WDT_INIT" redefined
 1095 | #define CONFIG_ESP_TASK_WDT_INIT 1
      |         ^~~~~~~~~~~~~~~~~~~~~~~~
<command-line>: note: this is the location of the previous definition
C:/Users/Louis/.platformio/packages/framework-arduinoespressif32-libs/esp32s3/qio_opi/include/sdkconfig.h:1098:9: warning: "CONFIG_ESP_TASK_WDT_CHECK_IDLE_TASK_CPU0" redefined
 1098 | #define CONFIG_ESP_TASK_WDT_CHECK_IDLE_TASK_CPU0 1
      |         ^~~~~~~~~~~~~~~~~~~~~~~~~~~~~~~~~~~~~~~~
<command-line>: note: this is the location of the previous definition
C:/Users/Louis/.platformio/packages/framework-arduinoespressif32-libs/esp32s3/qio_opi/include/sdkconfig.h:1155:9: warning: "CONFIG_ESP_COREDUMP_ENABLE" redefined
 1155 | #define CONFIG_ESP_COREDUMP_ENABLE 1
      |         ^~~~~~~~~~~~~~~~~~~~~~~~~~
<command-line>: note: this is the location of the previous definition
C:/Users/Louis/.platformio/packages/framework-arduinoespressif32-libs/esp32s3/qio_opi/include/sdkconfig.h:1879:9: warning: "CONFIG_ESP32S3_SPIRAM_SUPPORT" redefined
 1879 | #define CONFIG_ESP32S3_SPIRAM_SUPPORT CONFIG_SPIRAM
      |         ^~~~~~~~~~~~~~~~~~~~~~~~~~~~~
<command-line>: note: this is the location of the previous definition
In file included from .pio/libdeps/WaveshareESP32S3LCD2/lvgl/src/core/../lv_conf_kconfig.h:15,
                 from .pio/libdeps/WaveshareESP32S3LCD2/lvgl/src/core/../lv_conf_internal.h:15,
                 from .pio/libdeps/WaveshareESP32S3LCD2/lvgl/src/core/lv_obj.h:16,
                 from .pio/libdeps/WaveshareESP32S3LCD2/lvgl/src/core/lv_indev.h:16,
                 from .pio/libdeps/WaveshareESP32S3LCD2/lvgl/src/core/lv_indev.c:9:
C:/Users/Louis/.platformio/packages/framework-arduinoespressif32-libs/esp32s3/qio_opi/include/sdkconfig.h:1094:9: warning: "CONFIG_ESP_TASK_WDT_EN" redefined
 1094 | #define CONFIG_ESP_TASK_WDT_EN 1
      |         ^~~~~~~~~~~~~~~~~~~~~~
<command-line>: note: this is the location of the previous definition
C:/Users/Louis/.platformio/packages/framework-arduinoespressif32-libs/esp32s3/qio_opi/include/sdkconfig.h:1095:9: warning: "CONFIG_ESP_TASK_WDT_INIT" redefined
 1095 | #define CONFIG_ESP_TASK_WDT_INIT 1
      |         ^~~~~~~~~~~~~~~~~~~~~~~~
<command-line>: note: this is the location of the previous definition
C:/Users/Louis/.platformio/packages/framework-arduinoespressif32-libs/esp32s3/qio_opi/include/sdkconfig.h:1098:9: warning: "CONFIG_ESP_TASK_WDT_CHECK_IDLE_TASK_CPU0" redefined
 1098 | #define CONFIG_ESP_TASK_WDT_CHECK_IDLE_TASK_CPU0 1
      |         ^~~~~~~~~~~~~~~~~~~~~~~~~~~~~~~~~~~~~~~~
<command-line>: note: this is the location of the previous definition
C:/Users/Louis/.platformio/packages/framework-arduinoespressif32-libs/esp32s3/qio_opi/include/sdkconfig.h:1155:9: warning: "CONFIG_ESP_COREDUMP_ENABLE" redefined
 1155 | #define CONFIG_ESP_COREDUMP_ENABLE 1
      |         ^~~~~~~~~~~~~~~~~~~~~~~~~~
<command-line>: note: this is the location of the previous definition
C:/Users/Louis/.platformio/packages/framework-arduinoespressif32-libs/esp32s3/qio_opi/include/sdkconfig.h:1879:9: warning: "CONFIG_ESP32S3_SPIRAM_SUPPORT" redefined
 1879 | #define CONFIG_ESP32S3_SPIRAM_SUPPORT CONFIG_SPIRAM
      |         ^~~~~~~~~~~~~~~~~~~~~~~~~~~~~
<command-line>: note: this is the location of the previous definition
In file included from .pio/libdeps/WaveshareESP32S3LCD2/lvgl/src/core/../lv_conf_kconfig.h:15,
                 from .pio/libdeps/WaveshareESP32S3LCD2/lvgl/src/core/../lv_conf_internal.h:15,
                 from .pio/libdeps/WaveshareESP32S3LCD2/lvgl/src/core/lv_obj.h:16,
                 from .pio/libdeps/WaveshareESP32S3LCD2/lvgl/src/core/lv_obj.c:9:
C:/Users/Louis/.platformio/packages/framework-arduinoespressif32-libs/esp32s3/qio_opi/include/sdkconfig.h:1094:9: warning: "CONFIG_ESP_TASK_WDT_EN" redefined
 1094 | #define CONFIG_ESP_TASK_WDT_EN 1
      |         ^~~~~~~~~~~~~~~~~~~~~~
<command-line>: note: this is the location of the previous definition
C:/Users/Louis/.platformio/packages/framework-arduinoespressif32-libs/esp32s3/qio_opi/include/sdkconfig.h:1095:9: warning: "CONFIG_ESP_TASK_WDT_INIT" redefined
 1095 | #define CONFIG_ESP_TASK_WDT_INIT 1
      |         ^~~~~~~~~~~~~~~~~~~~~~~~
<command-line>: note: this is the location of the previous definition
C:/Users/Louis/.platformio/packages/framework-arduinoespressif32-libs/esp32s3/qio_opi/include/sdkconfig.h:1098:9: warning: "CONFIG_ESP_TASK_WDT_CHECK_IDLE_TASK_CPU0" redefined
 1098 | #define CONFIG_ESP_TASK_WDT_CHECK_IDLE_TASK_CPU0 1
      |         ^~~~~~~~~~~~~~~~~~~~~~~~~~~~~~~~~~~~~~~~
<command-line>: note: this is the location of the previous definition
C:/Users/Louis/.platformio/packages/framework-arduinoespressif32-libs/esp32s3/qio_opi/include/sdkconfig.h:1155:9: warning: "CONFIG_ESP_COREDUMP_ENABLE" redefined
 1155 | #define CONFIG_ESP_COREDUMP_ENABLE 1
      |         ^~~~~~~~~~~~~~~~~~~~~~~~~~
<command-line>: note: this is the location of the previous definition
C:/Users/Louis/.platformio/packages/framework-arduinoespressif32-libs/esp32s3/qio_opi/include/sdkconfig.h:1879:9: warning: "CONFIG_ESP32S3_SPIRAM_SUPPORT" redefined
 1879 | #define CONFIG_ESP32S3_SPIRAM_SUPPORT CONFIG_SPIRAM
      |         ^~~~~~~~~~~~~~~~~~~~~~~~~~~~~
<command-line>: note: this is the location of the previous definition
In file included from .pio/libdeps/WaveshareESP32S3LCD2/lvgl/src/core/../lv_conf_kconfig.h:15,
                 from .pio/libdeps/WaveshareESP32S3LCD2/lvgl/src/core/../lv_conf_internal.h:15,
                 from .pio/libdeps/WaveshareESP32S3LCD2/lvgl/src/core/lv_obj.h:16,
                 from .pio/libdeps/WaveshareESP32S3LCD2/lvgl/src/core/lv_obj_class.c:9:
C:/Users/Louis/.platformio/packages/framework-arduinoespressif32-libs/esp32s3/qio_opi/include/sdkconfig.h:1094:9: warning: "CONFIG_ESP_TASK_WDT_EN" redefined
 1094 | #define CONFIG_ESP_TASK_WDT_EN 1
      |         ^~~~~~~~~~~~~~~~~~~~~~
<command-line>: note: this is the location of the previous definition
C:/Users/Louis/.platformio/packages/framework-arduinoespressif32-libs/esp32s3/qio_opi/include/sdkconfig.h:1095:9: warning: "CONFIG_ESP_TASK_WDT_INIT" redefined
 1095 | #define CONFIG_ESP_TASK_WDT_INIT 1
      |         ^~~~~~~~~~~~~~~~~~~~~~~~
<command-line>: note: this is the location of the previous definition
C:/Users/Louis/.platformio/packages/framework-arduinoespressif32-libs/esp32s3/qio_opi/include/sdkconfig.h:1098:9: warning: "CONFIG_ESP_TASK_WDT_CHECK_IDLE_TASK_CPU0" redefined
 1098 | #define CONFIG_ESP_TASK_WDT_CHECK_IDLE_TASK_CPU0 1
      |         ^~~~~~~~~~~~~~~~~~~~~~~~~~~~~~~~~~~~~~~~
<command-line>: note: this is the location of the previous definition
C:/Users/Louis/.platformio/packages/framework-arduinoespressif32-libs/esp32s3/qio_opi/include/sdkconfig.h:1155:9: warning: "CONFIG_ESP_COREDUMP_ENABLE" redefined
 1155 | #define CONFIG_ESP_COREDUMP_ENABLE 1
      |         ^~~~~~~~~~~~~~~~~~~~~~~~~~
<command-line>: note: this is the location of the previous definition
C:/Users/Louis/.platformio/packages/framework-arduinoespressif32-libs/esp32s3/qio_opi/include/sdkconfig.h:1879:9: warning: "CONFIG_ESP32S3_SPIRAM_SUPPORT" redefined
 1879 | #define CONFIG_ESP32S3_SPIRAM_SUPPORT CONFIG_SPIRAM
      |         ^~~~~~~~~~~~~~~~~~~~~~~~~~~~~
<command-line>: note: this is the location of the previous definition
Compiling .pio\build\WaveshareESP32S3LCD2\lib020\lvgl\core\lv_obj_draw.c.o
Compiling .pio\build\WaveshareESP32S3LCD2\lib020\lvgl\core\lv_obj_pos.c.o
Compiling .pio\build\WaveshareESP32S3LCD2\lib020\lvgl\core\lv_obj_scroll.c.o
Compiling .pio\build\WaveshareESP32S3LCD2\lib020\lvgl\core\lv_obj_style.c.o
Compiling .pio\build\WaveshareESP32S3LCD2\lib020\lvgl\core\lv_obj_style_gen.c.o
Compiling .pio\build\WaveshareESP32S3LCD2\lib020\lvgl\core\lv_obj_tree.c.o
In file included from .pio/libdeps/WaveshareESP32S3LCD2/lvgl/src/core/../lv_conf_kconfig.h:15,
                 from .pio/libdeps/WaveshareESP32S3LCD2/lvgl/src/core/../lv_conf_internal.h:15,
                 from .pio/libdeps/WaveshareESP32S3LCD2/lvgl/src/core/lv_obj.h:16,
                 from .pio/libdeps/WaveshareESP32S3LCD2/lvgl/src/core/lv_obj_pos.c:9:
C:/Users/Louis/.platformio/packages/framework-arduinoespressif32-libs/esp32s3/qio_opi/include/sdkconfig.h:1094:9: warning: "CONFIG_ESP_TASK_WDT_EN" redefined
 1094 | #define CONFIG_ESP_TASK_WDT_EN 1
      |         ^~~~~~~~~~~~~~~~~~~~~~
<command-line>: note: this is the location of the previous definition
In file included from .pio/libdeps/WaveshareESP32S3LCD2/lvgl/src/core/../draw/../lv_conf_kconfig.h:15,
                 from .pio/libdeps/WaveshareESP32S3LCD2/lvgl/src/core/../draw/../lv_conf_internal.h:15,
                 from .pio/libdeps/WaveshareESP32S3LCD2/lvgl/src/core/../draw/lv_draw.h:16,
                 from .pio/libdeps/WaveshareESP32S3LCD2/lvgl/src/core/lv_obj_draw.h:16,
                 from .pio/libdeps/WaveshareESP32S3LCD2/lvgl/src/core/lv_obj_draw.c:9:
C:/Users/Louis/.platformio/packages/framework-arduinoespressif32-libs/esp32s3/qio_opi/include/sdkconfig.h:1094:9: warning: "CONFIG_ESP_TASK_WDT_EN" redefined
 1094 | #define CONFIG_ESP_TASK_WDT_EN 1
      |         ^~~~~~~~~~~~~~~~~~~~~~
<command-line>: note: this is the location of the previous definition
C:/Users/Louis/.platformio/packages/framework-arduinoespressif32-libs/esp32s3/qio_opi/include/sdkconfig.h:1095:9: warning: "CONFIG_ESP_TASK_WDT_INIT" redefined
 1095 | #define CONFIG_ESP_TASK_WDT_INIT 1
      |         ^~~~~~~~~~~~~~~~~~~~~~~~
<command-line>: note: this is the location of the previous definition
C:/Users/Louis/.platformio/packages/framework-arduinoespressif32-libs/esp32s3/qio_opi/include/sdkconfig.h:1098:9: warning: "CONFIG_ESP_TASK_WDT_CHECK_IDLE_TASK_CPU0" redefined
 1098 | #define CONFIG_ESP_TASK_WDT_CHECK_IDLE_TASK_CPU0 1
      |         ^~~~~~~~~~~~~~~~~~~~~~~~~~~~~~~~~~~~~~~~
<command-line>: note: this is the location of the previous definition
C:/Users/Louis/.platformio/packages/framework-arduinoespressif32-libs/esp32s3/qio_opi/include/sdkconfig.h:1155:9: warning: "CONFIG_ESP_COREDUMP_ENABLE" redefined
 1155 | #define CONFIG_ESP_COREDUMP_ENABLE 1
      |         ^~~~~~~~~~~~~~~~~~~~~~~~~~
<command-line>: note: this is the location of the previous definition
C:/Users/Louis/.platformio/packages/framework-arduinoespressif32-libs/esp32s3/qio_opi/include/sdkconfig.h:1095:9: warning: "CONFIG_ESP_TASK_WDT_INIT" redefined
 1095 | #define CONFIG_ESP_TASK_WDT_INIT 1
      |         ^~~~~~~~~~~~~~~~~~~~~~~~
<command-line>: note: this is the location of the previous definition
C:/Users/Louis/.platformio/packages/framework-arduinoespressif32-libs/esp32s3/qio_opi/include/sdkconfig.h:1098:9: warning: "CONFIG_ESP_TASK_WDT_CHECK_IDLE_TASK_CPU0" redefined
 1098 | #define CONFIG_ESP_TASK_WDT_CHECK_IDLE_TASK_CPU0 1
      |         ^~~~~~~~~~~~~~~~~~~~~~~~~~~~~~~~~~~~~~~~
<command-line>: note: this is the location of the previous definition
C:/Users/Louis/.platformio/packages/framework-arduinoespressif32-libs/esp32s3/qio_opi/include/sdkconfig.h:1155:9: warning: "CONFIG_ESP_COREDUMP_ENABLE" redefined
 1155 | #define CONFIG_ESP_COREDUMP_ENABLE 1
      |         ^~~~~~~~~~~~~~~~~~~~~~~~~~
<command-line>: note: this is the location of the previous definition
C:/Users/Louis/.platformio/packages/framework-arduinoespressif32-libs/esp32s3/qio_opi/include/sdkconfig.h:1879:9: warning: "CONFIG_ESP32S3_SPIRAM_SUPPORT" redefined
 1879 | #define CONFIG_ESP32S3_SPIRAM_SUPPORT CONFIG_SPIRAM
      |         ^~~~~~~~~~~~~~~~~~~~~~~~~~~~~
<command-line>: note: this is the location of the previous definition
C:/Users/Louis/.platformio/packages/framework-arduinoespressif32-libs/esp32s3/qio_opi/include/sdkconfig.h:1879:9: warning: "CONFIG_ESP32S3_SPIRAM_SUPPORT" redefined
 1879 | #define CONFIG_ESP32S3_SPIRAM_SUPPORT CONFIG_SPIRAM
      |         ^~~~~~~~~~~~~~~~~~~~~~~~~~~~~
<command-line>: note: this is the location of the previous definition
In file included from .pio/libdeps/WaveshareESP32S3LCD2/lvgl/src/core/../lv_conf_kconfig.h:15,
                 from .pio/libdeps/WaveshareESP32S3LCD2/lvgl/src/core/../lv_conf_internal.h:15,
                 from .pio/libdeps/WaveshareESP32S3LCD2/lvgl/src/core/lv_obj.h:16,
                 from .pio/libdeps/WaveshareESP32S3LCD2/lvgl/src/core/lv_obj_style.c:9:
C:/Users/Louis/.platformio/packages/framework-arduinoespressif32-libs/esp32s3/qio_opi/include/sdkconfig.h:1094:9: warning: "CONFIG_ESP_TASK_WDT_EN" redefined
 1094 | #define CONFIG_ESP_TASK_WDT_EN 1
      |         ^~~~~~~~~~~~~~~~~~~~~~
<command-line>: note: this is the location of the previous definition
C:/Users/Louis/.platformio/packages/framework-arduinoespressif32-libs/esp32s3/qio_opi/include/sdkconfig.h:1095:9: warning: "CONFIG_ESP_TASK_WDT_INIT" redefined
 1095 | #define CONFIG_ESP_TASK_WDT_INIT 1
      |         ^~~~~~~~~~~~~~~~~~~~~~~~
<command-line>: note: this is the location of the previous definition
C:/Users/Louis/.platformio/packages/framework-arduinoespressif32-libs/esp32s3/qio_opi/include/sdkconfig.h:1098:9: warning: "CONFIG_ESP_TASK_WDT_CHECK_IDLE_TASK_CPU0" redefined
 1098 | #define CONFIG_ESP_TASK_WDT_CHECK_IDLE_TASK_CPU0 1
      |         ^~~~~~~~~~~~~~~~~~~~~~~~~~~~~~~~~~~~~~~~
<command-line>: note: this is the location of the previous definition
C:/Users/Louis/.platformio/packages/framework-arduinoespressif32-libs/esp32s3/qio_opi/include/sdkconfig.h:1155:9: warning: "CONFIG_ESP_COREDUMP_ENABLE" redefined
 1155 | #define CONFIG_ESP_COREDUMP_ENABLE 1
      |         ^~~~~~~~~~~~~~~~~~~~~~~~~~
<command-line>: note: this is the location of the previous definition
C:/Users/Louis/.platformio/packages/framework-arduinoespressif32-libs/esp32s3/qio_opi/include/sdkconfig.h:1879:9: warning: "CONFIG_ESP32S3_SPIRAM_SUPPORT" redefined
 1879 | #define CONFIG_ESP32S3_SPIRAM_SUPPORT CONFIG_SPIRAM
      |         ^~~~~~~~~~~~~~~~~~~~~~~~~~~~~
<command-line>: note: this is the location of the previous definition
In file included from .pio/libdeps/WaveshareESP32S3LCD2/lvgl/src/core/../misc/../lv_conf_kconfig.h:15,
                 from .pio/libdeps/WaveshareESP32S3LCD2/lvgl/src/core/../misc/../lv_conf_internal.h:15,
                 from .pio/libdeps/WaveshareESP32S3LCD2/lvgl/src/core/../misc/lv_area.h:16,
                 from .pio/libdeps/WaveshareESP32S3LCD2/lvgl/src/core/lv_obj_scroll.h:16,
                 from .pio/libdeps/WaveshareESP32S3LCD2/lvgl/src/core/lv_obj_scroll.c:9:
C:/Users/Louis/.platformio/packages/framework-arduinoespressif32-libs/esp32s3/qio_opi/include/sdkconfig.h:1094:9: warning: "CONFIG_ESP_TASK_WDT_EN" redefined
 1094 | #define CONFIG_ESP_TASK_WDT_EN 1
      |         ^~~~~~~~~~~~~~~~~~~~~~
<command-line>: note: this is the location of the previous definition
C:/Users/Louis/.platformio/packages/framework-arduinoespressif32-libs/esp32s3/qio_opi/include/sdkconfig.h:1095:9: warning: "CONFIG_ESP_TASK_WDT_INIT" redefined
 1095 | #define CONFIG_ESP_TASK_WDT_INIT 1
      |         ^~~~~~~~~~~~~~~~~~~~~~~~
<command-line>: note: this is the location of the previous definition
C:/Users/Louis/.platformio/packages/framework-arduinoespressif32-libs/esp32s3/qio_opi/include/sdkconfig.h:1098:9: warning: "CONFIG_ESP_TASK_WDT_CHECK_IDLE_TASK_CPU0" redefined
 1098 | #define CONFIG_ESP_TASK_WDT_CHECK_IDLE_TASK_CPU0 1
      |         ^~~~~~~~~~~~~~~~~~~~~~~~~~~~~~~~~~~~~~~~
<command-line>: note: this is the location of the previous definition
C:/Users/Louis/.platformio/packages/framework-arduinoespressif32-libs/esp32s3/qio_opi/include/sdkconfig.h:1155:9: warning: "CONFIG_ESP_COREDUMP_ENABLE" redefined
 1155 | #define CONFIG_ESP_COREDUMP_ENABLE 1
      |         ^~~~~~~~~~~~~~~~~~~~~~~~~~
<command-line>: note: this is the location of the previous definition
C:/Users/Louis/.platformio/packages/framework-arduinoespressif32-libs/esp32s3/qio_opi/include/sdkconfig.h:1879:9: warning: "CONFIG_ESP32S3_SPIRAM_SUPPORT" redefined
 1879 | #define CONFIG_ESP32S3_SPIRAM_SUPPORT CONFIG_SPIRAM
      |         ^~~~~~~~~~~~~~~~~~~~~~~~~~~~~
<command-line>: note: this is the location of the previous definition
In file included from .pio/libdeps/WaveshareESP32S3LCD2/lvgl/src/core/../lv_conf_kconfig.h:15,
                 from .pio/libdeps/WaveshareESP32S3LCD2/lvgl/src/core/../lv_conf_internal.h:15,
                 from .pio/libdeps/WaveshareESP32S3LCD2/lvgl/src/core/lv_obj.h:16,
                 from .pio/libdeps/WaveshareESP32S3LCD2/lvgl/src/core/lv_obj_style_gen.c:1:
C:/Users/Louis/.platformio/packages/framework-arduinoespressif32-libs/esp32s3/qio_opi/include/sdkconfig.h:1094:9: warning: "CONFIG_ESP_TASK_WDT_EN" redefined
 1094 | #define CONFIG_ESP_TASK_WDT_EN 1
      |         ^~~~~~~~~~~~~~~~~~~~~~
<command-line>: note: this is the location of the previous definition
C:/Users/Louis/.platformio/packages/framework-arduinoespressif32-libs/esp32s3/qio_opi/include/sdkconfig.h:1095:9: warning: "CONFIG_ESP_TASK_WDT_INIT" redefined
 1095 | #define CONFIG_ESP_TASK_WDT_INIT 1
      |         ^~~~~~~~~~~~~~~~~~~~~~~~
<command-line>: note: this is the location of the previous definition
C:/Users/Louis/.platformio/packages/framework-arduinoespressif32-libs/esp32s3/qio_opi/include/sdkconfig.h:1098:9: warning: "CONFIG_ESP_TASK_WDT_CHECK_IDLE_TASK_CPU0" redefined
 1098 | #define CONFIG_ESP_TASK_WDT_CHECK_IDLE_TASK_CPU0 1
      |         ^~~~~~~~~~~~~~~~~~~~~~~~~~~~~~~~~~~~~~~~
<command-line>: note: this is the location of the previous definition
C:/Users/Louis/.platformio/packages/framework-arduinoespressif32-libs/esp32s3/qio_opi/include/sdkconfig.h:1155:9: warning: "CONFIG_ESP_COREDUMP_ENABLE" redefined
 1155 | #define CONFIG_ESP_COREDUMP_ENABLE 1
      |         ^~~~~~~~~~~~~~~~~~~~~~~~~~
<command-line>: note: this is the location of the previous definition
C:/Users/Louis/.platformio/packages/framework-arduinoespressif32-libs/esp32s3/qio_opi/include/sdkconfig.h:1879:9: warning: "CONFIG_ESP32S3_SPIRAM_SUPPORT" redefined
 1879 | #define CONFIG_ESP32S3_SPIRAM_SUPPORT CONFIG_SPIRAM
      |         ^~~~~~~~~~~~~~~~~~~~~~~~~~~~~
<command-line>: note: this is the location of the previous definition
Compiling .pio\build\WaveshareESP32S3LCD2\lib020\lvgl\core\lv_refr.c.o
Compiling .pio\build\WaveshareESP32S3LCD2\lib020\lvgl\core\lv_theme.c.o
Compiling .pio\build\WaveshareESP32S3LCD2\lib020\lvgl\draw\arm2d\lv_gpu_arm2d.c.o
Compiling .pio\build\WaveshareESP32S3LCD2\lib020\lvgl\draw\lv_draw.c.o
Compiling .pio\build\WaveshareESP32S3LCD2\lib020\lvgl\draw\lv_draw_arc.c.o
Compiling .pio\build\WaveshareESP32S3LCD2\lib020\lvgl\draw\lv_draw_img.c.o
Compiling .pio\build\WaveshareESP32S3LCD2\lib020\lvgl\draw\lv_draw_label.c.o
In file included from .pio/libdeps/WaveshareESP32S3LCD2/lvgl/src/core/../../src/misc/../lv_conf_kconfig.h:15,
                 from .pio/libdeps/WaveshareESP32S3LCD2/lvgl/src/core/../../src/misc/../lv_conf_internal.h:15,
                 from .pio/libdeps/WaveshareESP32S3LCD2/lvgl/src/core/../../src/misc/lv_log.h:16,
                 from .pio/libdeps/WaveshareESP32S3LCD2/lvgl/src/core/../../lvgl.h:25,
                 from .pio/libdeps/WaveshareESP32S3LCD2/lvgl/src/core/lv_theme.c:9:
C:/Users/Louis/.platformio/packages/framework-arduinoespressif32-libs/esp32s3/qio_opi/include/sdkconfig.h:1094:9: warning: "CONFIG_ESP_TASK_WDT_EN" redefined
 1094 | #define CONFIG_ESP_TASK_WDT_EN 1
      |         ^~~~~~~~~~~~~~~~~~~~~~
<command-line>: note: this is the location of the previous definition
C:/Users/Louis/.platformio/packages/framework-arduinoespressif32-libs/esp32s3/qio_opi/include/sdkconfig.h:1095:9: warning: "CONFIG_ESP_TASK_WDT_INIT" redefined
 1095 | #define CONFIG_ESP_TASK_WDT_INIT 1
      |         ^~~~~~~~~~~~~~~~~~~~~~~~
<command-line>: note: this is the location of the previous definition
C:/Users/Louis/.platformio/packages/framework-arduinoespressif32-libs/esp32s3/qio_opi/include/sdkconfig.h:1098:9: warning: "CONFIG_ESP_TASK_WDT_CHECK_IDLE_TASK_CPU0" redefined
 1098 | #define CONFIG_ESP_TASK_WDT_CHECK_IDLE_TASK_CPU0 1
      |         ^~~~~~~~~~~~~~~~~~~~~~~~~~~~~~~~~~~~~~~~
<command-line>: note: this is the location of the previous definition
C:/Users/Louis/.platformio/packages/framework-arduinoespressif32-libs/esp32s3/qio_opi/include/sdkconfig.h:1155:9: warning: "CONFIG_ESP_COREDUMP_ENABLE" redefined
 1155 | #define CONFIG_ESP_COREDUMP_ENABLE 1
      |         ^~~~~~~~~~~~~~~~~~~~~~~~~~
<command-line>: note: this is the location of the previous definition
C:/Users/Louis/.platformio/packages/framework-arduinoespressif32-libs/esp32s3/qio_opi/include/sdkconfig.h:1879:9: warning: "CONFIG_ESP32S3_SPIRAM_SUPPORT" redefined
 1879 | #define CONFIG_ESP32S3_SPIRAM_SUPPORT CONFIG_SPIRAM
      |         ^~~~~~~~~~~~~~~~~~~~~~~~~~~~~
<command-line>: note: this is the location of the previous definition
Compiling .pio\build\WaveshareESP32S3LCD2\lib020\lvgl\draw\lv_draw_layer.c.o
In file included from .pio/libdeps/WaveshareESP32S3LCD2/lvgl/src/core/../lv_conf_kconfig.h:15,
                 from .pio/libdeps/WaveshareESP32S3LCD2/lvgl/src/core/../lv_conf_internal.h:15,
                 from .pio/libdeps/WaveshareESP32S3LCD2/lvgl/src/core/lv_obj.h:16,
                 from .pio/libdeps/WaveshareESP32S3LCD2/lvgl/src/core/lv_refr.h:16,
                 from .pio/libdeps/WaveshareESP32S3LCD2/lvgl/src/core/lv_refr.c:10:
C:/Users/Louis/.platformio/packages/framework-arduinoespressif32-libs/esp32s3/qio_opi/include/sdkconfig.h:1094:9: warning: "CONFIG_ESP_TASK_WDT_EN" redefined
 1094 | #define CONFIG_ESP_TASK_WDT_EN 1
      |         ^~~~~~~~~~~~~~~~~~~~~~
<command-line>: note: this is the location of the previous definition
C:/Users/Louis/.platformio/packages/framework-arduinoespressif32-libs/esp32s3/qio_opi/include/sdkconfig.h:1095:9: warning: "CONFIG_ESP_TASK_WDT_INIT" redefined
 1095 | #define CONFIG_ESP_TASK_WDT_INIT 1
      |         ^~~~~~~~~~~~~~~~~~~~~~~~
<command-line>: note: this is the location of the previous definition
C:/Users/Louis/.platformio/packages/framework-arduinoespressif32-libs/esp32s3/qio_opi/include/sdkconfig.h:1098:9: warning: "CONFIG_ESP_TASK_WDT_CHECK_IDLE_TASK_CPU0" redefined
 1098 | #define CONFIG_ESP_TASK_WDT_CHECK_IDLE_TASK_CPU0 1
      |         ^~~~~~~~~~~~~~~~~~~~~~~~~~~~~~~~~~~~~~~~
<command-line>: note: this is the location of the previous definition
C:/Users/Louis/.platformio/packages/framework-arduinoespressif32-libs/esp32s3/qio_opi/include/sdkconfig.h:1155:9: warning: "CONFIG_ESP_COREDUMP_ENABLE" redefined
 1155 | #define CONFIG_ESP_COREDUMP_ENABLE 1
      |         ^~~~~~~~~~~~~~~~~~~~~~~~~~
<command-line>: note: this is the location of the previous definition
C:/Users/Louis/.platformio/packages/framework-arduinoespressif32-libs/esp32s3/qio_opi/include/sdkconfig.h:1879:9: warning: "CONFIG_ESP32S3_SPIRAM_SUPPORT" redefined
 1879 | #define CONFIG_ESP32S3_SPIRAM_SUPPORT CONFIG_SPIRAM
      |         ^~~~~~~~~~~~~~~~~~~~~~~~~~~~~
<command-line>: note: this is the location of the previous definition
In file included from .pio/libdeps/WaveshareESP32S3LCD2/lvgl/src/draw/arm2d/../../misc/../lv_conf_kconfig.h:15,
                 from .pio/libdeps/WaveshareESP32S3LCD2/lvgl/src/draw/arm2d/../../misc/../lv_conf_internal.h:15,
                 from .pio/libdeps/WaveshareESP32S3LCD2/lvgl/src/draw/arm2d/../../misc/lv_color.h:16,
                 from .pio/libdeps/WaveshareESP32S3LCD2/lvgl/src/draw/arm2d/lv_gpu_arm2d.h:16,
                 from .pio/libdeps/WaveshareESP32S3LCD2/lvgl/src/draw/arm2d/lv_gpu_arm2d.c:55:
C:/Users/Louis/.platformio/packages/framework-arduinoespressif32-libs/esp32s3/qio_opi/include/sdkconfig.h:1094:9: warning: "CONFIG_ESP_TASK_WDT_EN" redefined
 1094 | #define CONFIG_ESP_TASK_WDT_EN 1
      |         ^~~~~~~~~~~~~~~~~~~~~~
<command-line>: note: this is the location of the previous definition
C:/Users/Louis/.platformio/packages/framework-arduinoespressif32-libs/esp32s3/qio_opi/include/sdkconfig.h:1095:9: warning: "CONFIG_ESP_TASK_WDT_INIT" redefined
 1095 | #define CONFIG_ESP_TASK_WDT_INIT 1
      |         ^~~~~~~~~~~~~~~~~~~~~~~~
<command-line>: note: this is the location of the previous definition
C:/Users/Louis/.platformio/packages/framework-arduinoespressif32-libs/esp32s3/qio_opi/include/sdkconfig.h:1098:9: warning: "CONFIG_ESP_TASK_WDT_CHECK_IDLE_TASK_CPU0" redefined
 1098 | #define CONFIG_ESP_TASK_WDT_CHECK_IDLE_TASK_CPU0 1
      |         ^~~~~~~~~~~~~~~~~~~~~~~~~~~~~~~~~~~~~~~~
<command-line>: note: this is the location of the previous definition
C:/Users/Louis/.platformio/packages/framework-arduinoespressif32-libs/esp32s3/qio_opi/include/sdkconfig.h:1155:9: warning: "CONFIG_ESP_COREDUMP_ENABLE" redefined
 1155 | #define CONFIG_ESP_COREDUMP_ENABLE 1
      |         ^~~~~~~~~~~~~~~~~~~~~~~~~~
<command-line>: note: this is the location of the previous definition
C:/Users/Louis/.platformio/packages/framework-arduinoespressif32-libs/esp32s3/qio_opi/include/sdkconfig.h:1879:9: warning: "CONFIG_ESP32S3_SPIRAM_SUPPORT" redefined
 1879 | #define CONFIG_ESP32S3_SPIRAM_SUPPORT CONFIG_SPIRAM
      |         ^~~~~~~~~~~~~~~~~~~~~~~~~~~~~
<command-line>: note: this is the location of the previous definition
Compiling .pio\build\WaveshareESP32S3LCD2\lib020\lvgl\draw\lv_draw_line.c.o
In file included from .pio/libdeps/WaveshareESP32S3LCD2/lvgl/src/draw/../lv_conf_kconfig.h:15,
                 from .pio/libdeps/WaveshareESP32S3LCD2/lvgl/src/draw/../lv_conf_internal.h:15,
                 from .pio/libdeps/WaveshareESP32S3LCD2/lvgl/src/draw/lv_draw.h:16,
                 from .pio/libdeps/WaveshareESP32S3LCD2/lvgl/src/draw/lv_draw.c:9:
C:/Users/Louis/.platformio/packages/framework-arduinoespressif32-libs/esp32s3/qio_opi/include/sdkconfig.h:1094:9: warning: "CONFIG_ESP_TASK_WDT_EN" redefined
 1094 | #define CONFIG_ESP_TASK_WDT_EN 1
      |         ^~~~~~~~~~~~~~~~~~~~~~
<command-line>: note: this is the location of the previous definition
C:/Users/Louis/.platformio/packages/framework-arduinoespressif32-libs/esp32s3/qio_opi/include/sdkconfig.h:1095:9: warning: "CONFIG_ESP_TASK_WDT_INIT" redefined
 1095 | #define CONFIG_ESP_TASK_WDT_INIT 1
      |         ^~~~~~~~~~~~~~~~~~~~~~~~
<command-line>: note: this is the location of the previous definition
C:/Users/Louis/.platformio/packages/framework-arduinoespressif32-libs/esp32s3/qio_opi/include/sdkconfig.h:1098:9: warning: "CONFIG_ESP_TASK_WDT_CHECK_IDLE_TASK_CPU0" redefined
 1098 | #define CONFIG_ESP_TASK_WDT_CHECK_IDLE_TASK_CPU0 1
      |         ^~~~~~~~~~~~~~~~~~~~~~~~~~~~~~~~~~~~~~~~
<command-line>: note: this is the location of the previous definition
C:/Users/Louis/.platformio/packages/framework-arduinoespressif32-libs/esp32s3/qio_opi/include/sdkconfig.h:1155:9: warning: "CONFIG_ESP_COREDUMP_ENABLE" redefined
 1155 | #define CONFIG_ESP_COREDUMP_ENABLE 1
      |         ^~~~~~~~~~~~~~~~~~~~~~~~~~
<command-line>: note: this is the location of the previous definition
C:/Users/Louis/.platformio/packages/framework-arduinoespressif32-libs/esp32s3/qio_opi/include/sdkconfig.h:1879:9: warning: "CONFIG_ESP32S3_SPIRAM_SUPPORT" redefined
 1879 | #define CONFIG_ESP32S3_SPIRAM_SUPPORT CONFIG_SPIRAM
      |         ^~~~~~~~~~~~~~~~~~~~~~~~~~~~~
<command-line>: note: this is the location of the previous definition
In file included from .pio/libdeps/WaveshareESP32S3LCD2/lvgl/src/draw/../lv_conf_kconfig.h:15,
                 from .pio/libdeps/WaveshareESP32S3LCD2/lvgl/src/draw/../lv_conf_internal.h:15,
                 from .pio/libdeps/WaveshareESP32S3LCD2/lvgl/src/draw/lv_draw.h:16,
                 from .pio/libdeps/WaveshareESP32S3LCD2/lvgl/src/draw/lv_draw_arc.c:9:
C:/Users/Louis/.platformio/packages/framework-arduinoespressif32-libs/esp32s3/qio_opi/include/sdkconfig.h:1094:9: warning: "CONFIG_ESP_TASK_WDT_EN" redefined
 1094 | #define CONFIG_ESP_TASK_WDT_EN 1
      |         ^~~~~~~~~~~~~~~~~~~~~~
<command-line>: note: this is the location of the previous definition
C:/Users/Louis/.platformio/packages/framework-arduinoespressif32-libs/esp32s3/qio_opi/include/sdkconfig.h:1095:9: warning: "CONFIG_ESP_TASK_WDT_INIT" redefined
 1095 | #define CONFIG_ESP_TASK_WDT_INIT 1
      |         ^~~~~~~~~~~~~~~~~~~~~~~~
<command-line>: note: this is the location of the previous definition
C:/Users/Louis/.platformio/packages/framework-arduinoespressif32-libs/esp32s3/qio_opi/include/sdkconfig.h:1098:9: warning: "CONFIG_ESP_TASK_WDT_CHECK_IDLE_TASK_CPU0" redefined
 1098 | #define CONFIG_ESP_TASK_WDT_CHECK_IDLE_TASK_CPU0 1
      |         ^~~~~~~~~~~~~~~~~~~~~~~~~~~~~~~~~~~~~~~~
<command-line>: note: this is the location of the previous definition
C:/Users/Louis/.platformio/packages/framework-arduinoespressif32-libs/esp32s3/qio_opi/include/sdkconfig.h:1155:9: warning: "CONFIG_ESP_COREDUMP_ENABLE" redefined
 1155 | #define CONFIG_ESP_COREDUMP_ENABLE 1
      |         ^~~~~~~~~~~~~~~~~~~~~~~~~~
<command-line>: note: this is the location of the previous definition
C:/Users/Louis/.platformio/packages/framework-arduinoespressif32-libs/esp32s3/qio_opi/include/sdkconfig.h:1879:9: warning: "CONFIG_ESP32S3_SPIRAM_SUPPORT" redefined
 1879 | #define CONFIG_ESP32S3_SPIRAM_SUPPORT CONFIG_SPIRAM
      |         ^~~~~~~~~~~~~~~~~~~~~~~~~~~~~
<command-line>: note: this is the location of the previous definition
In file included from .pio/libdeps/WaveshareESP32S3LCD2/lvgl/src/draw/../lv_conf_kconfig.h:15,
                 from .pio/libdeps/WaveshareESP32S3LCD2/lvgl/src/draw/../lv_conf_internal.h:15,
                 from .pio/libdeps/WaveshareESP32S3LCD2/lvgl/src/draw/lv_img_decoder.h:16,
                 from .pio/libdeps/WaveshareESP32S3LCD2/lvgl/src/draw/lv_draw_img.h:16,
                 from .pio/libdeps/WaveshareESP32S3LCD2/lvgl/src/draw/lv_draw_img.c:9:
C:/Users/Louis/.platformio/packages/framework-arduinoespressif32-libs/esp32s3/qio_opi/include/sdkconfig.h:1094:9: warning: "CONFIG_ESP_TASK_WDT_EN" redefined
 1094 | #define CONFIG_ESP_TASK_WDT_EN 1
      |         ^~~~~~~~~~~~~~~~~~~~~~
<command-line>: note: this is the location of the previous definition
C:/Users/Louis/.platformio/packages/framework-arduinoespressif32-libs/esp32s3/qio_opi/include/sdkconfig.h:1095:9: warning: "CONFIG_ESP_TASK_WDT_INIT" redefined
 1095 | #define CONFIG_ESP_TASK_WDT_INIT 1
      |         ^~~~~~~~~~~~~~~~~~~~~~~~
<command-line>: note: this is the location of the previous definition
C:/Users/Louis/.platformio/packages/framework-arduinoespressif32-libs/esp32s3/qio_opi/include/sdkconfig.h:1098:9: warning: "CONFIG_ESP_TASK_WDT_CHECK_IDLE_TASK_CPU0" redefined
 1098 | #define CONFIG_ESP_TASK_WDT_CHECK_IDLE_TASK_CPU0 1
      |         ^~~~~~~~~~~~~~~~~~~~~~~~~~~~~~~~~~~~~~~~
<command-line>: note: this is the location of the previous definition
C:/Users/Louis/.platformio/packages/framework-arduinoespressif32-libs/esp32s3/qio_opi/include/sdkconfig.h:1155:9: warning: "CONFIG_ESP_COREDUMP_ENABLE" redefined
 1155 | #define CONFIG_ESP_COREDUMP_ENABLE 1
      |         ^~~~~~~~~~~~~~~~~~~~~~~~~~
<command-line>: note: this is the location of the previous definition
C:/Users/Louis/.platformio/packages/framework-arduinoespressif32-libs/esp32s3/qio_opi/include/sdkconfig.h:1879:9: warning: "CONFIG_ESP32S3_SPIRAM_SUPPORT" redefined
 1879 | #define CONFIG_ESP32S3_SPIRAM_SUPPORT CONFIG_SPIRAM
      |         ^~~~~~~~~~~~~~~~~~~~~~~~~~~~~
<command-line>: note: this is the location of the previous definition
Compiling .pio\build\WaveshareESP32S3LCD2\lib020\lvgl\draw\lv_draw_mask.c.o
In file included from .pio/libdeps/WaveshareESP32S3LCD2/lvgl/src/draw/../lv_conf_kconfig.h:15,
                 from .pio/libdeps/WaveshareESP32S3LCD2/lvgl/src/draw/../lv_conf_internal.h:15,
                 from .pio/libdeps/WaveshareESP32S3LCD2/lvgl/src/draw/lv_draw.h:16,
                 from .pio/libdeps/WaveshareESP32S3LCD2/lvgl/src/draw/lv_draw_layer.c:9:
C:/Users/Louis/.platformio/packages/framework-arduinoespressif32-libs/esp32s3/qio_opi/include/sdkconfig.h:1094:9: warning: "CONFIG_ESP_TASK_WDT_EN" redefined
 1094 | #define CONFIG_ESP_TASK_WDT_EN 1
      |         ^~~~~~~~~~~~~~~~~~~~~~
<command-line>: note: this is the location of the previous definition
C:/Users/Louis/.platformio/packages/framework-arduinoespressif32-libs/esp32s3/qio_opi/include/sdkconfig.h:1095:9: warning: "CONFIG_ESP_TASK_WDT_INIT" redefined
 1095 | #define CONFIG_ESP_TASK_WDT_INIT 1
      |         ^~~~~~~~~~~~~~~~~~~~~~~~
<command-line>: note: this is the location of the previous definition
C:/Users/Louis/.platformio/packages/framework-arduinoespressif32-libs/esp32s3/qio_opi/include/sdkconfig.h:1098:9: warning: "CONFIG_ESP_TASK_WDT_CHECK_IDLE_TASK_CPU0" redefined
 1098 | #define CONFIG_ESP_TASK_WDT_CHECK_IDLE_TASK_CPU0 1
      |         ^~~~~~~~~~~~~~~~~~~~~~~~~~~~~~~~~~~~~~~~
<command-line>: note: this is the location of the previous definition
C:/Users/Louis/.platformio/packages/framework-arduinoespressif32-libs/esp32s3/qio_opi/include/sdkconfig.h:1155:9: warning: "CONFIG_ESP_COREDUMP_ENABLE" redefined
 1155 | #define CONFIG_ESP_COREDUMP_ENABLE 1
      |         ^~~~~~~~~~~~~~~~~~~~~~~~~~
<command-line>: note: this is the location of the previous definition
C:/Users/Louis/.platformio/packages/framework-arduinoespressif32-libs/esp32s3/qio_opi/include/sdkconfig.h:1879:9: warning: "CONFIG_ESP32S3_SPIRAM_SUPPORT" redefined
 1879 | #define CONFIG_ESP32S3_SPIRAM_SUPPORT CONFIG_SPIRAM
      |         ^~~~~~~~~~~~~~~~~~~~~~~~~~~~~
<command-line>: note: this is the location of the previous definition
In file included from .pio/libdeps/WaveshareESP32S3LCD2/lvgl/src/draw/../lv_conf_kconfig.h:15,
                 from .pio/libdeps/WaveshareESP32S3LCD2/lvgl/src/draw/../lv_conf_internal.h:15,
                 from .pio/libdeps/WaveshareESP32S3LCD2/lvgl/src/draw/lv_draw.h:16,
                 from .pio/libdeps/WaveshareESP32S3LCD2/lvgl/src/draw/lv_draw_label.c:9:
C:/Users/Louis/.platformio/packages/framework-arduinoespressif32-libs/esp32s3/qio_opi/include/sdkconfig.h:1094:9: warning: "CONFIG_ESP_TASK_WDT_EN" redefined
 1094 | #define CONFIG_ESP_TASK_WDT_EN 1
      |         ^~~~~~~~~~~~~~~~~~~~~~
<command-line>: note: this is the location of the previous definition
C:/Users/Louis/.platformio/packages/framework-arduinoespressif32-libs/esp32s3/qio_opi/include/sdkconfig.h:1095:9: warning: "CONFIG_ESP_TASK_WDT_INIT" redefined
 1095 | #define CONFIG_ESP_TASK_WDT_INIT 1
      |         ^~~~~~~~~~~~~~~~~~~~~~~~
<command-line>: note: this is the location of the previous definition
C:/Users/Louis/.platformio/packages/framework-arduinoespressif32-libs/esp32s3/qio_opi/include/sdkconfig.h:1098:9: warning: "CONFIG_ESP_TASK_WDT_CHECK_IDLE_TASK_CPU0" redefined
 1098 | #define CONFIG_ESP_TASK_WDT_CHECK_IDLE_TASK_CPU0 1
      |         ^~~~~~~~~~~~~~~~~~~~~~~~~~~~~~~~~~~~~~~~
<command-line>: note: this is the location of the previous definition
C:/Users/Louis/.platformio/packages/framework-arduinoespressif32-libs/esp32s3/qio_opi/include/sdkconfig.h:1155:9: warning: "CONFIG_ESP_COREDUMP_ENABLE" redefined
 1155 | #define CONFIG_ESP_COREDUMP_ENABLE 1
      |         ^~~~~~~~~~~~~~~~~~~~~~~~~~
<command-line>: note: this is the location of the previous definition
C:/Users/Louis/.platformio/packages/framework-arduinoespressif32-libs/esp32s3/qio_opi/include/sdkconfig.h:1879:9: warning: "CONFIG_ESP32S3_SPIRAM_SUPPORT" redefined
 1879 | #define CONFIG_ESP32S3_SPIRAM_SUPPORT CONFIG_SPIRAM
      |         ^~~~~~~~~~~~~~~~~~~~~~~~~~~~~
<command-line>: note: this is the location of the previous definition
Compiling .pio\build\WaveshareESP32S3LCD2\lib020\lvgl\draw\lv_draw_rect.c.o
In file included from .pio/libdeps/WaveshareESP32S3LCD2/lvgl/src/draw/../core/../lv_conf_kconfig.h:15,
                 from .pio/libdeps/WaveshareESP32S3LCD2/lvgl/src/draw/../core/../lv_conf_internal.h:15,
                 from .pio/libdeps/WaveshareESP32S3LCD2/lvgl/src/draw/../core/lv_obj.h:16,
                 from .pio/libdeps/WaveshareESP32S3LCD2/lvgl/src/draw/../core/lv_refr.h:16,
                 from .pio/libdeps/WaveshareESP32S3LCD2/lvgl/src/draw/lv_draw_line.c:10:
C:/Users/Louis/.platformio/packages/framework-arduinoespressif32-libs/esp32s3/qio_opi/include/sdkconfig.h:1094:9: warning: "CONFIG_ESP_TASK_WDT_EN" redefined
 1094 | #define CONFIG_ESP_TASK_WDT_EN 1
      |         ^~~~~~~~~~~~~~~~~~~~~~
<command-line>: note: this is the location of the previous definition
C:/Users/Louis/.platformio/packages/framework-arduinoespressif32-libs/esp32s3/qio_opi/include/sdkconfig.h:1095:9: warning: "CONFIG_ESP_TASK_WDT_INIT" redefined
 1095 | #define CONFIG_ESP_TASK_WDT_INIT 1
      |         ^~~~~~~~~~~~~~~~~~~~~~~~
<command-line>: note: this is the location of the previous definition
C:/Users/Louis/.platformio/packages/framework-arduinoespressif32-libs/esp32s3/qio_opi/include/sdkconfig.h:1098:9: warning: "CONFIG_ESP_TASK_WDT_CHECK_IDLE_TASK_CPU0" redefined
 1098 | #define CONFIG_ESP_TASK_WDT_CHECK_IDLE_TASK_CPU0 1
      |         ^~~~~~~~~~~~~~~~~~~~~~~~~~~~~~~~~~~~~~~~
<command-line>: note: this is the location of the previous definition
C:/Users/Louis/.platformio/packages/framework-arduinoespressif32-libs/esp32s3/qio_opi/include/sdkconfig.h:1155:9: warning: "CONFIG_ESP_COREDUMP_ENABLE" redefined
 1155 | #define CONFIG_ESP_COREDUMP_ENABLE 1
      |         ^~~~~~~~~~~~~~~~~~~~~~~~~~
<command-line>: note: this is the location of the previous definition
C:/Users/Louis/.platformio/packages/framework-arduinoespressif32-libs/esp32s3/qio_opi/include/sdkconfig.h:1879:9: warning: "CONFIG_ESP32S3_SPIRAM_SUPPORT" redefined
 1879 | #define CONFIG_ESP32S3_SPIRAM_SUPPORT CONFIG_SPIRAM
      |         ^~~~~~~~~~~~~~~~~~~~~~~~~~~~~
<command-line>: note: this is the location of the previous definition
Compiling .pio\build\WaveshareESP32S3LCD2\lib020\lvgl\draw\lv_draw_transform.c.o
Compiling .pio\build\WaveshareESP32S3LCD2\lib020\lvgl\draw\lv_draw_triangle.c.o
In file included from .pio/libdeps/WaveshareESP32S3LCD2/lvgl/src/draw/../lv_conf_kconfig.h:15,
                 from .pio/libdeps/WaveshareESP32S3LCD2/lvgl/src/draw/../lv_conf_internal.h:15,
                 from .pio/libdeps/WaveshareESP32S3LCD2/lvgl/src/draw/lv_draw.h:16,
                 from .pio/libdeps/WaveshareESP32S3LCD2/lvgl/src/draw/lv_draw_mask.c:9:
C:/Users/Louis/.platformio/packages/framework-arduinoespressif32-libs/esp32s3/qio_opi/include/sdkconfig.h:1094:9: warning: "CONFIG_ESP_TASK_WDT_EN" redefined
 1094 | #define CONFIG_ESP_TASK_WDT_EN 1
      |         ^~~~~~~~~~~~~~~~~~~~~~
<command-line>: note: this is the location of the previous definition
C:/Users/Louis/.platformio/packages/framework-arduinoespressif32-libs/esp32s3/qio_opi/include/sdkconfig.h:1095:9: warning: "CONFIG_ESP_TASK_WDT_INIT" redefined
 1095 | #define CONFIG_ESP_TASK_WDT_INIT 1
      |         ^~~~~~~~~~~~~~~~~~~~~~~~
<command-line>: note: this is the location of the previous definition
C:/Users/Louis/.platformio/packages/framework-arduinoespressif32-libs/esp32s3/qio_opi/include/sdkconfig.h:1098:9: warning: "CONFIG_ESP_TASK_WDT_CHECK_IDLE_TASK_CPU0" redefined
 1098 | #define CONFIG_ESP_TASK_WDT_CHECK_IDLE_TASK_CPU0 1
      |         ^~~~~~~~~~~~~~~~~~~~~~~~~~~~~~~~~~~~~~~~
<command-line>: note: this is the location of the previous definition
C:/Users/Louis/.platformio/packages/framework-arduinoespressif32-libs/esp32s3/qio_opi/include/sdkconfig.h:1155:9: warning: "CONFIG_ESP_COREDUMP_ENABLE" redefined
 1155 | #define CONFIG_ESP_COREDUMP_ENABLE 1
      |         ^~~~~~~~~~~~~~~~~~~~~~~~~~
<command-line>: note: this is the location of the previous definition
C:/Users/Louis/.platformio/packages/framework-arduinoespressif32-libs/esp32s3/qio_opi/include/sdkconfig.h:1879:9: warning: "CONFIG_ESP32S3_SPIRAM_SUPPORT" redefined
 1879 | #define CONFIG_ESP32S3_SPIRAM_SUPPORT CONFIG_SPIRAM
      |         ^~~~~~~~~~~~~~~~~~~~~~~~~~~~~
<command-line>: note: this is the location of the previous definition
Compiling .pio\build\WaveshareESP32S3LCD2\lib020\lvgl\draw\lv_img_buf.c.o
Compiling .pio\build\WaveshareESP32S3LCD2\lib020\lvgl\draw\lv_img_cache.c.o
Compiling .pio\build\WaveshareESP32S3LCD2\lib020\lvgl\draw\lv_img_decoder.c.o
In file included from .pio/libdeps/WaveshareESP32S3LCD2/lvgl/src/draw/../lv_conf_kconfig.h:15,
                 from .pio/libdeps/WaveshareESP32S3LCD2/lvgl/src/draw/../lv_conf_internal.h:15,
                 from .pio/libdeps/WaveshareESP32S3LCD2/lvgl/src/draw/lv_draw.h:16,
                 from .pio/libdeps/WaveshareESP32S3LCD2/lvgl/src/draw/lv_draw_rect.c:9:
C:/Users/Louis/.platformio/packages/framework-arduinoespressif32-libs/esp32s3/qio_opi/include/sdkconfig.h:1094:9: warning: "CONFIG_ESP_TASK_WDT_EN" redefined
 1094 | #define CONFIG_ESP_TASK_WDT_EN 1
      |         ^~~~~~~~~~~~~~~~~~~~~~
<command-line>: note: this is the location of the previous definition
C:/Users/Louis/.platformio/packages/framework-arduinoespressif32-libs/esp32s3/qio_opi/include/sdkconfig.h:1095:9: warning: "CONFIG_ESP_TASK_WDT_INIT" redefined
 1095 | #define CONFIG_ESP_TASK_WDT_INIT 1
      |         ^~~~~~~~~~~~~~~~~~~~~~~~
<command-line>: note: this is the location of the previous definition
C:/Users/Louis/.platformio/packages/framework-arduinoespressif32-libs/esp32s3/qio_opi/include/sdkconfig.h:1098:9: warning: "CONFIG_ESP_TASK_WDT_CHECK_IDLE_TASK_CPU0" redefined
 1098 | #define CONFIG_ESP_TASK_WDT_CHECK_IDLE_TASK_CPU0 1
      |         ^~~~~~~~~~~~~~~~~~~~~~~~~~~~~~~~~~~~~~~~
<command-line>: note: this is the location of the previous definition
C:/Users/Louis/.platformio/packages/framework-arduinoespressif32-libs/esp32s3/qio_opi/include/sdkconfig.h:1155:9: warning: "CONFIG_ESP_COREDUMP_ENABLE" redefined
 1155 | #define CONFIG_ESP_COREDUMP_ENABLE 1
      |         ^~~~~~~~~~~~~~~~~~~~~~~~~~
<command-line>: note: this is the location of the previous definition
C:/Users/Louis/.platformio/packages/framework-arduinoespressif32-libs/esp32s3/qio_opi/include/sdkconfig.h:1879:9: warning: "CONFIG_ESP32S3_SPIRAM_SUPPORT" redefined
 1879 | #define CONFIG_ESP32S3_SPIRAM_SUPPORT CONFIG_SPIRAM
      |         ^~~~~~~~~~~~~~~~~~~~~~~~~~~~~
<command-line>: note: this is the location of the previous definition
Compiling .pio\build\WaveshareESP32S3LCD2\lib020\lvgl\draw\nxp\pxp\lv_draw_pxp.c.o
Compiling .pio\build\WaveshareESP32S3LCD2\lib020\lvgl\draw\nxp\pxp\lv_draw_pxp_blend.c.o
In file included from .pio/libdeps/WaveshareESP32S3LCD2/lvgl/src/draw/../lv_conf_kconfig.h:15,
                 from .pio/libdeps/WaveshareESP32S3LCD2/lvgl/src/draw/../lv_conf_internal.h:15,
                 from .pio/libdeps/WaveshareESP32S3LCD2/lvgl/src/draw/lv_draw.h:16,
                 from .pio/libdeps/WaveshareESP32S3LCD2/lvgl/src/draw/lv_draw_transform.c:9:
C:/Users/Louis/.platformio/packages/framework-arduinoespressif32-libs/esp32s3/qio_opi/include/sdkconfig.h:1094:9: warning: "CONFIG_ESP_TASK_WDT_EN" redefined
 1094 | #define CONFIG_ESP_TASK_WDT_EN 1
      |         ^~~~~~~~~~~~~~~~~~~~~~
<command-line>: note: this is the location of the previous definition
C:/Users/Louis/.platformio/packages/framework-arduinoespressif32-libs/esp32s3/qio_opi/include/sdkconfig.h:1095:9: warning: "CONFIG_ESP_TASK_WDT_INIT" redefined
 1095 | #define CONFIG_ESP_TASK_WDT_INIT 1
      |         ^~~~~~~~~~~~~~~~~~~~~~~~
<command-line>: note: this is the location of the previous definition
C:/Users/Louis/.platformio/packages/framework-arduinoespressif32-libs/esp32s3/qio_opi/include/sdkconfig.h:1098:9: warning: "CONFIG_ESP_TASK_WDT_CHECK_IDLE_TASK_CPU0" redefined
 1098 | #define CONFIG_ESP_TASK_WDT_CHECK_IDLE_TASK_CPU0 1
      |         ^~~~~~~~~~~~~~~~~~~~~~~~~~~~~~~~~~~~~~~~
<command-line>: note: this is the location of the previous definition
C:/Users/Louis/.platformio/packages/framework-arduinoespressif32-libs/esp32s3/qio_opi/include/sdkconfig.h:1155:9: warning: "CONFIG_ESP_COREDUMP_ENABLE" redefined
 1155 | #define CONFIG_ESP_COREDUMP_ENABLE 1
      |         ^~~~~~~~~~~~~~~~~~~~~~~~~~
<command-line>: note: this is the location of the previous definition
C:/Users/Louis/.platformio/packages/framework-arduinoespressif32-libs/esp32s3/qio_opi/include/sdkconfig.h:1879:9: warning: "CONFIG_ESP32S3_SPIRAM_SUPPORT" redefined
 1879 | #define CONFIG_ESP32S3_SPIRAM_SUPPORT CONFIG_SPIRAM
      |         ^~~~~~~~~~~~~~~~~~~~~~~~~~~~~
<command-line>: note: this is the location of the previous definition
Compiling .pio\build\WaveshareESP32S3LCD2\lib020\lvgl\draw\nxp\pxp\lv_gpu_nxp_pxp.c.o
In file included from .pio/libdeps/WaveshareESP32S3LCD2/lvgl/src/draw/../lv_conf_kconfig.h:15,
                 from .pio/libdeps/WaveshareESP32S3LCD2/lvgl/src/draw/../lv_conf_internal.h:15,
                 from .pio/libdeps/WaveshareESP32S3LCD2/lvgl/src/draw/lv_draw.h:16,
                 from .pio/libdeps/WaveshareESP32S3LCD2/lvgl/src/draw/lv_draw_triangle.c:9:
C:/Users/Louis/.platformio/packages/framework-arduinoespressif32-libs/esp32s3/qio_opi/include/sdkconfig.h:1094:9: warning: "CONFIG_ESP_TASK_WDT_EN" redefined
 1094 | #define CONFIG_ESP_TASK_WDT_EN 1
      |         ^~~~~~~~~~~~~~~~~~~~~~
<command-line>: note: this is the location of the previous definition
C:/Users/Louis/.platformio/packages/framework-arduinoespressif32-libs/esp32s3/qio_opi/include/sdkconfig.h:1095:9: warning: "CONFIG_ESP_TASK_WDT_INIT" redefined
 1095 | #define CONFIG_ESP_TASK_WDT_INIT 1
      |         ^~~~~~~~~~~~~~~~~~~~~~~~
<command-line>: note: this is the location of the previous definition
C:/Users/Louis/.platformio/packages/framework-arduinoespressif32-libs/esp32s3/qio_opi/include/sdkconfig.h:1098:9: warning: "CONFIG_ESP_TASK_WDT_CHECK_IDLE_TASK_CPU0" redefined
 1098 | #define CONFIG_ESP_TASK_WDT_CHECK_IDLE_TASK_CPU0 1
      |         ^~~~~~~~~~~~~~~~~~~~~~~~~~~~~~~~~~~~~~~~
<command-line>: note: this is the location of the previous definition
C:/Users/Louis/.platformio/packages/framework-arduinoespressif32-libs/esp32s3/qio_opi/include/sdkconfig.h:1155:9: warning: "CONFIG_ESP_COREDUMP_ENABLE" redefined
 1155 | #define CONFIG_ESP_COREDUMP_ENABLE 1
      |         ^~~~~~~~~~~~~~~~~~~~~~~~~~
<command-line>: note: this is the location of the previous definition
C:/Users/Louis/.platformio/packages/framework-arduinoespressif32-libs/esp32s3/qio_opi/include/sdkconfig.h:1879:9: warning: "CONFIG_ESP32S3_SPIRAM_SUPPORT" redefined
 1879 | #define CONFIG_ESP32S3_SPIRAM_SUPPORT CONFIG_SPIRAM
      |         ^~~~~~~~~~~~~~~~~~~~~~~~~~~~~
<command-line>: note: this is the location of the previous definition
Compiling .pio\build\WaveshareESP32S3LCD2\lib020\lvgl\draw\nxp\pxp\lv_gpu_nxp_pxp_osa.c.o
Compiling .pio\build\WaveshareESP32S3LCD2\lib020\lvgl\draw\nxp\vglite\lv_draw_vglite.c.o
Compiling .pio\build\WaveshareESP32S3LCD2\lib020\lvgl\draw\nxp\vglite\lv_draw_vglite_arc.c.o
Compiling .pio\build\WaveshareESP32S3LCD2\lib020\lvgl\draw\nxp\vglite\lv_draw_vglite_blend.c.o
In file included from .pio/libdeps/WaveshareESP32S3LCD2/lvgl/src/draw/../misc/../lv_conf_kconfig.h:15,
                 from .pio/libdeps/WaveshareESP32S3LCD2/lvgl/src/draw/../misc/../lv_conf_internal.h:15,
                 from .pio/libdeps/WaveshareESP32S3LCD2/lvgl/src/draw/../misc/lv_assert.h:16,
                 from .pio/libdeps/WaveshareESP32S3LCD2/lvgl/src/draw/lv_img_cache.c:9:
C:/Users/Louis/.platformio/packages/framework-arduinoespressif32-libs/esp32s3/qio_opi/include/sdkconfig.h:1094:9: warning: "CONFIG_ESP_TASK_WDT_EN" redefined
 1094 | #define CONFIG_ESP_TASK_WDT_EN 1
      |         ^~~~~~~~~~~~~~~~~~~~~~
<command-line>: note: this is the location of the previous definition
C:/Users/Louis/.platformio/packages/framework-arduinoespressif32-libs/esp32s3/qio_opi/include/sdkconfig.h:1095:9: warning: "CONFIG_ESP_TASK_WDT_INIT" redefined
 1095 | #define CONFIG_ESP_TASK_WDT_INIT 1
      |         ^~~~~~~~~~~~~~~~~~~~~~~~
<command-line>: note: this is the location of the previous definition
C:/Users/Louis/.platformio/packages/framework-arduinoespressif32-libs/esp32s3/qio_opi/include/sdkconfig.h:1098:9: warning: "CONFIG_ESP_TASK_WDT_CHECK_IDLE_TASK_CPU0" redefined
 1098 | #define CONFIG_ESP_TASK_WDT_CHECK_IDLE_TASK_CPU0 1
      |         ^~~~~~~~~~~~~~~~~~~~~~~~~~~~~~~~~~~~~~~~
<command-line>: note: this is the location of the previous definition
C:/Users/Louis/.platformio/packages/framework-arduinoespressif32-libs/esp32s3/qio_opi/include/sdkconfig.h:1155:9: warning: "CONFIG_ESP_COREDUMP_ENABLE" redefined
 1155 | #define CONFIG_ESP_COREDUMP_ENABLE 1
      |         ^~~~~~~~~~~~~~~~~~~~~~~~~~
<command-line>: note: this is the location of the previous definition
C:/Users/Louis/.platformio/packages/framework-arduinoespressif32-libs/esp32s3/qio_opi/include/sdkconfig.h:1879:9: warning: "CONFIG_ESP32S3_SPIRAM_SUPPORT" redefined
 1879 | #define CONFIG_ESP32S3_SPIRAM_SUPPORT CONFIG_SPIRAM
      |         ^~~~~~~~~~~~~~~~~~~~~~~~~~~~~
<command-line>: note: this is the location of the previous definition
In file included from .pio/libdeps/WaveshareESP32S3LCD2/lvgl/src/draw/../lv_conf_kconfig.h:15,
                 from .pio/libdeps/WaveshareESP32S3LCD2/lvgl/src/draw/../lv_conf_internal.h:15,
                 from .pio/libdeps/WaveshareESP32S3LCD2/lvgl/src/draw/lv_img_decoder.h:16,
                 from .pio/libdeps/WaveshareESP32S3LCD2/lvgl/src/draw/lv_img_decoder.c:9:
C:/Users/Louis/.platformio/packages/framework-arduinoespressif32-libs/esp32s3/qio_opi/include/sdkconfig.h:1094:9: warning: "CONFIG_ESP_TASK_WDT_EN" redefined
 1094 | #define CONFIG_ESP_TASK_WDT_EN 1
      |         ^~~~~~~~~~~~~~~~~~~~~~
<command-line>: note: this is the location of the previous definition
C:/Users/Louis/.platformio/packages/framework-arduinoespressif32-libs/esp32s3/qio_opi/include/sdkconfig.h:1095:9: warning: "CONFIG_ESP_TASK_WDT_INIT" redefined
 1095 | #define CONFIG_ESP_TASK_WDT_INIT 1
      |         ^~~~~~~~~~~~~~~~~~~~~~~~
<command-line>: note: this is the location of the previous definition
C:/Users/Louis/.platformio/packages/framework-arduinoespressif32-libs/esp32s3/qio_opi/include/sdkconfig.h:1098:9: warning: "CONFIG_ESP_TASK_WDT_CHECK_IDLE_TASK_CPU0" redefined
 1098 | #define CONFIG_ESP_TASK_WDT_CHECK_IDLE_TASK_CPU0 1
      |         ^~~~~~~~~~~~~~~~~~~~~~~~~~~~~~~~~~~~~~~~
<command-line>: note: this is the location of the previous definition
C:/Users/Louis/.platformio/packages/framework-arduinoespressif32-libs/esp32s3/qio_opi/include/sdkconfig.h:1155:9: warning: "CONFIG_ESP_COREDUMP_ENABLE" redefined
 1155 | #define CONFIG_ESP_COREDUMP_ENABLE 1
      |         ^~~~~~~~~~~~~~~~~~~~~~~~~~
<command-line>: note: this is the location of the previous definition
C:/Users/Louis/.platformio/packages/framework-arduinoespressif32-libs/esp32s3/qio_opi/include/sdkconfig.h:1879:9: warning: "CONFIG_ESP32S3_SPIRAM_SUPPORT" redefined
 1879 | #define CONFIG_ESP32S3_SPIRAM_SUPPORT CONFIG_SPIRAM
      |         ^~~~~~~~~~~~~~~~~~~~~~~~~~~~~
<command-line>: note: this is the location of the previous definition
In file included from .pio/libdeps/WaveshareESP32S3LCD2/lvgl/src/draw/nxp/pxp/../../../lv_conf_kconfig.h:15,
                 from .pio/libdeps/WaveshareESP32S3LCD2/lvgl/src/draw/nxp/pxp/../../../lv_conf_internal.h:15,
                 from .pio/libdeps/WaveshareESP32S3LCD2/lvgl/src/draw/nxp/pxp/lv_draw_pxp_blend.h:41,
                 from .pio/libdeps/WaveshareESP32S3LCD2/lvgl/src/draw/nxp/pxp/lv_draw_pxp_blend.c:34:
C:/Users/Louis/.platformio/packages/framework-arduinoespressif32-libs/esp32s3/qio_opi/include/sdkconfig.h:1094:9: warning: "CONFIG_ESP_TASK_WDT_EN" redefined
 1094 | #define CONFIG_ESP_TASK_WDT_EN 1
      |         ^~~~~~~~~~~~~~~~~~~~~~
<command-line>: note: this is the location of the previous definition
In file included from .pio/libdeps/WaveshareESP32S3LCD2/lvgl/src/draw/nxp/pxp/../../../lv_conf_kconfig.h:15,
                 from .pio/libdeps/WaveshareESP32S3LCD2/lvgl/src/draw/nxp/pxp/../../../lv_conf_internal.h:15,
                 from .pio/libdeps/WaveshareESP32S3LCD2/lvgl/src/draw/nxp/pxp/lv_draw_pxp.h:41,
                 from .pio/libdeps/WaveshareESP32S3LCD2/lvgl/src/draw/nxp/pxp/lv_draw_pxp.c:34:
C:/Users/Louis/.platformio/packages/framework-arduinoespressif32-libs/esp32s3/qio_opi/include/sdkconfig.h:1094:9: warning: "CONFIG_ESP_TASK_WDT_EN" redefined
 1094 | #define CONFIG_ESP_TASK_WDT_EN 1
      |         ^~~~~~~~~~~~~~~~~~~~~~
<command-line>: note: this is the location of the previous definition
C:/Users/Louis/.platformio/packages/framework-arduinoespressif32-libs/esp32s3/qio_opi/include/sdkconfig.h:1095:9: warning: "CONFIG_ESP_TASK_WDT_INIT" redefined
 1095 | #define CONFIG_ESP_TASK_WDT_INIT 1
      |         ^~~~~~~~~~~~~~~~~~~~~~~~
<command-line>: note: this is the location of the previous definition
C:/Users/Louis/.platformio/packages/framework-arduinoespressif32-libs/esp32s3/qio_opi/include/sdkconfig.h:1098:9: warning: "CONFIG_ESP_TASK_WDT_CHECK_IDLE_TASK_CPU0" redefined
 1098 | #define CONFIG_ESP_TASK_WDT_CHECK_IDLE_TASK_CPU0 1
      |         ^~~~~~~~~~~~~~~~~~~~~~~~~~~~~~~~~~~~~~~~
<command-line>: note: this is the location of the previous definition
C:/Users/Louis/.platformio/packages/framework-arduinoespressif32-libs/esp32s3/qio_opi/include/sdkconfig.h:1095:9: warning: "CONFIG_ESP_TASK_WDT_INIT" redefined
 1095 | #define CONFIG_ESP_TASK_WDT_INIT 1
      |         ^~~~~~~~~~~~~~~~~~~~~~~~
<command-line>: note: this is the location of the previous definition
C:/Users/Louis/.platformio/packages/framework-arduinoespressif32-libs/esp32s3/qio_opi/include/sdkconfig.h:1155:9: warning: "CONFIG_ESP_COREDUMP_ENABLE" redefined
 1155 | #define CONFIG_ESP_COREDUMP_ENABLE 1
      |         ^~~~~~~~~~~~~~~~~~~~~~~~~~
<command-line>: note: this is the location of the previous definition
C:/Users/Louis/.platformio/packages/framework-arduinoespressif32-libs/esp32s3/qio_opi/include/sdkconfig.h:1098:9: warning: "CONFIG_ESP_TASK_WDT_CHECK_IDLE_TASK_CPU0" redefined
 1098 | #define CONFIG_ESP_TASK_WDT_CHECK_IDLE_TASK_CPU0 1
      |         ^~~~~~~~~~~~~~~~~~~~~~~~~~~~~~~~~~~~~~~~
<command-line>: note: this is the location of the previous definition
C:/Users/Louis/.platformio/packages/framework-arduinoespressif32-libs/esp32s3/qio_opi/include/sdkconfig.h:1155:9: warning: "CONFIG_ESP_COREDUMP_ENABLE" redefined
 1155 | #define CONFIG_ESP_COREDUMP_ENABLE 1
      |         ^~~~~~~~~~~~~~~~~~~~~~~~~~
<command-line>: note: this is the location of the previous definition
C:/Users/Louis/.platformio/packages/framework-arduinoespressif32-libs/esp32s3/qio_opi/include/sdkconfig.h:1879:9: warning: "CONFIG_ESP32S3_SPIRAM_SUPPORT" redefined
 1879 | #define CONFIG_ESP32S3_SPIRAM_SUPPORT CONFIG_SPIRAM
      |         ^~~~~~~~~~~~~~~~~~~~~~~~~~~~~
<command-line>: note: this is the location of the previous definition
C:/Users/Louis/.platformio/packages/framework-arduinoespressif32-libs/esp32s3/qio_opi/include/sdkconfig.h:1879:9: warning: "CONFIG_ESP32S3_SPIRAM_SUPPORT" redefined
 1879 | #define CONFIG_ESP32S3_SPIRAM_SUPPORT CONFIG_SPIRAM
      |         ^~~~~~~~~~~~~~~~~~~~~~~~~~~~~
<command-line>: note: this is the location of the previous definition
Compiling .pio\build\WaveshareESP32S3LCD2\lib020\lvgl\draw\nxp\vglite\lv_draw_vglite_line.c.o
In file included from .pio/libdeps/WaveshareESP32S3LCD2/lvgl/src/draw/nxp/pxp/../../../lv_conf_kconfig.h:15,
                 from .pio/libdeps/WaveshareESP32S3LCD2/lvgl/src/draw/nxp/pxp/../../../lv_conf_internal.h:15,
                 from .pio/libdeps/WaveshareESP32S3LCD2/lvgl/src/draw/nxp/pxp/lv_gpu_nxp_pxp.h:41,
                 from .pio/libdeps/WaveshareESP32S3LCD2/lvgl/src/draw/nxp/pxp/lv_gpu_nxp_pxp.c:34:
C:/Users/Louis/.platformio/packages/framework-arduinoespressif32-libs/esp32s3/qio_opi/include/sdkconfig.h:1094:9: warning: "CONFIG_ESP_TASK_WDT_EN" redefined
 1094 | #define CONFIG_ESP_TASK_WDT_EN 1
      |         ^~~~~~~~~~~~~~~~~~~~~~
<command-line>: note: this is the location of the previous definition
C:/Users/Louis/.platformio/packages/framework-arduinoespressif32-libs/esp32s3/qio_opi/include/sdkconfig.h:1095:9: warning: "CONFIG_ESP_TASK_WDT_INIT" redefined
 1095 | #define CONFIG_ESP_TASK_WDT_INIT 1
      |         ^~~~~~~~~~~~~~~~~~~~~~~~
<command-line>: note: this is the location of the previous definition
C:/Users/Louis/.platformio/packages/framework-arduinoespressif32-libs/esp32s3/qio_opi/include/sdkconfig.h:1098:9: warning: "CONFIG_ESP_TASK_WDT_CHECK_IDLE_TASK_CPU0" redefined
 1098 | #define CONFIG_ESP_TASK_WDT_CHECK_IDLE_TASK_CPU0 1
      |         ^~~~~~~~~~~~~~~~~~~~~~~~~~~~~~~~~~~~~~~~
<command-line>: note: this is the location of the previous definition
C:/Users/Louis/.platformio/packages/framework-arduinoespressif32-libs/esp32s3/qio_opi/include/sdkconfig.h:1155:9: warning: "CONFIG_ESP_COREDUMP_ENABLE" redefined
 1155 | #define CONFIG_ESP_COREDUMP_ENABLE 1
      |         ^~~~~~~~~~~~~~~~~~~~~~~~~~
<command-line>: note: this is the location of the previous definition
C:/Users/Louis/.platformio/packages/framework-arduinoespressif32-libs/esp32s3/qio_opi/include/sdkconfig.h:1879:9: warning: "CONFIG_ESP32S3_SPIRAM_SUPPORT" redefined
 1879 | #define CONFIG_ESP32S3_SPIRAM_SUPPORT CONFIG_SPIRAM
      |         ^~~~~~~~~~~~~~~~~~~~~~~~~~~~~
<command-line>: note: this is the location of the previous definition
Compiling .pio\build\WaveshareESP32S3LCD2\lib020\lvgl\draw\nxp\vglite\lv_draw_vglite_rect.c.o
In file included from .pio/libdeps/WaveshareESP32S3LCD2/lvgl/src/draw/nxp/pxp/../../../lv_conf_kconfig.h:15,
                 from .pio/libdeps/WaveshareESP32S3LCD2/lvgl/src/draw/nxp/pxp/../../../lv_conf_internal.h:15,
                 from .pio/libdeps/WaveshareESP32S3LCD2/lvgl/src/draw/nxp/pxp/lv_gpu_nxp_pxp_osa.h:41,
                 from .pio/libdeps/WaveshareESP32S3LCD2/lvgl/src/draw/nxp/pxp/lv_gpu_nxp_pxp_osa.c:34:
C:/Users/Louis/.platformio/packages/framework-arduinoespressif32-libs/esp32s3/qio_opi/include/sdkconfig.h:1094:9: warning: "CONFIG_ESP_TASK_WDT_EN" redefined
 1094 | #define CONFIG_ESP_TASK_WDT_EN 1
      |         ^~~~~~~~~~~~~~~~~~~~~~
<command-line>: note: this is the location of the previous definition
C:/Users/Louis/.platformio/packages/framework-arduinoespressif32-libs/esp32s3/qio_opi/include/sdkconfig.h:1095:9: warning: "CONFIG_ESP_TASK_WDT_INIT" redefined
 1095 | #define CONFIG_ESP_TASK_WDT_INIT 1
      |         ^~~~~~~~~~~~~~~~~~~~~~~~
<command-line>: note: this is the location of the previous definition
C:/Users/Louis/.platformio/packages/framework-arduinoespressif32-libs/esp32s3/qio_opi/include/sdkconfig.h:1098:9: warning: "CONFIG_ESP_TASK_WDT_CHECK_IDLE_TASK_CPU0" redefined
 1098 | #define CONFIG_ESP_TASK_WDT_CHECK_IDLE_TASK_CPU0 1
      |         ^~~~~~~~~~~~~~~~~~~~~~~~~~~~~~~~~~~~~~~~
<command-line>: note: this is the location of the previous definition
C:/Users/Louis/.platformio/packages/framework-arduinoespressif32-libs/esp32s3/qio_opi/include/sdkconfig.h:1155:9: warning: "CONFIG_ESP_COREDUMP_ENABLE" redefined
 1155 | #define CONFIG_ESP_COREDUMP_ENABLE 1
      |         ^~~~~~~~~~~~~~~~~~~~~~~~~~
<command-line>: note: this is the location of the previous definition
C:/Users/Louis/.platformio/packages/framework-arduinoespressif32-libs/esp32s3/qio_opi/include/sdkconfig.h:1879:9: warning: "CONFIG_ESP32S3_SPIRAM_SUPPORT" redefined
 1879 | #define CONFIG_ESP32S3_SPIRAM_SUPPORT CONFIG_SPIRAM
      |         ^~~~~~~~~~~~~~~~~~~~~~~~~~~~~
<command-line>: note: this is the location of the previous definition
In file included from .pio/libdeps/WaveshareESP32S3LCD2/lvgl/src/draw/nxp/vglite/../../../lv_conf_kconfig.h:15,
                 from .pio/libdeps/WaveshareESP32S3LCD2/lvgl/src/draw/nxp/vglite/../../../lv_conf_internal.h:15,
                 from .pio/libdeps/WaveshareESP32S3LCD2/lvgl/src/draw/nxp/vglite/lv_draw_vglite_arc.h:40,
                 from .pio/libdeps/WaveshareESP32S3LCD2/lvgl/src/draw/nxp/vglite/lv_draw_vglite_arc.c:34:
C:/Users/Louis/.platformio/packages/framework-arduinoespressif32-libs/esp32s3/qio_opi/include/sdkconfig.h:1094:9: warning: "CONFIG_ESP_TASK_WDT_EN" redefined
 1094 | #define CONFIG_ESP_TASK_WDT_EN 1
      |         ^~~~~~~~~~~~~~~~~~~~~~
<command-line>: note: this is the location of the previous definition
C:/Users/Louis/.platformio/packages/framework-arduinoespressif32-libs/esp32s3/qio_opi/include/sdkconfig.h:1095:9: warning: "CONFIG_ESP_TASK_WDT_INIT" redefined
 1095 | #define CONFIG_ESP_TASK_WDT_INIT 1
      |         ^~~~~~~~~~~~~~~~~~~~~~~~
<command-line>: note: this is the location of the previous definition
C:/Users/Louis/.platformio/packages/framework-arduinoespressif32-libs/esp32s3/qio_opi/include/sdkconfig.h:1098:9: warning: "CONFIG_ESP_TASK_WDT_CHECK_IDLE_TASK_CPU0" redefined
 1098 | #define CONFIG_ESP_TASK_WDT_CHECK_IDLE_TASK_CPU0 1
      |         ^~~~~~~~~~~~~~~~~~~~~~~~~~~~~~~~~~~~~~~~
<command-line>: note: this is the location of the previous definition
C:/Users/Louis/.platformio/packages/framework-arduinoespressif32-libs/esp32s3/qio_opi/include/sdkconfig.h:1155:9: warning: "CONFIG_ESP_COREDUMP_ENABLE" redefined
 1155 | #define CONFIG_ESP_COREDUMP_ENABLE 1
      |         ^~~~~~~~~~~~~~~~~~~~~~~~~~
<command-line>: note: this is the location of the previous definition
C:/Users/Louis/.platformio/packages/framework-arduinoespressif32-libs/esp32s3/qio_opi/include/sdkconfig.h:1879:9: warning: "CONFIG_ESP32S3_SPIRAM_SUPPORT" redefined
 1879 | #define CONFIG_ESP32S3_SPIRAM_SUPPORT CONFIG_SPIRAM
      |         ^~~~~~~~~~~~~~~~~~~~~~~~~~~~~
<command-line>: note: this is the location of the previous definition
In file included from .pio/libdeps/WaveshareESP32S3LCD2/lvgl/src/draw/nxp/vglite/../../../lv_conf_kconfig.h:15,
                 from .pio/libdeps/WaveshareESP32S3LCD2/lvgl/src/draw/nxp/vglite/../../../lv_conf_internal.h:15,
                 from .pio/libdeps/WaveshareESP32S3LCD2/lvgl/src/draw/nxp/vglite/lv_draw_vglite.h:41,
                 from .pio/libdeps/WaveshareESP32S3LCD2/lvgl/src/draw/nxp/vglite/lv_draw_vglite.c:34:
C:/Users/Louis/.platformio/packages/framework-arduinoespressif32-libs/esp32s3/qio_opi/include/sdkconfig.h:1094:9: warning: "CONFIG_ESP_TASK_WDT_EN" redefined
 1094 | #define CONFIG_ESP_TASK_WDT_EN 1
      |         ^~~~~~~~~~~~~~~~~~~~~~
<command-line>: note: this is the location of the previous definition
C:/Users/Louis/.platformio/packages/framework-arduinoespressif32-libs/esp32s3/qio_opi/include/sdkconfig.h:1095:9: warning: "CONFIG_ESP_TASK_WDT_INIT" redefined
 1095 | #define CONFIG_ESP_TASK_WDT_INIT 1
      |         ^~~~~~~~~~~~~~~~~~~~~~~~
<command-line>: note: this is the location of the previous definition
C:/Users/Louis/.platformio/packages/framework-arduinoespressif32-libs/esp32s3/qio_opi/include/sdkconfig.h:1098:9: warning: "CONFIG_ESP_TASK_WDT_CHECK_IDLE_TASK_CPU0" redefined
 1098 | #define CONFIG_ESP_TASK_WDT_CHECK_IDLE_TASK_CPU0 1
      |         ^~~~~~~~~~~~~~~~~~~~~~~~~~~~~~~~~~~~~~~~
<command-line>: note: this is the location of the previous definition
C:/Users/Louis/.platformio/packages/framework-arduinoespressif32-libs/esp32s3/qio_opi/include/sdkconfig.h:1155:9: warning: "CONFIG_ESP_COREDUMP_ENABLE" redefined
 1155 | #define CONFIG_ESP_COREDUMP_ENABLE 1
      |         ^~~~~~~~~~~~~~~~~~~~~~~~~~
<command-line>: note: this is the location of the previous definition
C:/Users/Louis/.platformio/packages/framework-arduinoespressif32-libs/esp32s3/qio_opi/include/sdkconfig.h:1879:9: warning: "CONFIG_ESP32S3_SPIRAM_SUPPORT" redefined
 1879 | #define CONFIG_ESP32S3_SPIRAM_SUPPORT CONFIG_SPIRAM
      |         ^~~~~~~~~~~~~~~~~~~~~~~~~~~~~
<command-line>: note: this is the location of the previous definition
Compiling .pio\build\WaveshareESP32S3LCD2\lib020\lvgl\draw\nxp\vglite\lv_vglite_buf.c.o
In file included from .pio/libdeps/WaveshareESP32S3LCD2/lvgl/src/draw/nxp/vglite/../../../lv_conf_kconfig.h:15,
                 from .pio/libdeps/WaveshareESP32S3LCD2/lvgl/src/draw/nxp/vglite/../../../lv_conf_internal.h:15,
                 from .pio/libdeps/WaveshareESP32S3LCD2/lvgl/src/draw/nxp/vglite/lv_draw_vglite_blend.h:41,
                 from .pio/libdeps/WaveshareESP32S3LCD2/lvgl/src/draw/nxp/vglite/lv_draw_vglite_blend.c:34:
C:/Users/Louis/.platformio/packages/framework-arduinoespressif32-libs/esp32s3/qio_opi/include/sdkconfig.h:1094:9: warning: "CONFIG_ESP_TASK_WDT_EN" redefined
 1094 | #define CONFIG_ESP_TASK_WDT_EN 1
      |         ^~~~~~~~~~~~~~~~~~~~~~
<command-line>: note: this is the location of the previous definition
C:/Users/Louis/.platformio/packages/framework-arduinoespressif32-libs/esp32s3/qio_opi/include/sdkconfig.h:1095:9: warning: "CONFIG_ESP_TASK_WDT_INIT" redefined
 1095 | #define CONFIG_ESP_TASK_WDT_INIT 1
      |         ^~~~~~~~~~~~~~~~~~~~~~~~
<command-line>: note: this is the location of the previous definition
C:/Users/Louis/.platformio/packages/framework-arduinoespressif32-libs/esp32s3/qio_opi/include/sdkconfig.h:1098:9: warning: "CONFIG_ESP_TASK_WDT_CHECK_IDLE_TASK_CPU0" redefined
 1098 | #define CONFIG_ESP_TASK_WDT_CHECK_IDLE_TASK_CPU0 1
      |         ^~~~~~~~~~~~~~~~~~~~~~~~~~~~~~~~~~~~~~~~
<command-line>: note: this is the location of the previous definition
C:/Users/Louis/.platformio/packages/framework-arduinoespressif32-libs/esp32s3/qio_opi/include/sdkconfig.h:1155:9: warning: "CONFIG_ESP_COREDUMP_ENABLE" redefined
 1155 | #define CONFIG_ESP_COREDUMP_ENABLE 1
      |         ^~~~~~~~~~~~~~~~~~~~~~~~~~
<command-line>: note: this is the location of the previous definition
C:/Users/Louis/.platformio/packages/framework-arduinoespressif32-libs/esp32s3/qio_opi/include/sdkconfig.h:1879:9: warning: "CONFIG_ESP32S3_SPIRAM_SUPPORT" redefined
 1879 | #define CONFIG_ESP32S3_SPIRAM_SUPPORT CONFIG_SPIRAM
      |         ^~~~~~~~~~~~~~~~~~~~~~~~~~~~~
<command-line>: note: this is the location of the previous definition
Compiling .pio\build\WaveshareESP32S3LCD2\lib020\lvgl\draw\nxp\vglite\lv_vglite_utils.c.o
Compiling .pio\build\WaveshareESP32S3LCD2\lib020\lvgl\draw\renesas\lv_gpu_d2_draw_label.c.o
Compiling .pio\build\WaveshareESP32S3LCD2\lib020\lvgl\draw\renesas\lv_gpu_d2_ra6m3.c.o
In file included from .pio/libdeps/WaveshareESP32S3LCD2/lvgl/src/draw/nxp/vglite/../../../lv_conf_kconfig.h:15,
                 from .pio/libdeps/WaveshareESP32S3LCD2/lvgl/src/draw/nxp/vglite/../../../lv_conf_internal.h:15,
                 from .pio/libdeps/WaveshareESP32S3LCD2/lvgl/src/draw/nxp/vglite/lv_draw_vglite_line.h:41,
                 from .pio/libdeps/WaveshareESP32S3LCD2/lvgl/src/draw/nxp/vglite/lv_draw_vglite_line.c:34:
C:/Users/Louis/.platformio/packages/framework-arduinoespressif32-libs/esp32s3/qio_opi/include/sdkconfig.h:1094:9: warning: "CONFIG_ESP_TASK_WDT_EN" redefined
 1094 | #define CONFIG_ESP_TASK_WDT_EN 1
      |         ^~~~~~~~~~~~~~~~~~~~~~
<command-line>: note: this is the location of the previous definition
C:/Users/Louis/.platformio/packages/framework-arduinoespressif32-libs/esp32s3/qio_opi/include/sdkconfig.h:1095:9: warning: "CONFIG_ESP_TASK_WDT_INIT" redefined
 1095 | #define CONFIG_ESP_TASK_WDT_INIT 1
      |         ^~~~~~~~~~~~~~~~~~~~~~~~
<command-line>: note: this is the location of the previous definition
C:/Users/Louis/.platformio/packages/framework-arduinoespressif32-libs/esp32s3/qio_opi/include/sdkconfig.h:1098:9: warning: "CONFIG_ESP_TASK_WDT_CHECK_IDLE_TASK_CPU0" redefined
 1098 | #define CONFIG_ESP_TASK_WDT_CHECK_IDLE_TASK_CPU0 1
      |         ^~~~~~~~~~~~~~~~~~~~~~~~~~~~~~~~~~~~~~~~
<command-line>: note: this is the location of the previous definition
C:/Users/Louis/.platformio/packages/framework-arduinoespressif32-libs/esp32s3/qio_opi/include/sdkconfig.h:1155:9: warning: "CONFIG_ESP_COREDUMP_ENABLE" redefined
 1155 | #define CONFIG_ESP_COREDUMP_ENABLE 1
      |         ^~~~~~~~~~~~~~~~~~~~~~~~~~
<command-line>: note: this is the location of the previous definition
C:/Users/Louis/.platformio/packages/framework-arduinoespressif32-libs/esp32s3/qio_opi/include/sdkconfig.h:1879:9: warning: "CONFIG_ESP32S3_SPIRAM_SUPPORT" redefined
 1879 | #define CONFIG_ESP32S3_SPIRAM_SUPPORT CONFIG_SPIRAM
      |         ^~~~~~~~~~~~~~~~~~~~~~~~~~~~~
<command-line>: note: this is the location of the previous definition
Compiling .pio\build\WaveshareESP32S3LCD2\lib020\lvgl\draw\sdl\lv_draw_sdl.c.o
In file included from .pio/libdeps/WaveshareESP32S3LCD2/lvgl/src/draw/nxp/vglite/../../../lv_conf_kconfig.h:15,
                 from .pio/libdeps/WaveshareESP32S3LCD2/lvgl/src/draw/nxp/vglite/../../../lv_conf_internal.h:15,
                 from .pio/libdeps/WaveshareESP32S3LCD2/lvgl/src/draw/nxp/vglite/lv_draw_vglite_rect.h:40,
                 from .pio/libdeps/WaveshareESP32S3LCD2/lvgl/src/draw/nxp/vglite/lv_draw_vglite_rect.c:34:
C:/Users/Louis/.platformio/packages/framework-arduinoespressif32-libs/esp32s3/qio_opi/include/sdkconfig.h:1094:9: warning: "CONFIG_ESP_TASK_WDT_EN" redefined
 1094 | #define CONFIG_ESP_TASK_WDT_EN 1
      |         ^~~~~~~~~~~~~~~~~~~~~~
<command-line>: note: this is the location of the previous definition
C:/Users/Louis/.platformio/packages/framework-arduinoespressif32-libs/esp32s3/qio_opi/include/sdkconfig.h:1095:9: warning: "CONFIG_ESP_TASK_WDT_INIT" redefined
 1095 | #define CONFIG_ESP_TASK_WDT_INIT 1
      |         ^~~~~~~~~~~~~~~~~~~~~~~~
<command-line>: note: this is the location of the previous definition
C:/Users/Louis/.platformio/packages/framework-arduinoespressif32-libs/esp32s3/qio_opi/include/sdkconfig.h:1098:9: warning: "CONFIG_ESP_TASK_WDT_CHECK_IDLE_TASK_CPU0" redefined
 1098 | #define CONFIG_ESP_TASK_WDT_CHECK_IDLE_TASK_CPU0 1
      |         ^~~~~~~~~~~~~~~~~~~~~~~~~~~~~~~~~~~~~~~~
<command-line>: note: this is the location of the previous definition
C:/Users/Louis/.platformio/packages/framework-arduinoespressif32-libs/esp32s3/qio_opi/include/sdkconfig.h:1155:9: warning: "CONFIG_ESP_COREDUMP_ENABLE" redefined
 1155 | #define CONFIG_ESP_COREDUMP_ENABLE 1
      |         ^~~~~~~~~~~~~~~~~~~~~~~~~~
<command-line>: note: this is the location of the previous definition
C:/Users/Louis/.platformio/packages/framework-arduinoespressif32-libs/esp32s3/qio_opi/include/sdkconfig.h:1879:9: warning: "CONFIG_ESP32S3_SPIRAM_SUPPORT" redefined
 1879 | #define CONFIG_ESP32S3_SPIRAM_SUPPORT CONFIG_SPIRAM
      |         ^~~~~~~~~~~~~~~~~~~~~~~~~~~~~
<command-line>: note: this is the location of the previous definition
Compiling .pio\build\WaveshareESP32S3LCD2\lib020\lvgl\draw\sdl\lv_draw_sdl_arc.c.o
Compiling .pio\build\WaveshareESP32S3LCD2\lib020\lvgl\draw\sdl\lv_draw_sdl_bg.c.o
In file included from .pio/libdeps/WaveshareESP32S3LCD2/lvgl/src/draw/nxp/vglite/../../../lv_conf_kconfig.h:15,
                 from .pio/libdeps/WaveshareESP32S3LCD2/lvgl/src/draw/nxp/vglite/../../../lv_conf_internal.h:15,
                 from .pio/libdeps/WaveshareESP32S3LCD2/lvgl/src/draw/nxp/vglite/lv_vglite_buf.h:40,
                 from .pio/libdeps/WaveshareESP32S3LCD2/lvgl/src/draw/nxp/vglite/lv_vglite_buf.c:34:
C:/Users/Louis/.platformio/packages/framework-arduinoespressif32-libs/esp32s3/qio_opi/include/sdkconfig.h:1094:9: warning: "CONFIG_ESP_TASK_WDT_EN" redefined
 1094 | #define CONFIG_ESP_TASK_WDT_EN 1
      |         ^~~~~~~~~~~~~~~~~~~~~~
<command-line>: note: this is the location of the previous definition
C:/Users/Louis/.platformio/packages/framework-arduinoespressif32-libs/esp32s3/qio_opi/include/sdkconfig.h:1095:9: warning: "CONFIG_ESP_TASK_WDT_INIT" redefined
 1095 | #define CONFIG_ESP_TASK_WDT_INIT 1
      |         ^~~~~~~~~~~~~~~~~~~~~~~~
<command-line>: note: this is the location of the previous definition
C:/Users/Louis/.platformio/packages/framework-arduinoespressif32-libs/esp32s3/qio_opi/include/sdkconfig.h:1098:9: warning: "CONFIG_ESP_TASK_WDT_CHECK_IDLE_TASK_CPU0" redefined
 1098 | #define CONFIG_ESP_TASK_WDT_CHECK_IDLE_TASK_CPU0 1
      |         ^~~~~~~~~~~~~~~~~~~~~~~~~~~~~~~~~~~~~~~~
<command-line>: note: this is the location of the previous definition
C:/Users/Louis/.platformio/packages/framework-arduinoespressif32-libs/esp32s3/qio_opi/include/sdkconfig.h:1155:9: warning: "CONFIG_ESP_COREDUMP_ENABLE" redefined
 1155 | #define CONFIG_ESP_COREDUMP_ENABLE 1
      |         ^~~~~~~~~~~~~~~~~~~~~~~~~~
<command-line>: note: this is the location of the previous definition
C:/Users/Louis/.platformio/packages/framework-arduinoespressif32-libs/esp32s3/qio_opi/include/sdkconfig.h:1879:9: warning: "CONFIG_ESP32S3_SPIRAM_SUPPORT" redefined
 1879 | #define CONFIG_ESP32S3_SPIRAM_SUPPORT CONFIG_SPIRAM
      |         ^~~~~~~~~~~~~~~~~~~~~~~~~~~~~
<command-line>: note: this is the location of the previous definition
Compiling .pio\build\WaveshareESP32S3LCD2\lib020\lvgl\draw\sdl\lv_draw_sdl_composite.c.o
Compiling .pio\build\WaveshareESP32S3LCD2\lib020\lvgl\draw\sdl\lv_draw_sdl_img.c.o
In file included from .pio/libdeps/WaveshareESP32S3LCD2/lvgl/src/draw/nxp/vglite/../../../lv_conf_kconfig.h:15,
                 from .pio/libdeps/WaveshareESP32S3LCD2/lvgl/src/draw/nxp/vglite/../../../lv_conf_internal.h:15,
                 from .pio/libdeps/WaveshareESP32S3LCD2/lvgl/src/draw/nxp/vglite/lv_vglite_utils.h:40,
                 from .pio/libdeps/WaveshareESP32S3LCD2/lvgl/src/draw/nxp/vglite/lv_vglite_utils.c:34:
C:/Users/Louis/.platformio/packages/framework-arduinoespressif32-libs/esp32s3/qio_opi/include/sdkconfig.h:1094:9: warning: "CONFIG_ESP_TASK_WDT_EN" redefined
 1094 | #define CONFIG_ESP_TASK_WDT_EN 1
      |         ^~~~~~~~~~~~~~~~~~~~~~
<command-line>: note: this is the location of the previous definition
C:/Users/Louis/.platformio/packages/framework-arduinoespressif32-libs/esp32s3/qio_opi/include/sdkconfig.h:1095:9: warning: "CONFIG_ESP_TASK_WDT_INIT" redefined
 1095 | #define CONFIG_ESP_TASK_WDT_INIT 1
      |         ^~~~~~~~~~~~~~~~~~~~~~~~
Compiling .pio\build\WaveshareESP32S3LCD2\lib020\lvgl\draw\sdl\lv_draw_sdl_label.c.o
<command-line>: note: this is the location of the previous definition
C:/Users/Louis/.platformio/packages/framework-arduinoespressif32-libs/esp32s3/qio_opi/include/sdkconfig.h:1098:9: warning: "CONFIG_ESP_TASK_WDT_CHECK_IDLE_TASK_CPU0" redefined
 1098 | #define CONFIG_ESP_TASK_WDT_CHECK_IDLE_TASK_CPU0 1
      |         ^~~~~~~~~~~~~~~~~~~~~~~~~~~~~~~~~~~~~~~~
<command-line>: note: this is the location of the previous definition
C:/Users/Louis/.platformio/packages/framework-arduinoespressif32-libs/esp32s3/qio_opi/include/sdkconfig.h:1155:9: warning: "CONFIG_ESP_COREDUMP_ENABLE" redefined
 1155 | #define CONFIG_ESP_COREDUMP_ENABLE 1
      |         ^~~~~~~~~~~~~~~~~~~~~~~~~~
<command-line>: note: this is the location of the previous definition
C:/Users/Louis/.platformio/packages/framework-arduinoespressif32-libs/esp32s3/qio_opi/include/sdkconfig.h:1879:9: warning: "CONFIG_ESP32S3_SPIRAM_SUPPORT" redefined
 1879 | #define CONFIG_ESP32S3_SPIRAM_SUPPORT CONFIG_SPIRAM
      |         ^~~~~~~~~~~~~~~~~~~~~~~~~~~~~
<command-line>: note: this is the location of the previous definition
Compiling .pio\build\WaveshareESP32S3LCD2\lib020\lvgl\draw\sdl\lv_draw_sdl_layer.c.o
In file included from .pio/libdeps/WaveshareESP32S3LCD2/lvgl/src/draw/renesas/../../draw/../misc/../lv_conf_kconfig.h:15,
                 from .pio/libdeps/WaveshareESP32S3LCD2/lvgl/src/draw/renesas/../../draw/../misc/../lv_conf_internal.h:15,
                 from .pio/libdeps/WaveshareESP32S3LCD2/lvgl/src/draw/renesas/../../draw/../misc/lv_bidi.h:16,
                 from .pio/libdeps/WaveshareESP32S3LCD2/lvgl/src/draw/renesas/../../draw/lv_draw_label.h:16,
                 from .pio/libdeps/WaveshareESP32S3LCD2/lvgl/src/draw/renesas/lv_gpu_d2_draw_label.c:11:
C:/Users/Louis/.platformio/packages/framework-arduinoespressif32-libs/esp32s3/qio_opi/include/sdkconfig.h:1094:9: warning: "CONFIG_ESP_TASK_WDT_EN" redefined
 1094 | #define CONFIG_ESP_TASK_WDT_EN 1
      |         ^~~~~~~~~~~~~~~~~~~~~~
<command-line>: note: this is the location of the previous definition
C:/Users/Louis/.platformio/packages/framework-arduinoespressif32-libs/esp32s3/qio_opi/include/sdkconfig.h:1095:9: warning: "CONFIG_ESP_TASK_WDT_INIT" redefined
 1095 | #define CONFIG_ESP_TASK_WDT_INIT 1
      |         ^~~~~~~~~~~~~~~~~~~~~~~~
<command-line>: note: this is the location of the previous definition
C:/Users/Louis/.platformio/packages/framework-arduinoespressif32-libs/esp32s3/qio_opi/include/sdkconfig.h:1098:9: warning: "CONFIG_ESP_TASK_WDT_CHECK_IDLE_TASK_CPU0" redefined
 1098 | #define CONFIG_ESP_TASK_WDT_CHECK_IDLE_TASK_CPU0 1
      |         ^~~~~~~~~~~~~~~~~~~~~~~~~~~~~~~~~~~~~~~~
<command-line>: note: this is the location of the previous definition
C:/Users/Louis/.platformio/packages/framework-arduinoespressif32-libs/esp32s3/qio_opi/include/sdkconfig.h:1155:9: warning: "CONFIG_ESP_COREDUMP_ENABLE" redefined
 1155 | #define CONFIG_ESP_COREDUMP_ENABLE 1
      |         ^~~~~~~~~~~~~~~~~~~~~~~~~~
<command-line>: note: this is the location of the previous definition
C:/Users/Louis/.platformio/packages/framework-arduinoespressif32-libs/esp32s3/qio_opi/include/sdkconfig.h:1879:9: warning: "CONFIG_ESP32S3_SPIRAM_SUPPORT" redefined
 1879 | #define CONFIG_ESP32S3_SPIRAM_SUPPORT CONFIG_SPIRAM
      |         ^~~~~~~~~~~~~~~~~~~~~~~~~~~~~
<command-line>: note: this is the location of the previous definition
In file included from .pio/libdeps/WaveshareESP32S3LCD2/lvgl/src/draw/renesas/../../misc/../lv_conf_kconfig.h:15,
                 from .pio/libdeps/WaveshareESP32S3LCD2/lvgl/src/draw/renesas/../../misc/../lv_conf_internal.h:15,
                 from .pio/libdeps/WaveshareESP32S3LCD2/lvgl/src/draw/renesas/../../misc/lv_color.h:16,
                 from .pio/libdeps/WaveshareESP32S3LCD2/lvgl/src/draw/renesas/lv_gpu_d2_ra6m3.h:15,
                 from .pio/libdeps/WaveshareESP32S3LCD2/lvgl/src/draw/renesas/lv_gpu_d2_ra6m3.c:9:
C:/Users/Louis/.platformio/packages/framework-arduinoespressif32-libs/esp32s3/qio_opi/include/sdkconfig.h:1094:9: warning: "CONFIG_ESP_TASK_WDT_EN" redefined
 1094 | #define CONFIG_ESP_TASK_WDT_EN 1
      |         ^~~~~~~~~~~~~~~~~~~~~~
<command-line>: note: this is the location of the previous definition
C:/Users/Louis/.platformio/packages/framework-arduinoespressif32-libs/esp32s3/qio_opi/include/sdkconfig.h:1095:9: warning: "CONFIG_ESP_TASK_WDT_INIT" redefined
 1095 | #define CONFIG_ESP_TASK_WDT_INIT 1
      |         ^~~~~~~~~~~~~~~~~~~~~~~~
<command-line>: note: this is the location of the previous definition
C:/Users/Louis/.platformio/packages/framework-arduinoespressif32-libs/esp32s3/qio_opi/include/sdkconfig.h:1098:9: warning: "CONFIG_ESP_TASK_WDT_CHECK_IDLE_TASK_CPU0" redefined
 1098 | #define CONFIG_ESP_TASK_WDT_CHECK_IDLE_TASK_CPU0 1
      |         ^~~~~~~~~~~~~~~~~~~~~~~~~~~~~~~~~~~~~~~~
<command-line>: note: this is the location of the previous definition
C:/Users/Louis/.platformio/packages/framework-arduinoespressif32-libs/esp32s3/qio_opi/include/sdkconfig.h:1155:9: warning: "CONFIG_ESP_COREDUMP_ENABLE" redefined
 1155 | #define CONFIG_ESP_COREDUMP_ENABLE 1
      |         ^~~~~~~~~~~~~~~~~~~~~~~~~~
<command-line>: note: this is the location of the previous definition
C:/Users/Louis/.platformio/packages/framework-arduinoespressif32-libs/esp32s3/qio_opi/include/sdkconfig.h:1879:9: warning: "CONFIG_ESP32S3_SPIRAM_SUPPORT" redefined
 1879 | #define CONFIG_ESP32S3_SPIRAM_SUPPORT CONFIG_SPIRAM
      |         ^~~~~~~~~~~~~~~~~~~~~~~~~~~~~
<command-line>: note: this is the location of the previous definition
Compiling .pio\build\WaveshareESP32S3LCD2\lib020\lvgl\draw\sdl\lv_draw_sdl_line.c.o
In file included from .pio/libdeps/WaveshareESP32S3LCD2/lvgl/src/draw/sdl/../../lv_conf_kconfig.h:15,
                 from .pio/libdeps/WaveshareESP32S3LCD2/lvgl/src/draw/sdl/../../lv_conf_internal.h:15,
                 from .pio/libdeps/WaveshareESP32S3LCD2/lvgl/src/draw/sdl/lv_draw_sdl.c:10:
C:/Users/Louis/.platformio/packages/framework-arduinoespressif32-libs/esp32s3/qio_opi/include/sdkconfig.h:1094:9: warning: "CONFIG_ESP_TASK_WDT_EN" redefined
 1094 | #define CONFIG_ESP_TASK_WDT_EN 1
      |         ^~~~~~~~~~~~~~~~~~~~~~
<command-line>: note: this is the location of the previous definition
C:/Users/Louis/.platformio/packages/framework-arduinoespressif32-libs/esp32s3/qio_opi/include/sdkconfig.h:1095:9: warning: "CONFIG_ESP_TASK_WDT_INIT" redefined
 1095 | #define CONFIG_ESP_TASK_WDT_INIT 1
      |         ^~~~~~~~~~~~~~~~~~~~~~~~
<command-line>: note: this is the location of the previous definition
C:/Users/Louis/.platformio/packages/framework-arduinoespressif32-libs/esp32s3/qio_opi/include/sdkconfig.h:1098:9: warning: "CONFIG_ESP_TASK_WDT_CHECK_IDLE_TASK_CPU0" redefined
 1098 | #define CONFIG_ESP_TASK_WDT_CHECK_IDLE_TASK_CPU0 1
      |         ^~~~~~~~~~~~~~~~~~~~~~~~~~~~~~~~~~~~~~~~
<command-line>: note: this is the location of the previous definition
C:/Users/Louis/.platformio/packages/framework-arduinoespressif32-libs/esp32s3/qio_opi/include/sdkconfig.h:1155:9: warning: "CONFIG_ESP_COREDUMP_ENABLE" redefined
 1155 | #define CONFIG_ESP_COREDUMP_ENABLE 1
      |         ^~~~~~~~~~~~~~~~~~~~~~~~~~
<command-line>: note: this is the location of the previous definition
C:/Users/Louis/.platformio/packages/framework-arduinoespressif32-libs/esp32s3/qio_opi/include/sdkconfig.h:1879:9: warning: "CONFIG_ESP32S3_SPIRAM_SUPPORT" redefined
 1879 | #define CONFIG_ESP32S3_SPIRAM_SUPPORT CONFIG_SPIRAM
      |         ^~~~~~~~~~~~~~~~~~~~~~~~~~~~~
<command-line>: note: this is the location of the previous definition
In file included from .pio/libdeps/WaveshareESP32S3LCD2/lvgl/src/draw/sdl/../../lv_conf_kconfig.h:15,
                 from .pio/libdeps/WaveshareESP32S3LCD2/lvgl/src/draw/sdl/../../lv_conf_internal.h:15,
                 from .pio/libdeps/WaveshareESP32S3LCD2/lvgl/src/draw/sdl/lv_draw_sdl_arc.c:9:
C:/Users/Louis/.platformio/packages/framework-arduinoespressif32-libs/esp32s3/qio_opi/include/sdkconfig.h:1094:9: warning: "CONFIG_ESP_TASK_WDT_EN" redefined
 1094 | #define CONFIG_ESP_TASK_WDT_EN 1
      |         ^~~~~~~~~~~~~~~~~~~~~~
<command-line>: note: this is the location of the previous definition
C:/Users/Louis/.platformio/packages/framework-arduinoespressif32-libs/esp32s3/qio_opi/include/sdkconfig.h:1095:9: warning: "CONFIG_ESP_TASK_WDT_INIT" redefined
 1095 | #define CONFIG_ESP_TASK_WDT_INIT 1
      |         ^~~~~~~~~~~~~~~~~~~~~~~~
<command-line>: note: this is the location of the previous definition
C:/Users/Louis/.platformio/packages/framework-arduinoespressif32-libs/esp32s3/qio_opi/include/sdkconfig.h:1098:9: warning: "CONFIG_ESP_TASK_WDT_CHECK_IDLE_TASK_CPU0" redefined
 1098 | #define CONFIG_ESP_TASK_WDT_CHECK_IDLE_TASK_CPU0 1
      |         ^~~~~~~~~~~~~~~~~~~~~~~~~~~~~~~~~~~~~~~~
<command-line>: note: this is the location of the previous definition
C:/Users/Louis/.platformio/packages/framework-arduinoespressif32-libs/esp32s3/qio_opi/include/sdkconfig.h:1155:9: warning: "CONFIG_ESP_COREDUMP_ENABLE" redefined
 1155 | #define CONFIG_ESP_COREDUMP_ENABLE 1
      |         ^~~~~~~~~~~~~~~~~~~~~~~~~~
<command-line>: note: this is the location of the previous definition
C:/Users/Louis/.platformio/packages/framework-arduinoespressif32-libs/esp32s3/qio_opi/include/sdkconfig.h:1879:9: warning: "CONFIG_ESP32S3_SPIRAM_SUPPORT" redefined
 1879 | #define CONFIG_ESP32S3_SPIRAM_SUPPORT CONFIG_SPIRAM
      |         ^~~~~~~~~~~~~~~~~~~~~~~~~~~~~
<command-line>: note: this is the location of the previous definition
In file included from .pio/libdeps/WaveshareESP32S3LCD2/lvgl/src/draw/sdl/../../lv_conf_kconfig.h:15,
                 from .pio/libdeps/WaveshareESP32S3LCD2/lvgl/src/draw/sdl/../../lv_conf_internal.h:15,
                 from .pio/libdeps/WaveshareESP32S3LCD2/lvgl/src/draw/sdl/lv_draw_sdl_bg.c:10:
C:/Users/Louis/.platformio/packages/framework-arduinoespressif32-libs/esp32s3/qio_opi/include/sdkconfig.h:1094:9: warning: "CONFIG_ESP_TASK_WDT_EN" redefined
 1094 | #define CONFIG_ESP_TASK_WDT_EN 1
      |         ^~~~~~~~~~~~~~~~~~~~~~
<command-line>: note: this is the location of the previous definition
C:/Users/Louis/.platformio/packages/framework-arduinoespressif32-libs/esp32s3/qio_opi/include/sdkconfig.h:1095:9: warning: "CONFIG_ESP_TASK_WDT_INIT" redefined
 1095 | #define CONFIG_ESP_TASK_WDT_INIT 1
      |         ^~~~~~~~~~~~~~~~~~~~~~~~
<command-line>: note: this is the location of the previous definition
C:/Users/Louis/.platformio/packages/framework-arduinoespressif32-libs/esp32s3/qio_opi/include/sdkconfig.h:1098:9: warning: "CONFIG_ESP_TASK_WDT_CHECK_IDLE_TASK_CPU0" redefined
 1098 | #define CONFIG_ESP_TASK_WDT_CHECK_IDLE_TASK_CPU0 1
      |         ^~~~~~~~~~~~~~~~~~~~~~~~~~~~~~~~~~~~~~~~
<command-line>: note: this is the location of the previous definition
C:/Users/Louis/.platformio/packages/framework-arduinoespressif32-libs/esp32s3/qio_opi/include/sdkconfig.h:1155:9: warning: "CONFIG_ESP_COREDUMP_ENABLE" redefined
 1155 | #define CONFIG_ESP_COREDUMP_ENABLE 1
      |         ^~~~~~~~~~~~~~~~~~~~~~~~~~
<command-line>: note: this is the location of the previous definition
C:/Users/Louis/.platformio/packages/framework-arduinoespressif32-libs/esp32s3/qio_opi/include/sdkconfig.h:1879:9: warning: "CONFIG_ESP32S3_SPIRAM_SUPPORT" redefined
 1879 | #define CONFIG_ESP32S3_SPIRAM_SUPPORT CONFIG_SPIRAM
      |         ^~~~~~~~~~~~~~~~~~~~~~~~~~~~~
<command-line>: note: this is the location of the previous definition
In file included from .pio/libdeps/WaveshareESP32S3LCD2/lvgl/src/draw/sdl/../../lv_conf_kconfig.h:15,
                 from .pio/libdeps/WaveshareESP32S3LCD2/lvgl/src/draw/sdl/../../lv_conf_internal.h:15,
                 from .pio/libdeps/WaveshareESP32S3LCD2/lvgl/src/draw/sdl/lv_draw_sdl_composite.c:9:
C:/Users/Louis/.platformio/packages/framework-arduinoespressif32-libs/esp32s3/qio_opi/include/sdkconfig.h:1094:9: warning: "CONFIG_ESP_TASK_WDT_EN" redefined
 1094 | #define CONFIG_ESP_TASK_WDT_EN 1
      |         ^~~~~~~~~~~~~~~~~~~~~~
<command-line>: note: this is the location of the previous definition
C:/Users/Louis/.platformio/packages/framework-arduinoespressif32-libs/esp32s3/qio_opi/include/sdkconfig.h:1095:9: warning: "CONFIG_ESP_TASK_WDT_INIT" redefined
 1095 | #define CONFIG_ESP_TASK_WDT_INIT 1
      |         ^~~~~~~~~~~~~~~~~~~~~~~~
<command-line>: note: this is the location of the previous definition
C:/Users/Louis/.platformio/packages/framework-arduinoespressif32-libs/esp32s3/qio_opi/include/sdkconfig.h:1098:9: warning: "CONFIG_ESP_TASK_WDT_CHECK_IDLE_TASK_CPU0" redefined
 1098 | #define CONFIG_ESP_TASK_WDT_CHECK_IDLE_TASK_CPU0 1
      |         ^~~~~~~~~~~~~~~~~~~~~~~~~~~~~~~~~~~~~~~~
<command-line>: note: this is the location of the previous definition
C:/Users/Louis/.platformio/packages/framework-arduinoespressif32-libs/esp32s3/qio_opi/include/sdkconfig.h:1155:9: warning: "CONFIG_ESP_COREDUMP_ENABLE" redefined
 1155 | #define CONFIG_ESP_COREDUMP_ENABLE 1
      |         ^~~~~~~~~~~~~~~~~~~~~~~~~~
<command-line>: note: this is the location of the previous definition
C:/Users/Louis/.platformio/packages/framework-arduinoespressif32-libs/esp32s3/qio_opi/include/sdkconfig.h:1879:9: warning: "CONFIG_ESP32S3_SPIRAM_SUPPORT" redefined
 1879 | #define CONFIG_ESP32S3_SPIRAM_SUPPORT CONFIG_SPIRAM
      |         ^~~~~~~~~~~~~~~~~~~~~~~~~~~~~
<command-line>: note: this is the location of the previous definition
In file included from .pio/libdeps/WaveshareESP32S3LCD2/lvgl/src/draw/sdl/../../lv_conf_kconfig.h:15,
                 from .pio/libdeps/WaveshareESP32S3LCD2/lvgl/src/draw/sdl/../../lv_conf_internal.h:15,
                 from .pio/libdeps/WaveshareESP32S3LCD2/lvgl/src/draw/sdl/lv_draw_sdl_img.c:10:
C:/Users/Louis/.platformio/packages/framework-arduinoespressif32-libs/esp32s3/qio_opi/include/sdkconfig.h:1094:9: warning: "CONFIG_ESP_TASK_WDT_EN" redefined
 1094 | #define CONFIG_ESP_TASK_WDT_EN 1
      |         ^~~~~~~~~~~~~~~~~~~~~~
<command-line>: note: this is the location of the previous definition
C:/Users/Louis/.platformio/packages/framework-arduinoespressif32-libs/esp32s3/qio_opi/include/sdkconfig.h:1095:9: warning: "CONFIG_ESP_TASK_WDT_INIT" redefined
 1095 | #define CONFIG_ESP_TASK_WDT_INIT 1
      |         ^~~~~~~~~~~~~~~~~~~~~~~~
<command-line>: note: this is the location of the previous definition
C:/Users/Louis/.platformio/packages/framework-arduinoespressif32-libs/esp32s3/qio_opi/include/sdkconfig.h:1098:9: warning: "CONFIG_ESP_TASK_WDT_CHECK_IDLE_TASK_CPU0" redefined
 1098 | #define CONFIG_ESP_TASK_WDT_CHECK_IDLE_TASK_CPU0 1
      |         ^~~~~~~~~~~~~~~~~~~~~~~~~~~~~~~~~~~~~~~~
<command-line>: note: this is the location of the previous definition
C:/Users/Louis/.platformio/packages/framework-arduinoespressif32-libs/esp32s3/qio_opi/include/sdkconfig.h:1155:9: warning: "CONFIG_ESP_COREDUMP_ENABLE" redefined
 1155 | #define CONFIG_ESP_COREDUMP_ENABLE 1
      |         ^~~~~~~~~~~~~~~~~~~~~~~~~~
<command-line>: note: this is the location of the previous definition
C:/Users/Louis/.platformio/packages/framework-arduinoespressif32-libs/esp32s3/qio_opi/include/sdkconfig.h:1879:9: warning: "CONFIG_ESP32S3_SPIRAM_SUPPORT" redefined
 1879 | #define CONFIG_ESP32S3_SPIRAM_SUPPORT CONFIG_SPIRAM
      |         ^~~~~~~~~~~~~~~~~~~~~~~~~~~~~
<command-line>: note: this is the location of the previous definition
Compiling .pio\build\WaveshareESP32S3LCD2\lib020\lvgl\draw\sdl\lv_draw_sdl_mask.c.o
In file included from .pio/libdeps/WaveshareESP32S3LCD2/lvgl/src/draw/sdl/../../lv_conf_kconfig.h:15,
                 from .pio/libdeps/WaveshareESP32S3LCD2/lvgl/src/draw/sdl/../../lv_conf_internal.h:15,
                 from .pio/libdeps/WaveshareESP32S3LCD2/lvgl/src/draw/sdl/lv_draw_sdl_label.c:10:
C:/Users/Louis/.platformio/packages/framework-arduinoespressif32-libs/esp32s3/qio_opi/include/sdkconfig.h:1094:9: warning: "CONFIG_ESP_TASK_WDT_EN" redefined
 1094 | #define CONFIG_ESP_TASK_WDT_EN 1
      |         ^~~~~~~~~~~~~~~~~~~~~~
<command-line>: note: this is the location of the previous definition
C:/Users/Louis/.platformio/packages/framework-arduinoespressif32-libs/esp32s3/qio_opi/include/sdkconfig.h:1095:9: warning: "CONFIG_ESP_TASK_WDT_INIT" redefined
 1095 | #define CONFIG_ESP_TASK_WDT_INIT 1
      |         ^~~~~~~~~~~~~~~~~~~~~~~~
<command-line>: note: this is the location of the previous definition
C:/Users/Louis/.platformio/packages/framework-arduinoespressif32-libs/esp32s3/qio_opi/include/sdkconfig.h:1098:9: warning: "CONFIG_ESP_TASK_WDT_CHECK_IDLE_TASK_CPU0" redefined
 1098 | #define CONFIG_ESP_TASK_WDT_CHECK_IDLE_TASK_CPU0 1
      |         ^~~~~~~~~~~~~~~~~~~~~~~~~~~~~~~~~~~~~~~~
<command-line>: note: this is the location of the previous definition
C:/Users/Louis/.platformio/packages/framework-arduinoespressif32-libs/esp32s3/qio_opi/include/sdkconfig.h:1155:9: warning: "CONFIG_ESP_COREDUMP_ENABLE" redefined
 1155 | #define CONFIG_ESP_COREDUMP_ENABLE 1
      |         ^~~~~~~~~~~~~~~~~~~~~~~~~~
<command-line>: note: this is the location of the previous definition
C:/Users/Louis/.platformio/packages/framework-arduinoespressif32-libs/esp32s3/qio_opi/include/sdkconfig.h:1879:9: warning: "CONFIG_ESP32S3_SPIRAM_SUPPORT" redefined
 1879 | #define CONFIG_ESP32S3_SPIRAM_SUPPORT CONFIG_SPIRAM
      |         ^~~~~~~~~~~~~~~~~~~~~~~~~~~~~
<command-line>: note: this is the location of the previous definition
Compiling .pio\build\WaveshareESP32S3LCD2\lib020\lvgl\draw\sdl\lv_draw_sdl_polygon.c.o
In file included from .pio/libdeps/WaveshareESP32S3LCD2/lvgl/src/draw/sdl/../../lv_conf_kconfig.h:15,
                 from .pio/libdeps/WaveshareESP32S3LCD2/lvgl/src/draw/sdl/../../lv_conf_internal.h:15,
                 from .pio/libdeps/WaveshareESP32S3LCD2/lvgl/src/draw/sdl/lv_draw_sdl_layer.c:9:
C:/Users/Louis/.platformio/packages/framework-arduinoespressif32-libs/esp32s3/qio_opi/include/sdkconfig.h:1094:9: warning: "CONFIG_ESP_TASK_WDT_EN" redefined
 1094 | #define CONFIG_ESP_TASK_WDT_EN 1
      |         ^~~~~~~~~~~~~~~~~~~~~~
<command-line>: note: this is the location of the previous definition
C:/Users/Louis/.platformio/packages/framework-arduinoespressif32-libs/esp32s3/qio_opi/include/sdkconfig.h:1095:9: warning: "CONFIG_ESP_TASK_WDT_INIT" redefined
 1095 | #define CONFIG_ESP_TASK_WDT_INIT 1
      |         ^~~~~~~~~~~~~~~~~~~~~~~~
<command-line>: note: this is the location of the previous definition
C:/Users/Louis/.platformio/packages/framework-arduinoespressif32-libs/esp32s3/qio_opi/include/sdkconfig.h:1098:9: warning: "CONFIG_ESP_TASK_WDT_CHECK_IDLE_TASK_CPU0" redefined
 1098 | #define CONFIG_ESP_TASK_WDT_CHECK_IDLE_TASK_CPU0 1
      |         ^~~~~~~~~~~~~~~~~~~~~~~~~~~~~~~~~~~~~~~~
<command-line>: note: this is the location of the previous definition
C:/Users/Louis/.platformio/packages/framework-arduinoespressif32-libs/esp32s3/qio_opi/include/sdkconfig.h:1155:9: warning: "CONFIG_ESP_COREDUMP_ENABLE" redefined
 1155 | #define CONFIG_ESP_COREDUMP_ENABLE 1
      |         ^~~~~~~~~~~~~~~~~~~~~~~~~~
<command-line>: note: this is the location of the previous definition
C:/Users/Louis/.platformio/packages/framework-arduinoespressif32-libs/esp32s3/qio_opi/include/sdkconfig.h:1879:9: warning: "CONFIG_ESP32S3_SPIRAM_SUPPORT" redefined
 1879 | #define CONFIG_ESP32S3_SPIRAM_SUPPORT CONFIG_SPIRAM
      |         ^~~~~~~~~~~~~~~~~~~~~~~~~~~~~
<command-line>: note: this is the location of the previous definition
Compiling .pio\build\WaveshareESP32S3LCD2\lib020\lvgl\draw\sdl\lv_draw_sdl_rect.c.o
Compiling .pio\build\WaveshareESP32S3LCD2\lib020\lvgl\draw\sdl\lv_draw_sdl_stack_blur.c.o
Compiling .pio\build\WaveshareESP32S3LCD2\lib020\lvgl\draw\sdl\lv_draw_sdl_texture_cache.c.o
Compiling .pio\build\WaveshareESP32S3LCD2\lib020\lvgl\draw\sdl\lv_draw_sdl_utils.c.o
Compiling .pio\build\WaveshareESP32S3LCD2\lib020\lvgl\draw\stm32_dma2d\lv_gpu_stm32_dma2d.c.o
In file included from .pio/libdeps/WaveshareESP32S3LCD2/lvgl/src/draw/sdl/../../lv_conf_kconfig.h:15,
                 from .pio/libdeps/WaveshareESP32S3LCD2/lvgl/src/draw/sdl/../../lv_conf_internal.h:15,
                 from .pio/libdeps/WaveshareESP32S3LCD2/lvgl/src/draw/sdl/lv_draw_sdl_line.c:9:
C:/Users/Louis/.platformio/packages/framework-arduinoespressif32-libs/esp32s3/qio_opi/include/sdkconfig.h:1094:9: warning: "CONFIG_ESP_TASK_WDT_EN" redefined
 1094 | #define CONFIG_ESP_TASK_WDT_EN 1
      |         ^~~~~~~~~~~~~~~~~~~~~~
<command-line>: note: this is the location of the previous definition
C:/Users/Louis/.platformio/packages/framework-arduinoespressif32-libs/esp32s3/qio_opi/include/sdkconfig.h:1095:9: warning: "CONFIG_ESP_TASK_WDT_INIT" redefined
 1095 | #define CONFIG_ESP_TASK_WDT_INIT 1
      |         ^~~~~~~~~~~~~~~~~~~~~~~~
<command-line>: note: this is the location of the previous definition
C:/Users/Louis/.platformio/packages/framework-arduinoespressif32-libs/esp32s3/qio_opi/include/sdkconfig.h:1098:9: warning: "CONFIG_ESP_TASK_WDT_CHECK_IDLE_TASK_CPU0" redefined
 1098 | #define CONFIG_ESP_TASK_WDT_CHECK_IDLE_TASK_CPU0 1
      |         ^~~~~~~~~~~~~~~~~~~~~~~~~~~~~~~~~~~~~~~~
<command-line>: note: this is the location of the previous definition
C:/Users/Louis/.platformio/packages/framework-arduinoespressif32-libs/esp32s3/qio_opi/include/sdkconfig.h:1155:9: warning: "CONFIG_ESP_COREDUMP_ENABLE" redefined
 1155 | #define CONFIG_ESP_COREDUMP_ENABLE 1
      |         ^~~~~~~~~~~~~~~~~~~~~~~~~~
<command-line>: note: this is the location of the previous definition
C:/Users/Louis/.platformio/packages/framework-arduinoespressif32-libs/esp32s3/qio_opi/include/sdkconfig.h:1879:9: warning: "CONFIG_ESP32S3_SPIRAM_SUPPORT" redefined
 1879 | #define CONFIG_ESP32S3_SPIRAM_SUPPORT CONFIG_SPIRAM
      |         ^~~~~~~~~~~~~~~~~~~~~~~~~~~~~
<command-line>: note: this is the location of the previous definition
Compiling .pio\build\WaveshareESP32S3LCD2\lib020\lvgl\draw\sw\lv_draw_sw.c.o
Compiling .pio\build\WaveshareESP32S3LCD2\lib020\lvgl\draw\sw\lv_draw_sw_arc.c.o
In file included from .pio/libdeps/WaveshareESP32S3LCD2/lvgl/src/draw/sdl/../../lv_conf_kconfig.h:15,
                 from .pio/libdeps/WaveshareESP32S3LCD2/lvgl/src/draw/sdl/../../lv_conf_internal.h:15,
                 from .pio/libdeps/WaveshareESP32S3LCD2/lvgl/src/draw/sdl/lv_draw_sdl_mask.c:9:
C:/Users/Louis/.platformio/packages/framework-arduinoespressif32-libs/esp32s3/qio_opi/include/sdkconfig.h:1094:9: warning: "CONFIG_ESP_TASK_WDT_EN" redefined
 1094 | #define CONFIG_ESP_TASK_WDT_EN 1
      |         ^~~~~~~~~~~~~~~~~~~~~~
<command-line>: note: this is the location of the previous definition
C:/Users/Louis/.platformio/packages/framework-arduinoespressif32-libs/esp32s3/qio_opi/include/sdkconfig.h:1095:9: warning: "CONFIG_ESP_TASK_WDT_INIT" redefined
 1095 | #define CONFIG_ESP_TASK_WDT_INIT 1
      |         ^~~~~~~~~~~~~~~~~~~~~~~~
<command-line>: note: this is the location of the previous definition
C:/Users/Louis/.platformio/packages/framework-arduinoespressif32-libs/esp32s3/qio_opi/include/sdkconfig.h:1098:9: warning: "CONFIG_ESP_TASK_WDT_CHECK_IDLE_TASK_CPU0" redefined
 1098 | #define CONFIG_ESP_TASK_WDT_CHECK_IDLE_TASK_CPU0 1
      |         ^~~~~~~~~~~~~~~~~~~~~~~~~~~~~~~~~~~~~~~~
<command-line>: note: this is the location of the previous definition
C:/Users/Louis/.platformio/packages/framework-arduinoespressif32-libs/esp32s3/qio_opi/include/sdkconfig.h:1155:9: warning: "CONFIG_ESP_COREDUMP_ENABLE" redefined
 1155 | #define CONFIG_ESP_COREDUMP_ENABLE 1
      |         ^~~~~~~~~~~~~~~~~~~~~~~~~~
<command-line>: note: this is the location of the previous definition
C:/Users/Louis/.platformio/packages/framework-arduinoespressif32-libs/esp32s3/qio_opi/include/sdkconfig.h:1879:9: warning: "CONFIG_ESP32S3_SPIRAM_SUPPORT" redefined
 1879 | #define CONFIG_ESP32S3_SPIRAM_SUPPORT CONFIG_SPIRAM
      |         ^~~~~~~~~~~~~~~~~~~~~~~~~~~~~
<command-line>: note: this is the location of the previous definition
Compiling .pio\build\WaveshareESP32S3LCD2\lib020\lvgl\draw\sw\lv_draw_sw_blend.c.o
In file included from .pio/libdeps/WaveshareESP32S3LCD2/lvgl/src/draw/sdl/../../lv_conf_kconfig.h:15,
                 from .pio/libdeps/WaveshareESP32S3LCD2/lvgl/src/draw/sdl/../../lv_conf_internal.h:15,
                 from .pio/libdeps/WaveshareESP32S3LCD2/lvgl/src/draw/sdl/lv_draw_sdl_polygon.c:9:
C:/Users/Louis/.platformio/packages/framework-arduinoespressif32-libs/esp32s3/qio_opi/include/sdkconfig.h:1094:9: warning: "CONFIG_ESP_TASK_WDT_EN" redefined
 1094 | #define CONFIG_ESP_TASK_WDT_EN 1
      |         ^~~~~~~~~~~~~~~~~~~~~~
<command-line>: note: this is the location of the previous definition
C:/Users/Louis/.platformio/packages/framework-arduinoespressif32-libs/esp32s3/qio_opi/include/sdkconfig.h:1095:9: warning: "CONFIG_ESP_TASK_WDT_INIT" redefined
 1095 | #define CONFIG_ESP_TASK_WDT_INIT 1
      |         ^~~~~~~~~~~~~~~~~~~~~~~~
<command-line>: note: this is the location of the previous definition
C:/Users/Louis/.platformio/packages/framework-arduinoespressif32-libs/esp32s3/qio_opi/include/sdkconfig.h:1098:9: warning: "CONFIG_ESP_TASK_WDT_CHECK_IDLE_TASK_CPU0" redefined
 1098 | #define CONFIG_ESP_TASK_WDT_CHECK_IDLE_TASK_CPU0 1
      |         ^~~~~~~~~~~~~~~~~~~~~~~~~~~~~~~~~~~~~~~~
<command-line>: note: this is the location of the previous definition
C:/Users/Louis/.platformio/packages/framework-arduinoespressif32-libs/esp32s3/qio_opi/include/sdkconfig.h:1155:9: warning: "CONFIG_ESP_COREDUMP_ENABLE" redefined
 1155 | #define CONFIG_ESP_COREDUMP_ENABLE 1
      |         ^~~~~~~~~~~~~~~~~~~~~~~~~~
<command-line>: note: this is the location of the previous definition
C:/Users/Louis/.platformio/packages/framework-arduinoespressif32-libs/esp32s3/qio_opi/include/sdkconfig.h:1879:9: warning: "CONFIG_ESP32S3_SPIRAM_SUPPORT" redefined
 1879 | #define CONFIG_ESP32S3_SPIRAM_SUPPORT CONFIG_SPIRAM
      |         ^~~~~~~~~~~~~~~~~~~~~~~~~~~~~
<command-line>: note: this is the location of the previous definition
Compiling .pio\build\WaveshareESP32S3LCD2\lib020\lvgl\draw\sw\lv_draw_sw_dither.c.o
In file included from .pio/libdeps/WaveshareESP32S3LCD2/lvgl/src/draw/sdl/../../lv_conf_kconfig.h:15,
                 from .pio/libdeps/WaveshareESP32S3LCD2/lvgl/src/draw/sdl/../../lv_conf_internal.h:15,
                 from .pio/libdeps/WaveshareESP32S3LCD2/lvgl/src/draw/sdl/lv_draw_sdl_rect.c:10:
C:/Users/Louis/.platformio/packages/framework-arduinoespressif32-libs/esp32s3/qio_opi/include/sdkconfig.h:1094:9: warning: "CONFIG_ESP_TASK_WDT_EN" redefined
 1094 | #define CONFIG_ESP_TASK_WDT_EN 1
      |         ^~~~~~~~~~~~~~~~~~~~~~
<command-line>: note: this is the location of the previous definition
C:/Users/Louis/.platformio/packages/framework-arduinoespressif32-libs/esp32s3/qio_opi/include/sdkconfig.h:1095:9: warning: "CONFIG_ESP_TASK_WDT_INIT" redefined
 1095 | #define CONFIG_ESP_TASK_WDT_INIT 1
      |         ^~~~~~~~~~~~~~~~~~~~~~~~
<command-line>: note: this is the location of the previous definition
C:/Users/Louis/.platformio/packages/framework-arduinoespressif32-libs/esp32s3/qio_opi/include/sdkconfig.h:1098:9: warning: "CONFIG_ESP_TASK_WDT_CHECK_IDLE_TASK_CPU0" redefined
 1098 | #define CONFIG_ESP_TASK_WDT_CHECK_IDLE_TASK_CPU0 1
      |         ^~~~~~~~~~~~~~~~~~~~~~~~~~~~~~~~~~~~~~~~
<command-line>: note: this is the location of the previous definition
C:/Users/Louis/.platformio/packages/framework-arduinoespressif32-libs/esp32s3/qio_opi/include/sdkconfig.h:1155:9: warning: "CONFIG_ESP_COREDUMP_ENABLE" redefined
 1155 | #define CONFIG_ESP_COREDUMP_ENABLE 1
      |         ^~~~~~~~~~~~~~~~~~~~~~~~~~
<command-line>: note: this is the location of the previous definition
C:/Users/Louis/.platformio/packages/framework-arduinoespressif32-libs/esp32s3/qio_opi/include/sdkconfig.h:1879:9: warning: "CONFIG_ESP32S3_SPIRAM_SUPPORT" redefined
 1879 | #define CONFIG_ESP32S3_SPIRAM_SUPPORT CONFIG_SPIRAM
      |         ^~~~~~~~~~~~~~~~~~~~~~~~~~~~~
<command-line>: note: this is the location of the previous definition
Compiling .pio\build\WaveshareESP32S3LCD2\lib020\lvgl\draw\sw\lv_draw_sw_gradient.c.o
Compiling .pio\build\WaveshareESP32S3LCD2\lib020\lvgl\draw\sw\lv_draw_sw_img.c.o
In file included from .pio/libdeps/WaveshareESP32S3LCD2/lvgl/src/draw/sdl/../../lv_conf_kconfig.h:15,
                 from .pio/libdeps/WaveshareESP32S3LCD2/lvgl/src/draw/sdl/../../lv_conf_internal.h:15,
                 from .pio/libdeps/WaveshareESP32S3LCD2/lvgl/src/draw/sdl/lv_draw_sdl_stack_blur.h:16,
                 from .pio/libdeps/WaveshareESP32S3LCD2/lvgl/src/draw/sdl/lv_draw_sdl_stack_blur.c:9:
C:/Users/Louis/.platformio/packages/framework-arduinoespressif32-libs/esp32s3/qio_opi/include/sdkconfig.h:1094:9: warning: "CONFIG_ESP_TASK_WDT_EN" redefined
 1094 | #define CONFIG_ESP_TASK_WDT_EN 1
      |         ^~~~~~~~~~~~~~~~~~~~~~
<command-line>: note: this is the location of the previous definition
C:/Users/Louis/.platformio/packages/framework-arduinoespressif32-libs/esp32s3/qio_opi/include/sdkconfig.h:1095:9: warning: "CONFIG_ESP_TASK_WDT_INIT" redefined
 1095 | #define CONFIG_ESP_TASK_WDT_INIT 1
      |         ^~~~~~~~~~~~~~~~~~~~~~~~
<command-line>: note: this is the location of the previous definition
C:/Users/Louis/.platformio/packages/framework-arduinoespressif32-libs/esp32s3/qio_opi/include/sdkconfig.h:1098:9: warning: "CONFIG_ESP_TASK_WDT_CHECK_IDLE_TASK_CPU0" redefined
 1098 | #define CONFIG_ESP_TASK_WDT_CHECK_IDLE_TASK_CPU0 1
      |         ^~~~~~~~~~~~~~~~~~~~~~~~~~~~~~~~~~~~~~~~
<command-line>: note: this is the location of the previous definition
C:/Users/Louis/.platformio/packages/framework-arduinoespressif32-libs/esp32s3/qio_opi/include/sdkconfig.h:1155:9: warning: "CONFIG_ESP_COREDUMP_ENABLE" redefined
 1155 | #define CONFIG_ESP_COREDUMP_ENABLE 1
      |         ^~~~~~~~~~~~~~~~~~~~~~~~~~
<command-line>: note: this is the location of the previous definition
C:/Users/Louis/.platformio/packages/framework-arduinoespressif32-libs/esp32s3/qio_opi/include/sdkconfig.h:1879:9: warning: "CONFIG_ESP32S3_SPIRAM_SUPPORT" redefined
 1879 | #define CONFIG_ESP32S3_SPIRAM_SUPPORT CONFIG_SPIRAM
      |         ^~~~~~~~~~~~~~~~~~~~~~~~~~~~~
<command-line>: note: this is the location of the previous definition
Compiling .pio\build\WaveshareESP32S3LCD2\lib020\lvgl\draw\sw\lv_draw_sw_layer.c.o
In file included from .pio/libdeps/WaveshareESP32S3LCD2/lvgl/src/draw/sdl/../../lv_conf_kconfig.h:15,
                 from .pio/libdeps/WaveshareESP32S3LCD2/lvgl/src/draw/sdl/../../lv_conf_internal.h:15,
                 from .pio/libdeps/WaveshareESP32S3LCD2/lvgl/src/draw/sdl/lv_draw_sdl_texture_cache.c:10:
C:/Users/Louis/.platformio/packages/framework-arduinoespressif32-libs/esp32s3/qio_opi/include/sdkconfig.h:1094:9: warning: "CONFIG_ESP_TASK_WDT_EN" redefined
 1094 | #define CONFIG_ESP_TASK_WDT_EN 1
      |         ^~~~~~~~~~~~~~~~~~~~~~
<command-line>: note: this is the location of the previous definition
C:/Users/Louis/.platformio/packages/framework-arduinoespressif32-libs/esp32s3/qio_opi/include/sdkconfig.h:1095:9: warning: "CONFIG_ESP_TASK_WDT_INIT" redefined
 1095 | #define CONFIG_ESP_TASK_WDT_INIT 1
      |         ^~~~~~~~~~~~~~~~~~~~~~~~
<command-line>: note: this is the location of the previous definition
C:/Users/Louis/.platformio/packages/framework-arduinoespressif32-libs/esp32s3/qio_opi/include/sdkconfig.h:1098:9: warning: "CONFIG_ESP_TASK_WDT_CHECK_IDLE_TASK_CPU0" redefined
 1098 | #define CONFIG_ESP_TASK_WDT_CHECK_IDLE_TASK_CPU0 1
      |         ^~~~~~~~~~~~~~~~~~~~~~~~~~~~~~~~~~~~~~~~
<command-line>: note: this is the location of the previous definition
C:/Users/Louis/.platformio/packages/framework-arduinoespressif32-libs/esp32s3/qio_opi/include/sdkconfig.h:1155:9: warning: "CONFIG_ESP_COREDUMP_ENABLE" redefined
 1155 | #define CONFIG_ESP_COREDUMP_ENABLE 1
      |         ^~~~~~~~~~~~~~~~~~~~~~~~~~
<command-line>: note: this is the location of the previous definition
C:/Users/Louis/.platformio/packages/framework-arduinoespressif32-libs/esp32s3/qio_opi/include/sdkconfig.h:1879:9: warning: "CONFIG_ESP32S3_SPIRAM_SUPPORT" redefined
 1879 | #define CONFIG_ESP32S3_SPIRAM_SUPPORT CONFIG_SPIRAM
      |         ^~~~~~~~~~~~~~~~~~~~~~~~~~~~~
<command-line>: note: this is the location of the previous definition
Compiling .pio\build\WaveshareESP32S3LCD2\lib020\lvgl\draw\sw\lv_draw_sw_letter.c.o
In file included from .pio/libdeps/WaveshareESP32S3LCD2/lvgl/src/draw/sdl/../../lv_conf_kconfig.h:15,
                 from .pio/libdeps/WaveshareESP32S3LCD2/lvgl/src/draw/sdl/../../lv_conf_internal.h:15,
                 from .pio/libdeps/WaveshareESP32S3LCD2/lvgl/src/draw/sdl/lv_draw_sdl_utils.c:9:
C:/Users/Louis/.platformio/packages/framework-arduinoespressif32-libs/esp32s3/qio_opi/include/sdkconfig.h:1094:9: warning: "CONFIG_ESP_TASK_WDT_EN" redefined
 1094 | #define CONFIG_ESP_TASK_WDT_EN 1
      |         ^~~~~~~~~~~~~~~~~~~~~~
<command-line>: note: this is the location of the previous definition
C:/Users/Louis/.platformio/packages/framework-arduinoespressif32-libs/esp32s3/qio_opi/include/sdkconfig.h:1095:9: warning: "CONFIG_ESP_TASK_WDT_INIT" redefined
 1095 | #define CONFIG_ESP_TASK_WDT_INIT 1
      |         ^~~~~~~~~~~~~~~~~~~~~~~~
<command-line>: note: this is the location of the previous definition
C:/Users/Louis/.platformio/packages/framework-arduinoespressif32-libs/esp32s3/qio_opi/include/sdkconfig.h:1098:9: warning: "CONFIG_ESP_TASK_WDT_CHECK_IDLE_TASK_CPU0" redefined
 1098 | #define CONFIG_ESP_TASK_WDT_CHECK_IDLE_TASK_CPU0 1
      |         ^~~~~~~~~~~~~~~~~~~~~~~~~~~~~~~~~~~~~~~~
<command-line>: note: this is the location of the previous definition
C:/Users/Louis/.platformio/packages/framework-arduinoespressif32-libs/esp32s3/qio_opi/include/sdkconfig.h:1155:9: warning: "CONFIG_ESP_COREDUMP_ENABLE" redefined
 1155 | #define CONFIG_ESP_COREDUMP_ENABLE 1
      |         ^~~~~~~~~~~~~~~~~~~~~~~~~~
<command-line>: note: this is the location of the previous definition
C:/Users/Louis/.platformio/packages/framework-arduinoespressif32-libs/esp32s3/qio_opi/include/sdkconfig.h:1879:9: warning: "CONFIG_ESP32S3_SPIRAM_SUPPORT" redefined
 1879 | #define CONFIG_ESP32S3_SPIRAM_SUPPORT CONFIG_SPIRAM
      |         ^~~~~~~~~~~~~~~~~~~~~~~~~~~~~
<command-line>: note: this is the location of the previous definition
Compiling .pio\build\WaveshareESP32S3LCD2\lib020\lvgl\draw\sw\lv_draw_sw_line.c.o
In file included from .pio/libdeps/WaveshareESP32S3LCD2/lvgl/src/draw/stm32_dma2d/../../misc/../lv_conf_kconfig.h:15,
                 from .pio/libdeps/WaveshareESP32S3LCD2/lvgl/src/draw/stm32_dma2d/../../misc/../lv_conf_internal.h:15,
                 from .pio/libdeps/WaveshareESP32S3LCD2/lvgl/src/draw/stm32_dma2d/../../misc/lv_color.h:16,
                 from .pio/libdeps/WaveshareESP32S3LCD2/lvgl/src/draw/stm32_dma2d/lv_gpu_stm32_dma2d.h:13,
                 from .pio/libdeps/WaveshareESP32S3LCD2/lvgl/src/draw/stm32_dma2d/lv_gpu_stm32_dma2d.c:9:
C:/Users/Louis/.platformio/packages/framework-arduinoespressif32-libs/esp32s3/qio_opi/include/sdkconfig.h:1094:9: warning: "CONFIG_ESP_TASK_WDT_EN" redefined
 1094 | #define CONFIG_ESP_TASK_WDT_EN 1
      |         ^~~~~~~~~~~~~~~~~~~~~~
<command-line>: note: this is the location of the previous definition
In file included from .pio/libdeps/WaveshareESP32S3LCD2/lvgl/src/draw/sw/../../lv_conf_kconfig.h:15,
                 from .pio/libdeps/WaveshareESP32S3LCD2/lvgl/src/draw/sw/../../lv_conf_internal.h:15,
                 from .pio/libdeps/WaveshareESP32S3LCD2/lvgl/src/draw/sw/../lv_draw.h:16,
                 from .pio/libdeps/WaveshareESP32S3LCD2/lvgl/src/draw/sw/lv_draw_sw.c:9:
C:/Users/Louis/.platformio/packages/framework-arduinoespressif32-libs/esp32s3/qio_opi/include/sdkconfig.h:1094:9: warning: "CONFIG_ESP_TASK_WDT_EN" redefined
 1094 | #define CONFIG_ESP_TASK_WDT_EN 1
      |         ^~~~~~~~~~~~~~~~~~~~~~
<command-line>: note: this is the location of the previous definition
C:/Users/Louis/.platformio/packages/framework-arduinoespressif32-libs/esp32s3/qio_opi/include/sdkconfig.h:1095:9: warning: "CONFIG_ESP_TASK_WDT_INIT" redefined
 1095 | #define CONFIG_ESP_TASK_WDT_INIT 1
      |         ^~~~~~~~~~~~~~~~~~~~~~~~
<command-line>: note: this is the location of the previous definition
C:/Users/Louis/.platformio/packages/framework-arduinoespressif32-libs/esp32s3/qio_opi/include/sdkconfig.h:1098:9: warning: "CONFIG_ESP_TASK_WDT_CHECK_IDLE_TASK_CPU0" redefined
 1098 | #define CONFIG_ESP_TASK_WDT_CHECK_IDLE_TASK_CPU0 1
      |         ^~~~~~~~~~~~~~~~~~~~~~~~~~~~~~~~~~~~~~~~
<command-line>: note: this is the location of the previous definition
C:/Users/Louis/.platformio/packages/framework-arduinoespressif32-libs/esp32s3/qio_opi/include/sdkconfig.h:1155:9: warning: "CONFIG_ESP_COREDUMP_ENABLE" redefined
 1155 | #define CONFIG_ESP_COREDUMP_ENABLE 1
      |         ^~~~~~~~~~~~~~~~~~~~~~~~~~
<command-line>: note: this is the location of the previous definition
C:/Users/Louis/.platformio/packages/framework-arduinoespressif32-libs/esp32s3/qio_opi/include/sdkconfig.h:1095:9: warning: "CONFIG_ESP_TASK_WDT_INIT" redefined
 1095 | #define CONFIG_ESP_TASK_WDT_INIT 1
      |         ^~~~~~~~~~~~~~~~~~~~~~~~
<command-line>: note: this is the location of the previous definition
C:/Users/Louis/.platformio/packages/framework-arduinoespressif32-libs/esp32s3/qio_opi/include/sdkconfig.h:1098:9: warning: "CONFIG_ESP_TASK_WDT_CHECK_IDLE_TASK_CPU0" redefined
 1098 | #define CONFIG_ESP_TASK_WDT_CHECK_IDLE_TASK_CPU0 1
      |         ^~~~~~~~~~~~~~~~~~~~~~~~~~~~~~~~~~~~~~~~
<command-line>: note: this is the location of the previous definition
C:/Users/Louis/.platformio/packages/framework-arduinoespressif32-libs/esp32s3/qio_opi/include/sdkconfig.h:1155:9: warning: "CONFIG_ESP_COREDUMP_ENABLE" redefined
 1155 | #define CONFIG_ESP_COREDUMP_ENABLE 1
      |         ^~~~~~~~~~~~~~~~~~~~~~~~~~
<command-line>: note: this is the location of the previous definition
C:/Users/Louis/.platformio/packages/framework-arduinoespressif32-libs/esp32s3/qio_opi/include/sdkconfig.h:1879:9: warning: "CONFIG_ESP32S3_SPIRAM_SUPPORT" redefined
 1879 | #define CONFIG_ESP32S3_SPIRAM_SUPPORT CONFIG_SPIRAM
      |         ^~~~~~~~~~~~~~~~~~~~~~~~~~~~~
<command-line>: note: this is the location of the previous definition
C:/Users/Louis/.platformio/packages/framework-arduinoespressif32-libs/esp32s3/qio_opi/include/sdkconfig.h:1879:9: warning: "CONFIG_ESP32S3_SPIRAM_SUPPORT" redefined
 1879 | #define CONFIG_ESP32S3_SPIRAM_SUPPORT CONFIG_SPIRAM
      |         ^~~~~~~~~~~~~~~~~~~~~~~~~~~~~
<command-line>: note: this is the location of the previous definition
Compiling .pio\build\WaveshareESP32S3LCD2\lib020\lvgl\draw\sw\lv_draw_sw_polygon.c.o
Compiling .pio\build\WaveshareESP32S3LCD2\lib020\lvgl\draw\sw\lv_draw_sw_rect.c.o
In file included from .pio/libdeps/WaveshareESP32S3LCD2/lvgl/src/draw/sw/../../misc/../lv_conf_kconfig.h:15,
                 from .pio/libdeps/WaveshareESP32S3LCD2/lvgl/src/draw/sw/../../misc/../lv_conf_internal.h:15,
                 from .pio/libdeps/WaveshareESP32S3LCD2/lvgl/src/draw/sw/../../misc/lv_color.h:16,
                 from .pio/libdeps/WaveshareESP32S3LCD2/lvgl/src/draw/sw/lv_draw_sw_blend.h:16,
                 from .pio/libdeps/WaveshareESP32S3LCD2/lvgl/src/draw/sw/lv_draw_sw.h:16,
                 from .pio/libdeps/WaveshareESP32S3LCD2/lvgl/src/draw/sw/lv_draw_sw_arc.c:9:
C:/Users/Louis/.platformio/packages/framework-arduinoespressif32-libs/esp32s3/qio_opi/include/sdkconfig.h:1094:9: warning: "CONFIG_ESP_TASK_WDT_EN" redefined
 1094 | #define CONFIG_ESP_TASK_WDT_EN 1
      |         ^~~~~~~~~~~~~~~~~~~~~~
<command-line>: note: this is the location of the previous definition
C:/Users/Louis/.platformio/packages/framework-arduinoespressif32-libs/esp32s3/qio_opi/include/sdkconfig.h:1095:9: warning: "CONFIG_ESP_TASK_WDT_INIT" redefined
 1095 | #define CONFIG_ESP_TASK_WDT_INIT 1
      |         ^~~~~~~~~~~~~~~~~~~~~~~~
<command-line>: note: this is the location of the previous definition
C:/Users/Louis/.platformio/packages/framework-arduinoespressif32-libs/esp32s3/qio_opi/include/sdkconfig.h:1098:9: warning: "CONFIG_ESP_TASK_WDT_CHECK_IDLE_TASK_CPU0" redefined
 1098 | #define CONFIG_ESP_TASK_WDT_CHECK_IDLE_TASK_CPU0 1
      |         ^~~~~~~~~~~~~~~~~~~~~~~~~~~~~~~~~~~~~~~~
<command-line>: note: this is the location of the previous definition
C:/Users/Louis/.platformio/packages/framework-arduinoespressif32-libs/esp32s3/qio_opi/include/sdkconfig.h:1155:9: warning: "CONFIG_ESP_COREDUMP_ENABLE" redefined
 1155 | #define CONFIG_ESP_COREDUMP_ENABLE 1
      |         ^~~~~~~~~~~~~~~~~~~~~~~~~~
<command-line>: note: this is the location of the previous definition
C:/Users/Louis/.platformio/packages/framework-arduinoespressif32-libs/esp32s3/qio_opi/include/sdkconfig.h:1879:9: warning: "CONFIG_ESP32S3_SPIRAM_SUPPORT" redefined
 1879 | #define CONFIG_ESP32S3_SPIRAM_SUPPORT CONFIG_SPIRAM
      |         ^~~~~~~~~~~~~~~~~~~~~~~~~~~~~
<command-line>: note: this is the location of the previous definition
In file included from .pio/libdeps/WaveshareESP32S3LCD2/lvgl/src/draw/sw/../../misc/../lv_conf_kconfig.h:15,
                 from .pio/libdeps/WaveshareESP32S3LCD2/lvgl/src/draw/sw/../../misc/../lv_conf_internal.h:15,
                 from .pio/libdeps/WaveshareESP32S3LCD2/lvgl/src/draw/sw/../../misc/lv_color.h:16,
                 from .pio/libdeps/WaveshareESP32S3LCD2/lvgl/src/draw/sw/lv_draw_sw_blend.h:16,
                 from .pio/libdeps/WaveshareESP32S3LCD2/lvgl/src/draw/sw/lv_draw_sw.h:16,
                 from .pio/libdeps/WaveshareESP32S3LCD2/lvgl/src/draw/sw/lv_draw_sw_blend.c:9:
C:/Users/Louis/.platformio/packages/framework-arduinoespressif32-libs/esp32s3/qio_opi/include/sdkconfig.h:1094:9: warning: "CONFIG_ESP_TASK_WDT_EN" redefined
 1094 | #define CONFIG_ESP_TASK_WDT_EN 1
      |         ^~~~~~~~~~~~~~~~~~~~~~
<command-line>: note: this is the location of the previous definition
C:/Users/Louis/.platformio/packages/framework-arduinoespressif32-libs/esp32s3/qio_opi/include/sdkconfig.h:1095:9: warning: "CONFIG_ESP_TASK_WDT_INIT" redefined
 1095 | #define CONFIG_ESP_TASK_WDT_INIT 1
      |         ^~~~~~~~~~~~~~~~~~~~~~~~
<command-line>: note: this is the location of the previous definition
C:/Users/Louis/.platformio/packages/framework-arduinoespressif32-libs/esp32s3/qio_opi/include/sdkconfig.h:1098:9: warning: "CONFIG_ESP_TASK_WDT_CHECK_IDLE_TASK_CPU0" redefined
 1098 | #define CONFIG_ESP_TASK_WDT_CHECK_IDLE_TASK_CPU0 1
      |         ^~~~~~~~~~~~~~~~~~~~~~~~~~~~~~~~~~~~~~~~
<command-line>: note: this is the location of the previous definition
C:/Users/Louis/.platformio/packages/framework-arduinoespressif32-libs/esp32s3/qio_opi/include/sdkconfig.h:1155:9: warning: "CONFIG_ESP_COREDUMP_ENABLE" redefined
 1155 | #define CONFIG_ESP_COREDUMP_ENABLE 1
      |         ^~~~~~~~~~~~~~~~~~~~~~~~~~
<command-line>: note: this is the location of the previous definition
C:/Users/Louis/.platformio/packages/framework-arduinoespressif32-libs/esp32s3/qio_opi/include/sdkconfig.h:1879:9: warning: "CONFIG_ESP32S3_SPIRAM_SUPPORT" redefined
 1879 | #define CONFIG_ESP32S3_SPIRAM_SUPPORT CONFIG_SPIRAM
      |         ^~~~~~~~~~~~~~~~~~~~~~~~~~~~~
<command-line>: note: this is the location of the previous definition
Compiling .pio\build\WaveshareESP32S3LCD2\lib020\lvgl\draw\sw\lv_draw_sw_transform.c.o
Compiling .pio\build\WaveshareESP32S3LCD2\lib020\lvgl\draw\swm341_dma2d\lv_gpu_swm341_dma2d.c.o
In file included from .pio/libdeps/WaveshareESP32S3LCD2/lvgl/src/draw/sw/../../core/../misc/../lv_conf_kconfig.h:15,
                 from .pio/libdeps/WaveshareESP32S3LCD2/lvgl/src/draw/sw/../../core/../misc/../lv_conf_internal.h:15,
                 from .pio/libdeps/WaveshareESP32S3LCD2/lvgl/src/draw/sw/../../core/../misc/lv_area.h:16,
                 from .pio/libdeps/WaveshareESP32S3LCD2/lvgl/src/draw/sw/../../core/lv_obj_pos.h:16,
                 from .pio/libdeps/WaveshareESP32S3LCD2/lvgl/src/draw/sw/lv_draw_sw_dither.h:16,
                 from .pio/libdeps/WaveshareESP32S3LCD2/lvgl/src/draw/sw/lv_draw_sw_dither.c:9:
C:/Users/Louis/.platformio/packages/framework-arduinoespressif32-libs/esp32s3/qio_opi/include/sdkconfig.h:1094:9: warning: "CONFIG_ESP_TASK_WDT_EN" redefined
 1094 | #define CONFIG_ESP_TASK_WDT_EN 1
      |         ^~~~~~~~~~~~~~~~~~~~~~
<command-line>: note: this is the location of the previous definition
C:/Users/Louis/.platformio/packages/framework-arduinoespressif32-libs/esp32s3/qio_opi/include/sdkconfig.h:1095:9: warning: "CONFIG_ESP_TASK_WDT_INIT" redefined
 1095 | #define CONFIG_ESP_TASK_WDT_INIT 1
      |         ^~~~~~~~~~~~~~~~~~~~~~~~
<command-line>: note: this is the location of the previous definition
C:/Users/Louis/.platformio/packages/framework-arduinoespressif32-libs/esp32s3/qio_opi/include/sdkconfig.h:1098:9: warning: "CONFIG_ESP_TASK_WDT_CHECK_IDLE_TASK_CPU0" redefined
 1098 | #define CONFIG_ESP_TASK_WDT_CHECK_IDLE_TASK_CPU0 1
      |         ^~~~~~~~~~~~~~~~~~~~~~~~~~~~~~~~~~~~~~~~
<command-line>: note: this is the location of the previous definition
C:/Users/Louis/.platformio/packages/framework-arduinoespressif32-libs/esp32s3/qio_opi/include/sdkconfig.h:1155:9: warning: "CONFIG_ESP_COREDUMP_ENABLE" redefined
 1155 | #define CONFIG_ESP_COREDUMP_ENABLE 1
      |         ^~~~~~~~~~~~~~~~~~~~~~~~~~
<command-line>: note: this is the location of the previous definition
Compiling .pio\build\WaveshareESP32S3LCD2\lib020\lvgl\extra\layouts\flex\lv_flex.c.o
C:/Users/Louis/.platformio/packages/framework-arduinoespressif32-libs/esp32s3/qio_opi/include/sdkconfig.h:1879:9: warning: "CONFIG_ESP32S3_SPIRAM_SUPPORT" redefined
 1879 | #define CONFIG_ESP32S3_SPIRAM_SUPPORT CONFIG_SPIRAM
      |         ^~~~~~~~~~~~~~~~~~~~~~~~~~~~~
<command-line>: note: this is the location of the previous definition
In file included from .pio/libdeps/WaveshareESP32S3LCD2/lvgl/src/draw/sw/../../misc/../lv_conf_kconfig.h:15,
                 from .pio/libdeps/WaveshareESP32S3LCD2/lvgl/src/draw/sw/../../misc/../lv_conf_internal.h:15,
                 from .pio/libdeps/WaveshareESP32S3LCD2/lvgl/src/draw/sw/../../misc/lv_color.h:16,
                 from .pio/libdeps/WaveshareESP32S3LCD2/lvgl/src/draw/sw/lv_draw_sw_gradient.h:16,
                 from .pio/libdeps/WaveshareESP32S3LCD2/lvgl/src/draw/sw/lv_draw_sw_gradient.c:9:
C:/Users/Louis/.platformio/packages/framework-arduinoespressif32-libs/esp32s3/qio_opi/include/sdkconfig.h:1094:9: warning: "CONFIG_ESP_TASK_WDT_EN" redefined
 1094 | #define CONFIG_ESP_TASK_WDT_EN 1
      |         ^~~~~~~~~~~~~~~~~~~~~~
<command-line>: note: this is the location of the previous definition
C:/Users/Louis/.platformio/packages/framework-arduinoespressif32-libs/esp32s3/qio_opi/include/sdkconfig.h:1095:9: warning: "CONFIG_ESP_TASK_WDT_INIT" redefined
 1095 | #define CONFIG_ESP_TASK_WDT_INIT 1
      |         ^~~~~~~~~~~~~~~~~~~~~~~~
<command-line>: note: this is the location of the previous definition
C:/Users/Louis/.platformio/packages/framework-arduinoespressif32-libs/esp32s3/qio_opi/include/sdkconfig.h:1098:9: warning: "CONFIG_ESP_TASK_WDT_CHECK_IDLE_TASK_CPU0" redefined
 1098 | #define CONFIG_ESP_TASK_WDT_CHECK_IDLE_TASK_CPU0 1
      |         ^~~~~~~~~~~~~~~~~~~~~~~~~~~~~~~~~~~~~~~~
<command-line>: note: this is the location of the previous definition
C:/Users/Louis/.platformio/packages/framework-arduinoespressif32-libs/esp32s3/qio_opi/include/sdkconfig.h:1155:9: warning: "CONFIG_ESP_COREDUMP_ENABLE" redefined
 1155 | #define CONFIG_ESP_COREDUMP_ENABLE 1
      |         ^~~~~~~~~~~~~~~~~~~~~~~~~~
<command-line>: note: this is the location of the previous definition
C:/Users/Louis/.platformio/packages/framework-arduinoespressif32-libs/esp32s3/qio_opi/include/sdkconfig.h:1879:9: warning: "CONFIG_ESP32S3_SPIRAM_SUPPORT" redefined
 1879 | #define CONFIG_ESP32S3_SPIRAM_SUPPORT CONFIG_SPIRAM
      |         ^~~~~~~~~~~~~~~~~~~~~~~~~~~~~
<command-line>: note: this is the location of the previous definition
Compiling .pio\build\WaveshareESP32S3LCD2\lib020\lvgl\extra\layouts\grid\lv_grid.c.o
In file included from .pio/libdeps/WaveshareESP32S3LCD2/lvgl/src/draw/sw/../../misc/../lv_conf_kconfig.h:15,
                 from .pio/libdeps/WaveshareESP32S3LCD2/lvgl/src/draw/sw/../../misc/../lv_conf_internal.h:15,
                 from .pio/libdeps/WaveshareESP32S3LCD2/lvgl/src/draw/sw/../../misc/lv_color.h:16,
                 from .pio/libdeps/WaveshareESP32S3LCD2/lvgl/src/draw/sw/lv_draw_sw_blend.h:16,
                 from .pio/libdeps/WaveshareESP32S3LCD2/lvgl/src/draw/sw/lv_draw_sw.h:16,
                 from .pio/libdeps/WaveshareESP32S3LCD2/lvgl/src/draw/sw/lv_draw_sw_img.c:9:
C:/Users/Louis/.platformio/packages/framework-arduinoespressif32-libs/esp32s3/qio_opi/include/sdkconfig.h:1094:9: warning: "CONFIG_ESP_TASK_WDT_EN" redefined
 1094 | #define CONFIG_ESP_TASK_WDT_EN 1
      |         ^~~~~~~~~~~~~~~~~~~~~~
<command-line>: note: this is the location of the previous definition
C:/Users/Louis/.platformio/packages/framework-arduinoespressif32-libs/esp32s3/qio_opi/include/sdkconfig.h:1095:9: warning: "CONFIG_ESP_TASK_WDT_INIT" redefined
 1095 | #define CONFIG_ESP_TASK_WDT_INIT 1
      |         ^~~~~~~~~~~~~~~~~~~~~~~~
<command-line>: note: this is the location of the previous definition
C:/Users/Louis/.platformio/packages/framework-arduinoespressif32-libs/esp32s3/qio_opi/include/sdkconfig.h:1098:9: warning: "CONFIG_ESP_TASK_WDT_CHECK_IDLE_TASK_CPU0" redefined
 1098 | #define CONFIG_ESP_TASK_WDT_CHECK_IDLE_TASK_CPU0 1
      |         ^~~~~~~~~~~~~~~~~~~~~~~~~~~~~~~~~~~~~~~~
<command-line>: note: this is the location of the previous definition
C:/Users/Louis/.platformio/packages/framework-arduinoespressif32-libs/esp32s3/qio_opi/include/sdkconfig.h:1155:9: warning: "CONFIG_ESP_COREDUMP_ENABLE" redefined
 1155 | #define CONFIG_ESP_COREDUMP_ENABLE 1
      |         ^~~~~~~~~~~~~~~~~~~~~~~~~~
<command-line>: note: this is the location of the previous definition
C:/Users/Louis/.platformio/packages/framework-arduinoespressif32-libs/esp32s3/qio_opi/include/sdkconfig.h:1879:9: warning: "CONFIG_ESP32S3_SPIRAM_SUPPORT" redefined
 1879 | #define CONFIG_ESP32S3_SPIRAM_SUPPORT CONFIG_SPIRAM
      |         ^~~~~~~~~~~~~~~~~~~~~~~~~~~~~
<command-line>: note: this is the location of the previous definition
In file included from .pio/libdeps/WaveshareESP32S3LCD2/lvgl/src/draw/sw/../../misc/../lv_conf_kconfig.h:15,
                 from .pio/libdeps/WaveshareESP32S3LCD2/lvgl/src/draw/sw/../../misc/../lv_conf_internal.h:15,
                 from .pio/libdeps/WaveshareESP32S3LCD2/lvgl/src/draw/sw/../../misc/lv_color.h:16,
                 from .pio/libdeps/WaveshareESP32S3LCD2/lvgl/src/draw/sw/lv_draw_sw_blend.h:16,
                 from .pio/libdeps/WaveshareESP32S3LCD2/lvgl/src/draw/sw/lv_draw_sw.h:16,
                 from .pio/libdeps/WaveshareESP32S3LCD2/lvgl/src/draw/sw/lv_draw_sw_layer.c:9:
C:/Users/Louis/.platformio/packages/framework-arduinoespressif32-libs/esp32s3/qio_opi/include/sdkconfig.h:1094:9: warning: "CONFIG_ESP_TASK_WDT_EN" redefined
 1094 | #define CONFIG_ESP_TASK_WDT_EN 1
      |         ^~~~~~~~~~~~~~~~~~~~~~
<command-line>: note: this is the location of the previous definition
C:/Users/Louis/.platformio/packages/framework-arduinoespressif32-libs/esp32s3/qio_opi/include/sdkconfig.h:1095:9: warning: "CONFIG_ESP_TASK_WDT_INIT" redefined
 1095 | #define CONFIG_ESP_TASK_WDT_INIT 1
      |         ^~~~~~~~~~~~~~~~~~~~~~~~
<command-line>: note: this is the location of the previous definition
C:/Users/Louis/.platformio/packages/framework-arduinoespressif32-libs/esp32s3/qio_opi/include/sdkconfig.h:1098:9: warning: "CONFIG_ESP_TASK_WDT_CHECK_IDLE_TASK_CPU0" redefined
 1098 | #define CONFIG_ESP_TASK_WDT_CHECK_IDLE_TASK_CPU0 1
      |         ^~~~~~~~~~~~~~~~~~~~~~~~~~~~~~~~~~~~~~~~
<command-line>: note: this is the location of the previous definition
C:/Users/Louis/.platformio/packages/framework-arduinoespressif32-libs/esp32s3/qio_opi/include/sdkconfig.h:1155:9: warning: "CONFIG_ESP_COREDUMP_ENABLE" redefined
 1155 | #define CONFIG_ESP_COREDUMP_ENABLE 1
      |         ^~~~~~~~~~~~~~~~~~~~~~~~~~
<command-line>: note: this is the location of the previous definition
C:/Users/Louis/.platformio/packages/framework-arduinoespressif32-libs/esp32s3/qio_opi/include/sdkconfig.h:1879:9: warning: "CONFIG_ESP32S3_SPIRAM_SUPPORT" redefined
 1879 | #define CONFIG_ESP32S3_SPIRAM_SUPPORT CONFIG_SPIRAM
      |         ^~~~~~~~~~~~~~~~~~~~~~~~~~~~~
<command-line>: note: this is the location of the previous definition
In file included from .pio/libdeps/WaveshareESP32S3LCD2/lvgl/src/draw/sw/../../misc/../lv_conf_kconfig.h:15,
                 from .pio/libdeps/WaveshareESP32S3LCD2/lvgl/src/draw/sw/../../misc/../lv_conf_internal.h:15,
                 from .pio/libdeps/WaveshareESP32S3LCD2/lvgl/src/draw/sw/../../misc/lv_color.h:16,
                 from .pio/libdeps/WaveshareESP32S3LCD2/lvgl/src/draw/sw/lv_draw_sw_blend.h:16,
                 from .pio/libdeps/WaveshareESP32S3LCD2/lvgl/src/draw/sw/lv_draw_sw.h:16,
                 from .pio/libdeps/WaveshareESP32S3LCD2/lvgl/src/draw/sw/lv_draw_sw_letter.c:9:
C:/Users/Louis/.platformio/packages/framework-arduinoespressif32-libs/esp32s3/qio_opi/include/sdkconfig.h:1094:9: warning: "CONFIG_ESP_TASK_WDT_EN" redefined
 1094 | #define CONFIG_ESP_TASK_WDT_EN 1
      |         ^~~~~~~~~~~~~~~~~~~~~~
<command-line>: note: this is the location of the previous definition
C:/Users/Louis/.platformio/packages/framework-arduinoespressif32-libs/esp32s3/qio_opi/include/sdkconfig.h:1095:9: warning: "CONFIG_ESP_TASK_WDT_INIT" redefined
 1095 | #define CONFIG_ESP_TASK_WDT_INIT 1
      |         ^~~~~~~~~~~~~~~~~~~~~~~~
<command-line>: note: this is the location of the previous definition
C:/Users/Louis/.platformio/packages/framework-arduinoespressif32-libs/esp32s3/qio_opi/include/sdkconfig.h:1098:9: warning: "CONFIG_ESP_TASK_WDT_CHECK_IDLE_TASK_CPU0" redefined
 1098 | #define CONFIG_ESP_TASK_WDT_CHECK_IDLE_TASK_CPU0 1
      |         ^~~~~~~~~~~~~~~~~~~~~~~~~~~~~~~~~~~~~~~~
<command-line>: note: this is the location of the previous definition
C:/Users/Louis/.platformio/packages/framework-arduinoespressif32-libs/esp32s3/qio_opi/include/sdkconfig.h:1155:9: warning: "CONFIG_ESP_COREDUMP_ENABLE" redefined
 1155 | #define CONFIG_ESP_COREDUMP_ENABLE 1
      |         ^~~~~~~~~~~~~~~~~~~~~~~~~~
<command-line>: note: this is the location of the previous definition
C:/Users/Louis/.platformio/packages/framework-arduinoespressif32-libs/esp32s3/qio_opi/include/sdkconfig.h:1879:9: warning: "CONFIG_ESP32S3_SPIRAM_SUPPORT" redefined
 1879 | #define CONFIG_ESP32S3_SPIRAM_SUPPORT CONFIG_SPIRAM
      |         ^~~~~~~~~~~~~~~~~~~~~~~~~~~~~
<command-line>: note: this is the location of the previous definition
In file included from .pio/libdeps/WaveshareESP32S3LCD2/lvgl/src/draw/sw/../../misc/../lv_conf_kconfig.h:15,
                 from .pio/libdeps/WaveshareESP32S3LCD2/lvgl/src/draw/sw/../../misc/../lv_conf_internal.h:15,
                 from .pio/libdeps/WaveshareESP32S3LCD2/lvgl/src/draw/sw/../../misc/lv_color.h:16,
                 from .pio/libdeps/WaveshareESP32S3LCD2/lvgl/src/draw/sw/lv_draw_sw_blend.h:16,
                 from .pio/libdeps/WaveshareESP32S3LCD2/lvgl/src/draw/sw/lv_draw_sw.h:16,
                 from .pio/libdeps/WaveshareESP32S3LCD2/lvgl/src/draw/sw/lv_draw_sw_line.c:10:
C:/Users/Louis/.platformio/packages/framework-arduinoespressif32-libs/esp32s3/qio_opi/include/sdkconfig.h:1094:9: warning: "CONFIG_ESP_TASK_WDT_EN" redefined
 1094 | #define CONFIG_ESP_TASK_WDT_EN 1
      |         ^~~~~~~~~~~~~~~~~~~~~~
<command-line>: note: this is the location of the previous definition
C:/Users/Louis/.platformio/packages/framework-arduinoespressif32-libs/esp32s3/qio_opi/include/sdkconfig.h:1095:9: warning: "CONFIG_ESP_TASK_WDT_INIT" redefined
 1095 | #define CONFIG_ESP_TASK_WDT_INIT 1
      |         ^~~~~~~~~~~~~~~~~~~~~~~~
<command-line>: note: this is the location of the previous definition
C:/Users/Louis/.platformio/packages/framework-arduinoespressif32-libs/esp32s3/qio_opi/include/sdkconfig.h:1098:9: warning: "CONFIG_ESP_TASK_WDT_CHECK_IDLE_TASK_CPU0" redefined
 1098 | #define CONFIG_ESP_TASK_WDT_CHECK_IDLE_TASK_CPU0 1
      |         ^~~~~~~~~~~~~~~~~~~~~~~~~~~~~~~~~~~~~~~~
<command-line>: note: this is the location of the previous definition
C:/Users/Louis/.platformio/packages/framework-arduinoespressif32-libs/esp32s3/qio_opi/include/sdkconfig.h:1155:9: warning: "CONFIG_ESP_COREDUMP_ENABLE" redefined
 1155 | #define CONFIG_ESP_COREDUMP_ENABLE 1
      |         ^~~~~~~~~~~~~~~~~~~~~~~~~~
<command-line>: note: this is the location of the previous definition
C:/Users/Louis/.platformio/packages/framework-arduinoespressif32-libs/esp32s3/qio_opi/include/sdkconfig.h:1879:9: warning: "CONFIG_ESP32S3_SPIRAM_SUPPORT" redefined
 1879 | #define CONFIG_ESP32S3_SPIRAM_SUPPORT CONFIG_SPIRAM
      |         ^~~~~~~~~~~~~~~~~~~~~~~~~~~~~
<command-line>: note: this is the location of the previous definition
In file included from .pio/libdeps/WaveshareESP32S3LCD2/lvgl/src/draw/sw/../../misc/../lv_conf_kconfig.h:15,
                 from .pio/libdeps/WaveshareESP32S3LCD2/lvgl/src/draw/sw/../../misc/../lv_conf_internal.h:15,
                 from .pio/libdeps/WaveshareESP32S3LCD2/lvgl/src/draw/sw/../../misc/lv_color.h:16,
                 from .pio/libdeps/WaveshareESP32S3LCD2/lvgl/src/draw/sw/lv_draw_sw_blend.h:16,
                 from .pio/libdeps/WaveshareESP32S3LCD2/lvgl/src/draw/sw/lv_draw_sw.h:16,
                 from .pio/libdeps/WaveshareESP32S3LCD2/lvgl/src/draw/sw/lv_draw_sw_polygon.c:9:
C:/Users/Louis/.platformio/packages/framework-arduinoespressif32-libs/esp32s3/qio_opi/include/sdkconfig.h:1094:9: warning: "CONFIG_ESP_TASK_WDT_EN" redefined
 1094 | #define CONFIG_ESP_TASK_WDT_EN 1
      |         ^~~~~~~~~~~~~~~~~~~~~~
<command-line>: note: this is the location of the previous definition
C:/Users/Louis/.platformio/packages/framework-arduinoespressif32-libs/esp32s3/qio_opi/include/sdkconfig.h:1095:9: warning: "CONFIG_ESP_TASK_WDT_INIT" redefined
 1095 | #define CONFIG_ESP_TASK_WDT_INIT 1
      |         ^~~~~~~~~~~~~~~~~~~~~~~~
<command-line>: note: this is the location of the previous definition
C:/Users/Louis/.platformio/packages/framework-arduinoespressif32-libs/esp32s3/qio_opi/include/sdkconfig.h:1098:9: warning: "CONFIG_ESP_TASK_WDT_CHECK_IDLE_TASK_CPU0" redefined
 1098 | #define CONFIG_ESP_TASK_WDT_CHECK_IDLE_TASK_CPU0 1
      |         ^~~~~~~~~~~~~~~~~~~~~~~~~~~~~~~~~~~~~~~~
<command-line>: note: this is the location of the previous definition
C:/Users/Louis/.platformio/packages/framework-arduinoespressif32-libs/esp32s3/qio_opi/include/sdkconfig.h:1155:9: warning: "CONFIG_ESP_COREDUMP_ENABLE" redefined
 1155 | #define CONFIG_ESP_COREDUMP_ENABLE 1
      |         ^~~~~~~~~~~~~~~~~~~~~~~~~~
<command-line>: note: this is the location of the previous definition
C:/Users/Louis/.platformio/packages/framework-arduinoespressif32-libs/esp32s3/qio_opi/include/sdkconfig.h:1879:9: warning: "CONFIG_ESP32S3_SPIRAM_SUPPORT" redefined
 1879 | #define CONFIG_ESP32S3_SPIRAM_SUPPORT CONFIG_SPIRAM
      |         ^~~~~~~~~~~~~~~~~~~~~~~~~~~~~
<command-line>: note: this is the location of the previous definition
In file included from .pio/libdeps/WaveshareESP32S3LCD2/lvgl/src/draw/sw/../../misc/../lv_conf_kconfig.h:15,
                 from .pio/libdeps/WaveshareESP32S3LCD2/lvgl/src/draw/sw/../../misc/../lv_conf_internal.h:15,
                 from .pio/libdeps/WaveshareESP32S3LCD2/lvgl/src/draw/sw/../../misc/lv_color.h:16,
                 from .pio/libdeps/WaveshareESP32S3LCD2/lvgl/src/draw/sw/lv_draw_sw_blend.h:16,
                 from .pio/libdeps/WaveshareESP32S3LCD2/lvgl/src/draw/sw/lv_draw_sw.h:16,
                 from .pio/libdeps/WaveshareESP32S3LCD2/lvgl/src/draw/sw/lv_draw_sw_transform.c:9:
C:/Users/Louis/.platformio/packages/framework-arduinoespressif32-libs/esp32s3/qio_opi/include/sdkconfig.h:1094:9: warning: "CONFIG_ESP_TASK_WDT_EN" redefined
 1094 | #define CONFIG_ESP_TASK_WDT_EN 1
      |         ^~~~~~~~~~~~~~~~~~~~~~
<command-line>: note: this is the location of the previous definition
C:/Users/Louis/.platformio/packages/framework-arduinoespressif32-libs/esp32s3/qio_opi/include/sdkconfig.h:1095:9: warning: "CONFIG_ESP_TASK_WDT_INIT" redefined
 1095 | #define CONFIG_ESP_TASK_WDT_INIT 1
      |         ^~~~~~~~~~~~~~~~~~~~~~~~
<command-line>: note: this is the location of the previous definition
C:/Users/Louis/.platformio/packages/framework-arduinoespressif32-libs/esp32s3/qio_opi/include/sdkconfig.h:1098:9: warning: "CONFIG_ESP_TASK_WDT_CHECK_IDLE_TASK_CPU0" redefined
 1098 | #define CONFIG_ESP_TASK_WDT_CHECK_IDLE_TASK_CPU0 1
      |         ^~~~~~~~~~~~~~~~~~~~~~~~~~~~~~~~~~~~~~~~
<command-line>: note: this is the location of the previous definition
C:/Users/Louis/.platformio/packages/framework-arduinoespressif32-libs/esp32s3/qio_opi/include/sdkconfig.h:1155:9: warning: "CONFIG_ESP_COREDUMP_ENABLE" redefined
 1155 | #define CONFIG_ESP_COREDUMP_ENABLE 1
      |         ^~~~~~~~~~~~~~~~~~~~~~~~~~
<command-line>: note: this is the location of the previous definition
C:/Users/Louis/.platformio/packages/framework-arduinoespressif32-libs/esp32s3/qio_opi/include/sdkconfig.h:1879:9: warning: "CONFIG_ESP32S3_SPIRAM_SUPPORT" redefined
 1879 | #define CONFIG_ESP32S3_SPIRAM_SUPPORT CONFIG_SPIRAM
      |         ^~~~~~~~~~~~~~~~~~~~~~~~~~~~~
<command-line>: note: this is the location of the previous definition
In file included from .pio/libdeps/WaveshareESP32S3LCD2/lvgl/src/draw/sw/../../misc/../lv_conf_kconfig.h:15,
                 from .pio/libdeps/WaveshareESP32S3LCD2/lvgl/src/draw/sw/../../misc/../lv_conf_internal.h:15,
                 from .pio/libdeps/WaveshareESP32S3LCD2/lvgl/src/draw/sw/../../misc/lv_color.h:16,
                 from .pio/libdeps/WaveshareESP32S3LCD2/lvgl/src/draw/sw/lv_draw_sw_blend.h:16,
                 from .pio/libdeps/WaveshareESP32S3LCD2/lvgl/src/draw/sw/lv_draw_sw.h:16,
                 from .pio/libdeps/WaveshareESP32S3LCD2/lvgl/src/draw/sw/lv_draw_sw_rect.c:9:
C:/Users/Louis/.platformio/packages/framework-arduinoespressif32-libs/esp32s3/qio_opi/include/sdkconfig.h:1094:9: warning: "CONFIG_ESP_TASK_WDT_EN" redefined
 1094 | #define CONFIG_ESP_TASK_WDT_EN 1
      |         ^~~~~~~~~~~~~~~~~~~~~~
<command-line>: note: this is the location of the previous definition
C:/Users/Louis/.platformio/packages/framework-arduinoespressif32-libs/esp32s3/qio_opi/include/sdkconfig.h:1095:9: warning: "CONFIG_ESP_TASK_WDT_INIT" redefined
 1095 | #define CONFIG_ESP_TASK_WDT_INIT 1
      |         ^~~~~~~~~~~~~~~~~~~~~~~~
<command-line>: note: this is the location of the previous definition
C:/Users/Louis/.platformio/packages/framework-arduinoespressif32-libs/esp32s3/qio_opi/include/sdkconfig.h:1098:9: warning: "CONFIG_ESP_TASK_WDT_CHECK_IDLE_TASK_CPU0" redefined
 1098 | #define CONFIG_ESP_TASK_WDT_CHECK_IDLE_TASK_CPU0 1
      |         ^~~~~~~~~~~~~~~~~~~~~~~~~~~~~~~~~~~~~~~~
<command-line>: note: this is the location of the previous definition
C:/Users/Louis/.platformio/packages/framework-arduinoespressif32-libs/esp32s3/qio_opi/include/sdkconfig.h:1155:9: warning: "CONFIG_ESP_COREDUMP_ENABLE" redefined
 1155 | #define CONFIG_ESP_COREDUMP_ENABLE 1
      |         ^~~~~~~~~~~~~~~~~~~~~~~~~~
<command-line>: note: this is the location of the previous definition
C:/Users/Louis/.platformio/packages/framework-arduinoespressif32-libs/esp32s3/qio_opi/include/sdkconfig.h:1879:9: warning: "CONFIG_ESP32S3_SPIRAM_SUPPORT" redefined
 1879 | #define CONFIG_ESP32S3_SPIRAM_SUPPORT CONFIG_SPIRAM
      |         ^~~~~~~~~~~~~~~~~~~~~~~~~~~~~
<command-line>: note: this is the location of the previous definition
In file included from .pio/libdeps/WaveshareESP32S3LCD2/lvgl/src/draw/swm341_dma2d/../../misc/../lv_conf_kconfig.h:15,
                 from .pio/libdeps/WaveshareESP32S3LCD2/lvgl/src/draw/swm341_dma2d/../../misc/../lv_conf_internal.h:15,
                 from .pio/libdeps/WaveshareESP32S3LCD2/lvgl/src/draw/swm341_dma2d/../../misc/lv_color.h:16,
                 from .pio/libdeps/WaveshareESP32S3LCD2/lvgl/src/draw/swm341_dma2d/lv_gpu_swm341_dma2d.h:16,
                 from .pio/libdeps/WaveshareESP32S3LCD2/lvgl/src/draw/swm341_dma2d/lv_gpu_swm341_dma2d.c:9:
C:/Users/Louis/.platformio/packages/framework-arduinoespressif32-libs/esp32s3/qio_opi/include/sdkconfig.h:1094:9: warning: "CONFIG_ESP_TASK_WDT_EN" redefined
 1094 | #define CONFIG_ESP_TASK_WDT_EN 1
      |         ^~~~~~~~~~~~~~~~~~~~~~
<command-line>: note: this is the location of the previous definition
C:/Users/Louis/.platformio/packages/framework-arduinoespressif32-libs/esp32s3/qio_opi/include/sdkconfig.h:1095:9: warning: "CONFIG_ESP_TASK_WDT_INIT" redefined
 1095 | #define CONFIG_ESP_TASK_WDT_INIT 1
      |         ^~~~~~~~~~~~~~~~~~~~~~~~
<command-line>: note: this is the location of the previous definition
C:/Users/Louis/.platformio/packages/framework-arduinoespressif32-libs/esp32s3/qio_opi/include/sdkconfig.h:1098:9: warning: "CONFIG_ESP_TASK_WDT_CHECK_IDLE_TASK_CPU0" redefined
 1098 | #define CONFIG_ESP_TASK_WDT_CHECK_IDLE_TASK_CPU0 1
      |         ^~~~~~~~~~~~~~~~~~~~~~~~~~~~~~~~~~~~~~~~
<command-line>: note: this is the location of the previous definition
C:/Users/Louis/.platformio/packages/framework-arduinoespressif32-libs/esp32s3/qio_opi/include/sdkconfig.h:1155:9: warning: "CONFIG_ESP_COREDUMP_ENABLE" redefined
 1155 | #define CONFIG_ESP_COREDUMP_ENABLE 1
      |         ^~~~~~~~~~~~~~~~~~~~~~~~~~
<command-line>: note: this is the location of the previous definition
C:/Users/Louis/.platformio/packages/framework-arduinoespressif32-libs/esp32s3/qio_opi/include/sdkconfig.h:1879:9: warning: "CONFIG_ESP32S3_SPIRAM_SUPPORT" redefined
 1879 | #define CONFIG_ESP32S3_SPIRAM_SUPPORT CONFIG_SPIRAM
      |         ^~~~~~~~~~~~~~~~~~~~~~~~~~~~~
<command-line>: note: this is the location of the previous definition
In file included from C:/Users/Louis/Desktop/Code/FPVGate/.pio/libdeps/WaveshareESP32S3LCD2/lvgl/src/lv_conf_kconfig.h:15,
                 from C:/Users/Louis/Desktop/Code/FPVGate/.pio/libdeps/WaveshareESP32S3LCD2/lvgl/src/lv_conf_internal.h:15,
                 from .pio/libdeps/WaveshareESP32S3LCD2/lvgl/src/extra/layouts/flex/../flex/../../../core/lv_obj.h:16,
                 from .pio/libdeps/WaveshareESP32S3LCD2/lvgl/src/extra/layouts/flex/../flex/lv_flex.h:16,
                 from .pio/libdeps/WaveshareESP32S3LCD2/lvgl/src/extra/layouts/flex/../lv_layouts.h:16,
                 from .pio/libdeps/WaveshareESP32S3LCD2/lvgl/src/extra/layouts/flex/lv_flex.c:9:
C:/Users/Louis/.platformio/packages/framework-arduinoespressif32-libs/esp32s3/qio_opi/include/sdkconfig.h:1094:9: warning: "CONFIG_ESP_TASK_WDT_EN" redefined
 1094 | #define CONFIG_ESP_TASK_WDT_EN 1
      |         ^~~~~~~~~~~~~~~~~~~~~~
<command-line>: note: this is the location of the previous definition
C:/Users/Louis/.platformio/packages/framework-arduinoespressif32-libs/esp32s3/qio_opi/include/sdkconfig.h:1095:9: warning: "CONFIG_ESP_TASK_WDT_INIT" redefined
 1095 | #define CONFIG_ESP_TASK_WDT_INIT 1
      |         ^~~~~~~~~~~~~~~~~~~~~~~~
<command-line>: note: this is the location of the previous definition
C:/Users/Louis/.platformio/packages/framework-arduinoespressif32-libs/esp32s3/qio_opi/include/sdkconfig.h:1098:9: warning: "CONFIG_ESP_TASK_WDT_CHECK_IDLE_TASK_CPU0" redefined
 1098 | #define CONFIG_ESP_TASK_WDT_CHECK_IDLE_TASK_CPU0 1
      |         ^~~~~~~~~~~~~~~~~~~~~~~~~~~~~~~~~~~~~~~~
<command-line>: note: this is the location of the previous definition
C:/Users/Louis/.platformio/packages/framework-arduinoespressif32-libs/esp32s3/qio_opi/include/sdkconfig.h:1155:9: warning: "CONFIG_ESP_COREDUMP_ENABLE" redefined
 1155 | #define CONFIG_ESP_COREDUMP_ENABLE 1
      |         ^~~~~~~~~~~~~~~~~~~~~~~~~~
<command-line>: note: this is the location of the previous definition
C:/Users/Louis/.platformio/packages/framework-arduinoespressif32-libs/esp32s3/qio_opi/include/sdkconfig.h:1879:9: warning: "CONFIG_ESP32S3_SPIRAM_SUPPORT" redefined
 1879 | #define CONFIG_ESP32S3_SPIRAM_SUPPORT CONFIG_SPIRAM
      |         ^~~~~~~~~~~~~~~~~~~~~~~~~~~~~
<command-line>: note: this is the location of the previous definition
In file included from C:/Users/Louis/Desktop/Code/FPVGate/.pio/libdeps/WaveshareESP32S3LCD2/lvgl/src/lv_conf_kconfig.h:15,
                 from C:/Users/Louis/Desktop/Code/FPVGate/.pio/libdeps/WaveshareESP32S3LCD2/lvgl/src/lv_conf_internal.h:15,
                 from .pio/libdeps/WaveshareESP32S3LCD2/lvgl/src/extra/layouts/grid/../flex/../../../core/lv_obj.h:16,
                 from .pio/libdeps/WaveshareESP32S3LCD2/lvgl/src/extra/layouts/grid/../flex/lv_flex.h:16,
                 from .pio/libdeps/WaveshareESP32S3LCD2/lvgl/src/extra/layouts/grid/../lv_layouts.h:16,
                 from .pio/libdeps/WaveshareESP32S3LCD2/lvgl/src/extra/layouts/grid/lv_grid.c:9:
C:/Users/Louis/.platformio/packages/framework-arduinoespressif32-libs/esp32s3/qio_opi/include/sdkconfig.h:1094:9: warning: "CONFIG_ESP_TASK_WDT_EN" redefined
 1094 | #define CONFIG_ESP_TASK_WDT_EN 1
      |         ^~~~~~~~~~~~~~~~~~~~~~
<command-line>: note: this is the location of the previous definition
C:/Users/Louis/.platformio/packages/framework-arduinoespressif32-libs/esp32s3/qio_opi/include/sdkconfig.h:1095:9: warning: "CONFIG_ESP_TASK_WDT_INIT" redefined
 1095 | #define CONFIG_ESP_TASK_WDT_INIT 1
      |         ^~~~~~~~~~~~~~~~~~~~~~~~
<command-line>: note: this is the location of the previous definition
C:/Users/Louis/.platformio/packages/framework-arduinoespressif32-libs/esp32s3/qio_opi/include/sdkconfig.h:1098:9: warning: "CONFIG_ESP_TASK_WDT_CHECK_IDLE_TASK_CPU0" redefined
 1098 | #define CONFIG_ESP_TASK_WDT_CHECK_IDLE_TASK_CPU0 1
      |         ^~~~~~~~~~~~~~~~~~~~~~~~~~~~~~~~~~~~~~~~
<command-line>: note: this is the location of the previous definition
C:/Users/Louis/.platformio/packages/framework-arduinoespressif32-libs/esp32s3/qio_opi/include/sdkconfig.h:1155:9: warning: "CONFIG_ESP_COREDUMP_ENABLE" redefined
 1155 | #define CONFIG_ESP_COREDUMP_ENABLE 1
      |         ^~~~~~~~~~~~~~~~~~~~~~~~~~
<command-line>: note: this is the location of the previous definition
C:/Users/Louis/.platformio/packages/framework-arduinoespressif32-libs/esp32s3/qio_opi/include/sdkconfig.h:1879:9: warning: "CONFIG_ESP32S3_SPIRAM_SUPPORT" redefined
 1879 | #define CONFIG_ESP32S3_SPIRAM_SUPPORT CONFIG_SPIRAM
      |         ^~~~~~~~~~~~~~~~~~~~~~~~~~~~~
<command-line>: note: this is the location of the previous definition
Compiling .pio\build\WaveshareESP32S3LCD2\lib020\lvgl\extra\libs\bmp\lv_bmp.c.o
Compiling .pio\build\WaveshareESP32S3LCD2\lib020\lvgl\extra\libs\ffmpeg\lv_ffmpeg.c.o
Compiling .pio\build\WaveshareESP32S3LCD2\lib020\lvgl\extra\libs\freetype\lv_freetype.c.o
Compiling .pio\build\WaveshareESP32S3LCD2\lib020\lvgl\extra\libs\fsdrv\lv_fs_fatfs.c.o
Compiling .pio\build\WaveshareESP32S3LCD2\lib020\lvgl\extra\libs\fsdrv\lv_fs_littlefs.c.o
Compiling .pio\build\WaveshareESP32S3LCD2\lib020\lvgl\extra\libs\fsdrv\lv_fs_posix.c.o
Compiling .pio\build\WaveshareESP32S3LCD2\lib020\lvgl\extra\libs\fsdrv\lv_fs_stdio.c.o
In file included from C:/Users/Louis/Desktop/Code/FPVGate/.pio/libdeps/WaveshareESP32S3LCD2/lvgl/src/lv_conf_kconfig.h:15,
                 from C:/Users/Louis/Desktop/Code/FPVGate/.pio/libdeps/WaveshareESP32S3LCD2/lvgl/src/lv_conf_internal.h:15,
                 from .pio/libdeps/WaveshareESP32S3LCD2/lvgl/src/extra/libs/bmp/../../../../src/misc/lv_log.h:16,
                 from .pio/libdeps/WaveshareESP32S3LCD2/lvgl/src/extra/libs/bmp/../../../../lvgl.h:25,
                 from .pio/libdeps/WaveshareESP32S3LCD2/lvgl/src/extra/libs/bmp/../../../lvgl.h:17,
                 from .pio/libdeps/WaveshareESP32S3LCD2/lvgl/src/extra/libs/bmp/lv_bmp.c:9:
C:/Users/Louis/.platformio/packages/framework-arduinoespressif32-libs/esp32s3/qio_opi/include/sdkconfig.h:1094:9: warning: "CONFIG_ESP_TASK_WDT_EN" redefined
 1094 | #define CONFIG_ESP_TASK_WDT_EN 1
      |         ^~~~~~~~~~~~~~~~~~~~~~
<command-line>: note: this is the location of the previous definition
C:/Users/Louis/.platformio/packages/framework-arduinoespressif32-libs/esp32s3/qio_opi/include/sdkconfig.h:1095:9: warning: "CONFIG_ESP_TASK_WDT_INIT" redefined
 1095 | #define CONFIG_ESP_TASK_WDT_INIT 1
      |         ^~~~~~~~~~~~~~~~~~~~~~~~
<command-line>: note: this is the location of the previous definition
C:/Users/Louis/.platformio/packages/framework-arduinoespressif32-libs/esp32s3/qio_opi/include/sdkconfig.h:1098:9: warning: "CONFIG_ESP_TASK_WDT_CHECK_IDLE_TASK_CPU0" redefined
 1098 | #define CONFIG_ESP_TASK_WDT_CHECK_IDLE_TASK_CPU0 1
      |         ^~~~~~~~~~~~~~~~~~~~~~~~~~~~~~~~~~~~~~~~
<command-line>: note: this is the location of the previous definition
C:/Users/Louis/.platformio/packages/framework-arduinoespressif32-libs/esp32s3/qio_opi/include/sdkconfig.h:1155:9: warning: "CONFIG_ESP_COREDUMP_ENABLE" redefined
 1155 | #define CONFIG_ESP_COREDUMP_ENABLE 1
      |         ^~~~~~~~~~~~~~~~~~~~~~~~~~
<command-line>: note: this is the location of the previous definition
C:/Users/Louis/.platformio/packages/framework-arduinoespressif32-libs/esp32s3/qio_opi/include/sdkconfig.h:1879:9: warning: "CONFIG_ESP32S3_SPIRAM_SUPPORT" redefined
 1879 | #define CONFIG_ESP32S3_SPIRAM_SUPPORT CONFIG_SPIRAM
      |         ^~~~~~~~~~~~~~~~~~~~~~~~~~~~~
<command-line>: note: this is the location of the previous definition
Compiling .pio\build\WaveshareESP32S3LCD2\lib020\lvgl\extra\libs\fsdrv\lv_fs_win32.c.o
Compiling .pio\build\WaveshareESP32S3LCD2\lib020\lvgl\extra\libs\gif\gifdec.c.o
In file included from C:/Users/Louis/Desktop/Code/FPVGate/.pio/libdeps/WaveshareESP32S3LCD2/lvgl/src/lv_conf_kconfig.h:15,
                 from C:/Users/Louis/Desktop/Code/FPVGate/.pio/libdeps/WaveshareESP32S3LCD2/lvgl/src/lv_conf_internal.h:15,
                 from .pio/libdeps/WaveshareESP32S3LCD2/lvgl/src/extra/libs/ffmpeg/../../../../src/misc/lv_log.h:16,
                 from .pio/libdeps/WaveshareESP32S3LCD2/lvgl/src/extra/libs/ffmpeg/../../../../lvgl.h:25,
                 from .pio/libdeps/WaveshareESP32S3LCD2/lvgl/src/extra/libs/ffmpeg/../../../lvgl.h:17,
                 from .pio/libdeps/WaveshareESP32S3LCD2/lvgl/src/extra/libs/ffmpeg/lv_ffmpeg.h:15,
                 from .pio/libdeps/WaveshareESP32S3LCD2/lvgl/src/extra/libs/ffmpeg/lv_ffmpeg.c:9:
C:/Users/Louis/.platformio/packages/framework-arduinoespressif32-libs/esp32s3/qio_opi/include/sdkconfig.h:1094:9: warning: "CONFIG_ESP_TASK_WDT_EN" redefined
 1094 | #define CONFIG_ESP_TASK_WDT_EN 1
      |         ^~~~~~~~~~~~~~~~~~~~~~
<command-line>: note: this is the location of the previous definition
C:/Users/Louis/.platformio/packages/framework-arduinoespressif32-libs/esp32s3/qio_opi/include/sdkconfig.h:1095:9: warning: "CONFIG_ESP_TASK_WDT_INIT" redefined
 1095 | #define CONFIG_ESP_TASK_WDT_INIT 1
      |         ^~~~~~~~~~~~~~~~~~~~~~~~
<command-line>: note: this is the location of the previous definition
C:/Users/Louis/.platformio/packages/framework-arduinoespressif32-libs/esp32s3/qio_opi/include/sdkconfig.h:1098:9: warning: "CONFIG_ESP_TASK_WDT_CHECK_IDLE_TASK_CPU0" redefined
 1098 | #define CONFIG_ESP_TASK_WDT_CHECK_IDLE_TASK_CPU0 1
      |         ^~~~~~~~~~~~~~~~~~~~~~~~~~~~~~~~~~~~~~~~
<command-line>: note: this is the location of the previous definition
C:/Users/Louis/.platformio/packages/framework-arduinoespressif32-libs/esp32s3/qio_opi/include/sdkconfig.h:1155:9: warning: "CONFIG_ESP_COREDUMP_ENABLE" redefined
 1155 | #define CONFIG_ESP_COREDUMP_ENABLE 1
      |         ^~~~~~~~~~~~~~~~~~~~~~~~~~
<command-line>: note: this is the location of the previous definition
C:/Users/Louis/.platformio/packages/framework-arduinoespressif32-libs/esp32s3/qio_opi/include/sdkconfig.h:1879:9: warning: "CONFIG_ESP32S3_SPIRAM_SUPPORT" redefined
 1879 | #define CONFIG_ESP32S3_SPIRAM_SUPPORT CONFIG_SPIRAM
      |         ^~~~~~~~~~~~~~~~~~~~~~~~~~~~~
<command-line>: note: this is the location of the previous definition
Compiling .pio\build\WaveshareESP32S3LCD2\lib020\lvgl\extra\libs\gif\lv_gif.c.o
Compiling .pio\build\WaveshareESP32S3LCD2\lib020\lvgl\extra\libs\png\lodepng.c.o
In file included from C:/Users/Louis/Desktop/Code/FPVGate/.pio/libdeps/WaveshareESP32S3LCD2/lvgl/src/lv_conf_kconfig.h:15,
                 from C:/Users/Louis/Desktop/Code/FPVGate/.pio/libdeps/WaveshareESP32S3LCD2/lvgl/src/lv_conf_internal.h:15,
                 from .pio/libdeps/WaveshareESP32S3LCD2/lvgl/src/extra/libs/freetype/../../../../src/misc/lv_log.h:16,
                 from .pio/libdeps/WaveshareESP32S3LCD2/lvgl/src/extra/libs/freetype/../../../../lvgl.h:25,
                 from .pio/libdeps/WaveshareESP32S3LCD2/lvgl/src/extra/libs/freetype/../../../lvgl.h:17,
                 from .pio/libdeps/WaveshareESP32S3LCD2/lvgl/src/extra/libs/freetype/lv_freetype.h:15,
                 from .pio/libdeps/WaveshareESP32S3LCD2/lvgl/src/extra/libs/freetype/lv_freetype.c:9:
C:/Users/Louis/.platformio/packages/framework-arduinoespressif32-libs/esp32s3/qio_opi/include/sdkconfig.h:1094:9: warning: "CONFIG_ESP_TASK_WDT_EN" redefined
 1094 | #define CONFIG_ESP_TASK_WDT_EN 1
      |         ^~~~~~~~~~~~~~~~~~~~~~
<command-line>: note: this is the location of the previous definition
C:/Users/Louis/.platformio/packages/framework-arduinoespressif32-libs/esp32s3/qio_opi/include/sdkconfig.h:1095:9: warning: "CONFIG_ESP_TASK_WDT_INIT" redefined
 1095 | #define CONFIG_ESP_TASK_WDT_INIT 1
      |         ^~~~~~~~~~~~~~~~~~~~~~~~
<command-line>: note: this is the location of the previous definition
C:/Users/Louis/.platformio/packages/framework-arduinoespressif32-libs/esp32s3/qio_opi/include/sdkconfig.h:1098:9: warning: "CONFIG_ESP_TASK_WDT_CHECK_IDLE_TASK_CPU0" redefined
 1098 | #define CONFIG_ESP_TASK_WDT_CHECK_IDLE_TASK_CPU0 1
      |         ^~~~~~~~~~~~~~~~~~~~~~~~~~~~~~~~~~~~~~~~
<command-line>: note: this is the location of the previous definition
C:/Users/Louis/.platformio/packages/framework-arduinoespressif32-libs/esp32s3/qio_opi/include/sdkconfig.h:1155:9: warning: "CONFIG_ESP_COREDUMP_ENABLE" redefined
 1155 | #define CONFIG_ESP_COREDUMP_ENABLE 1
      |         ^~~~~~~~~~~~~~~~~~~~~~~~~~
<command-line>: note: this is the location of the previous definition
C:/Users/Louis/.platformio/packages/framework-arduinoespressif32-libs/esp32s3/qio_opi/include/sdkconfig.h:1879:9: warning: "CONFIG_ESP32S3_SPIRAM_SUPPORT" redefined
 1879 | #define CONFIG_ESP32S3_SPIRAM_SUPPORT CONFIG_SPIRAM
      |         ^~~~~~~~~~~~~~~~~~~~~~~~~~~~~
<command-line>: note: this is the location of the previous definition
Compiling .pio\build\WaveshareESP32S3LCD2\lib020\lvgl\extra\libs\png\lv_png.c.o
Compiling .pio\build\WaveshareESP32S3LCD2\lib020\lvgl\extra\libs\qrcode\lv_qrcode.c.o
In file included from C:/Users/Louis/Desktop/Code/FPVGate/.pio/libdeps/WaveshareESP32S3LCD2/lvgl/src/lv_conf_kconfig.h:15,
                 from C:/Users/Louis/Desktop/Code/FPVGate/.pio/libdeps/WaveshareESP32S3LCD2/lvgl/src/lv_conf_internal.h:15,
                 from .pio/libdeps/WaveshareESP32S3LCD2/lvgl/src/extra/libs/fsdrv/../../../../src/misc/lv_log.h:16,
                 from .pio/libdeps/WaveshareESP32S3LCD2/lvgl/src/extra/libs/fsdrv/../../../../lvgl.h:25,
                 from .pio/libdeps/WaveshareESP32S3LCD2/lvgl/src/extra/libs/fsdrv/../../../lvgl.h:17,
                 from .pio/libdeps/WaveshareESP32S3LCD2/lvgl/src/extra/libs/fsdrv/lv_fs_littlefs.c:9:
C:/Users/Louis/.platformio/packages/framework-arduinoespressif32-libs/esp32s3/qio_opi/include/sdkconfig.h:1094:9: warning: "CONFIG_ESP_TASK_WDT_EN" redefined
 1094 | #define CONFIG_ESP_TASK_WDT_EN 1
      |         ^~~~~~~~~~~~~~~~~~~~~~
<command-line>: note: this is the location of the previous definition
C:/Users/Louis/.platformio/packages/framework-arduinoespressif32-libs/esp32s3/qio_opi/include/sdkconfig.h:1095:9: warning: "CONFIG_ESP_TASK_WDT_INIT" redefined
 1095 | #define CONFIG_ESP_TASK_WDT_INIT 1
      |         ^~~~~~~~~~~~~~~~~~~~~~~~
<command-line>: note: this is the location of the previous definition
C:/Users/Louis/.platformio/packages/framework-arduinoespressif32-libs/esp32s3/qio_opi/include/sdkconfig.h:1098:9: warning: "CONFIG_ESP_TASK_WDT_CHECK_IDLE_TASK_CPU0" redefined
 1098 | #define CONFIG_ESP_TASK_WDT_CHECK_IDLE_TASK_CPU0 1
      |         ^~~~~~~~~~~~~~~~~~~~~~~~~~~~~~~~~~~~~~~~
<command-line>: note: this is the location of the previous definition
C:/Users/Louis/.platformio/packages/framework-arduinoespressif32-libs/esp32s3/qio_opi/include/sdkconfig.h:1155:9: warning: "CONFIG_ESP_COREDUMP_ENABLE" redefined
 1155 | #define CONFIG_ESP_COREDUMP_ENABLE 1
      |         ^~~~~~~~~~~~~~~~~~~~~~~~~~
<command-line>: note: this is the location of the previous definition
C:/Users/Louis/.platformio/packages/framework-arduinoespressif32-libs/esp32s3/qio_opi/include/sdkconfig.h:1879:9: warning: "CONFIG_ESP32S3_SPIRAM_SUPPORT" redefined
 1879 | #define CONFIG_ESP32S3_SPIRAM_SUPPORT CONFIG_SPIRAM
      |         ^~~~~~~~~~~~~~~~~~~~~~~~~~~~~
<command-line>: note: this is the location of the previous definition
In file included from C:/Users/Louis/Desktop/Code/FPVGate/.pio/libdeps/WaveshareESP32S3LCD2/lvgl/src/lv_conf_kconfig.h:15,
                 from C:/Users/Louis/Desktop/Code/FPVGate/.pio/libdeps/WaveshareESP32S3LCD2/lvgl/src/lv_conf_internal.h:15,
                 from .pio/libdeps/WaveshareESP32S3LCD2/lvgl/src/extra/libs/fsdrv/../../../../src/misc/lv_log.h:16,
                 from .pio/libdeps/WaveshareESP32S3LCD2/lvgl/src/extra/libs/fsdrv/../../../../lvgl.h:25,
                 from .pio/libdeps/WaveshareESP32S3LCD2/lvgl/src/extra/libs/fsdrv/../../../lvgl.h:17,
                 from .pio/libdeps/WaveshareESP32S3LCD2/lvgl/src/extra/libs/fsdrv/lv_fs_fatfs.c:9:
C:/Users/Louis/.platformio/packages/framework-arduinoespressif32-libs/esp32s3/qio_opi/include/sdkconfig.h:1094:9: warning: "CONFIG_ESP_TASK_WDT_EN" redefined
 1094 | #define CONFIG_ESP_TASK_WDT_EN 1
      |         ^~~~~~~~~~~~~~~~~~~~~~
<command-line>: note: this is the location of the previous definition
C:/Users/Louis/.platformio/packages/framework-arduinoespressif32-libs/esp32s3/qio_opi/include/sdkconfig.h:1095:9: warning: "CONFIG_ESP_TASK_WDT_INIT" redefined
 1095 | #define CONFIG_ESP_TASK_WDT_INIT 1
      |         ^~~~~~~~~~~~~~~~~~~~~~~~
<command-line>: note: this is the location of the previous definition
C:/Users/Louis/.platformio/packages/framework-arduinoespressif32-libs/esp32s3/qio_opi/include/sdkconfig.h:1098:9: warning: "CONFIG_ESP_TASK_WDT_CHECK_IDLE_TASK_CPU0" redefined
 1098 | #define CONFIG_ESP_TASK_WDT_CHECK_IDLE_TASK_CPU0 1
      |         ^~~~~~~~~~~~~~~~~~~~~~~~~~~~~~~~~~~~~~~~
<command-line>: note: this is the location of the previous definition
C:/Users/Louis/.platformio/packages/framework-arduinoespressif32-libs/esp32s3/qio_opi/include/sdkconfig.h:1155:9: warning: "CONFIG_ESP_COREDUMP_ENABLE" redefined
 1155 | #define CONFIG_ESP_COREDUMP_ENABLE 1
      |         ^~~~~~~~~~~~~~~~~~~~~~~~~~
<command-line>: note: this is the location of the previous definition
C:/Users/Louis/.platformio/packages/framework-arduinoespressif32-libs/esp32s3/qio_opi/include/sdkconfig.h:1879:9: warning: "CONFIG_ESP32S3_SPIRAM_SUPPORT" redefined
 1879 | #define CONFIG_ESP32S3_SPIRAM_SUPPORT CONFIG_SPIRAM
      |         ^~~~~~~~~~~~~~~~~~~~~~~~~~~~~
<command-line>: note: this is the location of the previous definition
In file included from C:/Users/Louis/Desktop/Code/FPVGate/.pio/libdeps/WaveshareESP32S3LCD2/lvgl/src/lv_conf_kconfig.h:15,
                 from C:/Users/Louis/Desktop/Code/FPVGate/.pio/libdeps/WaveshareESP32S3LCD2/lvgl/src/lv_conf_internal.h:15,
                 from .pio/libdeps/WaveshareESP32S3LCD2/lvgl/src/extra/libs/fsdrv/../../../../src/misc/lv_log.h:16,
                 from .pio/libdeps/WaveshareESP32S3LCD2/lvgl/src/extra/libs/fsdrv/../../../../lvgl.h:25,
                 from .pio/libdeps/WaveshareESP32S3LCD2/lvgl/src/extra/libs/fsdrv/../../../lvgl.h:17,
                 from .pio/libdeps/WaveshareESP32S3LCD2/lvgl/src/extra/libs/fsdrv/lv_fs_posix.c:9:
C:/Users/Louis/.platformio/packages/framework-arduinoespressif32-libs/esp32s3/qio_opi/include/sdkconfig.h:1094:9: warning: "CONFIG_ESP_TASK_WDT_EN" redefined
 1094 | #define CONFIG_ESP_TASK_WDT_EN 1
      |         ^~~~~~~~~~~~~~~~~~~~~~
<command-line>: note: this is the location of the previous definition
C:/Users/Louis/.platformio/packages/framework-arduinoespressif32-libs/esp32s3/qio_opi/include/sdkconfig.h:1095:9: warning: "CONFIG_ESP_TASK_WDT_INIT" redefined
 1095 | #define CONFIG_ESP_TASK_WDT_INIT 1
      |         ^~~~~~~~~~~~~~~~~~~~~~~~
<command-line>: note: this is the location of the previous definition
C:/Users/Louis/.platformio/packages/framework-arduinoespressif32-libs/esp32s3/qio_opi/include/sdkconfig.h:1098:9: warning: "CONFIG_ESP_TASK_WDT_CHECK_IDLE_TASK_CPU0" redefined
 1098 | #define CONFIG_ESP_TASK_WDT_CHECK_IDLE_TASK_CPU0 1
      |         ^~~~~~~~~~~~~~~~~~~~~~~~~~~~~~~~~~~~~~~~
<command-line>: note: this is the location of the previous definition
C:/Users/Louis/.platformio/packages/framework-arduinoespressif32-libs/esp32s3/qio_opi/include/sdkconfig.h:1155:9: warning: "CONFIG_ESP_COREDUMP_ENABLE" redefined
 1155 | #define CONFIG_ESP_COREDUMP_ENABLE 1
      |         ^~~~~~~~~~~~~~~~~~~~~~~~~~
<command-line>: note: this is the location of the previous definition
C:/Users/Louis/.platformio/packages/framework-arduinoespressif32-libs/esp32s3/qio_opi/include/sdkconfig.h:1879:9: warning: "CONFIG_ESP32S3_SPIRAM_SUPPORT" redefined
 1879 | #define CONFIG_ESP32S3_SPIRAM_SUPPORT CONFIG_SPIRAM
      |         ^~~~~~~~~~~~~~~~~~~~~~~~~~~~~
<command-line>: note: this is the location of the previous definition
In file included from C:/Users/Louis/Desktop/Code/FPVGate/.pio/libdeps/WaveshareESP32S3LCD2/lvgl/src/lv_conf_kconfig.h:15,
                 from C:/Users/Louis/Desktop/Code/FPVGate/.pio/libdeps/WaveshareESP32S3LCD2/lvgl/src/lv_conf_internal.h:15,
                 from .pio/libdeps/WaveshareESP32S3LCD2/lvgl/src/extra/libs/fsdrv/../../../../src/misc/lv_log.h:16,
                 from .pio/libdeps/WaveshareESP32S3LCD2/lvgl/src/extra/libs/fsdrv/../../../../lvgl.h:25,
                 from .pio/libdeps/WaveshareESP32S3LCD2/lvgl/src/extra/libs/fsdrv/../../../lvgl.h:17,
                 from .pio/libdeps/WaveshareESP32S3LCD2/lvgl/src/extra/libs/fsdrv/lv_fs_stdio.c:9:
C:/Users/Louis/.platformio/packages/framework-arduinoespressif32-libs/esp32s3/qio_opi/include/sdkconfig.h:1094:9: warning: "CONFIG_ESP_TASK_WDT_EN" redefined
 1094 | #define CONFIG_ESP_TASK_WDT_EN 1
      |         ^~~~~~~~~~~~~~~~~~~~~~
<command-line>: note: this is the location of the previous definition
C:/Users/Louis/.platformio/packages/framework-arduinoespressif32-libs/esp32s3/qio_opi/include/sdkconfig.h:1095:9: warning: "CONFIG_ESP_TASK_WDT_INIT" redefined
 1095 | #define CONFIG_ESP_TASK_WDT_INIT 1
      |         ^~~~~~~~~~~~~~~~~~~~~~~~
<command-line>: note: this is the location of the previous definition
C:/Users/Louis/.platformio/packages/framework-arduinoespressif32-libs/esp32s3/qio_opi/include/sdkconfig.h:1098:9: warning: "CONFIG_ESP_TASK_WDT_CHECK_IDLE_TASK_CPU0" redefined
 1098 | #define CONFIG_ESP_TASK_WDT_CHECK_IDLE_TASK_CPU0 1
      |         ^~~~~~~~~~~~~~~~~~~~~~~~~~~~~~~~~~~~~~~~
<command-line>: note: this is the location of the previous definition
C:/Users/Louis/.platformio/packages/framework-arduinoespressif32-libs/esp32s3/qio_opi/include/sdkconfig.h:1155:9: warning: "CONFIG_ESP_COREDUMP_ENABLE" redefined
 1155 | #define CONFIG_ESP_COREDUMP_ENABLE 1
      |         ^~~~~~~~~~~~~~~~~~~~~~~~~~
<command-line>: note: this is the location of the previous definition
C:/Users/Louis/.platformio/packages/framework-arduinoespressif32-libs/esp32s3/qio_opi/include/sdkconfig.h:1879:9: warning: "CONFIG_ESP32S3_SPIRAM_SUPPORT" redefined
 1879 | #define CONFIG_ESP32S3_SPIRAM_SUPPORT CONFIG_SPIRAM
      |         ^~~~~~~~~~~~~~~~~~~~~~~~~~~~~
<command-line>: note: this is the location of the previous definition
In file included from C:/Users/Louis/Desktop/Code/FPVGate/.pio/libdeps/WaveshareESP32S3LCD2/lvgl/src/lv_conf_kconfig.h:15,
                 from C:/Users/Louis/Desktop/Code/FPVGate/.pio/libdeps/WaveshareESP32S3LCD2/lvgl/src/lv_conf_internal.h:15,
                 from .pio/libdeps/WaveshareESP32S3LCD2/lvgl/src/extra/libs/fsdrv/../../../../src/misc/lv_log.h:16,
                 from .pio/libdeps/WaveshareESP32S3LCD2/lvgl/src/extra/libs/fsdrv/../../../../lvgl.h:25,
                 from .pio/libdeps/WaveshareESP32S3LCD2/lvgl/src/extra/libs/fsdrv/../../../lvgl.h:17,
                 from .pio/libdeps/WaveshareESP32S3LCD2/lvgl/src/extra/libs/fsdrv/lv_fs_win32.c:9:
C:/Users/Louis/.platformio/packages/framework-arduinoespressif32-libs/esp32s3/qio_opi/include/sdkconfig.h:1094:9: warning: "CONFIG_ESP_TASK_WDT_EN" redefined
 1094 | #define CONFIG_ESP_TASK_WDT_EN 1
      |         ^~~~~~~~~~~~~~~~~~~~~~
<command-line>: note: this is the location of the previous definition
C:/Users/Louis/.platformio/packages/framework-arduinoespressif32-libs/esp32s3/qio_opi/include/sdkconfig.h:1095:9: warning: "CONFIG_ESP_TASK_WDT_INIT" redefined
 1095 | #define CONFIG_ESP_TASK_WDT_INIT 1
      |         ^~~~~~~~~~~~~~~~~~~~~~~~
<command-line>: note: this is the location of the previous definition
C:/Users/Louis/.platformio/packages/framework-arduinoespressif32-libs/esp32s3/qio_opi/include/sdkconfig.h:1098:9: warning: "CONFIG_ESP_TASK_WDT_CHECK_IDLE_TASK_CPU0" redefined
 1098 | #define CONFIG_ESP_TASK_WDT_CHECK_IDLE_TASK_CPU0 1
      |         ^~~~~~~~~~~~~~~~~~~~~~~~~~~~~~~~~~~~~~~~
<command-line>: note: this is the location of the previous definition
C:/Users/Louis/.platformio/packages/framework-arduinoespressif32-libs/esp32s3/qio_opi/include/sdkconfig.h:1155:9: warning: "CONFIG_ESP_COREDUMP_ENABLE" redefined
 1155 | #define CONFIG_ESP_COREDUMP_ENABLE 1
      |         ^~~~~~~~~~~~~~~~~~~~~~~~~~
<command-line>: note: this is the location of the previous definition
C:/Users/Louis/.platformio/packages/framework-arduinoespressif32-libs/esp32s3/qio_opi/include/sdkconfig.h:1879:9: warning: "CONFIG_ESP32S3_SPIRAM_SUPPORT" redefined
 1879 | #define CONFIG_ESP32S3_SPIRAM_SUPPORT CONFIG_SPIRAM
      |         ^~~~~~~~~~~~~~~~~~~~~~~~~~~~~
<command-line>: note: this is the location of the previous definition
Compiling .pio\build\WaveshareESP32S3LCD2\lib020\lvgl\extra\libs\qrcode\qrcodegen.c.o
In file included from .pio/libdeps/WaveshareESP32S3LCD2/lvgl/src/extra/libs/gif/../../../misc/../lv_conf_kconfig.h:15,
                 from .pio/libdeps/WaveshareESP32S3LCD2/lvgl/src/extra/libs/gif/../../../misc/../lv_conf_internal.h:15,
                 from .pio/libdeps/WaveshareESP32S3LCD2/lvgl/src/extra/libs/gif/../../../misc/lv_fs.h:16,
                 from .pio/libdeps/WaveshareESP32S3LCD2/lvgl/src/extra/libs/gif/gifdec.h:5,
                 from .pio/libdeps/WaveshareESP32S3LCD2/lvgl/src/extra/libs/gif/gifdec.c:1:
C:/Users/Louis/.platformio/packages/framework-arduinoespressif32-libs/esp32s3/qio_opi/include/sdkconfig.h:1094:9: warning: "CONFIG_ESP_TASK_WDT_EN" redefined
 1094 | #define CONFIG_ESP_TASK_WDT_EN 1
      |         ^~~~~~~~~~~~~~~~~~~~~~
<command-line>: note: this is the location of the previous definition
C:/Users/Louis/.platformio/packages/framework-arduinoespressif32-libs/esp32s3/qio_opi/include/sdkconfig.h:1095:9: warning: "CONFIG_ESP_TASK_WDT_INIT" redefined
 1095 | #define CONFIG_ESP_TASK_WDT_INIT 1
      |         ^~~~~~~~~~~~~~~~~~~~~~~~
<command-line>: note: this is the location of the previous definition
C:/Users/Louis/.platformio/packages/framework-arduinoespressif32-libs/esp32s3/qio_opi/include/sdkconfig.h:1098:9: warning: "CONFIG_ESP_TASK_WDT_CHECK_IDLE_TASK_CPU0" redefined
 1098 | #define CONFIG_ESP_TASK_WDT_CHECK_IDLE_TASK_CPU0 1
      |         ^~~~~~~~~~~~~~~~~~~~~~~~~~~~~~~~~~~~~~~~
<command-line>: note: this is the location of the previous definition
C:/Users/Louis/.platformio/packages/framework-arduinoespressif32-libs/esp32s3/qio_opi/include/sdkconfig.h:1155:9: warning: "CONFIG_ESP_COREDUMP_ENABLE" redefined
 1155 | #define CONFIG_ESP_COREDUMP_ENABLE 1
      |         ^~~~~~~~~~~~~~~~~~~~~~~~~~
<command-line>: note: this is the location of the previous definition
C:/Users/Louis/.platformio/packages/framework-arduinoespressif32-libs/esp32s3/qio_opi/include/sdkconfig.h:1879:9: warning: "CONFIG_ESP32S3_SPIRAM_SUPPORT" redefined
 1879 | #define CONFIG_ESP32S3_SPIRAM_SUPPORT CONFIG_SPIRAM
      |         ^~~~~~~~~~~~~~~~~~~~~~~~~~~~~
<command-line>: note: this is the location of the previous definition
Compiling .pio\build\WaveshareESP32S3LCD2\lib020\lvgl\extra\libs\rlottie\lv_rlottie.c.o
In file included from C:/Users/Louis/Desktop/Code/FPVGate/.pio/libdeps/WaveshareESP32S3LCD2/lvgl/src/lv_conf_kconfig.h:15,
                 from C:/Users/Louis/Desktop/Code/FPVGate/.pio/libdeps/WaveshareESP32S3LCD2/lvgl/src/lv_conf_internal.h:15,
                 from .pio/libdeps/WaveshareESP32S3LCD2/lvgl/src/extra/libs/qrcode/../../../../src/misc/lv_log.h:16,
                 from .pio/libdeps/WaveshareESP32S3LCD2/lvgl/src/extra/libs/qrcode/../../../../lvgl.h:25,
                 from .pio/libdeps/WaveshareESP32S3LCD2/lvgl/src/extra/libs/qrcode/../../../lvgl.h:17,
                 from .pio/libdeps/WaveshareESP32S3LCD2/lvgl/src/extra/libs/qrcode/lv_qrcode.h:16,
                 from .pio/libdeps/WaveshareESP32S3LCD2/lvgl/src/extra/libs/qrcode/lv_qrcode.c:9:
C:/Users/Louis/.platformio/packages/framework-arduinoespressif32-libs/esp32s3/qio_opi/include/sdkconfig.h:1094:9: warning: "CONFIG_ESP_TASK_WDT_EN" redefined
 1094 | #define CONFIG_ESP_TASK_WDT_EN 1
      |         ^~~~~~~~~~~~~~~~~~~~~~
<command-line>: note: this is the location of the previous definition
C:/Users/Louis/.platformio/packages/framework-arduinoespressif32-libs/esp32s3/qio_opi/include/sdkconfig.h:1095:9: warning: "CONFIG_ESP_TASK_WDT_INIT" redefined
 1095 | #define CONFIG_ESP_TASK_WDT_INIT 1
      |         ^~~~~~~~~~~~~~~~~~~~~~~~
<command-line>: note: this is the location of the previous definition
C:/Users/Louis/.platformio/packages/framework-arduinoespressif32-libs/esp32s3/qio_opi/include/sdkconfig.h:1098:9: warning: "CONFIG_ESP_TASK_WDT_CHECK_IDLE_TASK_CPU0" redefined
 1098 | #define CONFIG_ESP_TASK_WDT_CHECK_IDLE_TASK_CPU0 1
      |         ^~~~~~~~~~~~~~~~~~~~~~~~~~~~~~~~~~~~~~~~
<command-line>: note: this is the location of the previous definition
C:/Users/Louis/.platformio/packages/framework-arduinoespressif32-libs/esp32s3/qio_opi/include/sdkconfig.h:1155:9: warning: "CONFIG_ESP_COREDUMP_ENABLE" redefined
 1155 | #define CONFIG_ESP_COREDUMP_ENABLE 1
      |         ^~~~~~~~~~~~~~~~~~~~~~~~~~
<command-line>: note: this is the location of the previous definition
C:/Users/Louis/.platformio/packages/framework-arduinoespressif32-libs/esp32s3/qio_opi/include/sdkconfig.h:1879:9: warning: "CONFIG_ESP32S3_SPIRAM_SUPPORT" redefined
 1879 | #define CONFIG_ESP32S3_SPIRAM_SUPPORT CONFIG_SPIRAM
      |         ^~~~~~~~~~~~~~~~~~~~~~~~~~~~~
<command-line>: note: this is the location of the previous definition
In file included from C:/Users/Louis/Desktop/Code/FPVGate/.pio/libdeps/WaveshareESP32S3LCD2/lvgl/src/lv_conf_kconfig.h:15,
                 from C:/Users/Louis/Desktop/Code/FPVGate/.pio/libdeps/WaveshareESP32S3LCD2/lvgl/src/lv_conf_internal.h:15,
                 from .pio/libdeps/WaveshareESP32S3LCD2/lvgl/src/extra/libs/gif/../../../../src/misc/lv_log.h:16,
                 from .pio/libdeps/WaveshareESP32S3LCD2/lvgl/src/extra/libs/gif/../../../../lvgl.h:25,
                 from .pio/libdeps/WaveshareESP32S3LCD2/lvgl/src/extra/libs/gif/../../../lvgl.h:17,
                 from .pio/libdeps/WaveshareESP32S3LCD2/lvgl/src/extra/libs/gif/lv_gif.h:17,
                 from .pio/libdeps/WaveshareESP32S3LCD2/lvgl/src/extra/libs/gif/lv_gif.c:9:
C:/Users/Louis/.platformio/packages/framework-arduinoespressif32-libs/esp32s3/qio_opi/include/sdkconfig.h:1094:9: warning: "CONFIG_ESP_TASK_WDT_EN" redefined
 1094 | #define CONFIG_ESP_TASK_WDT_EN 1
      |         ^~~~~~~~~~~~~~~~~~~~~~
<command-line>: note: this is the location of the previous definition
C:/Users/Louis/.platformio/packages/framework-arduinoespressif32-libs/esp32s3/qio_opi/include/sdkconfig.h:1095:9: warning: "CONFIG_ESP_TASK_WDT_INIT" redefined
 1095 | #define CONFIG_ESP_TASK_WDT_INIT 1
      |         ^~~~~~~~~~~~~~~~~~~~~~~~
<command-line>: note: this is the location of the previous definition
C:/Users/Louis/.platformio/packages/framework-arduinoespressif32-libs/esp32s3/qio_opi/include/sdkconfig.h:1098:9: warning: "CONFIG_ESP_TASK_WDT_CHECK_IDLE_TASK_CPU0" redefined
 1098 | #define CONFIG_ESP_TASK_WDT_CHECK_IDLE_TASK_CPU0 1
      |         ^~~~~~~~~~~~~~~~~~~~~~~~~~~~~~~~~~~~~~~~
<command-line>: note: this is the location of the previous definition
C:/Users/Louis/.platformio/packages/framework-arduinoespressif32-libs/esp32s3/qio_opi/include/sdkconfig.h:1155:9: warning: "CONFIG_ESP_COREDUMP_ENABLE" redefined
 1155 | #define CONFIG_ESP_COREDUMP_ENABLE 1
      |         ^~~~~~~~~~~~~~~~~~~~~~~~~~
<command-line>: note: this is the location of the previous definition
C:/Users/Louis/.platformio/packages/framework-arduinoespressif32-libs/esp32s3/qio_opi/include/sdkconfig.h:1879:9: warning: "CONFIG_ESP32S3_SPIRAM_SUPPORT" redefined
 1879 | #define CONFIG_ESP32S3_SPIRAM_SUPPORT CONFIG_SPIRAM
      |         ^~~~~~~~~~~~~~~~~~~~~~~~~~~~~
<command-line>: note: this is the location of the previous definition
In file included from C:/Users/Louis/Desktop/Code/FPVGate/.pio/libdeps/WaveshareESP32S3LCD2/lvgl/src/lv_conf_kconfig.h:15,
                 from C:/Users/Louis/Desktop/Code/FPVGate/.pio/libdeps/WaveshareESP32S3LCD2/lvgl/src/lv_conf_internal.h:15,
                 from .pio/libdeps/WaveshareESP32S3LCD2/lvgl/src/extra/libs/png/../../../../src/misc/lv_log.h:16,
                 from .pio/libdeps/WaveshareESP32S3LCD2/lvgl/src/extra/libs/png/../../../../lvgl.h:25,
                 from .pio/libdeps/WaveshareESP32S3LCD2/lvgl/src/extra/libs/png/../../../lvgl.h:17,
                 from .pio/libdeps/WaveshareESP32S3LCD2/lvgl/src/extra/libs/png/lv_png.c:9:
C:/Users/Louis/.platformio/packages/framework-arduinoespressif32-libs/esp32s3/qio_opi/include/sdkconfig.h:1094:9: warning: "CONFIG_ESP_TASK_WDT_EN" redefined
 1094 | #define CONFIG_ESP_TASK_WDT_EN 1
      |         ^~~~~~~~~~~~~~~~~~~~~~
<command-line>: note: this is the location of the previous definition
C:/Users/Louis/.platformio/packages/framework-arduinoespressif32-libs/esp32s3/qio_opi/include/sdkconfig.h:1095:9: warning: "CONFIG_ESP_TASK_WDT_INIT" redefined
 1095 | #define CONFIG_ESP_TASK_WDT_INIT 1
      |         ^~~~~~~~~~~~~~~~~~~~~~~~
<command-line>: note: this is the location of the previous definition
C:/Users/Louis/.platformio/packages/framework-arduinoespressif32-libs/esp32s3/qio_opi/include/sdkconfig.h:1098:9: warning: "CONFIG_ESP_TASK_WDT_CHECK_IDLE_TASK_CPU0" redefined
 1098 | #define CONFIG_ESP_TASK_WDT_CHECK_IDLE_TASK_CPU0 1
      |         ^~~~~~~~~~~~~~~~~~~~~~~~~~~~~~~~~~~~~~~~
<command-line>: note: this is the location of the previous definition
C:/Users/Louis/.platformio/packages/framework-arduinoespressif32-libs/esp32s3/qio_opi/include/sdkconfig.h:1155:9: warning: "CONFIG_ESP_COREDUMP_ENABLE" redefined
 1155 | #define CONFIG_ESP_COREDUMP_ENABLE 1
      |         ^~~~~~~~~~~~~~~~~~~~~~~~~~
<command-line>: note: this is the location of the previous definition
C:/Users/Louis/.platformio/packages/framework-arduinoespressif32-libs/esp32s3/qio_opi/include/sdkconfig.h:1879:9: warning: "CONFIG_ESP32S3_SPIRAM_SUPPORT" redefined
 1879 | #define CONFIG_ESP32S3_SPIRAM_SUPPORT CONFIG_SPIRAM
      |         ^~~~~~~~~~~~~~~~~~~~~~~~~~~~~
<command-line>: note: this is the location of the previous definition
Compiling .pio\build\WaveshareESP32S3LCD2\lib020\lvgl\extra\libs\sjpg\lv_sjpg.c.o
Compiling .pio\build\WaveshareESP32S3LCD2\lib020\lvgl\extra\libs\sjpg\tjpgd.c.o
Compiling .pio\build\WaveshareESP32S3LCD2\lib020\lvgl\extra\libs\tiny_ttf\lv_tiny_ttf.c.o
In file included from C:/Users/Louis/Desktop/Code/FPVGate/.pio/libdeps/WaveshareESP32S3LCD2/lvgl/src/lv_conf_kconfig.h:15,
                 from C:/Users/Louis/Desktop/Code/FPVGate/.pio/libdeps/WaveshareESP32S3LCD2/lvgl/src/lv_conf_internal.h:15,
                 from .pio/libdeps/WaveshareESP32S3LCD2/lvgl/src/extra/libs/rlottie/../../../../src/misc/lv_log.h:16,
                 from .pio/libdeps/WaveshareESP32S3LCD2/lvgl/src/extra/libs/rlottie/../../../../lvgl.h:25,
                 from .pio/libdeps/WaveshareESP32S3LCD2/lvgl/src/extra/libs/rlottie/../../../lvgl.h:17,
                 from .pio/libdeps/WaveshareESP32S3LCD2/lvgl/src/extra/libs/rlottie/lv_rlottie.h:16,
                 from .pio/libdeps/WaveshareESP32S3LCD2/lvgl/src/extra/libs/rlottie/lv_rlottie.c:9:
C:/Users/Louis/.platformio/packages/framework-arduinoespressif32-libs/esp32s3/qio_opi/include/sdkconfig.h:1094:9: warning: "CONFIG_ESP_TASK_WDT_EN" redefined
 1094 | #define CONFIG_ESP_TASK_WDT_EN 1
      |         ^~~~~~~~~~~~~~~~~~~~~~
<command-line>: note: this is the location of the previous definition
C:/Users/Louis/.platformio/packages/framework-arduinoespressif32-libs/esp32s3/qio_opi/include/sdkconfig.h:1095:9: warning: "CONFIG_ESP_TASK_WDT_INIT" redefined
 1095 | #define CONFIG_ESP_TASK_WDT_INIT 1
      |         ^~~~~~~~~~~~~~~~~~~~~~~~
<command-line>: note: this is the location of the previous definition
C:/Users/Louis/.platformio/packages/framework-arduinoespressif32-libs/esp32s3/qio_opi/include/sdkconfig.h:1098:9: warning: "CONFIG_ESP_TASK_WDT_CHECK_IDLE_TASK_CPU0" redefined
 1098 | #define CONFIG_ESP_TASK_WDT_CHECK_IDLE_TASK_CPU0 1
      |         ^~~~~~~~~~~~~~~~~~~~~~~~~~~~~~~~~~~~~~~~
<command-line>: note: this is the location of the previous definition
C:/Users/Louis/.platformio/packages/framework-arduinoespressif32-libs/esp32s3/qio_opi/include/sdkconfig.h:1155:9: warning: "CONFIG_ESP_COREDUMP_ENABLE" redefined
 1155 | #define CONFIG_ESP_COREDUMP_ENABLE 1
      |         ^~~~~~~~~~~~~~~~~~~~~~~~~~
<command-line>: note: this is the location of the previous definition
C:/Users/Louis/.platformio/packages/framework-arduinoespressif32-libs/esp32s3/qio_opi/include/sdkconfig.h:1879:9: warning: "CONFIG_ESP32S3_SPIRAM_SUPPORT" redefined
 1879 | #define CONFIG_ESP32S3_SPIRAM_SUPPORT CONFIG_SPIRAM
      |         ^~~~~~~~~~~~~~~~~~~~~~~~~~~~~
<command-line>: note: this is the location of the previous definition
Compiling .pio\build\WaveshareESP32S3LCD2\lib020\lvgl\extra\lv_extra.c.o
Compiling .pio\build\WaveshareESP32S3LCD2\lib020\lvgl\extra\others\fragment\lv_fragment.c.o
In file included from C:/Users/Louis/Desktop/Code/FPVGate/.pio/libdeps/WaveshareESP32S3LCD2/lvgl/src/lv_conf_kconfig.h:15,
                 from C:/Users/Louis/Desktop/Code/FPVGate/.pio/libdeps/WaveshareESP32S3LCD2/lvgl/src/lv_conf_internal.h:15,
                 from .pio/libdeps/WaveshareESP32S3LCD2/lvgl/src/extra/libs/sjpg/../../../../src/misc/lv_log.h:16,
                 from .pio/libdeps/WaveshareESP32S3LCD2/lvgl/src/extra/libs/sjpg/../../../../lvgl.h:25,
                 from .pio/libdeps/WaveshareESP32S3LCD2/lvgl/src/extra/libs/sjpg/../../../lvgl.h:17,
                 from .pio/libdeps/WaveshareESP32S3LCD2/lvgl/src/extra/libs/sjpg/lv_sjpg.c:48:
C:/Users/Louis/.platformio/packages/framework-arduinoespressif32-libs/esp32s3/qio_opi/include/sdkconfig.h:1094:9: warning: "CONFIG_ESP_TASK_WDT_EN" redefined
 1094 | #define CONFIG_ESP_TASK_WDT_EN 1
      |         ^~~~~~~~~~~~~~~~~~~~~~
<command-line>: note: this is the location of the previous definition
C:/Users/Louis/.platformio/packages/framework-arduinoespressif32-libs/esp32s3/qio_opi/include/sdkconfig.h:1095:9: warning: "CONFIG_ESP_TASK_WDT_INIT" redefined
 1095 | #define CONFIG_ESP_TASK_WDT_INIT 1
      |         ^~~~~~~~~~~~~~~~~~~~~~~~
<command-line>: note: this is the location of the previous definition
C:/Users/Louis/.platformio/packages/framework-arduinoespressif32-libs/esp32s3/qio_opi/include/sdkconfig.h:1098:9: warning: "CONFIG_ESP_TASK_WDT_CHECK_IDLE_TASK_CPU0" redefined
 1098 | #define CONFIG_ESP_TASK_WDT_CHECK_IDLE_TASK_CPU0 1
      |         ^~~~~~~~~~~~~~~~~~~~~~~~~~~~~~~~~~~~~~~~
<command-line>: note: this is the location of the previous definition
C:/Users/Louis/.platformio/packages/framework-arduinoespressif32-libs/esp32s3/qio_opi/include/sdkconfig.h:1155:9: warning: "CONFIG_ESP_COREDUMP_ENABLE" redefined
 1155 | #define CONFIG_ESP_COREDUMP_ENABLE 1
      |         ^~~~~~~~~~~~~~~~~~~~~~~~~~
<command-line>: note: this is the location of the previous definition
C:/Users/Louis/.platformio/packages/framework-arduinoespressif32-libs/esp32s3/qio_opi/include/sdkconfig.h:1879:9: warning: "CONFIG_ESP32S3_SPIRAM_SUPPORT" redefined
 1879 | #define CONFIG_ESP32S3_SPIRAM_SUPPORT CONFIG_SPIRAM
      |         ^~~~~~~~~~~~~~~~~~~~~~~~~~~~~
<command-line>: note: this is the location of the previous definition
Compiling .pio\build\WaveshareESP32S3LCD2\lib020\lvgl\extra\others\fragment\lv_fragment_manager.c.o
Compiling .pio\build\WaveshareESP32S3LCD2\lib020\lvgl\extra\others\gridnav\lv_gridnav.c.o
Compiling .pio\build\WaveshareESP32S3LCD2\lib020\lvgl\extra\others\ime\lv_ime_pinyin.c.o
In file included from .pio/libdeps/WaveshareESP32S3LCD2/lvgl/src/extra/libs/sjpg/../../../lv_conf_kconfig.h:15,
                 from .pio/libdeps/WaveshareESP32S3LCD2/lvgl/src/extra/libs/sjpg/../../../lv_conf_internal.h:15,
                 from .pio/libdeps/WaveshareESP32S3LCD2/lvgl/src/extra/libs/sjpg/tjpgd.h:11,
                 from .pio/libdeps/WaveshareESP32S3LCD2/lvgl/src/extra/libs/sjpg/tjpgd.c:27:
C:/Users/Louis/.platformio/packages/framework-arduinoespressif32-libs/esp32s3/qio_opi/include/sdkconfig.h:1094:9: warning: "CONFIG_ESP_TASK_WDT_EN" redefined
 1094 | #define CONFIG_ESP_TASK_WDT_EN 1
      |         ^~~~~~~~~~~~~~~~~~~~~~
<command-line>: note: this is the location of the previous definition
C:/Users/Louis/.platformio/packages/framework-arduinoespressif32-libs/esp32s3/qio_opi/include/sdkconfig.h:1095:9: warning: "CONFIG_ESP_TASK_WDT_INIT" redefined
 1095 | #define CONFIG_ESP_TASK_WDT_INIT 1
      |         ^~~~~~~~~~~~~~~~~~~~~~~~
<command-line>: note: this is the location of the previous definition
C:/Users/Louis/.platformio/packages/framework-arduinoespressif32-libs/esp32s3/qio_opi/include/sdkconfig.h:1098:9: warning: "CONFIG_ESP_TASK_WDT_CHECK_IDLE_TASK_CPU0" redefined
 1098 | #define CONFIG_ESP_TASK_WDT_CHECK_IDLE_TASK_CPU0 1
      |         ^~~~~~~~~~~~~~~~~~~~~~~~~~~~~~~~~~~~~~~~
<command-line>: note: this is the location of the previous definition
C:/Users/Louis/.platformio/packages/framework-arduinoespressif32-libs/esp32s3/qio_opi/include/sdkconfig.h:1155:9: warning: "CONFIG_ESP_COREDUMP_ENABLE" redefined
 1155 | #define CONFIG_ESP_COREDUMP_ENABLE 1
      |         ^~~~~~~~~~~~~~~~~~~~~~~~~~
<command-line>: note: this is the location of the previous definition
C:/Users/Louis/.platformio/packages/framework-arduinoespressif32-libs/esp32s3/qio_opi/include/sdkconfig.h:1879:9: warning: "CONFIG_ESP32S3_SPIRAM_SUPPORT" redefined
 1879 | #define CONFIG_ESP32S3_SPIRAM_SUPPORT CONFIG_SPIRAM
      |         ^~~~~~~~~~~~~~~~~~~~~~~~~~~~~
<command-line>: note: this is the location of the previous definition
Compiling .pio\build\WaveshareESP32S3LCD2\lib020\lvgl\extra\others\imgfont\lv_imgfont.c.o
In file included from C:/Users/Louis/Desktop/Code/FPVGate/.pio/libdeps/WaveshareESP32S3LCD2/lvgl/src/lv_conf_kconfig.h:15,
                 from C:/Users/Louis/Desktop/Code/FPVGate/.pio/libdeps/WaveshareESP32S3LCD2/lvgl/src/lv_conf_internal.h:15,
                 from .pio/libdeps/WaveshareESP32S3LCD2/lvgl/src/extra/libs/tiny_ttf/../../../../src/misc/lv_log.h:16,
                 from .pio/libdeps/WaveshareESP32S3LCD2/lvgl/src/extra/libs/tiny_ttf/../../../../lvgl.h:25,
                 from .pio/libdeps/WaveshareESP32S3LCD2/lvgl/src/extra/libs/tiny_ttf/../../../lvgl.h:17,
                 from .pio/libdeps/WaveshareESP32S3LCD2/lvgl/src/extra/libs/tiny_ttf/lv_tiny_ttf.h:16,
                 from .pio/libdeps/WaveshareESP32S3LCD2/lvgl/src/extra/libs/tiny_ttf/lv_tiny_ttf.c:1:
C:/Users/Louis/.platformio/packages/framework-arduinoespressif32-libs/esp32s3/qio_opi/include/sdkconfig.h:1094:9: warning: "CONFIG_ESP_TASK_WDT_EN" redefined
 1094 | #define CONFIG_ESP_TASK_WDT_EN 1
      |         ^~~~~~~~~~~~~~~~~~~~~~
<command-line>: note: this is the location of the previous definition
C:/Users/Louis/.platformio/packages/framework-arduinoespressif32-libs/esp32s3/qio_opi/include/sdkconfig.h:1095:9: warning: "CONFIG_ESP_TASK_WDT_INIT" redefined
 1095 | #define CONFIG_ESP_TASK_WDT_INIT 1
      |         ^~~~~~~~~~~~~~~~~~~~~~~~
<command-line>: note: this is the location of the previous definition
C:/Users/Louis/.platformio/packages/framework-arduinoespressif32-libs/esp32s3/qio_opi/include/sdkconfig.h:1098:9: warning: "CONFIG_ESP_TASK_WDT_CHECK_IDLE_TASK_CPU0" redefined
 1098 | #define CONFIG_ESP_TASK_WDT_CHECK_IDLE_TASK_CPU0 1
      |         ^~~~~~~~~~~~~~~~~~~~~~~~~~~~~~~~~~~~~~~~
<command-line>: note: this is the location of the previous definition
C:/Users/Louis/.platformio/packages/framework-arduinoespressif32-libs/esp32s3/qio_opi/include/sdkconfig.h:1155:9: warning: "CONFIG_ESP_COREDUMP_ENABLE" redefined
 1155 | #define CONFIG_ESP_COREDUMP_ENABLE 1
      |         ^~~~~~~~~~~~~~~~~~~~~~~~~~
<command-line>: note: this is the location of the previous definition
C:/Users/Louis/.platformio/packages/framework-arduinoespressif32-libs/esp32s3/qio_opi/include/sdkconfig.h:1879:9: warning: "CONFIG_ESP32S3_SPIRAM_SUPPORT" redefined
 1879 | #define CONFIG_ESP32S3_SPIRAM_SUPPORT CONFIG_SPIRAM
      |         ^~~~~~~~~~~~~~~~~~~~~~~~~~~~~
<command-line>: note: this is the location of the previous definition
Compiling .pio\build\WaveshareESP32S3LCD2\lib020\lvgl\extra\others\monkey\lv_monkey.c.o
Compiling .pio\build\WaveshareESP32S3LCD2\lib020\lvgl\extra\others\msg\lv_msg.c.o
Compiling .pio\build\WaveshareESP32S3LCD2\lib020\lvgl\extra\others\snapshot\lv_snapshot.c.o
In file included from .pio/libdeps/WaveshareESP32S3LCD2/lvgl/src/extra/others/fragment/../../../lv_conf_kconfig.h:15,
                 from .pio/libdeps/WaveshareESP32S3LCD2/lvgl/src/extra/others/fragment/../../../lv_conf_internal.h:15,
                 from .pio/libdeps/WaveshareESP32S3LCD2/lvgl/src/extra/others/fragment/lv_fragment.h:16,
                 from .pio/libdeps/WaveshareESP32S3LCD2/lvgl/src/extra/others/fragment/lv_fragment.c:10:
C:/Users/Louis/.platformio/packages/framework-arduinoespressif32-libs/esp32s3/qio_opi/include/sdkconfig.h:1094:9: warning: "CONFIG_ESP_TASK_WDT_EN" redefined
 1094 | #define CONFIG_ESP_TASK_WDT_EN 1
      |         ^~~~~~~~~~~~~~~~~~~~~~
<command-line>: note: this is the location of the previous definition
C:/Users/Louis/.platformio/packages/framework-arduinoespressif32-libs/esp32s3/qio_opi/include/sdkconfig.h:1095:9: warning: "CONFIG_ESP_TASK_WDT_INIT" redefined
 1095 | #define CONFIG_ESP_TASK_WDT_INIT 1
      |         ^~~~~~~~~~~~~~~~~~~~~~~~
<command-line>: note: this is the location of the previous definition
C:/Users/Louis/.platformio/packages/framework-arduinoespressif32-libs/esp32s3/qio_opi/include/sdkconfig.h:1098:9: warning: "CONFIG_ESP_TASK_WDT_CHECK_IDLE_TASK_CPU0" redefined
 1098 | #define CONFIG_ESP_TASK_WDT_CHECK_IDLE_TASK_CPU0 1
      |         ^~~~~~~~~~~~~~~~~~~~~~~~~~~~~~~~~~~~~~~~
<command-line>: note: this is the location of the previous definition
C:/Users/Louis/.platformio/packages/framework-arduinoespressif32-libs/esp32s3/qio_opi/include/sdkconfig.h:1155:9: warning: "CONFIG_ESP_COREDUMP_ENABLE" redefined
 1155 | #define CONFIG_ESP_COREDUMP_ENABLE 1
      |         ^~~~~~~~~~~~~~~~~~~~~~~~~~
<command-line>: note: this is the location of the previous definition
C:/Users/Louis/.platformio/packages/framework-arduinoespressif32-libs/esp32s3/qio_opi/include/sdkconfig.h:1879:9: warning: "CONFIG_ESP32S3_SPIRAM_SUPPORT" redefined
 1879 | #define CONFIG_ESP32S3_SPIRAM_SUPPORT CONFIG_SPIRAM
      |         ^~~~~~~~~~~~~~~~~~~~~~~~~~~~~
<command-line>: note: this is the location of the previous definition
Compiling .pio\build\WaveshareESP32S3LCD2\lib020\lvgl\extra\themes\basic\lv_theme_basic.c.o
In file included from .pio/libdeps/WaveshareESP32S3LCD2/lvgl/src/extra/../../src/misc/../lv_conf_kconfig.h:15,
                 from .pio/libdeps/WaveshareESP32S3LCD2/lvgl/src/extra/../../src/misc/../lv_conf_internal.h:15,
                 from .pio/libdeps/WaveshareESP32S3LCD2/lvgl/src/extra/../../src/misc/lv_log.h:16,
                 from .pio/libdeps/WaveshareESP32S3LCD2/lvgl/src/extra/../../lvgl.h:25,
                 from .pio/libdeps/WaveshareESP32S3LCD2/lvgl/src/extra/../lvgl.h:17,
                 from .pio/libdeps/WaveshareESP32S3LCD2/lvgl/src/extra/lv_extra.c:9:
C:/Users/Louis/.platformio/packages/framework-arduinoespressif32-libs/esp32s3/qio_opi/include/sdkconfig.h:1094:9: warning: "CONFIG_ESP_TASK_WDT_EN" redefined
 1094 | #define CONFIG_ESP_TASK_WDT_EN 1
      |         ^~~~~~~~~~~~~~~~~~~~~~
<command-line>: note: this is the location of the previous definition
C:/Users/Louis/.platformio/packages/framework-arduinoespressif32-libs/esp32s3/qio_opi/include/sdkconfig.h:1095:9: warning: "CONFIG_ESP_TASK_WDT_INIT" redefined
 1095 | #define CONFIG_ESP_TASK_WDT_INIT 1
      |         ^~~~~~~~~~~~~~~~~~~~~~~~
<command-line>: note: this is the location of the previous definition
C:/Users/Louis/.platformio/packages/framework-arduinoespressif32-libs/esp32s3/qio_opi/include/sdkconfig.h:1098:9: warning: "CONFIG_ESP_TASK_WDT_CHECK_IDLE_TASK_CPU0" redefined
 1098 | #define CONFIG_ESP_TASK_WDT_CHECK_IDLE_TASK_CPU0 1
      |         ^~~~~~~~~~~~~~~~~~~~~~~~~~~~~~~~~~~~~~~~
<command-line>: note: this is the location of the previous definition
C:/Users/Louis/.platformio/packages/framework-arduinoespressif32-libs/esp32s3/qio_opi/include/sdkconfig.h:1155:9: warning: "CONFIG_ESP_COREDUMP_ENABLE" redefined
 1155 | #define CONFIG_ESP_COREDUMP_ENABLE 1
      |         ^~~~~~~~~~~~~~~~~~~~~~~~~~
<command-line>: note: this is the location of the previous definition
C:/Users/Louis/.platformio/packages/framework-arduinoespressif32-libs/esp32s3/qio_opi/include/sdkconfig.h:1879:9: warning: "CONFIG_ESP32S3_SPIRAM_SUPPORT" redefined
 1879 | #define CONFIG_ESP32S3_SPIRAM_SUPPORT CONFIG_SPIRAM
      |         ^~~~~~~~~~~~~~~~~~~~~~~~~~~~~
<command-line>: note: this is the location of the previous definition
Compiling .pio\build\WaveshareESP32S3LCD2\lib020\lvgl\extra\themes\default\lv_theme_default.c.o
Compiling .pio\build\WaveshareESP32S3LCD2\lib020\lvgl\extra\themes\mono\lv_theme_mono.c.o
In file included from C:/Users/Louis/Desktop/Code/FPVGate/.pio/libdeps/WaveshareESP32S3LCD2/lvgl/src/lv_conf_kconfig.h:15,
                 from C:/Users/Louis/Desktop/Code/FPVGate/.pio/libdeps/WaveshareESP32S3LCD2/lvgl/src/lv_conf_internal.h:15,
                 from .pio/libdeps/WaveshareESP32S3LCD2/lvgl/src/extra/others/gridnav/../../../core/lv_obj.h:16,
                 from .pio/libdeps/WaveshareESP32S3LCD2/lvgl/src/extra/others/gridnav/lv_gridnav.h:56,
                 from .pio/libdeps/WaveshareESP32S3LCD2/lvgl/src/extra/others/gridnav/lv_gridnav.c:9:
C:/Users/Louis/.platformio/packages/framework-arduinoespressif32-libs/esp32s3/qio_opi/include/sdkconfig.h:1094:9: warning: "CONFIG_ESP_TASK_WDT_EN" redefined
 1094 | #define CONFIG_ESP_TASK_WDT_EN 1
      |         ^~~~~~~~~~~~~~~~~~~~~~
<command-line>: note: this is the location of the previous definition
C:/Users/Louis/.platformio/packages/framework-arduinoespressif32-libs/esp32s3/qio_opi/include/sdkconfig.h:1095:9: warning: "CONFIG_ESP_TASK_WDT_INIT" redefined
 1095 | #define CONFIG_ESP_TASK_WDT_INIT 1
      |         ^~~~~~~~~~~~~~~~~~~~~~~~
<command-line>: note: this is the location of the previous definition
C:/Users/Louis/.platformio/packages/framework-arduinoespressif32-libs/esp32s3/qio_opi/include/sdkconfig.h:1098:9: warning: "CONFIG_ESP_TASK_WDT_CHECK_IDLE_TASK_CPU0" redefined
 1098 | #define CONFIG_ESP_TASK_WDT_CHECK_IDLE_TASK_CPU0 1
      |         ^~~~~~~~~~~~~~~~~~~~~~~~~~~~~~~~~~~~~~~~
<command-line>: note: this is the location of the previous definition
C:/Users/Louis/.platformio/packages/framework-arduinoespressif32-libs/esp32s3/qio_opi/include/sdkconfig.h:1155:9: warning: "CONFIG_ESP_COREDUMP_ENABLE" redefined
 1155 | #define CONFIG_ESP_COREDUMP_ENABLE 1
      |         ^~~~~~~~~~~~~~~~~~~~~~~~~~
<command-line>: note: this is the location of the previous definition
C:/Users/Louis/.platformio/packages/framework-arduinoespressif32-libs/esp32s3/qio_opi/include/sdkconfig.h:1879:9: warning: "CONFIG_ESP32S3_SPIRAM_SUPPORT" redefined
 1879 | #define CONFIG_ESP32S3_SPIRAM_SUPPORT CONFIG_SPIRAM
      |         ^~~~~~~~~~~~~~~~~~~~~~~~~~~~~
<command-line>: note: this is the location of the previous definition
In file included from .pio/libdeps/WaveshareESP32S3LCD2/lvgl/src/extra/others/fragment/../../../lv_conf_kconfig.h:15,
                 from .pio/libdeps/WaveshareESP32S3LCD2/lvgl/src/extra/others/fragment/../../../lv_conf_internal.h:15,
                 from .pio/libdeps/WaveshareESP32S3LCD2/lvgl/src/extra/others/fragment/lv_fragment.h:16,
                 from .pio/libdeps/WaveshareESP32S3LCD2/lvgl/src/extra/others/fragment/lv_fragment_manager.c:10:
C:/Users/Louis/.platformio/packages/framework-arduinoespressif32-libs/esp32s3/qio_opi/include/sdkconfig.h:1094:9: warning: "CONFIG_ESP_TASK_WDT_EN" redefined
 1094 | #define CONFIG_ESP_TASK_WDT_EN 1
      |         ^~~~~~~~~~~~~~~~~~~~~~
<command-line>: note: this is the location of the previous definition
C:/Users/Louis/.platformio/packages/framework-arduinoespressif32-libs/esp32s3/qio_opi/include/sdkconfig.h:1095:9: warning: "CONFIG_ESP_TASK_WDT_INIT" redefined
 1095 | #define CONFIG_ESP_TASK_WDT_INIT 1
      |         ^~~~~~~~~~~~~~~~~~~~~~~~
<command-line>: note: this is the location of the previous definition
C:/Users/Louis/.platformio/packages/framework-arduinoespressif32-libs/esp32s3/qio_opi/include/sdkconfig.h:1098:9: warning: "CONFIG_ESP_TASK_WDT_CHECK_IDLE_TASK_CPU0" redefined
 1098 | #define CONFIG_ESP_TASK_WDT_CHECK_IDLE_TASK_CPU0 1
      |         ^~~~~~~~~~~~~~~~~~~~~~~~~~~~~~~~~~~~~~~~
<command-line>: note: this is the location of the previous definition
C:/Users/Louis/.platformio/packages/framework-arduinoespressif32-libs/esp32s3/qio_opi/include/sdkconfig.h:1155:9: warning: "CONFIG_ESP_COREDUMP_ENABLE" redefined
 1155 | #define CONFIG_ESP_COREDUMP_ENABLE 1
      |         ^~~~~~~~~~~~~~~~~~~~~~~~~~
<command-line>: note: this is the location of the previous definition
C:/Users/Louis/.platformio/packages/framework-arduinoespressif32-libs/esp32s3/qio_opi/include/sdkconfig.h:1879:9: warning: "CONFIG_ESP32S3_SPIRAM_SUPPORT" redefined
 1879 | #define CONFIG_ESP32S3_SPIRAM_SUPPORT CONFIG_SPIRAM
      |         ^~~~~~~~~~~~~~~~~~~~~~~~~~~~~
<command-line>: note: this is the location of the previous definition
In file included from C:/Users/Louis/Desktop/Code/FPVGate/.pio/libdeps/WaveshareESP32S3LCD2/lvgl/src/lv_conf_kconfig.h:15,
                 from C:/Users/Louis/Desktop/Code/FPVGate/.pio/libdeps/WaveshareESP32S3LCD2/lvgl/src/lv_conf_internal.h:15,
                 from .pio/libdeps/WaveshareESP32S3LCD2/lvgl/src/extra/others/ime/../../../../src/misc/lv_log.h:16,
                 from .pio/libdeps/WaveshareESP32S3LCD2/lvgl/src/extra/others/ime/../../../../lvgl.h:25,
                 from .pio/libdeps/WaveshareESP32S3LCD2/lvgl/src/extra/others/ime/../../../lvgl.h:17,
                 from .pio/libdeps/WaveshareESP32S3LCD2/lvgl/src/extra/others/ime/lv_ime_pinyin.h:15,
                 from .pio/libdeps/WaveshareESP32S3LCD2/lvgl/src/extra/others/ime/lv_ime_pinyin.c:9:
C:/Users/Louis/.platformio/packages/framework-arduinoespressif32-libs/esp32s3/qio_opi/include/sdkconfig.h:1094:9: warning: "CONFIG_ESP_TASK_WDT_EN" redefined
 1094 | #define CONFIG_ESP_TASK_WDT_EN 1
      |         ^~~~~~~~~~~~~~~~~~~~~~
<command-line>: note: this is the location of the previous definition
C:/Users/Louis/.platformio/packages/framework-arduinoespressif32-libs/esp32s3/qio_opi/include/sdkconfig.h:1095:9: warning: "CONFIG_ESP_TASK_WDT_INIT" redefined
 1095 | #define CONFIG_ESP_TASK_WDT_INIT 1
      |         ^~~~~~~~~~~~~~~~~~~~~~~~
<command-line>: note: this is the location of the previous definition
C:/Users/Louis/.platformio/packages/framework-arduinoespressif32-libs/esp32s3/qio_opi/include/sdkconfig.h:1098:9: warning: "CONFIG_ESP_TASK_WDT_CHECK_IDLE_TASK_CPU0" redefined
 1098 | #define CONFIG_ESP_TASK_WDT_CHECK_IDLE_TASK_CPU0 1
      |         ^~~~~~~~~~~~~~~~~~~~~~~~~~~~~~~~~~~~~~~~
<command-line>: note: this is the location of the previous definition
C:/Users/Louis/.platformio/packages/framework-arduinoespressif32-libs/esp32s3/qio_opi/include/sdkconfig.h:1155:9: warning: "CONFIG_ESP_COREDUMP_ENABLE" redefined
 1155 | #define CONFIG_ESP_COREDUMP_ENABLE 1
      |         ^~~~~~~~~~~~~~~~~~~~~~~~~~
<command-line>: note: this is the location of the previous definition
C:/Users/Louis/.platformio/packages/framework-arduinoespressif32-libs/esp32s3/qio_opi/include/sdkconfig.h:1879:9: warning: "CONFIG_ESP32S3_SPIRAM_SUPPORT" redefined
 1879 | #define CONFIG_ESP32S3_SPIRAM_SUPPORT CONFIG_SPIRAM
      |         ^~~~~~~~~~~~~~~~~~~~~~~~~~~~~
<command-line>: note: this is the location of the previous definition
In file included from C:/Users/Louis/Desktop/Code/FPVGate/.pio/libdeps/WaveshareESP32S3LCD2/lvgl/src/lv_conf_kconfig.h:15,
                 from C:/Users/Louis/Desktop/Code/FPVGate/.pio/libdeps/WaveshareESP32S3LCD2/lvgl/src/lv_conf_internal.h:15,
                 from C:/Users/Louis/Desktop/Code/FPVGate/.pio/libdeps/WaveshareESP32S3LCD2/lvgl/src/misc/lv_log.h:16,
                 from C:/Users/Louis/Desktop/Code/FPVGate/.pio/libdeps/WaveshareESP32S3LCD2/lvgl/lvgl.h:25,
                 from .pio/libdeps/WaveshareESP32S3LCD2/lvgl/src/extra/others/imgfont/../../../lvgl.h:17,
                 from .pio/libdeps/WaveshareESP32S3LCD2/lvgl/src/extra/others/imgfont/lv_imgfont.h:16,
                 from .pio/libdeps/WaveshareESP32S3LCD2/lvgl/src/extra/others/imgfont/lv_imgfont.c:9:
C:/Users/Louis/.platformio/packages/framework-arduinoespressif32-libs/esp32s3/qio_opi/include/sdkconfig.h:1094:9: warning: "CONFIG_ESP_TASK_WDT_EN" redefined
 1094 | #define CONFIG_ESP_TASK_WDT_EN 1
      |         ^~~~~~~~~~~~~~~~~~~~~~
<command-line>: note: this is the location of the previous definition
C:/Users/Louis/.platformio/packages/framework-arduinoespressif32-libs/esp32s3/qio_opi/include/sdkconfig.h:1095:9: warning: "CONFIG_ESP_TASK_WDT_INIT" redefined
 1095 | #define CONFIG_ESP_TASK_WDT_INIT 1
      |         ^~~~~~~~~~~~~~~~~~~~~~~~
<command-line>: note: this is the location of the previous definition
C:/Users/Louis/.platformio/packages/framework-arduinoespressif32-libs/esp32s3/qio_opi/include/sdkconfig.h:1098:9: warning: "CONFIG_ESP_TASK_WDT_CHECK_IDLE_TASK_CPU0" redefined
 1098 | #define CONFIG_ESP_TASK_WDT_CHECK_IDLE_TASK_CPU0 1
      |         ^~~~~~~~~~~~~~~~~~~~~~~~~~~~~~~~~~~~~~~~
<command-line>: note: this is the location of the previous definition
C:/Users/Louis/.platformio/packages/framework-arduinoespressif32-libs/esp32s3/qio_opi/include/sdkconfig.h:1155:9: warning: "CONFIG_ESP_COREDUMP_ENABLE" redefined
 1155 | #define CONFIG_ESP_COREDUMP_ENABLE 1
      |         ^~~~~~~~~~~~~~~~~~~~~~~~~~
<command-line>: note: this is the location of the previous definition
C:/Users/Louis/.platformio/packages/framework-arduinoespressif32-libs/esp32s3/qio_opi/include/sdkconfig.h:1879:9: warning: "CONFIG_ESP32S3_SPIRAM_SUPPORT" redefined
 1879 | #define CONFIG_ESP32S3_SPIRAM_SUPPORT CONFIG_SPIRAM
      |         ^~~~~~~~~~~~~~~~~~~~~~~~~~~~~
<command-line>: note: this is the location of the previous definition
In file included from C:/Users/Louis/Desktop/Code/FPVGate/.pio/libdeps/WaveshareESP32S3LCD2/lvgl/src/lv_conf_kconfig.h:15,
                 from C:/Users/Louis/Desktop/Code/FPVGate/.pio/libdeps/WaveshareESP32S3LCD2/lvgl/src/lv_conf_internal.h:15,
                 from .pio/libdeps/WaveshareESP32S3LCD2/lvgl/src/extra/others/monkey/../../../../src/misc/lv_log.h:16,
                 from .pio/libdeps/WaveshareESP32S3LCD2/lvgl/src/extra/others/monkey/../../../../lvgl.h:25,
                 from .pio/libdeps/WaveshareESP32S3LCD2/lvgl/src/extra/others/monkey/../../../lvgl.h:17,
                 from .pio/libdeps/WaveshareESP32S3LCD2/lvgl/src/extra/others/monkey/lv_monkey.h:15,
                 from .pio/libdeps/WaveshareESP32S3LCD2/lvgl/src/extra/others/monkey/lv_monkey.c:9:
C:/Users/Louis/.platformio/packages/framework-arduinoespressif32-libs/esp32s3/qio_opi/include/sdkconfig.h:1094:9: warning: "CONFIG_ESP_TASK_WDT_EN" redefined
 1094 | #define CONFIG_ESP_TASK_WDT_EN 1
      |         ^~~~~~~~~~~~~~~~~~~~~~
<command-line>: note: this is the location of the previous definition
C:/Users/Louis/.platformio/packages/framework-arduinoespressif32-libs/esp32s3/qio_opi/include/sdkconfig.h:1095:9: warning: "CONFIG_ESP_TASK_WDT_INIT" redefined
 1095 | #define CONFIG_ESP_TASK_WDT_INIT 1
      |         ^~~~~~~~~~~~~~~~~~~~~~~~
<command-line>: note: this is the location of the previous definition
C:/Users/Louis/.platformio/packages/framework-arduinoespressif32-libs/esp32s3/qio_opi/include/sdkconfig.h:1098:9: warning: "CONFIG_ESP_TASK_WDT_CHECK_IDLE_TASK_CPU0" redefined
 1098 | #define CONFIG_ESP_TASK_WDT_CHECK_IDLE_TASK_CPU0 1
      |         ^~~~~~~~~~~~~~~~~~~~~~~~~~~~~~~~~~~~~~~~
<command-line>: note: this is the location of the previous definition
C:/Users/Louis/.platformio/packages/framework-arduinoespressif32-libs/esp32s3/qio_opi/include/sdkconfig.h:1155:9: warning: "CONFIG_ESP_COREDUMP_ENABLE" redefined
 1155 | #define CONFIG_ESP_COREDUMP_ENABLE 1
      |         ^~~~~~~~~~~~~~~~~~~~~~~~~~
<command-line>: note: this is the location of the previous definition
C:/Users/Louis/.platformio/packages/framework-arduinoespressif32-libs/esp32s3/qio_opi/include/sdkconfig.h:1879:9: warning: "CONFIG_ESP32S3_SPIRAM_SUPPORT" redefined
 1879 | #define CONFIG_ESP32S3_SPIRAM_SUPPORT CONFIG_SPIRAM
      |         ^~~~~~~~~~~~~~~~~~~~~~~~~~~~~
<command-line>: note: this is the location of the previous definition
In file included from .pio/libdeps/WaveshareESP32S3LCD2/lvgl/src/extra/others/msg/../../../core/../lv_conf_kconfig.h:15,
                 from .pio/libdeps/WaveshareESP32S3LCD2/lvgl/src/extra/others/msg/../../../core/../lv_conf_internal.h:15,
                 from .pio/libdeps/WaveshareESP32S3LCD2/lvgl/src/extra/others/msg/../../../core/lv_obj.h:16,
                 from .pio/libdeps/WaveshareESP32S3LCD2/lvgl/src/extra/others/msg/lv_msg.h:16,
                 from .pio/libdeps/WaveshareESP32S3LCD2/lvgl/src/extra/others/msg/lv_msg.c:9:
C:/Users/Louis/.platformio/packages/framework-arduinoespressif32-libs/esp32s3/qio_opi/include/sdkconfig.h:1094:9: warning: "CONFIG_ESP_TASK_WDT_EN" redefined
 1094 | #define CONFIG_ESP_TASK_WDT_EN 1
      |         ^~~~~~~~~~~~~~~~~~~~~~
<command-line>: note: this is the location of the previous definition
C:/Users/Louis/.platformio/packages/framework-arduinoespressif32-libs/esp32s3/qio_opi/include/sdkconfig.h:1095:9: warning: "CONFIG_ESP_TASK_WDT_INIT" redefined
 1095 | #define CONFIG_ESP_TASK_WDT_INIT 1
      |         ^~~~~~~~~~~~~~~~~~~~~~~~
<command-line>: note: this is the location of the previous definition
C:/Users/Louis/.platformio/packages/framework-arduinoespressif32-libs/esp32s3/qio_opi/include/sdkconfig.h:1098:9: warning: "CONFIG_ESP_TASK_WDT_CHECK_IDLE_TASK_CPU0" redefined
 1098 | #define CONFIG_ESP_TASK_WDT_CHECK_IDLE_TASK_CPU0 1
      |         ^~~~~~~~~~~~~~~~~~~~~~~~~~~~~~~~~~~~~~~~
<command-line>: note: this is the location of the previous definition
C:/Users/Louis/.platformio/packages/framework-arduinoespressif32-libs/esp32s3/qio_opi/include/sdkconfig.h:1155:9: warning: "CONFIG_ESP_COREDUMP_ENABLE" redefined
 1155 | #define CONFIG_ESP_COREDUMP_ENABLE 1
      |         ^~~~~~~~~~~~~~~~~~~~~~~~~~
<command-line>: note: this is the location of the previous definition
C:/Users/Louis/.platformio/packages/framework-arduinoespressif32-libs/esp32s3/qio_opi/include/sdkconfig.h:1879:9: warning: "CONFIG_ESP32S3_SPIRAM_SUPPORT" redefined
 1879 | #define CONFIG_ESP32S3_SPIRAM_SUPPORT CONFIG_SPIRAM
      |         ^~~~~~~~~~~~~~~~~~~~~~~~~~~~~
<command-line>: note: this is the location of the previous definition
Compiling .pio\build\WaveshareESP32S3LCD2\lib020\lvgl\extra\widgets\animimg\lv_animimg.c.o
Compiling .pio\build\WaveshareESP32S3LCD2\lib020\lvgl\extra\widgets\calendar\lv_calendar.c.o
In file included from C:/Users/Louis/Desktop/Code/FPVGate/.pio/libdeps/WaveshareESP32S3LCD2/lvgl/src/lv_conf_kconfig.h:15,
                 from C:/Users/Louis/Desktop/Code/FPVGate/.pio/libdeps/WaveshareESP32S3LCD2/lvgl/src/lv_conf_internal.h:15,
                 from C:/Users/Louis/Desktop/Code/FPVGate/.pio/libdeps/WaveshareESP32S3LCD2/lvgl/src/misc/lv_log.h:16,
                 from C:/Users/Louis/Desktop/Code/FPVGate/.pio/libdeps/WaveshareESP32S3LCD2/lvgl/lvgl.h:25,
                 from .pio/libdeps/WaveshareESP32S3LCD2/lvgl/src/extra/themes/default/../../../lvgl.h:17,
                 from .pio/libdeps/WaveshareESP32S3LCD2/lvgl/src/extra/themes/default/lv_theme_default.c:9:
C:/Users/Louis/.platformio/packages/framework-arduinoespressif32-libs/esp32s3/qio_opi/include/sdkconfig.h:1094:9: warning: "CONFIG_ESP_TASK_WDT_EN" redefined
 1094 | #define CONFIG_ESP_TASK_WDT_EN 1
      |         ^~~~~~~~~~~~~~~~~~~~~~
<command-line>: note: this is the location of the previous definition
C:/Users/Louis/.platformio/packages/framework-arduinoespressif32-libs/esp32s3/qio_opi/include/sdkconfig.h:1095:9: warning: "CONFIG_ESP_TASK_WDT_INIT" redefined
 1095 | #define CONFIG_ESP_TASK_WDT_INIT 1
      |         ^~~~~~~~~~~~~~~~~~~~~~~~
<command-line>: note: this is the location of the previous definition
C:/Users/Louis/.platformio/packages/framework-arduinoespressif32-libs/esp32s3/qio_opi/include/sdkconfig.h:1098:9: warning: "CONFIG_ESP_TASK_WDT_CHECK_IDLE_TASK_CPU0" redefined
 1098 | #define CONFIG_ESP_TASK_WDT_CHECK_IDLE_TASK_CPU0 1
      |         ^~~~~~~~~~~~~~~~~~~~~~~~~~~~~~~~~~~~~~~~
<command-line>: note: this is the location of the previous definition
C:/Users/Louis/.platformio/packages/framework-arduinoespressif32-libs/esp32s3/qio_opi/include/sdkconfig.h:1155:9: warning: "CONFIG_ESP_COREDUMP_ENABLE" redefined
 1155 | #define CONFIG_ESP_COREDUMP_ENABLE 1
      |         ^~~~~~~~~~~~~~~~~~~~~~~~~~
<command-line>: note: this is the location of the previous definition
C:/Users/Louis/.platformio/packages/framework-arduinoespressif32-libs/esp32s3/qio_opi/include/sdkconfig.h:1879:9: warning: "CONFIG_ESP32S3_SPIRAM_SUPPORT" redefined
 1879 | #define CONFIG_ESP32S3_SPIRAM_SUPPORT CONFIG_SPIRAM
      |         ^~~~~~~~~~~~~~~~~~~~~~~~~~~~~
<command-line>: note: this is the location of the previous definition
In file included from C:/Users/Louis/Desktop/Code/FPVGate/.pio/libdeps/WaveshareESP32S3LCD2/lvgl/src/lv_conf_kconfig.h:15,
                 from C:/Users/Louis/Desktop/Code/FPVGate/.pio/libdeps/WaveshareESP32S3LCD2/lvgl/src/lv_conf_internal.h:15,
                 from .pio/libdeps/WaveshareESP32S3LCD2/lvgl/src/extra/themes/basic/../../../../src/misc/lv_log.h:16,
                 from .pio/libdeps/WaveshareESP32S3LCD2/lvgl/src/extra/themes/basic/../../../../lvgl.h:25,
                 from .pio/libdeps/WaveshareESP32S3LCD2/lvgl/src/extra/themes/basic/../../../lvgl.h:17,
                 from .pio/libdeps/WaveshareESP32S3LCD2/lvgl/src/extra/themes/basic/lv_theme_basic.c:9:
C:/Users/Louis/.platformio/packages/framework-arduinoespressif32-libs/esp32s3/qio_opi/include/sdkconfig.h:1094:9: warning: "CONFIG_ESP_TASK_WDT_EN" redefined
 1094 | #define CONFIG_ESP_TASK_WDT_EN 1
      |         ^~~~~~~~~~~~~~~~~~~~~~
<command-line>: note: this is the location of the previous definition
C:/Users/Louis/.platformio/packages/framework-arduinoespressif32-libs/esp32s3/qio_opi/include/sdkconfig.h:1095:9: warning: "CONFIG_ESP_TASK_WDT_INIT" redefined
 1095 | #define CONFIG_ESP_TASK_WDT_INIT 1
      |         ^~~~~~~~~~~~~~~~~~~~~~~~
<command-line>: note: this is the location of the previous definition
C:/Users/Louis/.platformio/packages/framework-arduinoespressif32-libs/esp32s3/qio_opi/include/sdkconfig.h:1098:9: warning: "CONFIG_ESP_TASK_WDT_CHECK_IDLE_TASK_CPU0" redefined
 1098 | #define CONFIG_ESP_TASK_WDT_CHECK_IDLE_TASK_CPU0 1
      |         ^~~~~~~~~~~~~~~~~~~~~~~~~~~~~~~~~~~~~~~~
<command-line>: note: this is the location of the previous definition
C:/Users/Louis/.platformio/packages/framework-arduinoespressif32-libs/esp32s3/qio_opi/include/sdkconfig.h:1155:9: warning: "CONFIG_ESP_COREDUMP_ENABLE" redefined
 1155 | #define CONFIG_ESP_COREDUMP_ENABLE 1
      |         ^~~~~~~~~~~~~~~~~~~~~~~~~~
<command-line>: note: this is the location of the previous definition
C:/Users/Louis/.platformio/packages/framework-arduinoespressif32-libs/esp32s3/qio_opi/include/sdkconfig.h:1879:9: warning: "CONFIG_ESP32S3_SPIRAM_SUPPORT" redefined
 1879 | #define CONFIG_ESP32S3_SPIRAM_SUPPORT CONFIG_SPIRAM
      |         ^~~~~~~~~~~~~~~~~~~~~~~~~~~~~
<command-line>: note: this is the location of the previous definition
In file included from C:/Users/Louis/Desktop/Code/FPVGate/.pio/libdeps/WaveshareESP32S3LCD2/lvgl/src/lv_conf_kconfig.h:15,
                 from C:/Users/Louis/Desktop/Code/FPVGate/.pio/libdeps/WaveshareESP32S3LCD2/lvgl/src/lv_conf_internal.h:15,
Compiling .pio\build\WaveshareESP32S3LCD2\lib020\lvgl\extra\widgets\calendar\lv_calendar_header_arrow.c.o
                 from .pio/libdeps/WaveshareESP32S3LCD2/lvgl/src/extra/themes/mono/../../../../src/misc/lv_log.h:16,
                 from .pio/libdeps/WaveshareESP32S3LCD2/lvgl/src/extra/themes/mono/../../../../lvgl.h:25,
                 from .pio/libdeps/WaveshareESP32S3LCD2/lvgl/src/extra/themes/mono/../../../lvgl.h:17,
                 from .pio/libdeps/WaveshareESP32S3LCD2/lvgl/src/extra/themes/mono/lv_theme_mono.c:9:
C:/Users/Louis/.platformio/packages/framework-arduinoespressif32-libs/esp32s3/qio_opi/include/sdkconfig.h:1094:9: warning: "CONFIG_ESP_TASK_WDT_EN" redefined
 1094 | #define CONFIG_ESP_TASK_WDT_EN 1
      |         ^~~~~~~~~~~~~~~~~~~~~~
<command-line>: note: this is the location of the previous definition
C:/Users/Louis/.platformio/packages/framework-arduinoespressif32-libs/esp32s3/qio_opi/include/sdkconfig.h:1095:9: warning: "CONFIG_ESP_TASK_WDT_INIT" redefined
 1095 | #define CONFIG_ESP_TASK_WDT_INIT 1
      |         ^~~~~~~~~~~~~~~~~~~~~~~~
<command-line>: note: this is the location of the previous definition
C:/Users/Louis/.platformio/packages/framework-arduinoespressif32-libs/esp32s3/qio_opi/include/sdkconfig.h:1098:9: warning: "CONFIG_ESP_TASK_WDT_CHECK_IDLE_TASK_CPU0" redefined
 1098 | #define CONFIG_ESP_TASK_WDT_CHECK_IDLE_TASK_CPU0 1
      |         ^~~~~~~~~~~~~~~~~~~~~~~~~~~~~~~~~~~~~~~~
<command-line>: note: this is the location of the previous definition
C:/Users/Louis/.platformio/packages/framework-arduinoespressif32-libs/esp32s3/qio_opi/include/sdkconfig.h:1155:9: warning: "CONFIG_ESP_COREDUMP_ENABLE" redefined
 1155 | #define CONFIG_ESP_COREDUMP_ENABLE 1
      |         ^~~~~~~~~~~~~~~~~~~~~~~~~~
<command-line>: note: this is the location of the previous definition
C:/Users/Louis/.platformio/packages/framework-arduinoespressif32-libs/esp32s3/qio_opi/include/sdkconfig.h:1879:9: warning: "CONFIG_ESP32S3_SPIRAM_SUPPORT" redefined
 1879 | #define CONFIG_ESP32S3_SPIRAM_SUPPORT CONFIG_SPIRAM
      |         ^~~~~~~~~~~~~~~~~~~~~~~~~~~~~
<command-line>: note: this is the location of the previous definition
Compiling .pio\build\WaveshareESP32S3LCD2\lib020\lvgl\extra\widgets\calendar\lv_calendar_header_dropdown.c.o
In file included from .pio/libdeps/WaveshareESP32S3LCD2/lvgl/src/extra/others/snapshot/../../../lv_conf_kconfig.h:15,
                 from .pio/libdeps/WaveshareESP32S3LCD2/lvgl/src/extra/others/snapshot/../../../lv_conf_internal.h:15,
                 from .pio/libdeps/WaveshareESP32S3LCD2/lvgl/src/extra/others/snapshot/lv_snapshot.h:19,
                 from .pio/libdeps/WaveshareESP32S3LCD2/lvgl/src/extra/others/snapshot/lv_snapshot.c:9:
C:/Users/Louis/.platformio/packages/framework-arduinoespressif32-libs/esp32s3/qio_opi/include/sdkconfig.h:1094:9: warning: "CONFIG_ESP_TASK_WDT_EN" redefined
 1094 | #define CONFIG_ESP_TASK_WDT_EN 1
      |         ^~~~~~~~~~~~~~~~~~~~~~
<command-line>: note: this is the location of the previous definition
C:/Users/Louis/.platformio/packages/framework-arduinoespressif32-libs/esp32s3/qio_opi/include/sdkconfig.h:1095:9: warning: "CONFIG_ESP_TASK_WDT_INIT" redefined
 1095 | #define CONFIG_ESP_TASK_WDT_INIT 1
      |         ^~~~~~~~~~~~~~~~~~~~~~~~
<command-line>: note: this is the location of the previous definition
C:/Users/Louis/.platformio/packages/framework-arduinoespressif32-libs/esp32s3/qio_opi/include/sdkconfig.h:1098:9: warning: "CONFIG_ESP_TASK_WDT_CHECK_IDLE_TASK_CPU0" redefined
 1098 | #define CONFIG_ESP_TASK_WDT_CHECK_IDLE_TASK_CPU0 1
      |         ^~~~~~~~~~~~~~~~~~~~~~~~~~~~~~~~~~~~~~~~
<command-line>: note: this is the location of the previous definition
C:/Users/Louis/.platformio/packages/framework-arduinoespressif32-libs/esp32s3/qio_opi/include/sdkconfig.h:1155:9: warning: "CONFIG_ESP_COREDUMP_ENABLE" redefined
 1155 | #define CONFIG_ESP_COREDUMP_ENABLE 1
      |         ^~~~~~~~~~~~~~~~~~~~~~~~~~
<command-line>: note: this is the location of the previous definition
C:/Users/Louis/.platformio/packages/framework-arduinoespressif32-libs/esp32s3/qio_opi/include/sdkconfig.h:1879:9: warning: "CONFIG_ESP32S3_SPIRAM_SUPPORT" redefined
 1879 | #define CONFIG_ESP32S3_SPIRAM_SUPPORT CONFIG_SPIRAM
      |         ^~~~~~~~~~~~~~~~~~~~~~~~~~~~~
<command-line>: note: this is the location of the previous definition
Compiling .pio\build\WaveshareESP32S3LCD2\lib020\lvgl\extra\widgets\chart\lv_chart.c.o
In file included from C:/Users/Louis/Desktop/Code/FPVGate/.pio/libdeps/WaveshareESP32S3LCD2/lvgl/src/lv_conf_kconfig.h:15,
                 from C:/Users/Louis/Desktop/Code/FPVGate/.pio/libdeps/WaveshareESP32S3LCD2/lvgl/src/lv_conf_internal.h:15,
                 from C:/Users/Louis/Desktop/Code/FPVGate/.pio/libdeps/WaveshareESP32S3LCD2/lvgl/src/misc/lv_log.h:16,
                 from C:/Users/Louis/Desktop/Code/FPVGate/.pio/libdeps/WaveshareESP32S3LCD2/lvgl/lvgl.h:25,
                 from .pio/libdeps/WaveshareESP32S3LCD2/lvgl/src/extra/widgets/animimg/../../../lvgl.h:17,
                 from .pio/libdeps/WaveshareESP32S3LCD2/lvgl/src/extra/widgets/animimg/lv_animimg.h:16,
                 from .pio/libdeps/WaveshareESP32S3LCD2/lvgl/src/extra/widgets/animimg/lv_animimg.c:9:
C:/Users/Louis/.platformio/packages/framework-arduinoespressif32-libs/esp32s3/qio_opi/include/sdkconfig.h:1094:9: warning: "CONFIG_ESP_TASK_WDT_EN" redefined
 1094 | #define CONFIG_ESP_TASK_WDT_EN 1
      |         ^~~~~~~~~~~~~~~~~~~~~~
<command-line>: note: this is the location of the previous definition
C:/Users/Louis/.platformio/packages/framework-arduinoespressif32-libs/esp32s3/qio_opi/include/sdkconfig.h:1095:9: warning: "CONFIG_ESP_TASK_WDT_INIT" redefined
 1095 | #define CONFIG_ESP_TASK_WDT_INIT 1
      |         ^~~~~~~~~~~~~~~~~~~~~~~~
<command-line>: note: this is the location of the previous definition
C:/Users/Louis/.platformio/packages/framework-arduinoespressif32-libs/esp32s3/qio_opi/include/sdkconfig.h:1098:9: warning: "CONFIG_ESP_TASK_WDT_CHECK_IDLE_TASK_CPU0" redefined
 1098 | #define CONFIG_ESP_TASK_WDT_CHECK_IDLE_TASK_CPU0 1
      |         ^~~~~~~~~~~~~~~~~~~~~~~~~~~~~~~~~~~~~~~~
<command-line>: note: this is the location of the previous definition
C:/Users/Louis/.platformio/packages/framework-arduinoespressif32-libs/esp32s3/qio_opi/include/sdkconfig.h:1155:9: warning: "CONFIG_ESP_COREDUMP_ENABLE" redefined
 1155 | #define CONFIG_ESP_COREDUMP_ENABLE 1
      |         ^~~~~~~~~~~~~~~~~~~~~~~~~~
<command-line>: note: this is the location of the previous definition
C:/Users/Louis/.platformio/packages/framework-arduinoespressif32-libs/esp32s3/qio_opi/include/sdkconfig.h:1879:9: warning: "CONFIG_ESP32S3_SPIRAM_SUPPORT" redefined
 1879 | #define CONFIG_ESP32S3_SPIRAM_SUPPORT CONFIG_SPIRAM
      |         ^~~~~~~~~~~~~~~~~~~~~~~~~~~~~
<command-line>: note: this is the location of the previous definition
In file included from C:/Users/Louis/Desktop/Code/FPVGate/.pio/libdeps/WaveshareESP32S3LCD2/lvgl/src/lv_conf_kconfig.h:15,
                 from C:/Users/Louis/Desktop/Code/FPVGate/.pio/libdeps/WaveshareESP32S3LCD2/lvgl/src/lv_conf_internal.h:15,
                 from .pio/libdeps/WaveshareESP32S3LCD2/lvgl/src/extra/widgets/calendar/../../../widgets/lv_btnmatrix.h:16,
                 from .pio/libdeps/WaveshareESP32S3LCD2/lvgl/src/extra/widgets/calendar/lv_calendar.h:16,
                 from .pio/libdeps/WaveshareESP32S3LCD2/lvgl/src/extra/widgets/calendar/lv_calendar.c:9:
C:/Users/Louis/.platformio/packages/framework-arduinoespressif32-libs/esp32s3/qio_opi/include/sdkconfig.h:1094:9: warning: "CONFIG_ESP_TASK_WDT_EN" redefined
 1094 | #define CONFIG_ESP_TASK_WDT_EN 1
      |         ^~~~~~~~~~~~~~~~~~~~~~
<command-line>: note: this is the location of the previous definition
C:/Users/Louis/.platformio/packages/framework-arduinoespressif32-libs/esp32s3/qio_opi/include/sdkconfig.h:1095:9: warning: "CONFIG_ESP_TASK_WDT_INIT" redefined
 1095 | #define CONFIG_ESP_TASK_WDT_INIT 1
      |         ^~~~~~~~~~~~~~~~~~~~~~~~
<command-line>: note: this is the location of the previous definition
C:/Users/Louis/.platformio/packages/framework-arduinoespressif32-libs/esp32s3/qio_opi/include/sdkconfig.h:1098:9: warning: "CONFIG_ESP_TASK_WDT_CHECK_IDLE_TASK_CPU0" redefined
 1098 | #define CONFIG_ESP_TASK_WDT_CHECK_IDLE_TASK_CPU0 1
      |         ^~~~~~~~~~~~~~~~~~~~~~~~~~~~~~~~~~~~~~~~
<command-line>: note: this is the location of the previous definition
C:/Users/Louis/.platformio/packages/framework-arduinoespressif32-libs/esp32s3/qio_opi/include/sdkconfig.h:1155:9: warning: "CONFIG_ESP_COREDUMP_ENABLE" redefined
 1155 | #define CONFIG_ESP_COREDUMP_ENABLE 1
      |         ^~~~~~~~~~~~~~~~~~~~~~~~~~
<command-line>: note: this is the location of the previous definition
C:/Users/Louis/.platformio/packages/framework-arduinoespressif32-libs/esp32s3/qio_opi/include/sdkconfig.h:1879:9: warning: "CONFIG_ESP32S3_SPIRAM_SUPPORT" redefined
 1879 | #define CONFIG_ESP32S3_SPIRAM_SUPPORT CONFIG_SPIRAM
      |         ^~~~~~~~~~~~~~~~~~~~~~~~~~~~~
<command-line>: note: this is the location of the previous definition
Compiling .pio\build\WaveshareESP32S3LCD2\lib020\lvgl\extra\widgets\colorwheel\lv_colorwheel.c.o
In file included from C:/Users/Louis/Desktop/Code/FPVGate/.pio/libdeps/WaveshareESP32S3LCD2/lvgl/src/lv_conf_kconfig.h:15,
                 from C:/Users/Louis/Desktop/Code/FPVGate/.pio/libdeps/WaveshareESP32S3LCD2/lvgl/src/lv_conf_internal.h:15,
                 from .pio/libdeps/WaveshareESP32S3LCD2/lvgl/src/extra/widgets/chart/../../../../src/misc/lv_log.h:16,
                 from .pio/libdeps/WaveshareESP32S3LCD2/lvgl/src/extra/widgets/chart/../../../../lvgl.h:25,
                 from .pio/libdeps/WaveshareESP32S3LCD2/lvgl/src/extra/widgets/chart/../../../lvgl.h:17,
                 from .pio/libdeps/WaveshareESP32S3LCD2/lvgl/src/extra/widgets/chart/lv_chart.h:16,
                 from .pio/libdeps/WaveshareESP32S3LCD2/lvgl/src/extra/widgets/chart/lv_chart.c:9:
C:/Users/Louis/.platformio/packages/framework-arduinoespressif32-libs/esp32s3/qio_opi/include/sdkconfig.h:1094:9: warning: "CONFIG_ESP_TASK_WDT_EN" redefined
 1094 | #define CONFIG_ESP_TASK_WDT_EN 1
      |         ^~~~~~~~~~~~~~~~~~~~~~
<command-line>: note: this is the location of the previous definition
C:/Users/Louis/.platformio/packages/framework-arduinoespressif32-libs/esp32s3/qio_opi/include/sdkconfig.h:1095:9: warning: "CONFIG_ESP_TASK_WDT_INIT" redefined
 1095 | #define CONFIG_ESP_TASK_WDT_INIT 1
      |         ^~~~~~~~~~~~~~~~~~~~~~~~
<command-line>: note: this is the location of the previous definition
C:/Users/Louis/.platformio/packages/framework-arduinoespressif32-libs/esp32s3/qio_opi/include/sdkconfig.h:1098:9: warning: "CONFIG_ESP_TASK_WDT_CHECK_IDLE_TASK_CPU0" redefined
 1098 | #define CONFIG_ESP_TASK_WDT_CHECK_IDLE_TASK_CPU0 1
      |         ^~~~~~~~~~~~~~~~~~~~~~~~~~~~~~~~~~~~~~~~
<command-line>: note: this is the location of the previous definition
C:/Users/Louis/.platformio/packages/framework-arduinoespressif32-libs/esp32s3/qio_opi/include/sdkconfig.h:1155:9: warning: "CONFIG_ESP_COREDUMP_ENABLE" redefined
 1155 | #define CONFIG_ESP_COREDUMP_ENABLE 1
      |         ^~~~~~~~~~~~~~~~~~~~~~~~~~
<command-line>: note: this is the location of the previous definition
C:/Users/Louis/.platformio/packages/framework-arduinoespressif32-libs/esp32s3/qio_opi/include/sdkconfig.h:1879:9: warning: "CONFIG_ESP32S3_SPIRAM_SUPPORT" redefined
 1879 | #define CONFIG_ESP32S3_SPIRAM_SUPPORT CONFIG_SPIRAM
      |         ^~~~~~~~~~~~~~~~~~~~~~~~~~~~~
<command-line>: note: this is the location of the previous definition
Compiling .pio\build\WaveshareESP32S3LCD2\lib020\lvgl\extra\widgets\imgbtn\lv_imgbtn.c.o
In file included from C:/Users/Louis/Desktop/Code/FPVGate/.pio/libdeps/WaveshareESP32S3LCD2/lvgl/src/lv_conf_kconfig.h:15,
                 from C:/Users/Louis/Desktop/Code/FPVGate/.pio/libdeps/WaveshareESP32S3LCD2/lvgl/src/lv_conf_internal.h:15,
                 from .pio/libdeps/WaveshareESP32S3LCD2/lvgl/src/extra/widgets/calendar/../../../core/lv_obj.h:16,
                 from .pio/libdeps/WaveshareESP32S3LCD2/lvgl/src/extra/widgets/calendar/lv_calendar_header_arrow.h:16,
                 from .pio/libdeps/WaveshareESP32S3LCD2/lvgl/src/extra/widgets/calendar/lv_calendar_header_arrow.c:9:
C:/Users/Louis/.platformio/packages/framework-arduinoespressif32-libs/esp32s3/qio_opi/include/sdkconfig.h:1094:9: warning: "CONFIG_ESP_TASK_WDT_EN" redefined
 1094 | #define CONFIG_ESP_TASK_WDT_EN 1
      |         ^~~~~~~~~~~~~~~~~~~~~~
<command-line>: note: this is the location of the previous definition
C:/Users/Louis/.platformio/packages/framework-arduinoespressif32-libs/esp32s3/qio_opi/include/sdkconfig.h:1095:9: warning: "CONFIG_ESP_TASK_WDT_INIT" redefined
 1095 | #define CONFIG_ESP_TASK_WDT_INIT 1
      |         ^~~~~~~~~~~~~~~~~~~~~~~~
<command-line>: note: this is the location of the previous definition
C:/Users/Louis/.platformio/packages/framework-arduinoespressif32-libs/esp32s3/qio_opi/include/sdkconfig.h:1098:9: warning: "CONFIG_ESP_TASK_WDT_CHECK_IDLE_TASK_CPU0" redefined
 1098 | #define CONFIG_ESP_TASK_WDT_CHECK_IDLE_TASK_CPU0 1
      |         ^~~~~~~~~~~~~~~~~~~~~~~~~~~~~~~~~~~~~~~~
<command-line>: note: this is the location of the previous definition
C:/Users/Louis/.platformio/packages/framework-arduinoespressif32-libs/esp32s3/qio_opi/include/sdkconfig.h:1155:9: warning: "CONFIG_ESP_COREDUMP_ENABLE" redefined
 1155 | #define CONFIG_ESP_COREDUMP_ENABLE 1
      |         ^~~~~~~~~~~~~~~~~~~~~~~~~~
<command-line>: note: this is the location of the previous definition
C:/Users/Louis/.platformio/packages/framework-arduinoespressif32-libs/esp32s3/qio_opi/include/sdkconfig.h:1879:9: warning: "CONFIG_ESP32S3_SPIRAM_SUPPORT" redefined
 1879 | #define CONFIG_ESP32S3_SPIRAM_SUPPORT CONFIG_SPIRAM
      |         ^~~~~~~~~~~~~~~~~~~~~~~~~~~~~
<command-line>: note: this is the location of the previous definition
Compiling .pio\build\WaveshareESP32S3LCD2\lib020\lvgl\extra\widgets\keyboard\lv_keyboard.c.o
Compiling .pio\build\WaveshareESP32S3LCD2\lib020\lvgl\extra\widgets\led\lv_led.c.o
In file included from C:/Users/Louis/Desktop/Code/FPVGate/.pio/libdeps/WaveshareESP32S3LCD2/lvgl/src/lv_conf_kconfig.h:15,
Compiling .pio\build\WaveshareESP32S3LCD2\lib020\lvgl\extra\widgets\list\lv_list.c.o
                 from C:/Users/Louis/Desktop/Code/FPVGate/.pio/libdeps/WaveshareESP32S3LCD2/lvgl/src/lv_conf_internal.h:15,
                 from .pio/libdeps/WaveshareESP32S3LCD2/lvgl/src/extra/widgets/calendar/../../../core/lv_obj.h:16,
                 from .pio/libdeps/WaveshareESP32S3LCD2/lvgl/src/extra/widgets/calendar/lv_calendar_header_dropdown.h:16,
                 from .pio/libdeps/WaveshareESP32S3LCD2/lvgl/src/extra/widgets/calendar/lv_calendar_header_dropdown.c:9:
C:/Users/Louis/.platformio/packages/framework-arduinoespressif32-libs/esp32s3/qio_opi/include/sdkconfig.h:1094:9: warning: "CONFIG_ESP_TASK_WDT_EN" redefined
 1094 | #define CONFIG_ESP_TASK_WDT_EN 1
      |         ^~~~~~~~~~~~~~~~~~~~~~
<command-line>: note: this is the location of the previous definition
C:/Users/Louis/.platformio/packages/framework-arduinoespressif32-libs/esp32s3/qio_opi/include/sdkconfig.h:1095:9: warning: "CONFIG_ESP_TASK_WDT_INIT" redefined
 1095 | #define CONFIG_ESP_TASK_WDT_INIT 1
      |         ^~~~~~~~~~~~~~~~~~~~~~~~
<command-line>: note: this is the location of the previous definition
C:/Users/Louis/.platformio/packages/framework-arduinoespressif32-libs/esp32s3/qio_opi/include/sdkconfig.h:1098:9: warning: "CONFIG_ESP_TASK_WDT_CHECK_IDLE_TASK_CPU0" redefined
 1098 | #define CONFIG_ESP_TASK_WDT_CHECK_IDLE_TASK_CPU0 1
      |         ^~~~~~~~~~~~~~~~~~~~~~~~~~~~~~~~~~~~~~~~
<command-line>: note: this is the location of the previous definition
C:/Users/Louis/.platformio/packages/framework-arduinoespressif32-libs/esp32s3/qio_opi/include/sdkconfig.h:1155:9: warning: "CONFIG_ESP_COREDUMP_ENABLE" redefined
 1155 | #define CONFIG_ESP_COREDUMP_ENABLE 1
      |         ^~~~~~~~~~~~~~~~~~~~~~~~~~
<command-line>: note: this is the location of the previous definition
C:/Users/Louis/.platformio/packages/framework-arduinoespressif32-libs/esp32s3/qio_opi/include/sdkconfig.h:1879:9: warning: "CONFIG_ESP32S3_SPIRAM_SUPPORT" redefined
 1879 | #define CONFIG_ESP32S3_SPIRAM_SUPPORT CONFIG_SPIRAM
      |         ^~~~~~~~~~~~~~~~~~~~~~~~~~~~~
<command-line>: note: this is the location of the previous definition
Compiling .pio\build\WaveshareESP32S3LCD2\lib020\lvgl\extra\widgets\menu\lv_menu.c.o
Compiling .pio\build\WaveshareESP32S3LCD2\lib020\lvgl\extra\widgets\meter\lv_meter.c.o
In file included from C:/Users/Louis/Desktop/Code/FPVGate/.pio/libdeps/WaveshareESP32S3LCD2/lvgl/src/lv_conf_kconfig.h:15,
                 from C:/Users/Louis/Desktop/Code/FPVGate/.pio/libdeps/WaveshareESP32S3LCD2/lvgl/src/lv_conf_internal.h:15,
                 from C:/Users/Louis/Desktop/Code/FPVGate/.pio/libdeps/WaveshareESP32S3LCD2/lvgl/src/misc/lv_log.h:16,
                 from C:/Users/Louis/Desktop/Code/FPVGate/.pio/libdeps/WaveshareESP32S3LCD2/lvgl/lvgl.h:25,
                 from .pio/libdeps/WaveshareESP32S3LCD2/lvgl/src/extra/widgets/colorwheel/../../../lvgl.h:17,
                 from .pio/libdeps/WaveshareESP32S3LCD2/lvgl/src/extra/widgets/colorwheel/lv_colorwheel.h:16,
                 from .pio/libdeps/WaveshareESP32S3LCD2/lvgl/src/extra/widgets/colorwheel/lv_colorwheel.c:10:
C:/Users/Louis/.platformio/packages/framework-arduinoespressif32-libs/esp32s3/qio_opi/include/sdkconfig.h:1094:9: warning: "CONFIG_ESP_TASK_WDT_EN" redefined
 1094 | #define CONFIG_ESP_TASK_WDT_EN 1
      |         ^~~~~~~~~~~~~~~~~~~~~~
<command-line>: note: this is the location of the previous definition
C:/Users/Louis/.platformio/packages/framework-arduinoespressif32-libs/esp32s3/qio_opi/include/sdkconfig.h:1095:9: warning: "CONFIG_ESP_TASK_WDT_INIT" redefined
 1095 | #define CONFIG_ESP_TASK_WDT_INIT 1
      |         ^~~~~~~~~~~~~~~~~~~~~~~~
<command-line>: note: this is the location of the previous definition
C:/Users/Louis/.platformio/packages/framework-arduinoespressif32-libs/esp32s3/qio_opi/include/sdkconfig.h:1098:9: warning: "CONFIG_ESP_TASK_WDT_CHECK_IDLE_TASK_CPU0" redefined
 1098 | #define CONFIG_ESP_TASK_WDT_CHECK_IDLE_TASK_CPU0 1
      |         ^~~~~~~~~~~~~~~~~~~~~~~~~~~~~~~~~~~~~~~~
<command-line>: note: this is the location of the previous definition
C:/Users/Louis/.platformio/packages/framework-arduinoespressif32-libs/esp32s3/qio_opi/include/sdkconfig.h:1155:9: warning: "CONFIG_ESP_COREDUMP_ENABLE" redefined
 1155 | #define CONFIG_ESP_COREDUMP_ENABLE 1
      |         ^~~~~~~~~~~~~~~~~~~~~~~~~~
<command-line>: note: this is the location of the previous definition
C:/Users/Louis/.platformio/packages/framework-arduinoespressif32-libs/esp32s3/qio_opi/include/sdkconfig.h:1879:9: warning: "CONFIG_ESP32S3_SPIRAM_SUPPORT" redefined
 1879 | #define CONFIG_ESP32S3_SPIRAM_SUPPORT CONFIG_SPIRAM
      |         ^~~~~~~~~~~~~~~~~~~~~~~~~~~~~
<command-line>: note: this is the location of the previous definition
Compiling .pio\build\WaveshareESP32S3LCD2\lib020\lvgl\extra\widgets\msgbox\lv_msgbox.c.o
In file included from C:/Users/Louis/Desktop/Code/FPVGate/.pio/libdeps/WaveshareESP32S3LCD2/lvgl/src/lv_conf_kconfig.h:15,
                 from C:/Users/Louis/Desktop/Code/FPVGate/.pio/libdeps/WaveshareESP32S3LCD2/lvgl/src/lv_conf_internal.h:15,
                 from C:/Users/Louis/Desktop/Code/FPVGate/.pio/libdeps/WaveshareESP32S3LCD2/lvgl/src/misc/lv_log.h:16,
                 from C:/Users/Louis/Desktop/Code/FPVGate/.pio/libdeps/WaveshareESP32S3LCD2/lvgl/lvgl.h:25,
                 from .pio/libdeps/WaveshareESP32S3LCD2/lvgl/src/extra/widgets/imgbtn/../../../lvgl.h:17,
                 from .pio/libdeps/WaveshareESP32S3LCD2/lvgl/src/extra/widgets/imgbtn/lv_imgbtn.h:16,
                 from .pio/libdeps/WaveshareESP32S3LCD2/lvgl/src/extra/widgets/imgbtn/lv_imgbtn.c:10:
C:/Users/Louis/.platformio/packages/framework-arduinoespressif32-libs/esp32s3/qio_opi/include/sdkconfig.h:1094:9: warning: "CONFIG_ESP_TASK_WDT_EN" redefined
 1094 | #define CONFIG_ESP_TASK_WDT_EN 1
      |         ^~~~~~~~~~~~~~~~~~~~~~
<command-line>: note: this is the location of the previous definition
C:/Users/Louis/.platformio/packages/framework-arduinoespressif32-libs/esp32s3/qio_opi/include/sdkconfig.h:1095:9: warning: "CONFIG_ESP_TASK_WDT_INIT" redefined
 1095 | #define CONFIG_ESP_TASK_WDT_INIT 1
      |         ^~~~~~~~~~~~~~~~~~~~~~~~
<command-line>: note: this is the location of the previous definition
C:/Users/Louis/.platformio/packages/framework-arduinoespressif32-libs/esp32s3/qio_opi/include/sdkconfig.h:1098:9: warning: "CONFIG_ESP_TASK_WDT_CHECK_IDLE_TASK_CPU0" redefined
 1098 | #define CONFIG_ESP_TASK_WDT_CHECK_IDLE_TASK_CPU0 1
      |         ^~~~~~~~~~~~~~~~~~~~~~~~~~~~~~~~~~~~~~~~
<command-line>: note: this is the location of the previous definition
C:/Users/Louis/.platformio/packages/framework-arduinoespressif32-libs/esp32s3/qio_opi/include/sdkconfig.h:1155:9: warning: "CONFIG_ESP_COREDUMP_ENABLE" redefined
 1155 | #define CONFIG_ESP_COREDUMP_ENABLE 1
      |         ^~~~~~~~~~~~~~~~~~~~~~~~~~
<command-line>: note: this is the location of the previous definition
C:/Users/Louis/.platformio/packages/framework-arduinoespressif32-libs/esp32s3/qio_opi/include/sdkconfig.h:1879:9: warning: "CONFIG_ESP32S3_SPIRAM_SUPPORT" redefined
 1879 | #define CONFIG_ESP32S3_SPIRAM_SUPPORT CONFIG_SPIRAM
      |         ^~~~~~~~~~~~~~~~~~~~~~~~~~~~~
<command-line>: note: this is the location of the previous definition
Compiling .pio\build\WaveshareESP32S3LCD2\lib020\lvgl\extra\widgets\span\lv_span.c.o
In file included from C:/Users/Louis/Desktop/Code/FPVGate/.pio/libdeps/WaveshareESP32S3LCD2/lvgl/src/lv_conf_kconfig.h:15,
                 from C:/Users/Louis/Desktop/Code/FPVGate/.pio/libdeps/WaveshareESP32S3LCD2/lvgl/src/lv_conf_internal.h:15,
                 from .pio/libdeps/WaveshareESP32S3LCD2/lvgl/src/extra/widgets/keyboard/../../../widgets/lv_btnmatrix.h:16,
                 from .pio/libdeps/WaveshareESP32S3LCD2/lvgl/src/extra/widgets/keyboard/lv_keyboard.h:16,
                 from .pio/libdeps/WaveshareESP32S3LCD2/lvgl/src/extra/widgets/keyboard/lv_keyboard.c:10:
C:/Users/Louis/.platformio/packages/framework-arduinoespressif32-libs/esp32s3/qio_opi/include/sdkconfig.h:1094:9: warning: "CONFIG_ESP_TASK_WDT_EN" redefined
 1094 | #define CONFIG_ESP_TASK_WDT_EN 1
      |         ^~~~~~~~~~~~~~~~~~~~~~
<command-line>: note: this is the location of the previous definition
C:/Users/Louis/.platformio/packages/framework-arduinoespressif32-libs/esp32s3/qio_opi/include/sdkconfig.h:1095:9: warning: "CONFIG_ESP_TASK_WDT_INIT" redefined
 1095 | #define CONFIG_ESP_TASK_WDT_INIT 1
      |         ^~~~~~~~~~~~~~~~~~~~~~~~
<command-line>: note: this is the location of the previous definition
C:/Users/Louis/.platformio/packages/framework-arduinoespressif32-libs/esp32s3/qio_opi/include/sdkconfig.h:1098:9: warning: "CONFIG_ESP_TASK_WDT_CHECK_IDLE_TASK_CPU0" redefined
 1098 | #define CONFIG_ESP_TASK_WDT_CHECK_IDLE_TASK_CPU0 1
      |         ^~~~~~~~~~~~~~~~~~~~~~~~~~~~~~~~~~~~~~~~
<command-line>: note: this is the location of the previous definition
C:/Users/Louis/.platformio/packages/framework-arduinoespressif32-libs/esp32s3/qio_opi/include/sdkconfig.h:1155:9: warning: "CONFIG_ESP_COREDUMP_ENABLE" redefined
 1155 | #define CONFIG_ESP_COREDUMP_ENABLE 1
      |         ^~~~~~~~~~~~~~~~~~~~~~~~~~
<command-line>: note: this is the location of the previous definition
C:/Users/Louis/.platformio/packages/framework-arduinoespressif32-libs/esp32s3/qio_opi/include/sdkconfig.h:1879:9: warning: "CONFIG_ESP32S3_SPIRAM_SUPPORT" redefined
 1879 | #define CONFIG_ESP32S3_SPIRAM_SUPPORT CONFIG_SPIRAM
      |         ^~~~~~~~~~~~~~~~~~~~~~~~~~~~~
<command-line>: note: this is the location of the previous definition
In file included from C:/Users/Louis/Desktop/Code/FPVGate/.pio/libdeps/WaveshareESP32S3LCD2/lvgl/src/lv_conf_kconfig.h:15,
                 from C:/Users/Louis/Desktop/Code/FPVGate/.pio/libdeps/WaveshareESP32S3LCD2/lvgl/src/lv_conf_internal.h:15,
                 from .pio/libdeps/WaveshareESP32S3LCD2/lvgl/src/extra/widgets/led/../../../../src/misc/lv_log.h:16,
                 from .pio/libdeps/WaveshareESP32S3LCD2/lvgl/src/extra/widgets/led/../../../../lvgl.h:25,
                 from .pio/libdeps/WaveshareESP32S3LCD2/lvgl/src/extra/widgets/led/../../../lvgl.h:17,
                 from .pio/libdeps/WaveshareESP32S3LCD2/lvgl/src/extra/widgets/led/lv_led.h:16,
                 from .pio/libdeps/WaveshareESP32S3LCD2/lvgl/src/extra/widgets/led/lv_led.c:9:
C:/Users/Louis/.platformio/packages/framework-arduinoespressif32-libs/esp32s3/qio_opi/include/sdkconfig.h:1094:9: warning: "CONFIG_ESP_TASK_WDT_EN" redefined
 1094 | #define CONFIG_ESP_TASK_WDT_EN 1
      |         ^~~~~~~~~~~~~~~~~~~~~~
<command-line>: note: this is the location of the previous definition
C:/Users/Louis/.platformio/packages/framework-arduinoespressif32-libs/esp32s3/qio_opi/include/sdkconfig.h:1095:9: warning: "CONFIG_ESP_TASK_WDT_INIT" redefined
 1095 | #define CONFIG_ESP_TASK_WDT_INIT 1
      |         ^~~~~~~~~~~~~~~~~~~~~~~~
<command-line>: note: this is the location of the previous definition
C:/Users/Louis/.platformio/packages/framework-arduinoespressif32-libs/esp32s3/qio_opi/include/sdkconfig.h:1098:9: warning: "CONFIG_ESP_TASK_WDT_CHECK_IDLE_TASK_CPU0" redefined
 1098 | #define CONFIG_ESP_TASK_WDT_CHECK_IDLE_TASK_CPU0 1
      |         ^~~~~~~~~~~~~~~~~~~~~~~~~~~~~~~~~~~~~~~~
<command-line>: note: this is the location of the previous definition
C:/Users/Louis/.platformio/packages/framework-arduinoespressif32-libs/esp32s3/qio_opi/include/sdkconfig.h:1155:9: warning: "CONFIG_ESP_COREDUMP_ENABLE" redefined
 1155 | #define CONFIG_ESP_COREDUMP_ENABLE 1
      |         ^~~~~~~~~~~~~~~~~~~~~~~~~~
<command-line>: note: this is the location of the previous definition
C:/Users/Louis/.platformio/packages/framework-arduinoespressif32-libs/esp32s3/qio_opi/include/sdkconfig.h:1879:9: warning: "CONFIG_ESP32S3_SPIRAM_SUPPORT" redefined
 1879 | #define CONFIG_ESP32S3_SPIRAM_SUPPORT CONFIG_SPIRAM
      |         ^~~~~~~~~~~~~~~~~~~~~~~~~~~~~
<command-line>: note: this is the location of the previous definition
Compiling .pio\build\WaveshareESP32S3LCD2\lib020\lvgl\extra\widgets\spinbox\lv_spinbox.c.o
In file included from .pio/libdeps/WaveshareESP32S3LCD2/lvgl/src/extra/widgets/menu/../../../core/../lv_conf_kconfig.h:15,
                 from .pio/libdeps/WaveshareESP32S3LCD2/lvgl/src/extra/widgets/menu/../../../core/../lv_conf_internal.h:15,
                 from .pio/libdeps/WaveshareESP32S3LCD2/lvgl/src/extra/widgets/menu/../../../core/lv_obj.h:16,
                 from .pio/libdeps/WaveshareESP32S3LCD2/lvgl/src/extra/widgets/menu/lv_menu.h:16,
                 from .pio/libdeps/WaveshareESP32S3LCD2/lvgl/src/extra/widgets/menu/lv_menu.c:9:
C:/Users/Louis/.platformio/packages/framework-arduinoespressif32-libs/esp32s3/qio_opi/include/sdkconfig.h:1094:9: warning: "CONFIG_ESP_TASK_WDT_EN" redefined
 1094 | #define CONFIG_ESP_TASK_WDT_EN 1
      |         ^~~~~~~~~~~~~~~~~~~~~~
<command-line>: note: this is the location of the previous definition
C:/Users/Louis/.platformio/packages/framework-arduinoespressif32-libs/esp32s3/qio_opi/include/sdkconfig.h:1095:9: warning: "CONFIG_ESP_TASK_WDT_INIT" redefined
 1095 | #define CONFIG_ESP_TASK_WDT_INIT 1
      |         ^~~~~~~~~~~~~~~~~~~~~~~~
<command-line>: note: this is the location of the previous definition
C:/Users/Louis/.platformio/packages/framework-arduinoespressif32-libs/esp32s3/qio_opi/include/sdkconfig.h:1098:9: warning: "CONFIG_ESP_TASK_WDT_CHECK_IDLE_TASK_CPU0" redefined
 1098 | #define CONFIG_ESP_TASK_WDT_CHECK_IDLE_TASK_CPU0 1
      |         ^~~~~~~~~~~~~~~~~~~~~~~~~~~~~~~~~~~~~~~~
<command-line>: note: this is the location of the previous definition
C:/Users/Louis/.platformio/packages/framework-arduinoespressif32-libs/esp32s3/qio_opi/include/sdkconfig.h:1155:9: warning: "CONFIG_ESP_COREDUMP_ENABLE" redefined
 1155 | #define CONFIG_ESP_COREDUMP_ENABLE 1
      |         ^~~~~~~~~~~~~~~~~~~~~~~~~~
<command-line>: note: this is the location of the previous definition
C:/Users/Louis/.platformio/packages/framework-arduinoespressif32-libs/esp32s3/qio_opi/include/sdkconfig.h:1879:9: warning: "CONFIG_ESP32S3_SPIRAM_SUPPORT" redefined
 1879 | #define CONFIG_ESP32S3_SPIRAM_SUPPORT CONFIG_SPIRAM
      |         ^~~~~~~~~~~~~~~~~~~~~~~~~~~~~
<command-line>: note: this is the location of the previous definition
Compiling .pio\build\WaveshareESP32S3LCD2\lib020\lvgl\extra\widgets\spinner\lv_spinner.c.o
In file included from .pio/libdeps/WaveshareESP32S3LCD2/lvgl/src/extra/widgets/list/../../../core/../lv_conf_kconfig.h:15,
                 from .pio/libdeps/WaveshareESP32S3LCD2/lvgl/src/extra/widgets/list/../../../core/../lv_conf_internal.h:15,
                 from .pio/libdeps/WaveshareESP32S3LCD2/lvgl/src/extra/widgets/list/../../../core/lv_obj.h:16,
                 from .pio/libdeps/WaveshareESP32S3LCD2/lvgl/src/extra/widgets/list/lv_list.h:16,
                 from .pio/libdeps/WaveshareESP32S3LCD2/lvgl/src/extra/widgets/list/lv_list.c:9:
C:/Users/Louis/.platformio/packages/framework-arduinoespressif32-libs/esp32s3/qio_opi/include/sdkconfig.h:1094:9: warning: "CONFIG_ESP_TASK_WDT_EN" redefined
 1094 | #define CONFIG_ESP_TASK_WDT_EN 1
      |         ^~~~~~~~~~~~~~~~~~~~~~
<command-line>: note: this is the location of the previous definition
C:/Users/Louis/.platformio/packages/framework-arduinoespressif32-libs/esp32s3/qio_opi/include/sdkconfig.h:1095:9: warning: "CONFIG_ESP_TASK_WDT_INIT" redefined
 1095 | #define CONFIG_ESP_TASK_WDT_INIT 1
      |         ^~~~~~~~~~~~~~~~~~~~~~~~
<command-line>: note: this is the location of the previous definition
C:/Users/Louis/.platformio/packages/framework-arduinoespressif32-libs/esp32s3/qio_opi/include/sdkconfig.h:1098:9: warning: "CONFIG_ESP_TASK_WDT_CHECK_IDLE_TASK_CPU0" redefined
 1098 | #define CONFIG_ESP_TASK_WDT_CHECK_IDLE_TASK_CPU0 1
      |         ^~~~~~~~~~~~~~~~~~~~~~~~~~~~~~~~~~~~~~~~
<command-line>: note: this is the location of the previous definition
C:/Users/Louis/.platformio/packages/framework-arduinoespressif32-libs/esp32s3/qio_opi/include/sdkconfig.h:1155:9: warning: "CONFIG_ESP_COREDUMP_ENABLE" redefined
 1155 | #define CONFIG_ESP_COREDUMP_ENABLE 1
      |         ^~~~~~~~~~~~~~~~~~~~~~~~~~
<command-line>: note: this is the location of the previous definition
C:/Users/Louis/.platformio/packages/framework-arduinoespressif32-libs/esp32s3/qio_opi/include/sdkconfig.h:1879:9: warning: "CONFIG_ESP32S3_SPIRAM_SUPPORT" redefined
 1879 | #define CONFIG_ESP32S3_SPIRAM_SUPPORT CONFIG_SPIRAM
      |         ^~~~~~~~~~~~~~~~~~~~~~~~~~~~~
<command-line>: note: this is the location of the previous definition
Compiling .pio\build\WaveshareESP32S3LCD2\lib020\lvgl\extra\widgets\tabview\lv_tabview.c.o
In file included from C:/Users/Louis/Desktop/Code/FPVGate/.pio/libdeps/WaveshareESP32S3LCD2/lvgl/src/lv_conf_kconfig.h:15,
                 from C:/Users/Louis/Desktop/Code/FPVGate/.pio/libdeps/WaveshareESP32S3LCD2/lvgl/src/lv_conf_internal.h:15,
                 from .pio/libdeps/WaveshareESP32S3LCD2/lvgl/src/extra/widgets/meter/../../../../src/misc/lv_log.h:16,
                 from .pio/libdeps/WaveshareESP32S3LCD2/lvgl/src/extra/widgets/meter/../../../../lvgl.h:25,
                 from .pio/libdeps/WaveshareESP32S3LCD2/lvgl/src/extra/widgets/meter/../../../lvgl.h:17,
                 from .pio/libdeps/WaveshareESP32S3LCD2/lvgl/src/extra/widgets/meter/lv_meter.h:16,
                 from .pio/libdeps/WaveshareESP32S3LCD2/lvgl/src/extra/widgets/meter/lv_meter.c:9:
C:/Users/Louis/.platformio/packages/framework-arduinoespressif32-libs/esp32s3/qio_opi/include/sdkconfig.h:1094:9: warning: "CONFIG_ESP_TASK_WDT_EN" redefined
 1094 | #define CONFIG_ESP_TASK_WDT_EN 1
      |         ^~~~~~~~~~~~~~~~~~~~~~
<command-line>: note: this is the location of the previous definition
C:/Users/Louis/.platformio/packages/framework-arduinoespressif32-libs/esp32s3/qio_opi/include/sdkconfig.h:1095:9: warning: "CONFIG_ESP_TASK_WDT_INIT" redefined
 1095 | #define CONFIG_ESP_TASK_WDT_INIT 1
      |         ^~~~~~~~~~~~~~~~~~~~~~~~
<command-line>: note: this is the location of the previous definition
C:/Users/Louis/.platformio/packages/framework-arduinoespressif32-libs/esp32s3/qio_opi/include/sdkconfig.h:1098:9: warning: "CONFIG_ESP_TASK_WDT_CHECK_IDLE_TASK_CPU0" redefined
 1098 | #define CONFIG_ESP_TASK_WDT_CHECK_IDLE_TASK_CPU0 1
      |         ^~~~~~~~~~~~~~~~~~~~~~~~~~~~~~~~~~~~~~~~
<command-line>: note: this is the location of the previous definition
C:/Users/Louis/.platformio/packages/framework-arduinoespressif32-libs/esp32s3/qio_opi/include/sdkconfig.h:1155:9: warning: "CONFIG_ESP_COREDUMP_ENABLE" redefined
 1155 | #define CONFIG_ESP_COREDUMP_ENABLE 1
      |         ^~~~~~~~~~~~~~~~~~~~~~~~~~
<command-line>: note: this is the location of the previous definition
C:/Users/Louis/.platformio/packages/framework-arduinoespressif32-libs/esp32s3/qio_opi/include/sdkconfig.h:1879:9: warning: "CONFIG_ESP32S3_SPIRAM_SUPPORT" redefined
 1879 | #define CONFIG_ESP32S3_SPIRAM_SUPPORT CONFIG_SPIRAM
      |         ^~~~~~~~~~~~~~~~~~~~~~~~~~~~~
<command-line>: note: this is the location of the previous definition
In file included from C:/Users/Louis/Desktop/Code/FPVGate/.pio/libdeps/WaveshareESP32S3LCD2/lvgl/src/lv_conf_kconfig.h:15,
                 from C:/Users/Louis/Desktop/Code/FPVGate/.pio/libdeps/WaveshareESP32S3LCD2/lvgl/src/lv_conf_internal.h:15,
                 from C:/Users/Louis/Desktop/Code/FPVGate/.pio/libdeps/WaveshareESP32S3LCD2/lvgl/src/misc/lv_log.h:16,
                 from C:/Users/Louis/Desktop/Code/FPVGate/.pio/libdeps/WaveshareESP32S3LCD2/lvgl/lvgl.h:25,
                 from .pio/libdeps/WaveshareESP32S3LCD2/lvgl/src/extra/widgets/msgbox/../../../lvgl.h:17,
                 from .pio/libdeps/WaveshareESP32S3LCD2/lvgl/src/extra/widgets/msgbox/lv_msgbox.h:16,
                 from .pio/libdeps/WaveshareESP32S3LCD2/lvgl/src/extra/widgets/msgbox/lv_msgbox.c:9:
C:/Users/Louis/.platformio/packages/framework-arduinoespressif32-libs/esp32s3/qio_opi/include/sdkconfig.h:1094:9: warning: "CONFIG_ESP_TASK_WDT_EN" redefined
 1094 | #define CONFIG_ESP_TASK_WDT_EN 1
      |         ^~~~~~~~~~~~~~~~~~~~~~
<command-line>: note: this is the location of the previous definition
C:/Users/Louis/.platformio/packages/framework-arduinoespressif32-libs/esp32s3/qio_opi/include/sdkconfig.h:1095:9: warning: "CONFIG_ESP_TASK_WDT_INIT" redefined
 1095 | #define CONFIG_ESP_TASK_WDT_INIT 1
      |         ^~~~~~~~~~~~~~~~~~~~~~~~
<command-line>: note: this is the location of the previous definition
C:/Users/Louis/.platformio/packages/framework-arduinoespressif32-libs/esp32s3/qio_opi/include/sdkconfig.h:1098:9: warning: "CONFIG_ESP_TASK_WDT_CHECK_IDLE_TASK_CPU0" redefined
 1098 | #define CONFIG_ESP_TASK_WDT_CHECK_IDLE_TASK_CPU0 1
      |         ^~~~~~~~~~~~~~~~~~~~~~~~~~~~~~~~~~~~~~~~
<command-line>: note: this is the location of the previous definition
C:/Users/Louis/.platformio/packages/framework-arduinoespressif32-libs/esp32s3/qio_opi/include/sdkconfig.h:1155:9: warning: "CONFIG_ESP_COREDUMP_ENABLE" redefined
 1155 | #define CONFIG_ESP_COREDUMP_ENABLE 1
      |         ^~~~~~~~~~~~~~~~~~~~~~~~~~
<command-line>: note: this is the location of the previous definition
C:/Users/Louis/.platformio/packages/framework-arduinoespressif32-libs/esp32s3/qio_opi/include/sdkconfig.h:1879:9: warning: "CONFIG_ESP32S3_SPIRAM_SUPPORT" redefined
 1879 | #define CONFIG_ESP32S3_SPIRAM_SUPPORT CONFIG_SPIRAM
      |         ^~~~~~~~~~~~~~~~~~~~~~~~~~~~~
<command-line>: note: this is the location of the previous definition
Compiling .pio\build\WaveshareESP32S3LCD2\lib020\lvgl\extra\widgets\tileview\lv_tileview.c.o
In file included from C:/Users/Louis/Desktop/Code/FPVGate/.pio/libdeps/WaveshareESP32S3LCD2/lvgl/src/lv_conf_kconfig.h:15,
                 from C:/Users/Louis/Desktop/Code/FPVGate/.pio/libdeps/WaveshareESP32S3LCD2/lvgl/src/lv_conf_internal.h:15,
                 from .pio/libdeps/WaveshareESP32S3LCD2/lvgl/src/extra/widgets/span/../../../../src/misc/lv_log.h:16,
                 from .pio/libdeps/WaveshareESP32S3LCD2/lvgl/src/extra/widgets/span/../../../../lvgl.h:25,
                 from .pio/libdeps/WaveshareESP32S3LCD2/lvgl/src/extra/widgets/span/../../../lvgl.h:17,
                 from .pio/libdeps/WaveshareESP32S3LCD2/lvgl/src/extra/widgets/span/lv_span.h:16,
                 from .pio/libdeps/WaveshareESP32S3LCD2/lvgl/src/extra/widgets/span/lv_span.c:9:
C:/Users/Louis/.platformio/packages/framework-arduinoespressif32-libs/esp32s3/qio_opi/include/sdkconfig.h:1094:9: warning: "CONFIG_ESP_TASK_WDT_EN" redefined
 1094 | #define CONFIG_ESP_TASK_WDT_EN 1
      |         ^~~~~~~~~~~~~~~~~~~~~~
<command-line>: note: this is the location of the previous definition
C:/Users/Louis/.platformio/packages/framework-arduinoespressif32-libs/esp32s3/qio_opi/include/sdkconfig.h:1095:9: warning: "CONFIG_ESP_TASK_WDT_INIT" redefined
 1095 | #define CONFIG_ESP_TASK_WDT_INIT 1
      |         ^~~~~~~~~~~~~~~~~~~~~~~~
<command-line>: note: this is the location of the previous definition
C:/Users/Louis/.platformio/packages/framework-arduinoespressif32-libs/esp32s3/qio_opi/include/sdkconfig.h:1098:9: warning: "CONFIG_ESP_TASK_WDT_CHECK_IDLE_TASK_CPU0" redefined
 1098 | #define CONFIG_ESP_TASK_WDT_CHECK_IDLE_TASK_CPU0 1
      |         ^~~~~~~~~~~~~~~~~~~~~~~~~~~~~~~~~~~~~~~~
<command-line>: note: this is the location of the previous definition
C:/Users/Louis/.platformio/packages/framework-arduinoespressif32-libs/esp32s3/qio_opi/include/sdkconfig.h:1155:9: warning: "CONFIG_ESP_COREDUMP_ENABLE" redefined
 1155 | #define CONFIG_ESP_COREDUMP_ENABLE 1
      |         ^~~~~~~~~~~~~~~~~~~~~~~~~~
<command-line>: note: this is the location of the previous definition
C:/Users/Louis/.platformio/packages/framework-arduinoespressif32-libs/esp32s3/qio_opi/include/sdkconfig.h:1879:9: warning: "CONFIG_ESP32S3_SPIRAM_SUPPORT" redefined
 1879 | #define CONFIG_ESP32S3_SPIRAM_SUPPORT CONFIG_SPIRAM
      |         ^~~~~~~~~~~~~~~~~~~~~~~~~~~~~
<command-line>: note: this is the location of the previous definition
Compiling .pio\build\WaveshareESP32S3LCD2\lib020\lvgl\extra\widgets\win\lv_win.c.o
Compiling .pio\build\WaveshareESP32S3LCD2\lib020\lvgl\font\lv_font.c.o
In file included from C:/Users/Louis/Desktop/Code/FPVGate/.pio/libdeps/WaveshareESP32S3LCD2/lvgl/src/lv_conf_kconfig.h:15,
                 from C:/Users/Louis/Desktop/Code/FPVGate/.pio/libdeps/WaveshareESP32S3LCD2/lvgl/src/lv_conf_internal.h:15,
                 from C:/Users/Louis/Desktop/Code/FPVGate/.pio/libdeps/WaveshareESP32S3LCD2/lvgl/src/misc/lv_log.h:16,
                 from C:/Users/Louis/Desktop/Code/FPVGate/.pio/libdeps/WaveshareESP32S3LCD2/lvgl/lvgl.h:25,
                 from .pio/libdeps/WaveshareESP32S3LCD2/lvgl/src/extra/widgets/spinbox/../../../lvgl.h:17,
                 from .pio/libdeps/WaveshareESP32S3LCD2/lvgl/src/extra/widgets/spinbox/lv_spinbox.h:16,
                 from .pio/libdeps/WaveshareESP32S3LCD2/lvgl/src/extra/widgets/spinbox/lv_spinbox.c:9:
C:/Users/Louis/.platformio/packages/framework-arduinoespressif32-libs/esp32s3/qio_opi/include/sdkconfig.h:1094:9: warning: "CONFIG_ESP_TASK_WDT_EN" redefined
 1094 | #define CONFIG_ESP_TASK_WDT_EN 1
      |         ^~~~~~~~~~~~~~~~~~~~~~
<command-line>: note: this is the location of the previous definition
C:/Users/Louis/.platformio/packages/framework-arduinoespressif32-libs/esp32s3/qio_opi/include/sdkconfig.h:1095:9: warning: "CONFIG_ESP_TASK_WDT_INIT" redefined
 1095 | #define CONFIG_ESP_TASK_WDT_INIT 1
      |         ^~~~~~~~~~~~~~~~~~~~~~~~
<command-line>: note: this is the location of the previous definition
C:/Users/Louis/.platformio/packages/framework-arduinoespressif32-libs/esp32s3/qio_opi/include/sdkconfig.h:1098:9: warning: "CONFIG_ESP_TASK_WDT_CHECK_IDLE_TASK_CPU0" redefined
 1098 | #define CONFIG_ESP_TASK_WDT_CHECK_IDLE_TASK_CPU0 1
      |         ^~~~~~~~~~~~~~~~~~~~~~~~~~~~~~~~~~~~~~~~
<command-line>: note: this is the location of the previous definition
C:/Users/Louis/.platformio/packages/framework-arduinoespressif32-libs/esp32s3/qio_opi/include/sdkconfig.h:1155:9: warning: "CONFIG_ESP_COREDUMP_ENABLE" redefined
 1155 | #define CONFIG_ESP_COREDUMP_ENABLE 1
      |         ^~~~~~~~~~~~~~~~~~~~~~~~~~
<command-line>: note: this is the location of the previous definition
In file included from C:/Users/Louis/Desktop/Code/FPVGate/.pio/libdeps/WaveshareESP32S3LCD2/lvgl/src/lv_conf_kconfig.h:15,
                 from C:/Users/Louis/Desktop/Code/FPVGate/.pio/libdeps/WaveshareESP32S3LCD2/lvgl/src/lv_conf_internal.h:15,
                 from C:/Users/Louis/Desktop/Code/FPVGate/.pio/libdeps/WaveshareESP32S3LCD2/lvgl/src/misc/lv_log.h:16,
                 from C:/Users/Louis/Desktop/Code/FPVGate/.pio/libdeps/WaveshareESP32S3LCD2/lvgl/lvgl.h:25,
                 from .pio/libdeps/WaveshareESP32S3LCD2/lvgl/src/extra/widgets/spinner/../../../lvgl.h:17,
                 from .pio/libdeps/WaveshareESP32S3LCD2/lvgl/src/extra/widgets/spinner/lv_spinner.h:16,
                 from .pio/libdeps/WaveshareESP32S3LCD2/lvgl/src/extra/widgets/spinner/lv_spinner.c:9:
C:/Users/Louis/.platformio/packages/framework-arduinoespressif32-libs/esp32s3/qio_opi/include/sdkconfig.h:1094:9: warning: "CONFIG_ESP_TASK_WDT_EN" redefined
 1094 | #define CONFIG_ESP_TASK_WDT_EN 1
      |         ^~~~~~~~~~~~~~~~~~~~~~
<command-line>: note: this is the location of the previous definition
C:/Users/Louis/.platformio/packages/framework-arduinoespressif32-libs/esp32s3/qio_opi/include/sdkconfig.h:1879:9: warning: "CONFIG_ESP32S3_SPIRAM_SUPPORT" redefined
 1879 | #define CONFIG_ESP32S3_SPIRAM_SUPPORT CONFIG_SPIRAM
      |         ^~~~~~~~~~~~~~~~~~~~~~~~~~~~~
<command-line>: note: this is the location of the previous definition
C:/Users/Louis/.platformio/packages/framework-arduinoespressif32-libs/esp32s3/qio_opi/include/sdkconfig.h:1095:9: warning: "CONFIG_ESP_TASK_WDT_INIT" redefined
 1095 | #define CONFIG_ESP_TASK_WDT_INIT 1
      |         ^~~~~~~~~~~~~~~~~~~~~~~~
<command-line>: note: this is the location of the previous definition
C:/Users/Louis/.platformio/packages/framework-arduinoespressif32-libs/esp32s3/qio_opi/include/sdkconfig.h:1098:9: warning: "CONFIG_ESP_TASK_WDT_CHECK_IDLE_TASK_CPU0" redefined
 1098 | #define CONFIG_ESP_TASK_WDT_CHECK_IDLE_TASK_CPU0 1
      |         ^~~~~~~~~~~~~~~~~~~~~~~~~~~~~~~~~~~~~~~~
<command-line>: note: this is the location of the previous definition
C:/Users/Louis/.platformio/packages/framework-arduinoespressif32-libs/esp32s3/qio_opi/include/sdkconfig.h:1155:9: warning: "CONFIG_ESP_COREDUMP_ENABLE" redefined
 1155 | #define CONFIG_ESP_COREDUMP_ENABLE 1
      |         ^~~~~~~~~~~~~~~~~~~~~~~~~~
<command-line>: note: this is the location of the previous definition
C:/Users/Louis/.platformio/packages/framework-arduinoespressif32-libs/esp32s3/qio_opi/include/sdkconfig.h:1879:9: warning: "CONFIG_ESP32S3_SPIRAM_SUPPORT" redefined
 1879 | #define CONFIG_ESP32S3_SPIRAM_SUPPORT CONFIG_SPIRAM
      |         ^~~~~~~~~~~~~~~~~~~~~~~~~~~~~
<command-line>: note: this is the location of the previous definition
In file included from C:/Users/Louis/Desktop/Code/FPVGate/.pio/libdeps/WaveshareESP32S3LCD2/lvgl/src/lv_conf_kconfig.h:15,
                 from C:/Users/Louis/Desktop/Code/FPVGate/.pio/libdeps/WaveshareESP32S3LCD2/lvgl/src/lv_conf_internal.h:15,
                 from C:/Users/Louis/Desktop/Code/FPVGate/.pio/libdeps/WaveshareESP32S3LCD2/lvgl/src/misc/lv_log.h:16,
                 from C:/Users/Louis/Desktop/Code/FPVGate/.pio/libdeps/WaveshareESP32S3LCD2/lvgl/lvgl.h:25,
                 from .pio/libdeps/WaveshareESP32S3LCD2/lvgl/src/extra/widgets/tabview/../../../lvgl.h:17,
                 from .pio/libdeps/WaveshareESP32S3LCD2/lvgl/src/extra/widgets/tabview/lv_tabview.h:16,
                 from .pio/libdeps/WaveshareESP32S3LCD2/lvgl/src/extra/widgets/tabview/lv_tabview.c:9:
C:/Users/Louis/.platformio/packages/framework-arduinoespressif32-libs/esp32s3/qio_opi/include/sdkconfig.h:1094:9: warning: "CONFIG_ESP_TASK_WDT_EN" redefined
 1094 | #define CONFIG_ESP_TASK_WDT_EN 1
      |         ^~~~~~~~~~~~~~~~~~~~~~
<command-line>: note: this is the location of the previous definition
C:/Users/Louis/.platformio/packages/framework-arduinoespressif32-libs/esp32s3/qio_opi/include/sdkconfig.h:1095:9: warning: "CONFIG_ESP_TASK_WDT_INIT" redefined
 1095 | #define CONFIG_ESP_TASK_WDT_INIT 1
      |         ^~~~~~~~~~~~~~~~~~~~~~~~
<command-line>: note: this is the location of the previous definition
C:/Users/Louis/.platformio/packages/framework-arduinoespressif32-libs/esp32s3/qio_opi/include/sdkconfig.h:1098:9: warning: "CONFIG_ESP_TASK_WDT_CHECK_IDLE_TASK_CPU0" redefined
 1098 | #define CONFIG_ESP_TASK_WDT_CHECK_IDLE_TASK_CPU0 1
      |         ^~~~~~~~~~~~~~~~~~~~~~~~~~~~~~~~~~~~~~~~
<command-line>: note: this is the location of the previous definition
C:/Users/Louis/.platformio/packages/framework-arduinoespressif32-libs/esp32s3/qio_opi/include/sdkconfig.h:1155:9: warning: "CONFIG_ESP_COREDUMP_ENABLE" redefined
 1155 | #define CONFIG_ESP_COREDUMP_ENABLE 1
      |         ^~~~~~~~~~~~~~~~~~~~~~~~~~
<command-line>: note: this is the location of the previous definition
C:/Users/Louis/.platformio/packages/framework-arduinoespressif32-libs/esp32s3/qio_opi/include/sdkconfig.h:1879:9: warning: "CONFIG_ESP32S3_SPIRAM_SUPPORT" redefined
 1879 | #define CONFIG_ESP32S3_SPIRAM_SUPPORT CONFIG_SPIRAM
      |         ^~~~~~~~~~~~~~~~~~~~~~~~~~~~~
<command-line>: note: this is the location of the previous definition
In file included from C:/Users/Louis/Desktop/Code/FPVGate/.pio/libdeps/WaveshareESP32S3LCD2/lvgl/src/lv_conf_kconfig.h:15,
                 from C:/Users/Louis/Desktop/Code/FPVGate/.pio/libdeps/WaveshareESP32S3LCD2/lvgl/src/lv_conf_internal.h:15,
                 from .pio/libdeps/WaveshareESP32S3LCD2/lvgl/src/extra/widgets/tileview/../../../core/lv_obj.h:16,
                 from .pio/libdeps/WaveshareESP32S3LCD2/lvgl/src/extra/widgets/tileview/lv_tileview.h:16,
                 from .pio/libdeps/WaveshareESP32S3LCD2/lvgl/src/extra/widgets/tileview/lv_tileview.c:9:
C:/Users/Louis/.platformio/packages/framework-arduinoespressif32-libs/esp32s3/qio_opi/include/sdkconfig.h:1094:9: warning: "CONFIG_ESP_TASK_WDT_EN" redefined
 1094 | #define CONFIG_ESP_TASK_WDT_EN 1
      |         ^~~~~~~~~~~~~~~~~~~~~~
<command-line>: note: this is the location of the previous definition
C:/Users/Louis/.platformio/packages/framework-arduinoespressif32-libs/esp32s3/qio_opi/include/sdkconfig.h:1095:9: warning: "CONFIG_ESP_TASK_WDT_INIT" redefined
 1095 | #define CONFIG_ESP_TASK_WDT_INIT 1
      |         ^~~~~~~~~~~~~~~~~~~~~~~~
<command-line>: note: this is the location of the previous definition
C:/Users/Louis/.platformio/packages/framework-arduinoespressif32-libs/esp32s3/qio_opi/include/sdkconfig.h:1098:9: warning: "CONFIG_ESP_TASK_WDT_CHECK_IDLE_TASK_CPU0" redefined
 1098 | #define CONFIG_ESP_TASK_WDT_CHECK_IDLE_TASK_CPU0 1
      |         ^~~~~~~~~~~~~~~~~~~~~~~~~~~~~~~~~~~~~~~~
<command-line>: note: this is the location of the previous definition
C:/Users/Louis/.platformio/packages/framework-arduinoespressif32-libs/esp32s3/qio_opi/include/sdkconfig.h:1155:9: warning: "CONFIG_ESP_COREDUMP_ENABLE" redefined
 1155 | #define CONFIG_ESP_COREDUMP_ENABLE 1
      |         ^~~~~~~~~~~~~~~~~~~~~~~~~~
<command-line>: note: this is the location of the previous definition
C:/Users/Louis/.platformio/packages/framework-arduinoespressif32-libs/esp32s3/qio_opi/include/sdkconfig.h:1879:9: warning: "CONFIG_ESP32S3_SPIRAM_SUPPORT" redefined
 1879 | #define CONFIG_ESP32S3_SPIRAM_SUPPORT CONFIG_SPIRAM
      |         ^~~~~~~~~~~~~~~~~~~~~~~~~~~~~
<command-line>: note: this is the location of the previous definition
Compiling .pio\build\WaveshareESP32S3LCD2\lib020\lvgl\font\lv_font_dejavu_16_persian_hebrew.c.o
Compiling .pio\build\WaveshareESP32S3LCD2\lib020\lvgl\font\lv_font_fmt_txt.c.o
Compiling .pio\build\WaveshareESP32S3LCD2\lib020\lvgl\font\lv_font_loader.c.o
Compiling .pio\build\WaveshareESP32S3LCD2\lib020\lvgl\font\lv_font_montserrat_10.c.o
Compiling .pio\build\WaveshareESP32S3LCD2\lib020\lvgl\font\lv_font_montserrat_12.c.o
In file included from .pio/libdeps/WaveshareESP32S3LCD2/lvgl/src/font/../lv_conf_kconfig.h:15,
                 from .pio/libdeps/WaveshareESP32S3LCD2/lvgl/src/font/../lv_conf_internal.h:15,
                 from .pio/libdeps/WaveshareESP32S3LCD2/lvgl/src/font/lv_font.h:16,
                 from .pio/libdeps/WaveshareESP32S3LCD2/lvgl/src/font/lv_font.c:10:
C:/Users/Louis/.platformio/packages/framework-arduinoespressif32-libs/esp32s3/qio_opi/include/sdkconfig.h:1094:9: warning: "CONFIG_ESP_TASK_WDT_EN" redefined
 1094 | #define CONFIG_ESP_TASK_WDT_EN 1
      |         ^~~~~~~~~~~~~~~~~~~~~~
<command-line>: note: this is the location of the previous definition
C:/Users/Louis/.platformio/packages/framework-arduinoespressif32-libs/esp32s3/qio_opi/include/sdkconfig.h:1095:9: warning: "CONFIG_ESP_TASK_WDT_INIT" redefined
 1095 | #define CONFIG_ESP_TASK_WDT_INIT 1
      |         ^~~~~~~~~~~~~~~~~~~~~~~~
<command-line>: note: this is the location of the previous definition
C:/Users/Louis/.platformio/packages/framework-arduinoespressif32-libs/esp32s3/qio_opi/include/sdkconfig.h:1098:9: warning: "CONFIG_ESP_TASK_WDT_CHECK_IDLE_TASK_CPU0" redefined
 1098 | #define CONFIG_ESP_TASK_WDT_CHECK_IDLE_TASK_CPU0 1
      |         ^~~~~~~~~~~~~~~~~~~~~~~~~~~~~~~~~~~~~~~~
<command-line>: note: this is the location of the previous definition
C:/Users/Louis/.platformio/packages/framework-arduinoespressif32-libs/esp32s3/qio_opi/include/sdkconfig.h:1155:9: warning: "CONFIG_ESP_COREDUMP_ENABLE" redefined
 1155 | #define CONFIG_ESP_COREDUMP_ENABLE 1
      |         ^~~~~~~~~~~~~~~~~~~~~~~~~~
<command-line>: note: this is the location of the previous definition
C:/Users/Louis/.platformio/packages/framework-arduinoespressif32-libs/esp32s3/qio_opi/include/sdkconfig.h:1879:9: warning: "CONFIG_ESP32S3_SPIRAM_SUPPORT" redefined
 1879 | #define CONFIG_ESP32S3_SPIRAM_SUPPORT CONFIG_SPIRAM
      |         ^~~~~~~~~~~~~~~~~~~~~~~~~~~~~
<command-line>: note: this is the location of the previous definition
In file included from C:/Users/Louis/Desktop/Code/FPVGate/.pio/libdeps/WaveshareESP32S3LCD2/lvgl/src/lv_conf_kconfig.h:15,
                 from C:/Users/Louis/Desktop/Code/FPVGate/.pio/libdeps/WaveshareESP32S3LCD2/lvgl/src/lv_conf_internal.h:15,
                 from .pio/libdeps/WaveshareESP32S3LCD2/lvgl/src/extra/widgets/win/../../../../src/misc/lv_log.h:16,
                 from .pio/libdeps/WaveshareESP32S3LCD2/lvgl/src/extra/widgets/win/../../../../lvgl.h:25,
                 from .pio/libdeps/WaveshareESP32S3LCD2/lvgl/src/extra/widgets/win/../../../lvgl.h:17,
                 from .pio/libdeps/WaveshareESP32S3LCD2/lvgl/src/extra/widgets/win/lv_win.h:16,
                 from .pio/libdeps/WaveshareESP32S3LCD2/lvgl/src/extra/widgets/win/lv_win.c:9:
C:/Users/Louis/.platformio/packages/framework-arduinoespressif32-libs/esp32s3/qio_opi/include/sdkconfig.h:1094:9: warning: "CONFIG_ESP_TASK_WDT_EN" redefined
 1094 | #define CONFIG_ESP_TASK_WDT_EN 1
      |         ^~~~~~~~~~~~~~~~~~~~~~
<command-line>: note: this is the location of the previous definition
C:/Users/Louis/.platformio/packages/framework-arduinoespressif32-libs/esp32s3/qio_opi/include/sdkconfig.h:1095:9: warning: "CONFIG_ESP_TASK_WDT_INIT" redefined
 1095 | #define CONFIG_ESP_TASK_WDT_INIT 1
      |         ^~~~~~~~~~~~~~~~~~~~~~~~
<command-line>: note: this is the location of the previous definition
C:/Users/Louis/.platformio/packages/framework-arduinoespressif32-libs/esp32s3/qio_opi/include/sdkconfig.h:1098:9: warning: "CONFIG_ESP_TASK_WDT_CHECK_IDLE_TASK_CPU0" redefined
 1098 | #define CONFIG_ESP_TASK_WDT_CHECK_IDLE_TASK_CPU0 1
      |         ^~~~~~~~~~~~~~~~~~~~~~~~~~~~~~~~~~~~~~~~
<command-line>: note: this is the location of the previous definition
C:/Users/Louis/.platformio/packages/framework-arduinoespressif32-libs/esp32s3/qio_opi/include/sdkconfig.h:1155:9: warning: "CONFIG_ESP_COREDUMP_ENABLE" redefined
 1155 | #define CONFIG_ESP_COREDUMP_ENABLE 1
      |         ^~~~~~~~~~~~~~~~~~~~~~~~~~
<command-line>: note: this is the location of the previous definition
C:/Users/Louis/.platformio/packages/framework-arduinoespressif32-libs/esp32s3/qio_opi/include/sdkconfig.h:1879:9: warning: "CONFIG_ESP32S3_SPIRAM_SUPPORT" redefined
 1879 | #define CONFIG_ESP32S3_SPIRAM_SUPPORT CONFIG_SPIRAM
      |         ^~~~~~~~~~~~~~~~~~~~~~~~~~~~~
<command-line>: note: this is the location of the previous definition
Compiling .pio\build\WaveshareESP32S3LCD2\lib020\lvgl\font\lv_font_montserrat_12_subpx.c.o
In file included from .pio/libdeps/WaveshareESP32S3LCD2/lvgl/src/misc/../lv_conf_kconfig.h:15,
                 from .pio/libdeps/WaveshareESP32S3LCD2/lvgl/src/misc/../lv_conf_internal.h:15,
                 from .pio/libdeps/WaveshareESP32S3LCD2/lvgl/src/misc/lv_log.h:16,
                 from .pio/libdeps/WaveshareESP32S3LCD2/lvgl/lvgl.h:25,
                 from .pio/libdeps/WaveshareESP32S3LCD2/lvgl/src/font/lv_font_dejavu_16_persian_hebrew.c:8:
C:/Users/Louis/.platformio/packages/framework-arduinoespressif32-libs/esp32s3/qio_opi/include/sdkconfig.h:1094:9: warning: "CONFIG_ESP_TASK_WDT_EN" redefined
 1094 | #define CONFIG_ESP_TASK_WDT_EN 1
      |         ^~~~~~~~~~~~~~~~~~~~~~
<command-line>: note: this is the location of the previous definition
C:/Users/Louis/.platformio/packages/framework-arduinoespressif32-libs/esp32s3/qio_opi/include/sdkconfig.h:1095:9: warning: "CONFIG_ESP_TASK_WDT_INIT" redefined
 1095 | #define CONFIG_ESP_TASK_WDT_INIT 1
      |         ^~~~~~~~~~~~~~~~~~~~~~~~
<command-line>: note: this is the location of the previous definition
C:/Users/Louis/.platformio/packages/framework-arduinoespressif32-libs/esp32s3/qio_opi/include/sdkconfig.h:1098:9: warning: "CONFIG_ESP_TASK_WDT_CHECK_IDLE_TASK_CPU0" redefined
 1098 | #define CONFIG_ESP_TASK_WDT_CHECK_IDLE_TASK_CPU0 1
      |         ^~~~~~~~~~~~~~~~~~~~~~~~~~~~~~~~~~~~~~~~
<command-line>: note: this is the location of the previous definition
C:/Users/Louis/.platformio/packages/framework-arduinoespressif32-libs/esp32s3/qio_opi/include/sdkconfig.h:1155:9: warning: "CONFIG_ESP_COREDUMP_ENABLE" redefined
 1155 | #define CONFIG_ESP_COREDUMP_ENABLE 1
      |         ^~~~~~~~~~~~~~~~~~~~~~~~~~
<command-line>: note: this is the location of the previous definition
C:/Users/Louis/.platformio/packages/framework-arduinoespressif32-libs/esp32s3/qio_opi/include/sdkconfig.h:1879:9: warning: "CONFIG_ESP32S3_SPIRAM_SUPPORT" redefined
 1879 | #define CONFIG_ESP32S3_SPIRAM_SUPPORT CONFIG_SPIRAM
      |         ^~~~~~~~~~~~~~~~~~~~~~~~~~~~~
<command-line>: note: this is the location of the previous definition
Compiling .pio\build\WaveshareESP32S3LCD2\lib020\lvgl\font\lv_font_montserrat_14.c.o
Compiling .pio\build\WaveshareESP32S3LCD2\lib020\lvgl\font\lv_font_montserrat_16.c.o
In file included from .pio/libdeps/WaveshareESP32S3LCD2/lvgl/src/font/../lv_conf_kconfig.h:15,
                 from .pio/libdeps/WaveshareESP32S3LCD2/lvgl/src/font/../lv_conf_internal.h:15,
                 from .pio/libdeps/WaveshareESP32S3LCD2/lvgl/src/font/lv_font.h:16,
                 from .pio/libdeps/WaveshareESP32S3LCD2/lvgl/src/font/lv_font_fmt_txt.c:9:
C:/Users/Louis/.platformio/packages/framework-arduinoespressif32-libs/esp32s3/qio_opi/include/sdkconfig.h:1094:9: warning: "CONFIG_ESP_TASK_WDT_EN" redefined
 1094 | #define CONFIG_ESP_TASK_WDT_EN 1
      |         ^~~~~~~~~~~~~~~~~~~~~~
<command-line>: note: this is the location of the previous definition
C:/Users/Louis/.platformio/packages/framework-arduinoespressif32-libs/esp32s3/qio_opi/include/sdkconfig.h:1095:9: warning: "CONFIG_ESP_TASK_WDT_INIT" redefined
 1095 | #define CONFIG_ESP_TASK_WDT_INIT 1
      |         ^~~~~~~~~~~~~~~~~~~~~~~~
<command-line>: note: this is the location of the previous definition
C:/Users/Louis/.platformio/packages/framework-arduinoespressif32-libs/esp32s3/qio_opi/include/sdkconfig.h:1098:9: warning: "CONFIG_ESP_TASK_WDT_CHECK_IDLE_TASK_CPU0" redefined
 1098 | #define CONFIG_ESP_TASK_WDT_CHECK_IDLE_TASK_CPU0 1
      |         ^~~~~~~~~~~~~~~~~~~~~~~~~~~~~~~~~~~~~~~~
<command-line>: note: this is the location of the previous definition
C:/Users/Louis/.platformio/packages/framework-arduinoespressif32-libs/esp32s3/qio_opi/include/sdkconfig.h:1155:9: warning: "CONFIG_ESP_COREDUMP_ENABLE" redefined
 1155 | #define CONFIG_ESP_COREDUMP_ENABLE 1
      |         ^~~~~~~~~~~~~~~~~~~~~~~~~~
<command-line>: note: this is the location of the previous definition
C:/Users/Louis/.platformio/packages/framework-arduinoespressif32-libs/esp32s3/qio_opi/include/sdkconfig.h:1879:9: warning: "CONFIG_ESP32S3_SPIRAM_SUPPORT" redefined
 1879 | #define CONFIG_ESP32S3_SPIRAM_SUPPORT CONFIG_SPIRAM
      |         ^~~~~~~~~~~~~~~~~~~~~~~~~~~~~
<command-line>: note: this is the location of the previous definition
In file included from .pio/libdeps/WaveshareESP32S3LCD2/lvgl/src/misc/../lv_conf_kconfig.h:15,
                 from .pio/libdeps/WaveshareESP32S3LCD2/lvgl/src/misc/../lv_conf_internal.h:15,
                 from .pio/libdeps/WaveshareESP32S3LCD2/lvgl/src/misc/lv_log.h:16,
                 from .pio/libdeps/WaveshareESP32S3LCD2/lvgl/lvgl.h:25,
                 from .pio/libdeps/WaveshareESP32S3LCD2/lvgl/src/font/lv_font_montserrat_10.c:8:
C:/Users/Louis/.platformio/packages/framework-arduinoespressif32-libs/esp32s3/qio_opi/include/sdkconfig.h:1094:9: warning: "CONFIG_ESP_TASK_WDT_EN" redefined
 1094 | #define CONFIG_ESP_TASK_WDT_EN 1
      |         ^~~~~~~~~~~~~~~~~~~~~~
<command-line>: note: this is the location of the previous definition
C:/Users/Louis/.platformio/packages/framework-arduinoespressif32-libs/esp32s3/qio_opi/include/sdkconfig.h:1095:9: warning: "CONFIG_ESP_TASK_WDT_INIT" redefined
 1095 | #define CONFIG_ESP_TASK_WDT_INIT 1
      |         ^~~~~~~~~~~~~~~~~~~~~~~~
<command-line>: note: this is the location of the previous definition
C:/Users/Louis/.platformio/packages/framework-arduinoespressif32-libs/esp32s3/qio_opi/include/sdkconfig.h:1098:9: warning: "CONFIG_ESP_TASK_WDT_CHECK_IDLE_TASK_CPU0" redefined
 1098 | #define CONFIG_ESP_TASK_WDT_CHECK_IDLE_TASK_CPU0 1
      |         ^~~~~~~~~~~~~~~~~~~~~~~~~~~~~~~~~~~~~~~~
<command-line>: note: this is the location of the previous definition
C:/Users/Louis/.platformio/packages/framework-arduinoespressif32-libs/esp32s3/qio_opi/include/sdkconfig.h:1155:9: warning: "CONFIG_ESP_COREDUMP_ENABLE" redefined
 1155 | #define CONFIG_ESP_COREDUMP_ENABLE 1
      |         ^~~~~~~~~~~~~~~~~~~~~~~~~~
<command-line>: note: this is the location of the previous definition
C:/Users/Louis/.platformio/packages/framework-arduinoespressif32-libs/esp32s3/qio_opi/include/sdkconfig.h:1879:9: warning: "CONFIG_ESP32S3_SPIRAM_SUPPORT" redefined
 1879 | #define CONFIG_ESP32S3_SPIRAM_SUPPORT CONFIG_SPIRAM
      |         ^~~~~~~~~~~~~~~~~~~~~~~~~~~~~
<command-line>: note: this is the location of the previous definition
In file included from .pio/libdeps/WaveshareESP32S3LCD2/lvgl/src/font/../../src/misc/../lv_conf_kconfig.h:15,
                 from .pio/libdeps/WaveshareESP32S3LCD2/lvgl/src/font/../../src/misc/../lv_conf_internal.h:15,
                 from .pio/libdeps/WaveshareESP32S3LCD2/lvgl/src/font/../../src/misc/lv_log.h:16,
                 from .pio/libdeps/WaveshareESP32S3LCD2/lvgl/src/font/../../lvgl.h:25,
                 from .pio/libdeps/WaveshareESP32S3LCD2/lvgl/src/font/../lvgl.h:17,
                 from .pio/libdeps/WaveshareESP32S3LCD2/lvgl/src/font/lv_font_loader.c:13:
C:/Users/Louis/.platformio/packages/framework-arduinoespressif32-libs/esp32s3/qio_opi/include/sdkconfig.h:1094:9: warning: "CONFIG_ESP_TASK_WDT_EN" redefined
 1094 | #define CONFIG_ESP_TASK_WDT_EN 1
      |         ^~~~~~~~~~~~~~~~~~~~~~
<command-line>: note: this is the location of the previous definition
C:/Users/Louis/.platformio/packages/framework-arduinoespressif32-libs/esp32s3/qio_opi/include/sdkconfig.h:1095:9: warning: "CONFIG_ESP_TASK_WDT_INIT" redefined
 1095 | #define CONFIG_ESP_TASK_WDT_INIT 1
      |         ^~~~~~~~~~~~~~~~~~~~~~~~
<command-line>: note: this is the location of the previous definition
C:/Users/Louis/.platformio/packages/framework-arduinoespressif32-libs/esp32s3/qio_opi/include/sdkconfig.h:1098:9: warning: "CONFIG_ESP_TASK_WDT_CHECK_IDLE_TASK_CPU0" redefined
 1098 | #define CONFIG_ESP_TASK_WDT_CHECK_IDLE_TASK_CPU0 1
      |         ^~~~~~~~~~~~~~~~~~~~~~~~~~~~~~~~~~~~~~~~
<command-line>: note: this is the location of the previous definition
C:/Users/Louis/.platformio/packages/framework-arduinoespressif32-libs/esp32s3/qio_opi/include/sdkconfig.h:1155:9: warning: "CONFIG_ESP_COREDUMP_ENABLE" redefined
 1155 | #define CONFIG_ESP_COREDUMP_ENABLE 1
      |         ^~~~~~~~~~~~~~~~~~~~~~~~~~
<command-line>: note: this is the location of the previous definition
C:/Users/Louis/.platformio/packages/framework-arduinoespressif32-libs/esp32s3/qio_opi/include/sdkconfig.h:1879:9: warning: "CONFIG_ESP32S3_SPIRAM_SUPPORT" redefined
 1879 | #define CONFIG_ESP32S3_SPIRAM_SUPPORT CONFIG_SPIRAM
      |         ^~~~~~~~~~~~~~~~~~~~~~~~~~~~~
<command-line>: note: this is the location of the previous definition
Compiling .pio\build\WaveshareESP32S3LCD2\lib020\lvgl\font\lv_font_montserrat_18.c.o
In file included from .pio/libdeps/WaveshareESP32S3LCD2/lvgl/src/misc/../lv_conf_kconfig.h:15,
                 from .pio/libdeps/WaveshareESP32S3LCD2/lvgl/src/misc/../lv_conf_internal.h:15,
                 from .pio/libdeps/WaveshareESP32S3LCD2/lvgl/src/misc/lv_log.h:16,
                 from .pio/libdeps/WaveshareESP32S3LCD2/lvgl/lvgl.h:25,
                 from .pio/libdeps/WaveshareESP32S3LCD2/lvgl/src/font/lv_font_montserrat_12.c:8:
C:/Users/Louis/.platformio/packages/framework-arduinoespressif32-libs/esp32s3/qio_opi/include/sdkconfig.h:1094:9: warning: "CONFIG_ESP_TASK_WDT_EN" redefined
 1094 | #define CONFIG_ESP_TASK_WDT_EN 1
      |         ^~~~~~~~~~~~~~~~~~~~~~
<command-line>: note: this is the location of the previous definition
C:/Users/Louis/.platformio/packages/framework-arduinoespressif32-libs/esp32s3/qio_opi/include/sdkconfig.h:1095:9: warning: "CONFIG_ESP_TASK_WDT_INIT" redefined
 1095 | #define CONFIG_ESP_TASK_WDT_INIT 1
      |         ^~~~~~~~~~~~~~~~~~~~~~~~
<command-line>: note: this is the location of the previous definition
C:/Users/Louis/.platformio/packages/framework-arduinoespressif32-libs/esp32s3/qio_opi/include/sdkconfig.h:1098:9: warning: "CONFIG_ESP_TASK_WDT_CHECK_IDLE_TASK_CPU0" redefined
 1098 | #define CONFIG_ESP_TASK_WDT_CHECK_IDLE_TASK_CPU0 1
      |         ^~~~~~~~~~~~~~~~~~~~~~~~~~~~~~~~~~~~~~~~
<command-line>: note: this is the location of the previous definition
C:/Users/Louis/.platformio/packages/framework-arduinoespressif32-libs/esp32s3/qio_opi/include/sdkconfig.h:1155:9: warning: "CONFIG_ESP_COREDUMP_ENABLE" redefined
 1155 | #define CONFIG_ESP_COREDUMP_ENABLE 1
      |         ^~~~~~~~~~~~~~~~~~~~~~~~~~
<command-line>: note: this is the location of the previous definition
C:/Users/Louis/.platformio/packages/framework-arduinoespressif32-libs/esp32s3/qio_opi/include/sdkconfig.h:1879:9: warning: "CONFIG_ESP32S3_SPIRAM_SUPPORT" redefined
 1879 | #define CONFIG_ESP32S3_SPIRAM_SUPPORT CONFIG_SPIRAM
      |         ^~~~~~~~~~~~~~~~~~~~~~~~~~~~~
<command-line>: note: this is the location of the previous definition
Compiling .pio\build\WaveshareESP32S3LCD2\lib020\lvgl\font\lv_font_montserrat_20.c.o
Compiling .pio\build\WaveshareESP32S3LCD2\lib020\lvgl\font\lv_font_montserrat_22.c.o
In file included from .pio/libdeps/WaveshareESP32S3LCD2/lvgl/src/misc/../lv_conf_kconfig.h:15,
                 from .pio/libdeps/WaveshareESP32S3LCD2/lvgl/src/misc/../lv_conf_internal.h:15,
                 from .pio/libdeps/WaveshareESP32S3LCD2/lvgl/src/misc/lv_log.h:16,
                 from .pio/libdeps/WaveshareESP32S3LCD2/lvgl/lvgl.h:25,
                 from .pio/libdeps/WaveshareESP32S3LCD2/lvgl/src/font/lv_font_montserrat_12_subpx.c:8:
C:/Users/Louis/.platformio/packages/framework-arduinoespressif32-libs/esp32s3/qio_opi/include/sdkconfig.h:1094:9: warning: "CONFIG_ESP_TASK_WDT_EN" redefined
 1094 | #define CONFIG_ESP_TASK_WDT_EN 1
      |         ^~~~~~~~~~~~~~~~~~~~~~
<command-line>: note: this is the location of the previous definition
C:/Users/Louis/.platformio/packages/framework-arduinoespressif32-libs/esp32s3/qio_opi/include/sdkconfig.h:1095:9: warning: "CONFIG_ESP_TASK_WDT_INIT" redefined
 1095 | #define CONFIG_ESP_TASK_WDT_INIT 1
      |         ^~~~~~~~~~~~~~~~~~~~~~~~
<command-line>: note: this is the location of the previous definition
C:/Users/Louis/.platformio/packages/framework-arduinoespressif32-libs/esp32s3/qio_opi/include/sdkconfig.h:1098:9: warning: "CONFIG_ESP_TASK_WDT_CHECK_IDLE_TASK_CPU0" redefined
 1098 | #define CONFIG_ESP_TASK_WDT_CHECK_IDLE_TASK_CPU0 1
      |         ^~~~~~~~~~~~~~~~~~~~~~~~~~~~~~~~~~~~~~~~
<command-line>: note: this is the location of the previous definition
C:/Users/Louis/.platformio/packages/framework-arduinoespressif32-libs/esp32s3/qio_opi/include/sdkconfig.h:1155:9: warning: "CONFIG_ESP_COREDUMP_ENABLE" redefined
 1155 | #define CONFIG_ESP_COREDUMP_ENABLE 1
      |         ^~~~~~~~~~~~~~~~~~~~~~~~~~
<command-line>: note: this is the location of the previous definition
C:/Users/Louis/.platformio/packages/framework-arduinoespressif32-libs/esp32s3/qio_opi/include/sdkconfig.h:1879:9: warning: "CONFIG_ESP32S3_SPIRAM_SUPPORT" redefined
 1879 | #define CONFIG_ESP32S3_SPIRAM_SUPPORT CONFIG_SPIRAM
      |         ^~~~~~~~~~~~~~~~~~~~~~~~~~~~~
<command-line>: note: this is the location of the previous definition
Compiling .pio\build\WaveshareESP32S3LCD2\lib020\lvgl\font\lv_font_montserrat_24.c.o
In file included from .pio/libdeps/WaveshareESP32S3LCD2/lvgl/src/misc/../lv_conf_kconfig.h:15,
                 from .pio/libdeps/WaveshareESP32S3LCD2/lvgl/src/misc/../lv_conf_internal.h:15,
                 from .pio/libdeps/WaveshareESP32S3LCD2/lvgl/src/misc/lv_log.h:16,
                 from .pio/libdeps/WaveshareESP32S3LCD2/lvgl/lvgl.h:25,
                 from .pio/libdeps/WaveshareESP32S3LCD2/lvgl/src/font/lv_font_montserrat_14.c:8:
C:/Users/Louis/.platformio/packages/framework-arduinoespressif32-libs/esp32s3/qio_opi/include/sdkconfig.h:1094:9: warning: "CONFIG_ESP_TASK_WDT_EN" redefined
 1094 | #define CONFIG_ESP_TASK_WDT_EN 1
      |         ^~~~~~~~~~~~~~~~~~~~~~
<command-line>: note: this is the location of the previous definition
C:/Users/Louis/.platformio/packages/framework-arduinoespressif32-libs/esp32s3/qio_opi/include/sdkconfig.h:1095:9: warning: "CONFIG_ESP_TASK_WDT_INIT" redefined
 1095 | #define CONFIG_ESP_TASK_WDT_INIT 1
      |         ^~~~~~~~~~~~~~~~~~~~~~~~
<command-line>: note: this is the location of the previous definition
C:/Users/Louis/.platformio/packages/framework-arduinoespressif32-libs/esp32s3/qio_opi/include/sdkconfig.h:1098:9: warning: "CONFIG_ESP_TASK_WDT_CHECK_IDLE_TASK_CPU0" redefined
 1098 | #define CONFIG_ESP_TASK_WDT_CHECK_IDLE_TASK_CPU0 1
      |         ^~~~~~~~~~~~~~~~~~~~~~~~~~~~~~~~~~~~~~~~
<command-line>: note: this is the location of the previous definition
C:/Users/Louis/.platformio/packages/framework-arduinoespressif32-libs/esp32s3/qio_opi/include/sdkconfig.h:1155:9: warning: "CONFIG_ESP_COREDUMP_ENABLE" redefined
 1155 | #define CONFIG_ESP_COREDUMP_ENABLE 1
      |         ^~~~~~~~~~~~~~~~~~~~~~~~~~
<command-line>: note: this is the location of the previous definition
C:/Users/Louis/.platformio/packages/framework-arduinoespressif32-libs/esp32s3/qio_opi/include/sdkconfig.h:1879:9: warning: "CONFIG_ESP32S3_SPIRAM_SUPPORT" redefined
 1879 | #define CONFIG_ESP32S3_SPIRAM_SUPPORT CONFIG_SPIRAM
      |         ^~~~~~~~~~~~~~~~~~~~~~~~~~~~~
<command-line>: note: this is the location of the previous definition
Compiling .pio\build\WaveshareESP32S3LCD2\lib020\lvgl\font\lv_font_montserrat_26.c.o
In file included from .pio/libdeps/WaveshareESP32S3LCD2/lvgl/src/misc/../lv_conf_kconfig.h:15,
                 from .pio/libdeps/WaveshareESP32S3LCD2/lvgl/src/misc/../lv_conf_internal.h:15,
                 from .pio/libdeps/WaveshareESP32S3LCD2/lvgl/src/misc/lv_log.h:16,
                 from .pio/libdeps/WaveshareESP32S3LCD2/lvgl/lvgl.h:25,
                 from .pio/libdeps/WaveshareESP32S3LCD2/lvgl/src/font/lv_font_montserrat_16.c:8:
C:/Users/Louis/.platformio/packages/framework-arduinoespressif32-libs/esp32s3/qio_opi/include/sdkconfig.h:1094:9: warning: "CONFIG_ESP_TASK_WDT_EN" redefined
 1094 | #define CONFIG_ESP_TASK_WDT_EN 1
      |         ^~~~~~~~~~~~~~~~~~~~~~
<command-line>: note: this is the location of the previous definition
C:/Users/Louis/.platformio/packages/framework-arduinoespressif32-libs/esp32s3/qio_opi/include/sdkconfig.h:1095:9: warning: "CONFIG_ESP_TASK_WDT_INIT" redefined
 1095 | #define CONFIG_ESP_TASK_WDT_INIT 1
      |         ^~~~~~~~~~~~~~~~~~~~~~~~
<command-line>: note: this is the location of the previous definition
C:/Users/Louis/.platformio/packages/framework-arduinoespressif32-libs/esp32s3/qio_opi/include/sdkconfig.h:1098:9: warning: "CONFIG_ESP_TASK_WDT_CHECK_IDLE_TASK_CPU0" redefined
 1098 | #define CONFIG_ESP_TASK_WDT_CHECK_IDLE_TASK_CPU0 1
      |         ^~~~~~~~~~~~~~~~~~~~~~~~~~~~~~~~~~~~~~~~
<command-line>: note: this is the location of the previous definition
C:/Users/Louis/.platformio/packages/framework-arduinoespressif32-libs/esp32s3/qio_opi/include/sdkconfig.h:1155:9: warning: "CONFIG_ESP_COREDUMP_ENABLE" redefined
 1155 | #define CONFIG_ESP_COREDUMP_ENABLE 1
      |         ^~~~~~~~~~~~~~~~~~~~~~~~~~
<command-line>: note: this is the location of the previous definition
C:/Users/Louis/.platformio/packages/framework-arduinoespressif32-libs/esp32s3/qio_opi/include/sdkconfig.h:1879:9: warning: "CONFIG_ESP32S3_SPIRAM_SUPPORT" redefined
 1879 | #define CONFIG_ESP32S3_SPIRAM_SUPPORT CONFIG_SPIRAM
      |         ^~~~~~~~~~~~~~~~~~~~~~~~~~~~~
<command-line>: note: this is the location of the previous definition
Compiling .pio\build\WaveshareESP32S3LCD2\lib020\lvgl\font\lv_font_montserrat_28.c.o
Compiling .pio\build\WaveshareESP32S3LCD2\lib020\lvgl\font\lv_font_montserrat_28_compressed.c.o
In file included from .pio/libdeps/WaveshareESP32S3LCD2/lvgl/src/misc/../lv_conf_kconfig.h:15,
                 from .pio/libdeps/WaveshareESP32S3LCD2/lvgl/src/misc/../lv_conf_internal.h:15,
                 from .pio/libdeps/WaveshareESP32S3LCD2/lvgl/src/misc/lv_log.h:16,
                 from .pio/libdeps/WaveshareESP32S3LCD2/lvgl/lvgl.h:25,
                 from .pio/libdeps/WaveshareESP32S3LCD2/lvgl/src/font/lv_font_montserrat_18.c:8:
C:/Users/Louis/.platformio/packages/framework-arduinoespressif32-libs/esp32s3/qio_opi/include/sdkconfig.h:1094:9: warning: "CONFIG_ESP_TASK_WDT_EN" redefined
 1094 | #define CONFIG_ESP_TASK_WDT_EN 1
      |         ^~~~~~~~~~~~~~~~~~~~~~
<command-line>: note: this is the location of the previous definition
C:/Users/Louis/.platformio/packages/framework-arduinoespressif32-libs/esp32s3/qio_opi/include/sdkconfig.h:1095:9: warning: "CONFIG_ESP_TASK_WDT_INIT" redefined
 1095 | #define CONFIG_ESP_TASK_WDT_INIT 1
      |         ^~~~~~~~~~~~~~~~~~~~~~~~
<command-line>: note: this is the location of the previous definition
C:/Users/Louis/.platformio/packages/framework-arduinoespressif32-libs/esp32s3/qio_opi/include/sdkconfig.h:1098:9: warning: "CONFIG_ESP_TASK_WDT_CHECK_IDLE_TASK_CPU0" redefined
 1098 | #define CONFIG_ESP_TASK_WDT_CHECK_IDLE_TASK_CPU0 1
      |         ^~~~~~~~~~~~~~~~~~~~~~~~~~~~~~~~~~~~~~~~
<command-line>: note: this is the location of the previous definition
C:/Users/Louis/.platformio/packages/framework-arduinoespressif32-libs/esp32s3/qio_opi/include/sdkconfig.h:1155:9: warning: "CONFIG_ESP_COREDUMP_ENABLE" redefined
 1155 | #define CONFIG_ESP_COREDUMP_ENABLE 1
      |         ^~~~~~~~~~~~~~~~~~~~~~~~~~
<command-line>: note: this is the location of the previous definition
C:/Users/Louis/.platformio/packages/framework-arduinoespressif32-libs/esp32s3/qio_opi/include/sdkconfig.h:1879:9: warning: "CONFIG_ESP32S3_SPIRAM_SUPPORT" redefined
 1879 | #define CONFIG_ESP32S3_SPIRAM_SUPPORT CONFIG_SPIRAM
      |         ^~~~~~~~~~~~~~~~~~~~~~~~~~~~~
<command-line>: note: this is the location of the previous definition
Compiling .pio\build\WaveshareESP32S3LCD2\lib020\lvgl\font\lv_font_montserrat_30.c.o
In file included from .pio/libdeps/WaveshareESP32S3LCD2/lvgl/src/misc/../lv_conf_kconfig.h:15,
                 from .pio/libdeps/WaveshareESP32S3LCD2/lvgl/src/misc/../lv_conf_internal.h:15,
                 from .pio/libdeps/WaveshareESP32S3LCD2/lvgl/src/misc/lv_log.h:16,
                 from .pio/libdeps/WaveshareESP32S3LCD2/lvgl/lvgl.h:25,
                 from .pio/libdeps/WaveshareESP32S3LCD2/lvgl/src/font/lv_font_montserrat_22.c:8:
C:/Users/Louis/.platformio/packages/framework-arduinoespressif32-libs/esp32s3/qio_opi/include/sdkconfig.h:1094:9: warning: "CONFIG_ESP_TASK_WDT_EN" redefined
 1094 | #define CONFIG_ESP_TASK_WDT_EN 1
      |         ^~~~~~~~~~~~~~~~~~~~~~
<command-line>: note: this is the location of the previous definition
C:/Users/Louis/.platformio/packages/framework-arduinoespressif32-libs/esp32s3/qio_opi/include/sdkconfig.h:1095:9: warning: "CONFIG_ESP_TASK_WDT_INIT" redefined
 1095 | #define CONFIG_ESP_TASK_WDT_INIT 1
      |         ^~~~~~~~~~~~~~~~~~~~~~~~
<command-line>: note: this is the location of the previous definition
C:/Users/Louis/.platformio/packages/framework-arduinoespressif32-libs/esp32s3/qio_opi/include/sdkconfig.h:1098:9: warning: "CONFIG_ESP_TASK_WDT_CHECK_IDLE_TASK_CPU0" redefined
 1098 | #define CONFIG_ESP_TASK_WDT_CHECK_IDLE_TASK_CPU0 1
      |         ^~~~~~~~~~~~~~~~~~~~~~~~~~~~~~~~~~~~~~~~
<command-line>: note: this is the location of the previous definition
C:/Users/Louis/.platformio/packages/framework-arduinoespressif32-libs/esp32s3/qio_opi/include/sdkconfig.h:1155:9: warning: "CONFIG_ESP_COREDUMP_ENABLE" redefined
 1155 | #define CONFIG_ESP_COREDUMP_ENABLE 1
      |         ^~~~~~~~~~~~~~~~~~~~~~~~~~
<command-line>: note: this is the location of the previous definition
C:/Users/Louis/.platformio/packages/framework-arduinoespressif32-libs/esp32s3/qio_opi/include/sdkconfig.h:1879:9: warning: "CONFIG_ESP32S3_SPIRAM_SUPPORT" redefined
 1879 | #define CONFIG_ESP32S3_SPIRAM_SUPPORT CONFIG_SPIRAM
      |         ^~~~~~~~~~~~~~~~~~~~~~~~~~~~~
<command-line>: note: this is the location of the previous definition
In file included from .pio/libdeps/WaveshareESP32S3LCD2/lvgl/src/misc/../lv_conf_kconfig.h:15,
                 from .pio/libdeps/WaveshareESP32S3LCD2/lvgl/src/misc/../lv_conf_internal.h:15,
                 from .pio/libdeps/WaveshareESP32S3LCD2/lvgl/src/misc/lv_log.h:16,
                 from .pio/libdeps/WaveshareESP32S3LCD2/lvgl/lvgl.h:25,
                 from .pio/libdeps/WaveshareESP32S3LCD2/lvgl/src/font/lv_font_montserrat_20.c:8:
C:/Users/Louis/.platformio/packages/framework-arduinoespressif32-libs/esp32s3/qio_opi/include/sdkconfig.h:1094:9: warning: "CONFIG_ESP_TASK_WDT_EN" redefined
 1094 | #define CONFIG_ESP_TASK_WDT_EN 1
      |         ^~~~~~~~~~~~~~~~~~~~~~
<command-line>: note: this is the location of the previous definition
C:/Users/Louis/.platformio/packages/framework-arduinoespressif32-libs/esp32s3/qio_opi/include/sdkconfig.h:1095:9: warning: "CONFIG_ESP_TASK_WDT_INIT" redefined
 1095 | #define CONFIG_ESP_TASK_WDT_INIT 1
      |         ^~~~~~~~~~~~~~~~~~~~~~~~
<command-line>: note: this is the location of the previous definition
C:/Users/Louis/.platformio/packages/framework-arduinoespressif32-libs/esp32s3/qio_opi/include/sdkconfig.h:1098:9: warning: "CONFIG_ESP_TASK_WDT_CHECK_IDLE_TASK_CPU0" redefined
 1098 | #define CONFIG_ESP_TASK_WDT_CHECK_IDLE_TASK_CPU0 1
      |         ^~~~~~~~~~~~~~~~~~~~~~~~~~~~~~~~~~~~~~~~
<command-line>: note: this is the location of the previous definition
C:/Users/Louis/.platformio/packages/framework-arduinoespressif32-libs/esp32s3/qio_opi/include/sdkconfig.h:1155:9: warning: "CONFIG_ESP_COREDUMP_ENABLE" redefined
 1155 | #define CONFIG_ESP_COREDUMP_ENABLE 1
      |         ^~~~~~~~~~~~~~~~~~~~~~~~~~
<command-line>: note: this is the location of the previous definition
C:/Users/Louis/.platformio/packages/framework-arduinoespressif32-libs/esp32s3/qio_opi/include/sdkconfig.h:1879:9: warning: "CONFIG_ESP32S3_SPIRAM_SUPPORT" redefined
 1879 | #define CONFIG_ESP32S3_SPIRAM_SUPPORT CONFIG_SPIRAM
      |         ^~~~~~~~~~~~~~~~~~~~~~~~~~~~~
<command-line>: note: this is the location of the previous definition
In file included from .pio/libdeps/WaveshareESP32S3LCD2/lvgl/src/misc/../lv_conf_kconfig.h:15,
                 from .pio/libdeps/WaveshareESP32S3LCD2/lvgl/src/misc/../lv_conf_internal.h:15,
                 from .pio/libdeps/WaveshareESP32S3LCD2/lvgl/src/misc/lv_log.h:16,
                 from .pio/libdeps/WaveshareESP32S3LCD2/lvgl/lvgl.h:25,
                 from .pio/libdeps/WaveshareESP32S3LCD2/lvgl/src/font/lv_font_montserrat_24.c:8:
C:/Users/Louis/.platformio/packages/framework-arduinoespressif32-libs/esp32s3/qio_opi/include/sdkconfig.h:1094:9: warning: "CONFIG_ESP_TASK_WDT_EN" redefined
 1094 | #define CONFIG_ESP_TASK_WDT_EN 1
      |         ^~~~~~~~~~~~~~~~~~~~~~
<command-line>: note: this is the location of the previous definition
C:/Users/Louis/.platformio/packages/framework-arduinoespressif32-libs/esp32s3/qio_opi/include/sdkconfig.h:1095:9: warning: "CONFIG_ESP_TASK_WDT_INIT" redefined
 1095 | #define CONFIG_ESP_TASK_WDT_INIT 1
      |         ^~~~~~~~~~~~~~~~~~~~~~~~
<command-line>: note: this is the location of the previous definition
C:/Users/Louis/.platformio/packages/framework-arduinoespressif32-libs/esp32s3/qio_opi/include/sdkconfig.h:1098:9: warning: "CONFIG_ESP_TASK_WDT_CHECK_IDLE_TASK_CPU0" redefined
 1098 | #define CONFIG_ESP_TASK_WDT_CHECK_IDLE_TASK_CPU0 1
      |         ^~~~~~~~~~~~~~~~~~~~~~~~~~~~~~~~~~~~~~~~
<command-line>: note: this is the location of the previous definition
C:/Users/Louis/.platformio/packages/framework-arduinoespressif32-libs/esp32s3/qio_opi/include/sdkconfig.h:1155:9: warning: "CONFIG_ESP_COREDUMP_ENABLE" redefined
 1155 | #define CONFIG_ESP_COREDUMP_ENABLE 1
      |         ^~~~~~~~~~~~~~~~~~~~~~~~~~
<command-line>: note: this is the location of the previous definition
C:/Users/Louis/.platformio/packages/framework-arduinoespressif32-libs/esp32s3/qio_opi/include/sdkconfig.h:1879:9: warning: "CONFIG_ESP32S3_SPIRAM_SUPPORT" redefined
 1879 | #define CONFIG_ESP32S3_SPIRAM_SUPPORT CONFIG_SPIRAM
      |         ^~~~~~~~~~~~~~~~~~~~~~~~~~~~~
<command-line>: note: this is the location of the previous definition
Compiling .pio\build\WaveshareESP32S3LCD2\lib020\lvgl\font\lv_font_montserrat_32.c.o
In file included from .pio/libdeps/WaveshareESP32S3LCD2/lvgl/src/misc/../lv_conf_kconfig.h:15,
                 from .pio/libdeps/WaveshareESP32S3LCD2/lvgl/src/misc/../lv_conf_internal.h:15,
                 from .pio/libdeps/WaveshareESP32S3LCD2/lvgl/src/misc/lv_log.h:16,
                 from .pio/libdeps/WaveshareESP32S3LCD2/lvgl/lvgl.h:25,
                 from .pio/libdeps/WaveshareESP32S3LCD2/lvgl/src/font/lv_font_montserrat_28.c:8:
C:/Users/Louis/.platformio/packages/framework-arduinoespressif32-libs/esp32s3/qio_opi/include/sdkconfig.h:1094:9: warning: "CONFIG_ESP_TASK_WDT_EN" redefined
 1094 | #define CONFIG_ESP_TASK_WDT_EN 1
      |         ^~~~~~~~~~~~~~~~~~~~~~
<command-line>: note: this is the location of the previous definition
In file included from .pio/libdeps/WaveshareESP32S3LCD2/lvgl/src/misc/../lv_conf_kconfig.h:15,
                 from .pio/libdeps/WaveshareESP32S3LCD2/lvgl/src/misc/../lv_conf_internal.h:15,
                 from .pio/libdeps/WaveshareESP32S3LCD2/lvgl/src/misc/lv_log.h:16,
                 from .pio/libdeps/WaveshareESP32S3LCD2/lvgl/lvgl.h:25,
                 from .pio/libdeps/WaveshareESP32S3LCD2/lvgl/src/font/lv_font_montserrat_26.c:8:
C:/Users/Louis/.platformio/packages/framework-arduinoespressif32-libs/esp32s3/qio_opi/include/sdkconfig.h:1094:9: warning: "CONFIG_ESP_TASK_WDT_EN" redefined
 1094 | #define CONFIG_ESP_TASK_WDT_EN 1
      |         ^~~~~~~~~~~~~~~~~~~~~~
<command-line>: note: this is the location of the previous definition
C:/Users/Louis/.platformio/packages/framework-arduinoespressif32-libs/esp32s3/qio_opi/include/sdkconfig.h:1095:9: warning: "CONFIG_ESP_TASK_WDT_INIT" redefined
 1095 | #define CONFIG_ESP_TASK_WDT_INIT 1
      |         ^~~~~~~~~~~~~~~~~~~~~~~~
<command-line>: note: this is the location of the previous definition
C:/Users/Louis/.platformio/packages/framework-arduinoespressif32-libs/esp32s3/qio_opi/include/sdkconfig.h:1098:9: warning: "CONFIG_ESP_TASK_WDT_CHECK_IDLE_TASK_CPU0" redefined
 1098 | #define CONFIG_ESP_TASK_WDT_CHECK_IDLE_TASK_CPU0 1
      |         ^~~~~~~~~~~~~~~~~~~~~~~~~~~~~~~~~~~~~~~~
<command-line>: note: this is the location of the previous definition
C:/Users/Louis/.platformio/packages/framework-arduinoespressif32-libs/esp32s3/qio_opi/include/sdkconfig.h:1155:9: warning: "CONFIG_ESP_COREDUMP_ENABLE" redefined
 1155 | #define CONFIG_ESP_COREDUMP_ENABLE 1
      |         ^~~~~~~~~~~~~~~~~~~~~~~~~~
<command-line>: note: this is the location of the previous definition
C:/Users/Louis/.platformio/packages/framework-arduinoespressif32-libs/esp32s3/qio_opi/include/sdkconfig.h:1095:9: warning: "CONFIG_ESP_TASK_WDT_INIT" redefined
 1095 | #define CONFIG_ESP_TASK_WDT_INIT 1
      |         ^~~~~~~~~~~~~~~~~~~~~~~~
<command-line>: note: this is the location of the previous definition
C:/Users/Louis/.platformio/packages/framework-arduinoespressif32-libs/esp32s3/qio_opi/include/sdkconfig.h:1098:9: warning: "CONFIG_ESP_TASK_WDT_CHECK_IDLE_TASK_CPU0" redefined
 1098 | #define CONFIG_ESP_TASK_WDT_CHECK_IDLE_TASK_CPU0 1
      |         ^~~~~~~~~~~~~~~~~~~~~~~~~~~~~~~~~~~~~~~~
<command-line>: note: this is the location of the previous definition
C:/Users/Louis/.platformio/packages/framework-arduinoespressif32-libs/esp32s3/qio_opi/include/sdkconfig.h:1155:9: warning: "CONFIG_ESP_COREDUMP_ENABLE" redefined
 1155 | #define CONFIG_ESP_COREDUMP_ENABLE 1
      |         ^~~~~~~~~~~~~~~~~~~~~~~~~~
<command-line>: note: this is the location of the previous definition
C:/Users/Louis/.platformio/packages/framework-arduinoespressif32-libs/esp32s3/qio_opi/include/sdkconfig.h:1879:9: warning: "CONFIG_ESP32S3_SPIRAM_SUPPORT" redefined
 1879 | #define CONFIG_ESP32S3_SPIRAM_SUPPORT CONFIG_SPIRAM
      |         ^~~~~~~~~~~~~~~~~~~~~~~~~~~~~
<command-line>: note: this is the location of the previous definition
C:/Users/Louis/.platformio/packages/framework-arduinoespressif32-libs/esp32s3/qio_opi/include/sdkconfig.h:1879:9: warning: "CONFIG_ESP32S3_SPIRAM_SUPPORT" redefined
 1879 | #define CONFIG_ESP32S3_SPIRAM_SUPPORT CONFIG_SPIRAM
      |         ^~~~~~~~~~~~~~~~~~~~~~~~~~~~~
<command-line>: note: this is the location of the previous definition
Compiling .pio\build\WaveshareESP32S3LCD2\lib020\lvgl\font\lv_font_montserrat_34.c.o
In file included from .pio/libdeps/WaveshareESP32S3LCD2/lvgl/src/misc/../lv_conf_kconfig.h:15,
                 from .pio/libdeps/WaveshareESP32S3LCD2/lvgl/src/misc/../lv_conf_internal.h:15,
                 from .pio/libdeps/WaveshareESP32S3LCD2/lvgl/src/misc/lv_log.h:16,
                 from .pio/libdeps/WaveshareESP32S3LCD2/lvgl/lvgl.h:25,
                 from .pio/libdeps/WaveshareESP32S3LCD2/lvgl/src/font/lv_font_montserrat_28_compressed.c:8:
C:/Users/Louis/.platformio/packages/framework-arduinoespressif32-libs/esp32s3/qio_opi/include/sdkconfig.h:1094:9: warning: "CONFIG_ESP_TASK_WDT_EN" redefined
 1094 | #define CONFIG_ESP_TASK_WDT_EN 1
      |         ^~~~~~~~~~~~~~~~~~~~~~
<command-line>: note: this is the location of the previous definition
C:/Users/Louis/.platformio/packages/framework-arduinoespressif32-libs/esp32s3/qio_opi/include/sdkconfig.h:1095:9: warning: "CONFIG_ESP_TASK_WDT_INIT" redefined
 1095 | #define CONFIG_ESP_TASK_WDT_INIT 1
      |         ^~~~~~~~~~~~~~~~~~~~~~~~
<command-line>: note: this is the location of the previous definition
C:/Users/Louis/.platformio/packages/framework-arduinoespressif32-libs/esp32s3/qio_opi/include/sdkconfig.h:1098:9: warning: "CONFIG_ESP_TASK_WDT_CHECK_IDLE_TASK_CPU0" redefined
 1098 | #define CONFIG_ESP_TASK_WDT_CHECK_IDLE_TASK_CPU0 1
      |         ^~~~~~~~~~~~~~~~~~~~~~~~~~~~~~~~~~~~~~~~
<command-line>: note: this is the location of the previous definition
C:/Users/Louis/.platformio/packages/framework-arduinoespressif32-libs/esp32s3/qio_opi/include/sdkconfig.h:1155:9: warning: "CONFIG_ESP_COREDUMP_ENABLE" redefined
 1155 | #define CONFIG_ESP_COREDUMP_ENABLE 1
      |         ^~~~~~~~~~~~~~~~~~~~~~~~~~
<command-line>: note: this is the location of the previous definition
C:/Users/Louis/.platformio/packages/framework-arduinoespressif32-libs/esp32s3/qio_opi/include/sdkconfig.h:1879:9: warning: "CONFIG_ESP32S3_SPIRAM_SUPPORT" redefined
 1879 | #define CONFIG_ESP32S3_SPIRAM_SUPPORT CONFIG_SPIRAM
      |         ^~~~~~~~~~~~~~~~~~~~~~~~~~~~~
<command-line>: note: this is the location of the previous definition
Compiling .pio\build\WaveshareESP32S3LCD2\lib020\lvgl\font\lv_font_montserrat_36.c.o
Compiling .pio\build\WaveshareESP32S3LCD2\lib020\lvgl\font\lv_font_montserrat_38.c.o
In file included from .pio/libdeps/WaveshareESP32S3LCD2/lvgl/src/misc/../lv_conf_kconfig.h:15,
                 from .pio/libdeps/WaveshareESP32S3LCD2/lvgl/src/misc/../lv_conf_internal.h:15,
                 from .pio/libdeps/WaveshareESP32S3LCD2/lvgl/src/misc/lv_log.h:16,
                 from .pio/libdeps/WaveshareESP32S3LCD2/lvgl/lvgl.h:25,
                 from .pio/libdeps/WaveshareESP32S3LCD2/lvgl/src/font/lv_font_montserrat_30.c:8:
C:/Users/Louis/.platformio/packages/framework-arduinoespressif32-libs/esp32s3/qio_opi/include/sdkconfig.h:1094:9: warning: "CONFIG_ESP_TASK_WDT_EN" redefined
 1094 | #define CONFIG_ESP_TASK_WDT_EN 1
      |         ^~~~~~~~~~~~~~~~~~~~~~
<command-line>: note: this is the location of the previous definition
C:/Users/Louis/.platformio/packages/framework-arduinoespressif32-libs/esp32s3/qio_opi/include/sdkconfig.h:1095:9: warning: "CONFIG_ESP_TASK_WDT_INIT" redefined
 1095 | #define CONFIG_ESP_TASK_WDT_INIT 1
      |         ^~~~~~~~~~~~~~~~~~~~~~~~
<command-line>: note: this is the location of the previous definition
C:/Users/Louis/.platformio/packages/framework-arduinoespressif32-libs/esp32s3/qio_opi/include/sdkconfig.h:1098:9: warning: "CONFIG_ESP_TASK_WDT_CHECK_IDLE_TASK_CPU0" redefined
 1098 | #define CONFIG_ESP_TASK_WDT_CHECK_IDLE_TASK_CPU0 1
      |         ^~~~~~~~~~~~~~~~~~~~~~~~~~~~~~~~~~~~~~~~
<command-line>: note: this is the location of the previous definition
C:/Users/Louis/.platformio/packages/framework-arduinoespressif32-libs/esp32s3/qio_opi/include/sdkconfig.h:1155:9: warning: "CONFIG_ESP_COREDUMP_ENABLE" redefined
 1155 | #define CONFIG_ESP_COREDUMP_ENABLE 1
      |         ^~~~~~~~~~~~~~~~~~~~~~~~~~
<command-line>: note: this is the location of the previous definition
C:/Users/Louis/.platformio/packages/framework-arduinoespressif32-libs/esp32s3/qio_opi/include/sdkconfig.h:1879:9: warning: "CONFIG_ESP32S3_SPIRAM_SUPPORT" redefined
 1879 | #define CONFIG_ESP32S3_SPIRAM_SUPPORT CONFIG_SPIRAM
      |         ^~~~~~~~~~~~~~~~~~~~~~~~~~~~~
<command-line>: note: this is the location of the previous definition
Compiling .pio\build\WaveshareESP32S3LCD2\lib020\lvgl\font\lv_font_montserrat_40.c.o
In file included from .pio/libdeps/WaveshareESP32S3LCD2/lvgl/src/misc/../lv_conf_kconfig.h:15,
                 from .pio/libdeps/WaveshareESP32S3LCD2/lvgl/src/misc/../lv_conf_internal.h:15,
                 from .pio/libdeps/WaveshareESP32S3LCD2/lvgl/src/misc/lv_log.h:16,
                 from .pio/libdeps/WaveshareESP32S3LCD2/lvgl/lvgl.h:25,
                 from .pio/libdeps/WaveshareESP32S3LCD2/lvgl/src/font/lv_font_montserrat_32.c:8:
C:/Users/Louis/.platformio/packages/framework-arduinoespressif32-libs/esp32s3/qio_opi/include/sdkconfig.h:1094:9: warning: "CONFIG_ESP_TASK_WDT_EN" redefined
 1094 | #define CONFIG_ESP_TASK_WDT_EN 1
      |         ^~~~~~~~~~~~~~~~~~~~~~
<command-line>: note: this is the location of the previous definition
C:/Users/Louis/.platformio/packages/framework-arduinoespressif32-libs/esp32s3/qio_opi/include/sdkconfig.h:1095:9: warning: "CONFIG_ESP_TASK_WDT_INIT" redefined
 1095 | #define CONFIG_ESP_TASK_WDT_INIT 1
      |         ^~~~~~~~~~~~~~~~~~~~~~~~
<command-line>: note: this is the location of the previous definition
C:/Users/Louis/.platformio/packages/framework-arduinoespressif32-libs/esp32s3/qio_opi/include/sdkconfig.h:1098:9: warning: "CONFIG_ESP_TASK_WDT_CHECK_IDLE_TASK_CPU0" redefined
 1098 | #define CONFIG_ESP_TASK_WDT_CHECK_IDLE_TASK_CPU0 1
      |         ^~~~~~~~~~~~~~~~~~~~~~~~~~~~~~~~~~~~~~~~
<command-line>: note: this is the location of the previous definition
C:/Users/Louis/.platformio/packages/framework-arduinoespressif32-libs/esp32s3/qio_opi/include/sdkconfig.h:1155:9: warning: "CONFIG_ESP_COREDUMP_ENABLE" redefined
 1155 | #define CONFIG_ESP_COREDUMP_ENABLE 1
      |         ^~~~~~~~~~~~~~~~~~~~~~~~~~
<command-line>: note: this is the location of the previous definition
C:/Users/Louis/.platformio/packages/framework-arduinoespressif32-libs/esp32s3/qio_opi/include/sdkconfig.h:1879:9: warning: "CONFIG_ESP32S3_SPIRAM_SUPPORT" redefined
 1879 | #define CONFIG_ESP32S3_SPIRAM_SUPPORT CONFIG_SPIRAM
      |         ^~~~~~~~~~~~~~~~~~~~~~~~~~~~~
<command-line>: note: this is the location of the previous definition
Compiling .pio\build\WaveshareESP32S3LCD2\lib020\lvgl\font\lv_font_montserrat_42.c.o
Compiling .pio\build\WaveshareESP32S3LCD2\lib020\lvgl\font\lv_font_montserrat_44.c.o
Compiling .pio\build\WaveshareESP32S3LCD2\lib020\lvgl\font\lv_font_montserrat_46.c.o
In file included from .pio/libdeps/WaveshareESP32S3LCD2/lvgl/src/misc/../lv_conf_kconfig.h:15,
                 from .pio/libdeps/WaveshareESP32S3LCD2/lvgl/src/misc/../lv_conf_internal.h:15,
                 from .pio/libdeps/WaveshareESP32S3LCD2/lvgl/src/misc/lv_log.h:16,
                 from .pio/libdeps/WaveshareESP32S3LCD2/lvgl/lvgl.h:25,
                 from .pio/libdeps/WaveshareESP32S3LCD2/lvgl/src/font/lv_font_montserrat_36.c:8:
C:/Users/Louis/.platformio/packages/framework-arduinoespressif32-libs/esp32s3/qio_opi/include/sdkconfig.h:1094:9: warning: "CONFIG_ESP_TASK_WDT_EN" redefined
 1094 | #define CONFIG_ESP_TASK_WDT_EN 1
      |         ^~~~~~~~~~~~~~~~~~~~~~
<command-line>: note: this is the location of the previous definition
C:/Users/Louis/.platformio/packages/framework-arduinoespressif32-libs/esp32s3/qio_opi/include/sdkconfig.h:1095:9: warning: "CONFIG_ESP_TASK_WDT_INIT" redefined
 1095 | #define CONFIG_ESP_TASK_WDT_INIT 1
      |         ^~~~~~~~~~~~~~~~~~~~~~~~
<command-line>: note: this is the location of the previous definition
C:/Users/Louis/.platformio/packages/framework-arduinoespressif32-libs/esp32s3/qio_opi/include/sdkconfig.h:1098:9: warning: "CONFIG_ESP_TASK_WDT_CHECK_IDLE_TASK_CPU0" redefined
 1098 | #define CONFIG_ESP_TASK_WDT_CHECK_IDLE_TASK_CPU0 1
      |         ^~~~~~~~~~~~~~~~~~~~~~~~~~~~~~~~~~~~~~~~
<command-line>: note: this is the location of the previous definition
C:/Users/Louis/.platformio/packages/framework-arduinoespressif32-libs/esp32s3/qio_opi/include/sdkconfig.h:1155:9: warning: "CONFIG_ESP_COREDUMP_ENABLE" redefined
 1155 | #define CONFIG_ESP_COREDUMP_ENABLE 1
      |         ^~~~~~~~~~~~~~~~~~~~~~~~~~
<command-line>: note: this is the location of the previous definition
C:/Users/Louis/.platformio/packages/framework-arduinoespressif32-libs/esp32s3/qio_opi/include/sdkconfig.h:1879:9: warning: "CONFIG_ESP32S3_SPIRAM_SUPPORT" redefined
 1879 | #define CONFIG_ESP32S3_SPIRAM_SUPPORT CONFIG_SPIRAM
      |         ^~~~~~~~~~~~~~~~~~~~~~~~~~~~~
<command-line>: note: this is the location of the previous definition
In file included from .pio/libdeps/WaveshareESP32S3LCD2/lvgl/src/misc/../lv_conf_kconfig.h:15,
                 from .pio/libdeps/WaveshareESP32S3LCD2/lvgl/src/misc/../lv_conf_internal.h:15,
                 from .pio/libdeps/WaveshareESP32S3LCD2/lvgl/src/misc/lv_log.h:16,
                 from .pio/libdeps/WaveshareESP32S3LCD2/lvgl/lvgl.h:25,
                 from .pio/libdeps/WaveshareESP32S3LCD2/lvgl/src/font/lv_font_montserrat_38.c:8:
C:/Users/Louis/.platformio/packages/framework-arduinoespressif32-libs/esp32s3/qio_opi/include/sdkconfig.h:1094:9: warning: "CONFIG_ESP_TASK_WDT_EN" redefined
 1094 | #define CONFIG_ESP_TASK_WDT_EN 1
      |         ^~~~~~~~~~~~~~~~~~~~~~
<command-line>: note: this is the location of the previous definition
C:/Users/Louis/.platformio/packages/framework-arduinoespressif32-libs/esp32s3/qio_opi/include/sdkconfig.h:1095:9: warning: "CONFIG_ESP_TASK_WDT_INIT" redefined
 1095 | #define CONFIG_ESP_TASK_WDT_INIT 1
      |         ^~~~~~~~~~~~~~~~~~~~~~~~
<command-line>: note: this is the location of the previous definition
C:/Users/Louis/.platformio/packages/framework-arduinoespressif32-libs/esp32s3/qio_opi/include/sdkconfig.h:1098:9: warning: "CONFIG_ESP_TASK_WDT_CHECK_IDLE_TASK_CPU0" redefined
 1098 | #define CONFIG_ESP_TASK_WDT_CHECK_IDLE_TASK_CPU0 1
      |         ^~~~~~~~~~~~~~~~~~~~~~~~~~~~~~~~~~~~~~~~
<command-line>: note: this is the location of the previous definition
C:/Users/Louis/.platformio/packages/framework-arduinoespressif32-libs/esp32s3/qio_opi/include/sdkconfig.h:1155:9: warning: "CONFIG_ESP_COREDUMP_ENABLE" redefined
 1155 | #define CONFIG_ESP_COREDUMP_ENABLE 1
      |         ^~~~~~~~~~~~~~~~~~~~~~~~~~
<command-line>: note: this is the location of the previous definition
C:/Users/Louis/.platformio/packages/framework-arduinoespressif32-libs/esp32s3/qio_opi/include/sdkconfig.h:1879:9: warning: "CONFIG_ESP32S3_SPIRAM_SUPPORT" redefined
 1879 | #define CONFIG_ESP32S3_SPIRAM_SUPPORT CONFIG_SPIRAM
      |         ^~~~~~~~~~~~~~~~~~~~~~~~~~~~~
<command-line>: note: this is the location of the previous definition
Compiling .pio\build\WaveshareESP32S3LCD2\lib020\lvgl\font\lv_font_montserrat_48.c.o
In file included from .pio/libdeps/WaveshareESP32S3LCD2/lvgl/src/misc/../lv_conf_kconfig.h:15,
                 from .pio/libdeps/WaveshareESP32S3LCD2/lvgl/src/misc/../lv_conf_internal.h:15,
                 from .pio/libdeps/WaveshareESP32S3LCD2/lvgl/src/misc/lv_log.h:16,
                 from .pio/libdeps/WaveshareESP32S3LCD2/lvgl/lvgl.h:25,
                 from .pio/libdeps/WaveshareESP32S3LCD2/lvgl/src/font/lv_font_montserrat_34.c:8:
C:/Users/Louis/.platformio/packages/framework-arduinoespressif32-libs/esp32s3/qio_opi/include/sdkconfig.h:1094:9: warning: "CONFIG_ESP_TASK_WDT_EN" redefined
 1094 | #define CONFIG_ESP_TASK_WDT_EN 1
      |         ^~~~~~~~~~~~~~~~~~~~~~
<command-line>: note: this is the location of the previous definition
C:/Users/Louis/.platformio/packages/framework-arduinoespressif32-libs/esp32s3/qio_opi/include/sdkconfig.h:1095:9: warning: "CONFIG_ESP_TASK_WDT_INIT" redefined
 1095 | #define CONFIG_ESP_TASK_WDT_INIT 1
      |         ^~~~~~~~~~~~~~~~~~~~~~~~
<command-line>: note: this is the location of the previous definition
C:/Users/Louis/.platformio/packages/framework-arduinoespressif32-libs/esp32s3/qio_opi/include/sdkconfig.h:1098:9: warning: "CONFIG_ESP_TASK_WDT_CHECK_IDLE_TASK_CPU0" redefined
 1098 | #define CONFIG_ESP_TASK_WDT_CHECK_IDLE_TASK_CPU0 1
      |         ^~~~~~~~~~~~~~~~~~~~~~~~~~~~~~~~~~~~~~~~
<command-line>: note: this is the location of the previous definition
C:/Users/Louis/.platformio/packages/framework-arduinoespressif32-libs/esp32s3/qio_opi/include/sdkconfig.h:1155:9: warning: "CONFIG_ESP_COREDUMP_ENABLE" redefined
 1155 | #define CONFIG_ESP_COREDUMP_ENABLE 1
      |         ^~~~~~~~~~~~~~~~~~~~~~~~~~
<command-line>: note: this is the location of the previous definition
C:/Users/Louis/.platformio/packages/framework-arduinoespressif32-libs/esp32s3/qio_opi/include/sdkconfig.h:1879:9: warning: "CONFIG_ESP32S3_SPIRAM_SUPPORT" redefined
 1879 | #define CONFIG_ESP32S3_SPIRAM_SUPPORT CONFIG_SPIRAM
      |         ^~~~~~~~~~~~~~~~~~~~~~~~~~~~~
<command-line>: note: this is the location of the previous definition
In file included from .pio/libdeps/WaveshareESP32S3LCD2/lvgl/src/misc/../lv_conf_kconfig.h:15,
                 from .pio/libdeps/WaveshareESP32S3LCD2/lvgl/src/misc/../lv_conf_internal.h:15,
                 from .pio/libdeps/WaveshareESP32S3LCD2/lvgl/src/misc/lv_log.h:16,
                 from .pio/libdeps/WaveshareESP32S3LCD2/lvgl/lvgl.h:25,
                 from .pio/libdeps/WaveshareESP32S3LCD2/lvgl/src/font/lv_font_montserrat_40.c:8:
C:/Users/Louis/.platformio/packages/framework-arduinoespressif32-libs/esp32s3/qio_opi/include/sdkconfig.h:1094:9: warning: "CONFIG_ESP_TASK_WDT_EN" redefined
 1094 | #define CONFIG_ESP_TASK_WDT_EN 1
      |         ^~~~~~~~~~~~~~~~~~~~~~
<command-line>: note: this is the location of the previous definition
C:/Users/Louis/.platformio/packages/framework-arduinoespressif32-libs/esp32s3/qio_opi/include/sdkconfig.h:1095:9: warning: "CONFIG_ESP_TASK_WDT_INIT" redefined
 1095 | #define CONFIG_ESP_TASK_WDT_INIT 1
      |         ^~~~~~~~~~~~~~~~~~~~~~~~
<command-line>: note: this is the location of the previous definition
C:/Users/Louis/.platformio/packages/framework-arduinoespressif32-libs/esp32s3/qio_opi/include/sdkconfig.h:1098:9: warning: "CONFIG_ESP_TASK_WDT_CHECK_IDLE_TASK_CPU0" redefined
 1098 | #define CONFIG_ESP_TASK_WDT_CHECK_IDLE_TASK_CPU0 1
      |         ^~~~~~~~~~~~~~~~~~~~~~~~~~~~~~~~~~~~~~~~
<command-line>: note: this is the location of the previous definition
C:/Users/Louis/.platformio/packages/framework-arduinoespressif32-libs/esp32s3/qio_opi/include/sdkconfig.h:1155:9: warning: "CONFIG_ESP_COREDUMP_ENABLE" redefined
 1155 | #define CONFIG_ESP_COREDUMP_ENABLE 1
      |         ^~~~~~~~~~~~~~~~~~~~~~~~~~
<command-line>: note: this is the location of the previous definition
C:/Users/Louis/.platformio/packages/framework-arduinoespressif32-libs/esp32s3/qio_opi/include/sdkconfig.h:1879:9: warning: "CONFIG_ESP32S3_SPIRAM_SUPPORT" redefined
 1879 | #define CONFIG_ESP32S3_SPIRAM_SUPPORT CONFIG_SPIRAM
      |         ^~~~~~~~~~~~~~~~~~~~~~~~~~~~~
<command-line>: note: this is the location of the previous definition
Compiling .pio\build\WaveshareESP32S3LCD2\lib020\lvgl\font\lv_font_montserrat_8.c.o
Compiling .pio\build\WaveshareESP32S3LCD2\lib020\lvgl\font\lv_font_simsun_16_cjk.c.o
In file included from .pio/libdeps/WaveshareESP32S3LCD2/lvgl/src/misc/../lv_conf_kconfig.h:15,
                 from .pio/libdeps/WaveshareESP32S3LCD2/lvgl/src/misc/../lv_conf_internal.h:15,
                 from .pio/libdeps/WaveshareESP32S3LCD2/lvgl/src/misc/lv_log.h:16,
                 from .pio/libdeps/WaveshareESP32S3LCD2/lvgl/lvgl.h:25,
                 from .pio/libdeps/WaveshareESP32S3LCD2/lvgl/src/font/lv_font_montserrat_42.c:8:
C:/Users/Louis/.platformio/packages/framework-arduinoespressif32-libs/esp32s3/qio_opi/include/sdkconfig.h:1094:9: warning: "CONFIG_ESP_TASK_WDT_EN" redefined
 1094 | #define CONFIG_ESP_TASK_WDT_EN 1
      |         ^~~~~~~~~~~~~~~~~~~~~~
<command-line>: note: this is the location of the previous definition
C:/Users/Louis/.platformio/packages/framework-arduinoespressif32-libs/esp32s3/qio_opi/include/sdkconfig.h:1095:9: warning: "CONFIG_ESP_TASK_WDT_INIT" redefined
 1095 | #define CONFIG_ESP_TASK_WDT_INIT 1
      |         ^~~~~~~~~~~~~~~~~~~~~~~~
<command-line>: note: this is the location of the previous definition
C:/Users/Louis/.platformio/packages/framework-arduinoespressif32-libs/esp32s3/qio_opi/include/sdkconfig.h:1098:9: warning: "CONFIG_ESP_TASK_WDT_CHECK_IDLE_TASK_CPU0" redefined
 1098 | #define CONFIG_ESP_TASK_WDT_CHECK_IDLE_TASK_CPU0 1
      |         ^~~~~~~~~~~~~~~~~~~~~~~~~~~~~~~~~~~~~~~~
<command-line>: note: this is the location of the previous definition
C:/Users/Louis/.platformio/packages/framework-arduinoespressif32-libs/esp32s3/qio_opi/include/sdkconfig.h:1155:9: warning: "CONFIG_ESP_COREDUMP_ENABLE" redefined
 1155 | #define CONFIG_ESP_COREDUMP_ENABLE 1
      |         ^~~~~~~~~~~~~~~~~~~~~~~~~~
<command-line>: note: this is the location of the previous definition
C:/Users/Louis/.platformio/packages/framework-arduinoespressif32-libs/esp32s3/qio_opi/include/sdkconfig.h:1879:9: warning: "CONFIG_ESP32S3_SPIRAM_SUPPORT" redefined
 1879 | #define CONFIG_ESP32S3_SPIRAM_SUPPORT CONFIG_SPIRAM
      |         ^~~~~~~~~~~~~~~~~~~~~~~~~~~~~
<command-line>: note: this is the location of the previous definition
In file included from .pio/libdeps/WaveshareESP32S3LCD2/lvgl/src/misc/../lv_conf_kconfig.h:15,
                 from .pio/libdeps/WaveshareESP32S3LCD2/lvgl/src/misc/../lv_conf_internal.h:15,
                 from .pio/libdeps/WaveshareESP32S3LCD2/lvgl/src/misc/lv_log.h:16,
                 from .pio/libdeps/WaveshareESP32S3LCD2/lvgl/lvgl.h:25,
                 from .pio/libdeps/WaveshareESP32S3LCD2/lvgl/src/font/lv_font_montserrat_44.c:8:
C:/Users/Louis/.platformio/packages/framework-arduinoespressif32-libs/esp32s3/qio_opi/include/sdkconfig.h:1094:9: warning: "CONFIG_ESP_TASK_WDT_EN" redefined
 1094 | #define CONFIG_ESP_TASK_WDT_EN 1
      |         ^~~~~~~~~~~~~~~~~~~~~~
<command-line>: note: this is the location of the previous definition
C:/Users/Louis/.platformio/packages/framework-arduinoespressif32-libs/esp32s3/qio_opi/include/sdkconfig.h:1095:9: warning: "CONFIG_ESP_TASK_WDT_INIT" redefined
 1095 | #define CONFIG_ESP_TASK_WDT_INIT 1
      |         ^~~~~~~~~~~~~~~~~~~~~~~~
<command-line>: note: this is the location of the previous definition
C:/Users/Louis/.platformio/packages/framework-arduinoespressif32-libs/esp32s3/qio_opi/include/sdkconfig.h:1098:9: warning: "CONFIG_ESP_TASK_WDT_CHECK_IDLE_TASK_CPU0" redefined
 1098 | #define CONFIG_ESP_TASK_WDT_CHECK_IDLE_TASK_CPU0 1
      |         ^~~~~~~~~~~~~~~~~~~~~~~~~~~~~~~~~~~~~~~~
<command-line>: note: this is the location of the previous definition
C:/Users/Louis/.platformio/packages/framework-arduinoespressif32-libs/esp32s3/qio_opi/include/sdkconfig.h:1155:9: warning: "CONFIG_ESP_COREDUMP_ENABLE" redefined
 1155 | #define CONFIG_ESP_COREDUMP_ENABLE 1
      |         ^~~~~~~~~~~~~~~~~~~~~~~~~~
<command-line>: note: this is the location of the previous definition
C:/Users/Louis/.platformio/packages/framework-arduinoespressif32-libs/esp32s3/qio_opi/include/sdkconfig.h:1879:9: warning: "CONFIG_ESP32S3_SPIRAM_SUPPORT" redefined
 1879 | #define CONFIG_ESP32S3_SPIRAM_SUPPORT CONFIG_SPIRAM
      |         ^~~~~~~~~~~~~~~~~~~~~~~~~~~~~
<command-line>: note: this is the location of the previous definition
Compiling .pio\build\WaveshareESP32S3LCD2\lib020\lvgl\font\lv_font_unscii_16.c.o
Compiling .pio\build\WaveshareESP32S3LCD2\lib020\lvgl\font\lv_font_unscii_8.c.o
Compiling .pio\build\WaveshareESP32S3LCD2\lib020\lvgl\hal\lv_hal_disp.c.o
In file included from .pio/libdeps/WaveshareESP32S3LCD2/lvgl/src/misc/../lv_conf_kconfig.h:15,
                 from .pio/libdeps/WaveshareESP32S3LCD2/lvgl/src/misc/../lv_conf_internal.h:15,
                 from .pio/libdeps/WaveshareESP32S3LCD2/lvgl/src/misc/lv_log.h:16,
                 from .pio/libdeps/WaveshareESP32S3LCD2/lvgl/lvgl.h:25,
                 from .pio/libdeps/WaveshareESP32S3LCD2/lvgl/src/font/lv_font_montserrat_46.c:8:
C:/Users/Louis/.platformio/packages/framework-arduinoespressif32-libs/esp32s3/qio_opi/include/sdkconfig.h:1094:9: warning: "CONFIG_ESP_TASK_WDT_EN" redefined
 1094 | #define CONFIG_ESP_TASK_WDT_EN 1
      |         ^~~~~~~~~~~~~~~~~~~~~~
<command-line>: note: this is the location of the previous definition
C:/Users/Louis/.platformio/packages/framework-arduinoespressif32-libs/esp32s3/qio_opi/include/sdkconfig.h:1095:9: warning: "CONFIG_ESP_TASK_WDT_INIT" redefined
 1095 | #define CONFIG_ESP_TASK_WDT_INIT 1
      |         ^~~~~~~~~~~~~~~~~~~~~~~~
<command-line>: note: this is the location of the previous definition
C:/Users/Louis/.platformio/packages/framework-arduinoespressif32-libs/esp32s3/qio_opi/include/sdkconfig.h:1098:9: warning: "CONFIG_ESP_TASK_WDT_CHECK_IDLE_TASK_CPU0" redefined
 1098 | #define CONFIG_ESP_TASK_WDT_CHECK_IDLE_TASK_CPU0 1
      |         ^~~~~~~~~~~~~~~~~~~~~~~~~~~~~~~~~~~~~~~~
<command-line>: note: this is the location of the previous definition
C:/Users/Louis/.platformio/packages/framework-arduinoespressif32-libs/esp32s3/qio_opi/include/sdkconfig.h:1155:9: warning: "CONFIG_ESP_COREDUMP_ENABLE" redefined
 1155 | #define CONFIG_ESP_COREDUMP_ENABLE 1
      |         ^~~~~~~~~~~~~~~~~~~~~~~~~~
<command-line>: note: this is the location of the previous definition
C:/Users/Louis/.platformio/packages/framework-arduinoespressif32-libs/esp32s3/qio_opi/include/sdkconfig.h:1879:9: warning: "CONFIG_ESP32S3_SPIRAM_SUPPORT" redefined
 1879 | #define CONFIG_ESP32S3_SPIRAM_SUPPORT CONFIG_SPIRAM
      |         ^~~~~~~~~~~~~~~~~~~~~~~~~~~~~
<command-line>: note: this is the location of the previous definition
Compiling .pio\build\WaveshareESP32S3LCD2\lib020\lvgl\hal\lv_hal_indev.c.o
Compiling .pio\build\WaveshareESP32S3LCD2\lib020\lvgl\hal\lv_hal_tick.c.o
In file included from .pio/libdeps/WaveshareESP32S3LCD2/lvgl/src/misc/../lv_conf_kconfig.h:15,
                 from .pio/libdeps/WaveshareESP32S3LCD2/lvgl/src/misc/../lv_conf_internal.h:15,
                 from .pio/libdeps/WaveshareESP32S3LCD2/lvgl/src/misc/lv_log.h:16,
                 from .pio/libdeps/WaveshareESP32S3LCD2/lvgl/lvgl.h:25,
                 from .pio/libdeps/WaveshareESP32S3LCD2/lvgl/src/font/lv_font_montserrat_48.c:8:
C:/Users/Louis/.platformio/packages/framework-arduinoespressif32-libs/esp32s3/qio_opi/include/sdkconfig.h:1094:9: warning: "CONFIG_ESP_TASK_WDT_EN" redefined
 1094 | #define CONFIG_ESP_TASK_WDT_EN 1
      |         ^~~~~~~~~~~~~~~~~~~~~~
<command-line>: note: this is the location of the previous definition
C:/Users/Louis/.platformio/packages/framework-arduinoespressif32-libs/esp32s3/qio_opi/include/sdkconfig.h:1095:9: warning: "CONFIG_ESP_TASK_WDT_INIT" redefined
 1095 | #define CONFIG_ESP_TASK_WDT_INIT 1
      |         ^~~~~~~~~~~~~~~~~~~~~~~~
<command-line>: note: this is the location of the previous definition
C:/Users/Louis/.platformio/packages/framework-arduinoespressif32-libs/esp32s3/qio_opi/include/sdkconfig.h:1098:9: warning: "CONFIG_ESP_TASK_WDT_CHECK_IDLE_TASK_CPU0" redefined
 1098 | #define CONFIG_ESP_TASK_WDT_CHECK_IDLE_TASK_CPU0 1
      |         ^~~~~~~~~~~~~~~~~~~~~~~~~~~~~~~~~~~~~~~~
<command-line>: note: this is the location of the previous definition
C:/Users/Louis/.platformio/packages/framework-arduinoespressif32-libs/esp32s3/qio_opi/include/sdkconfig.h:1155:9: warning: "CONFIG_ESP_COREDUMP_ENABLE" redefined
 1155 | #define CONFIG_ESP_COREDUMP_ENABLE 1
      |         ^~~~~~~~~~~~~~~~~~~~~~~~~~
<command-line>: note: this is the location of the previous definition
C:/Users/Louis/.platformio/packages/framework-arduinoespressif32-libs/esp32s3/qio_opi/include/sdkconfig.h:1879:9: warning: "CONFIG_ESP32S3_SPIRAM_SUPPORT" redefined
 1879 | #define CONFIG_ESP32S3_SPIRAM_SUPPORT CONFIG_SPIRAM
      |         ^~~~~~~~~~~~~~~~~~~~~~~~~~~~~
<command-line>: note: this is the location of the previous definition
In file included from .pio/libdeps/WaveshareESP32S3LCD2/lvgl/src/misc/../lv_conf_kconfig.h:15,
                 from .pio/libdeps/WaveshareESP32S3LCD2/lvgl/src/misc/../lv_conf_internal.h:15,
                 from .pio/libdeps/WaveshareESP32S3LCD2/lvgl/src/misc/lv_log.h:16,
                 from .pio/libdeps/WaveshareESP32S3LCD2/lvgl/lvgl.h:25,
                 from .pio/libdeps/WaveshareESP32S3LCD2/lvgl/src/font/lv_font_montserrat_8.c:8:
C:/Users/Louis/.platformio/packages/framework-arduinoespressif32-libs/esp32s3/qio_opi/include/sdkconfig.h:1094:9: warning: "CONFIG_ESP_TASK_WDT_EN" redefined
 1094 | #define CONFIG_ESP_TASK_WDT_EN 1
      |         ^~~~~~~~~~~~~~~~~~~~~~
<command-line>: note: this is the location of the previous definition
C:/Users/Louis/.platformio/packages/framework-arduinoespressif32-libs/esp32s3/qio_opi/include/sdkconfig.h:1095:9: warning: "CONFIG_ESP_TASK_WDT_INIT" redefined
 1095 | #define CONFIG_ESP_TASK_WDT_INIT 1
      |         ^~~~~~~~~~~~~~~~~~~~~~~~
<command-line>: note: this is the location of the previous definition
C:/Users/Louis/.platformio/packages/framework-arduinoespressif32-libs/esp32s3/qio_opi/include/sdkconfig.h:1098:9: warning: "CONFIG_ESP_TASK_WDT_CHECK_IDLE_TASK_CPU0" redefined
 1098 | #define CONFIG_ESP_TASK_WDT_CHECK_IDLE_TASK_CPU0 1
      |         ^~~~~~~~~~~~~~~~~~~~~~~~~~~~~~~~~~~~~~~~
<command-line>: note: this is the location of the previous definition
C:/Users/Louis/.platformio/packages/framework-arduinoespressif32-libs/esp32s3/qio_opi/include/sdkconfig.h:1155:9: warning: "CONFIG_ESP_COREDUMP_ENABLE" redefined
 1155 | #define CONFIG_ESP_COREDUMP_ENABLE 1
      |         ^~~~~~~~~~~~~~~~~~~~~~~~~~
<command-line>: note: this is the location of the previous definition
C:/Users/Louis/.platformio/packages/framework-arduinoespressif32-libs/esp32s3/qio_opi/include/sdkconfig.h:1879:9: warning: "CONFIG_ESP32S3_SPIRAM_SUPPORT" redefined
 1879 | #define CONFIG_ESP32S3_SPIRAM_SUPPORT CONFIG_SPIRAM
      |         ^~~~~~~~~~~~~~~~~~~~~~~~~~~~~
<command-line>: note: this is the location of the previous definition
In file included from .pio/libdeps/WaveshareESP32S3LCD2/lvgl/src/misc/../lv_conf_kconfig.h:15,
                 from .pio/libdeps/WaveshareESP32S3LCD2/lvgl/src/misc/../lv_conf_internal.h:15,
                 from .pio/libdeps/WaveshareESP32S3LCD2/lvgl/src/misc/lv_log.h:16,
                 from .pio/libdeps/WaveshareESP32S3LCD2/lvgl/lvgl.h:25,
                 from .pio/libdeps/WaveshareESP32S3LCD2/lvgl/src/font/lv_font_simsun_16_cjk.c:8:
C:/Users/Louis/.platformio/packages/framework-arduinoespressif32-libs/esp32s3/qio_opi/include/sdkconfig.h:1094:9: warning: "CONFIG_ESP_TASK_WDT_EN" redefined
 1094 | #define CONFIG_ESP_TASK_WDT_EN 1
      |         ^~~~~~~~~~~~~~~~~~~~~~
<command-line>: note: this is the location of the previous definition
C:/Users/Louis/.platformio/packages/framework-arduinoespressif32-libs/esp32s3/qio_opi/include/sdkconfig.h:1095:9: warning: "CONFIG_ESP_TASK_WDT_INIT" redefined
 1095 | #define CONFIG_ESP_TASK_WDT_INIT 1
      |         ^~~~~~~~~~~~~~~~~~~~~~~~
<command-line>: note: this is the location of the previous definition
C:/Users/Louis/.platformio/packages/framework-arduinoespressif32-libs/esp32s3/qio_opi/include/sdkconfig.h:1098:9: warning: "CONFIG_ESP_TASK_WDT_CHECK_IDLE_TASK_CPU0" redefined
 1098 | #define CONFIG_ESP_TASK_WDT_CHECK_IDLE_TASK_CPU0 1
      |         ^~~~~~~~~~~~~~~~~~~~~~~~~~~~~~~~~~~~~~~~
<command-line>: note: this is the location of the previous definition
C:/Users/Louis/.platformio/packages/framework-arduinoespressif32-libs/esp32s3/qio_opi/include/sdkconfig.h:1155:9: warning: "CONFIG_ESP_COREDUMP_ENABLE" redefined
 1155 | #define CONFIG_ESP_COREDUMP_ENABLE 1
      |         ^~~~~~~~~~~~~~~~~~~~~~~~~~
<command-line>: note: this is the location of the previous definition
C:/Users/Louis/.platformio/packages/framework-arduinoespressif32-libs/esp32s3/qio_opi/include/sdkconfig.h:1879:9: warning: "CONFIG_ESP32S3_SPIRAM_SUPPORT" redefined
 1879 | #define CONFIG_ESP32S3_SPIRAM_SUPPORT CONFIG_SPIRAM
      |         ^~~~~~~~~~~~~~~~~~~~~~~~~~~~~
<command-line>: note: this is the location of the previous definition
In file included from .pio/libdeps/WaveshareESP32S3LCD2/lvgl/src/hal/../misc/../lv_conf_kconfig.h:15,
                 from .pio/libdeps/WaveshareESP32S3LCD2/lvgl/src/hal/../misc/../lv_conf_internal.h:15,
                 from .pio/libdeps/WaveshareESP32S3LCD2/lvgl/src/hal/../misc/lv_assert.h:16,
                 from .pio/libdeps/WaveshareESP32S3LCD2/lvgl/src/hal/lv_hal_indev.c:11:
C:/Users/Louis/.platformio/packages/framework-arduinoespressif32-libs/esp32s3/qio_opi/include/sdkconfig.h:1094:9: warning: "CONFIG_ESP_TASK_WDT_EN" redefined
 1094 | #define CONFIG_ESP_TASK_WDT_EN 1
      |         ^~~~~~~~~~~~~~~~~~~~~~
<command-line>: note: this is the location of the previous definition
C:/Users/Louis/.platformio/packages/framework-arduinoespressif32-libs/esp32s3/qio_opi/include/sdkconfig.h:1095:9: warning: "CONFIG_ESP_TASK_WDT_INIT" redefined
 1095 | #define CONFIG_ESP_TASK_WDT_INIT 1
      |         ^~~~~~~~~~~~~~~~~~~~~~~~
<command-line>: note: this is the location of the previous definition
C:/Users/Louis/.platformio/packages/framework-arduinoespressif32-libs/esp32s3/qio_opi/include/sdkconfig.h:1098:9: warning: "CONFIG_ESP_TASK_WDT_CHECK_IDLE_TASK_CPU0" redefined
 1098 | #define CONFIG_ESP_TASK_WDT_CHECK_IDLE_TASK_CPU0 1
      |         ^~~~~~~~~~~~~~~~~~~~~~~~~~~~~~~~~~~~~~~~
<command-line>: note: this is the location of the previous definition
C:/Users/Louis/.platformio/packages/framework-arduinoespressif32-libs/esp32s3/qio_opi/include/sdkconfig.h:1155:9: warning: "CONFIG_ESP_COREDUMP_ENABLE" redefined
 1155 | #define CONFIG_ESP_COREDUMP_ENABLE 1
      |         ^~~~~~~~~~~~~~~~~~~~~~~~~~
<command-line>: note: this is the location of the previous definition
C:/Users/Louis/.platformio/packages/framework-arduinoespressif32-libs/esp32s3/qio_opi/include/sdkconfig.h:1879:9: warning: "CONFIG_ESP32S3_SPIRAM_SUPPORT" redefined
 1879 | #define CONFIG_ESP32S3_SPIRAM_SUPPORT CONFIG_SPIRAM
      |         ^~~~~~~~~~~~~~~~~~~~~~~~~~~~~
<command-line>: note: this is the location of the previous definition
In file included from .pio/libdeps/WaveshareESP32S3LCD2/lvgl/src/misc/../lv_conf_kconfig.h:15,
                 from .pio/libdeps/WaveshareESP32S3LCD2/lvgl/src/misc/../lv_conf_internal.h:15,
                 from .pio/libdeps/WaveshareESP32S3LCD2/lvgl/src/misc/lv_log.h:16,
                 from .pio/libdeps/WaveshareESP32S3LCD2/lvgl/lvgl.h:25,
                 from .pio/libdeps/WaveshareESP32S3LCD2/lvgl/src/font/lv_font_unscii_16.c:8:
C:/Users/Louis/.platformio/packages/framework-arduinoespressif32-libs/esp32s3/qio_opi/include/sdkconfig.h:1094:9: warning: "CONFIG_ESP_TASK_WDT_EN" redefined
 1094 | #define CONFIG_ESP_TASK_WDT_EN 1
      |         ^~~~~~~~~~~~~~~~~~~~~~
<command-line>: note: this is the location of the previous definition
C:/Users/Louis/.platformio/packages/framework-arduinoespressif32-libs/esp32s3/qio_opi/include/sdkconfig.h:1095:9: warning: "CONFIG_ESP_TASK_WDT_INIT" redefined
 1095 | #define CONFIG_ESP_TASK_WDT_INIT 1
      |         ^~~~~~~~~~~~~~~~~~~~~~~~
<command-line>: note: this is the location of the previous definition
C:/Users/Louis/.platformio/packages/framework-arduinoespressif32-libs/esp32s3/qio_opi/include/sdkconfig.h:1098:9: warning: "CONFIG_ESP_TASK_WDT_CHECK_IDLE_TASK_CPU0" redefined
 1098 | #define CONFIG_ESP_TASK_WDT_CHECK_IDLE_TASK_CPU0 1
      |         ^~~~~~~~~~~~~~~~~~~~~~~~~~~~~~~~~~~~~~~~
<command-line>: note: this is the location of the previous definition
C:/Users/Louis/.platformio/packages/framework-arduinoespressif32-libs/esp32s3/qio_opi/include/sdkconfig.h:1155:9: warning: "CONFIG_ESP_COREDUMP_ENABLE" redefined
 1155 | #define CONFIG_ESP_COREDUMP_ENABLE 1
      |         ^~~~~~~~~~~~~~~~~~~~~~~~~~
<command-line>: note: this is the location of the previous definition
C:/Users/Louis/.platformio/packages/framework-arduinoespressif32-libs/esp32s3/qio_opi/include/sdkconfig.h:1879:9: warning: "CONFIG_ESP32S3_SPIRAM_SUPPORT" redefined
 1879 | #define CONFIG_ESP32S3_SPIRAM_SUPPORT CONFIG_SPIRAM
      |         ^~~~~~~~~~~~~~~~~~~~~~~~~~~~~
<command-line>: note: this is the location of the previous definition
In file included from .pio/libdeps/WaveshareESP32S3LCD2/lvgl/src/hal/../draw/../lv_conf_kconfig.h:15,
                 from .pio/libdeps/WaveshareESP32S3LCD2/lvgl/src/hal/../draw/../lv_conf_internal.h:15,
                 from .pio/libdeps/WaveshareESP32S3LCD2/lvgl/src/hal/../draw/lv_draw.h:16,
                 from .pio/libdeps/WaveshareESP32S3LCD2/lvgl/src/hal/lv_hal_disp.h:21,
                 from .pio/libdeps/WaveshareESP32S3LCD2/lvgl/src/hal/lv_hal.h:16,
                 from .pio/libdeps/WaveshareESP32S3LCD2/lvgl/src/hal/lv_hal_disp.c:13:
C:/Users/Louis/.platformio/packages/framework-arduinoespressif32-libs/esp32s3/qio_opi/include/sdkconfig.h:1094:9: warning: "CONFIG_ESP_TASK_WDT_EN" redefined
 1094 | #define CONFIG_ESP_TASK_WDT_EN 1
      |         ^~~~~~~~~~~~~~~~~~~~~~
<command-line>: note: this is the location of the previous definition
C:/Users/Louis/.platformio/packages/framework-arduinoespressif32-libs/esp32s3/qio_opi/include/sdkconfig.h:1095:9: warning: "CONFIG_ESP_TASK_WDT_INIT" redefined
 1095 | #define CONFIG_ESP_TASK_WDT_INIT 1
      |         ^~~~~~~~~~~~~~~~~~~~~~~~
<command-line>: note: this is the location of the previous definition
C:/Users/Louis/.platformio/packages/framework-arduinoespressif32-libs/esp32s3/qio_opi/include/sdkconfig.h:1098:9: warning: "CONFIG_ESP_TASK_WDT_CHECK_IDLE_TASK_CPU0" redefined
 1098 | #define CONFIG_ESP_TASK_WDT_CHECK_IDLE_TASK_CPU0 1
      |         ^~~~~~~~~~~~~~~~~~~~~~~~~~~~~~~~~~~~~~~~
<command-line>: note: this is the location of the previous definition
C:/Users/Louis/.platformio/packages/framework-arduinoespressif32-libs/esp32s3/qio_opi/include/sdkconfig.h:1155:9: warning: "CONFIG_ESP_COREDUMP_ENABLE" redefined
 1155 | #define CONFIG_ESP_COREDUMP_ENABLE 1
      |         ^~~~~~~~~~~~~~~~~~~~~~~~~~
<command-line>: note: this is the location of the previous definition
C:/Users/Louis/.platformio/packages/framework-arduinoespressif32-libs/esp32s3/qio_opi/include/sdkconfig.h:1879:9: warning: "CONFIG_ESP32S3_SPIRAM_SUPPORT" redefined
 1879 | #define CONFIG_ESP32S3_SPIRAM_SUPPORT CONFIG_SPIRAM
      |         ^~~~~~~~~~~~~~~~~~~~~~~~~~~~~
<command-line>: note: this is the location of the previous definition
In file included from .pio/libdeps/WaveshareESP32S3LCD2/lvgl/src/misc/../lv_conf_kconfig.h:15,
                 from .pio/libdeps/WaveshareESP32S3LCD2/lvgl/src/misc/../lv_conf_internal.h:15,
                 from .pio/libdeps/WaveshareESP32S3LCD2/lvgl/src/misc/lv_log.h:16,
                 from .pio/libdeps/WaveshareESP32S3LCD2/lvgl/lvgl.h:25,
                 from .pio/libdeps/WaveshareESP32S3LCD2/lvgl/src/font/lv_font_unscii_8.c:8:
C:/Users/Louis/.platformio/packages/framework-arduinoespressif32-libs/esp32s3/qio_opi/include/sdkconfig.h:1094:9: warning: "CONFIG_ESP_TASK_WDT_EN" redefined
 1094 | #define CONFIG_ESP_TASK_WDT_EN 1
      |         ^~~~~~~~~~~~~~~~~~~~~~
<command-line>: note: this is the location of the previous definition
C:/Users/Louis/.platformio/packages/framework-arduinoespressif32-libs/esp32s3/qio_opi/include/sdkconfig.h:1095:9: warning: "CONFIG_ESP_TASK_WDT_INIT" redefined
 1095 | #define CONFIG_ESP_TASK_WDT_INIT 1
      |         ^~~~~~~~~~~~~~~~~~~~~~~~
<command-line>: note: this is the location of the previous definition
C:/Users/Louis/.platformio/packages/framework-arduinoespressif32-libs/esp32s3/qio_opi/include/sdkconfig.h:1098:9: warning: "CONFIG_ESP_TASK_WDT_CHECK_IDLE_TASK_CPU0" redefined
 1098 | #define CONFIG_ESP_TASK_WDT_CHECK_IDLE_TASK_CPU0 1
      |         ^~~~~~~~~~~~~~~~~~~~~~~~~~~~~~~~~~~~~~~~
<command-line>: note: this is the location of the previous definition
C:/Users/Louis/.platformio/packages/framework-arduinoespressif32-libs/esp32s3/qio_opi/include/sdkconfig.h:1155:9: warning: "CONFIG_ESP_COREDUMP_ENABLE" redefined
 1155 | #define CONFIG_ESP_COREDUMP_ENABLE 1
      |         ^~~~~~~~~~~~~~~~~~~~~~~~~~
<command-line>: note: this is the location of the previous definition
C:/Users/Louis/.platformio/packages/framework-arduinoespressif32-libs/esp32s3/qio_opi/include/sdkconfig.h:1879:9: warning: "CONFIG_ESP32S3_SPIRAM_SUPPORT" redefined
 1879 | #define CONFIG_ESP32S3_SPIRAM_SUPPORT CONFIG_SPIRAM
      |         ^~~~~~~~~~~~~~~~~~~~~~~~~~~~~
<command-line>: note: this is the location of the previous definition
Compiling .pio\build\WaveshareESP32S3LCD2\lib020\lvgl\misc\lv_anim.c.o
Compiling .pio\build\WaveshareESP32S3LCD2\lib020\lvgl\misc\lv_anim_timeline.c.o
In file included from .pio/libdeps/WaveshareESP32S3LCD2/lvgl/src/hal/../lv_conf_kconfig.h:15,
                 from .pio/libdeps/WaveshareESP32S3LCD2/lvgl/src/hal/../lv_conf_internal.h:15,
                 from .pio/libdeps/WaveshareESP32S3LCD2/lvgl/src/hal/lv_hal_tick.h:16,
                 from .pio/libdeps/WaveshareESP32S3LCD2/lvgl/src/hal/lv_hal_tick.c:9:
C:/Users/Louis/.platformio/packages/framework-arduinoespressif32-libs/esp32s3/qio_opi/include/sdkconfig.h:1094:9: warning: "CONFIG_ESP_TASK_WDT_EN" redefined
 1094 | #define CONFIG_ESP_TASK_WDT_EN 1
      |         ^~~~~~~~~~~~~~~~~~~~~~
<command-line>: note: this is the location of the previous definition
C:/Users/Louis/.platformio/packages/framework-arduinoespressif32-libs/esp32s3/qio_opi/include/sdkconfig.h:1095:9: warning: "CONFIG_ESP_TASK_WDT_INIT" redefined
 1095 | #define CONFIG_ESP_TASK_WDT_INIT 1
      |         ^~~~~~~~~~~~~~~~~~~~~~~~
<command-line>: note: this is the location of the previous definition
C:/Users/Louis/.platformio/packages/framework-arduinoespressif32-libs/esp32s3/qio_opi/include/sdkconfig.h:1098:9: warning: "CONFIG_ESP_TASK_WDT_CHECK_IDLE_TASK_CPU0" redefined
 1098 | #define CONFIG_ESP_TASK_WDT_CHECK_IDLE_TASK_CPU0 1
      |         ^~~~~~~~~~~~~~~~~~~~~~~~~~~~~~~~~~~~~~~~
<command-line>: note: this is the location of the previous definition
C:/Users/Louis/.platformio/packages/framework-arduinoespressif32-libs/esp32s3/qio_opi/include/sdkconfig.h:1155:9: warning: "CONFIG_ESP_COREDUMP_ENABLE" redefined
 1155 | #define CONFIG_ESP_COREDUMP_ENABLE 1
      |         ^~~~~~~~~~~~~~~~~~~~~~~~~~
<command-line>: note: this is the location of the previous definition
C:/Users/Louis/.platformio/packages/framework-arduinoespressif32-libs/esp32s3/qio_opi/include/sdkconfig.h:1879:9: warning: "CONFIG_ESP32S3_SPIRAM_SUPPORT" redefined
 1879 | #define CONFIG_ESP32S3_SPIRAM_SUPPORT CONFIG_SPIRAM
      |         ^~~~~~~~~~~~~~~~~~~~~~~~~~~~~
<command-line>: note: this is the location of the previous definition
Compiling .pio\build\WaveshareESP32S3LCD2\lib020\lvgl\misc\lv_area.c.o
Compiling .pio\build\WaveshareESP32S3LCD2\lib020\lvgl\misc\lv_async.c.o
Compiling .pio\build\WaveshareESP32S3LCD2\lib020\lvgl\misc\lv_bidi.c.o
Compiling .pio\build\WaveshareESP32S3LCD2\lib020\lvgl\misc\lv_color.c.o
In file included from .pio/libdeps/WaveshareESP32S3LCD2/lvgl/src/misc/../lv_conf_kconfig.h:15,
                 from .pio/libdeps/WaveshareESP32S3LCD2/lvgl/src/misc/../lv_conf_internal.h:15,
                 from .pio/libdeps/WaveshareESP32S3LCD2/lvgl/src/misc/lv_anim.h:16,
                 from .pio/libdeps/WaveshareESP32S3LCD2/lvgl/src/misc/lv_anim.c:9:
C:/Users/Louis/.platformio/packages/framework-arduinoespressif32-libs/esp32s3/qio_opi/include/sdkconfig.h:1094:9: warning: "CONFIG_ESP_TASK_WDT_EN" redefined
 1094 | #define CONFIG_ESP_TASK_WDT_EN 1
      |         ^~~~~~~~~~~~~~~~~~~~~~
<command-line>: note: this is the location of the previous definition
C:/Users/Louis/.platformio/packages/framework-arduinoespressif32-libs/esp32s3/qio_opi/include/sdkconfig.h:1095:9: warning: "CONFIG_ESP_TASK_WDT_INIT" redefined
 1095 | #define CONFIG_ESP_TASK_WDT_INIT 1
      |         ^~~~~~~~~~~~~~~~~~~~~~~~
<command-line>: note: this is the location of the previous definition
C:/Users/Louis/.platformio/packages/framework-arduinoespressif32-libs/esp32s3/qio_opi/include/sdkconfig.h:1098:9: warning: "CONFIG_ESP_TASK_WDT_CHECK_IDLE_TASK_CPU0" redefined
 1098 | #define CONFIG_ESP_TASK_WDT_CHECK_IDLE_TASK_CPU0 1
      |         ^~~~~~~~~~~~~~~~~~~~~~~~~~~~~~~~~~~~~~~~
<command-line>: note: this is the location of the previous definition
C:/Users/Louis/.platformio/packages/framework-arduinoespressif32-libs/esp32s3/qio_opi/include/sdkconfig.h:1155:9: warning: "CONFIG_ESP_COREDUMP_ENABLE" redefined
 1155 | #define CONFIG_ESP_COREDUMP_ENABLE 1
      |         ^~~~~~~~~~~~~~~~~~~~~~~~~~
<command-line>: note: this is the location of the previous definition
C:/Users/Louis/.platformio/packages/framework-arduinoespressif32-libs/esp32s3/qio_opi/include/sdkconfig.h:1879:9: warning: "CONFIG_ESP32S3_SPIRAM_SUPPORT" redefined
 1879 | #define CONFIG_ESP32S3_SPIRAM_SUPPORT CONFIG_SPIRAM
      |         ^~~~~~~~~~~~~~~~~~~~~~~~~~~~~
<command-line>: note: this is the location of the previous definition
Compiling .pio\build\WaveshareESP32S3LCD2\lib020\lvgl\misc\lv_fs.c.o
In file included from .pio/libdeps/WaveshareESP32S3LCD2/lvgl/src/misc/../lv_conf_kconfig.h:15,
                 from .pio/libdeps/WaveshareESP32S3LCD2/lvgl/src/misc/../lv_conf_internal.h:15,
                 from .pio/libdeps/WaveshareESP32S3LCD2/lvgl/src/misc/lv_anim.h:16,
                 from .pio/libdeps/WaveshareESP32S3LCD2/lvgl/src/misc/lv_anim_timeline.h:16,
                 from .pio/libdeps/WaveshareESP32S3LCD2/lvgl/src/misc/lv_anim_timeline.c:9:
C:/Users/Louis/.platformio/packages/framework-arduinoespressif32-libs/esp32s3/qio_opi/include/sdkconfig.h:1094:9: warning: "CONFIG_ESP_TASK_WDT_EN" redefined
 1094 | #define CONFIG_ESP_TASK_WDT_EN 1
      |         ^~~~~~~~~~~~~~~~~~~~~~
<command-line>: note: this is the location of the previous definition
C:/Users/Louis/.platformio/packages/framework-arduinoespressif32-libs/esp32s3/qio_opi/include/sdkconfig.h:1095:9: warning: "CONFIG_ESP_TASK_WDT_INIT" redefined
 1095 | #define CONFIG_ESP_TASK_WDT_INIT 1
      |         ^~~~~~~~~~~~~~~~~~~~~~~~
<command-line>: note: this is the location of the previous definition
C:/Users/Louis/.platformio/packages/framework-arduinoespressif32-libs/esp32s3/qio_opi/include/sdkconfig.h:1098:9: warning: "CONFIG_ESP_TASK_WDT_CHECK_IDLE_TASK_CPU0" redefined
 1098 | #define CONFIG_ESP_TASK_WDT_CHECK_IDLE_TASK_CPU0 1
      |         ^~~~~~~~~~~~~~~~~~~~~~~~~~~~~~~~~~~~~~~~
<command-line>: note: this is the location of the previous definition
C:/Users/Louis/.platformio/packages/framework-arduinoespressif32-libs/esp32s3/qio_opi/include/sdkconfig.h:1155:9: warning: "CONFIG_ESP_COREDUMP_ENABLE" redefined
 1155 | #define CONFIG_ESP_COREDUMP_ENABLE 1
      |         ^~~~~~~~~~~~~~~~~~~~~~~~~~
<command-line>: note: this is the location of the previous definition
C:/Users/Louis/.platformio/packages/framework-arduinoespressif32-libs/esp32s3/qio_opi/include/sdkconfig.h:1879:9: warning: "CONFIG_ESP32S3_SPIRAM_SUPPORT" redefined
 1879 | #define CONFIG_ESP32S3_SPIRAM_SUPPORT CONFIG_SPIRAM
      |         ^~~~~~~~~~~~~~~~~~~~~~~~~~~~~
<command-line>: note: this is the location of the previous definition
Compiling .pio\build\WaveshareESP32S3LCD2\lib020\lvgl\misc\lv_gc.c.o
In file included from .pio/libdeps/WaveshareESP32S3LCD2/lvgl/src/misc/../lv_conf_kconfig.h:15,
                 from .pio/libdeps/WaveshareESP32S3LCD2/lvgl/src/misc/../lv_conf_internal.h:15,
                 from .pio/libdeps/WaveshareESP32S3LCD2/lvgl/src/misc/lv_area.c:9:
C:/Users/Louis/.platformio/packages/framework-arduinoespressif32-libs/esp32s3/qio_opi/include/sdkconfig.h:1094:9: warning: "CONFIG_ESP_TASK_WDT_EN" redefined
 1094 | #define CONFIG_ESP_TASK_WDT_EN 1
      |         ^~~~~~~~~~~~~~~~~~~~~~
<command-line>: note: this is the location of the previous definition
C:/Users/Louis/.platformio/packages/framework-arduinoespressif32-libs/esp32s3/qio_opi/include/sdkconfig.h:1095:9: warning: "CONFIG_ESP_TASK_WDT_INIT" redefined
 1095 | #define CONFIG_ESP_TASK_WDT_INIT 1
      |         ^~~~~~~~~~~~~~~~~~~~~~~~
<command-line>: note: this is the location of the previous definition
C:/Users/Louis/.platformio/packages/framework-arduinoespressif32-libs/esp32s3/qio_opi/include/sdkconfig.h:1098:9: warning: "CONFIG_ESP_TASK_WDT_CHECK_IDLE_TASK_CPU0" redefined
 1098 | #define CONFIG_ESP_TASK_WDT_CHECK_IDLE_TASK_CPU0 1
      |         ^~~~~~~~~~~~~~~~~~~~~~~~~~~~~~~~~~~~~~~~
<command-line>: note: this is the location of the previous definition
C:/Users/Louis/.platformio/packages/framework-arduinoespressif32-libs/esp32s3/qio_opi/include/sdkconfig.h:1155:9: warning: "CONFIG_ESP_COREDUMP_ENABLE" redefined
 1155 | #define CONFIG_ESP_COREDUMP_ENABLE 1
      |         ^~~~~~~~~~~~~~~~~~~~~~~~~~
<command-line>: note: this is the location of the previous definition
C:/Users/Louis/.platformio/packages/framework-arduinoespressif32-libs/esp32s3/qio_opi/include/sdkconfig.h:1879:9: warning: "CONFIG_ESP32S3_SPIRAM_SUPPORT" redefined
 1879 | #define CONFIG_ESP32S3_SPIRAM_SUPPORT CONFIG_SPIRAM
      |         ^~~~~~~~~~~~~~~~~~~~~~~~~~~~~
<command-line>: note: this is the location of the previous definition
In file included from .pio/libdeps/WaveshareESP32S3LCD2/lvgl/src/misc/../lv_conf_kconfig.h:15,
                 from .pio/libdeps/WaveshareESP32S3LCD2/lvgl/src/misc/../lv_conf_internal.h:15,
                 from .pio/libdeps/WaveshareESP32S3LCD2/lvgl/src/misc/lv_mem.h:16,
                 from .pio/libdeps/WaveshareESP32S3LCD2/lvgl/src/misc/lv_async.c:11:
C:/Users/Louis/.platformio/packages/framework-arduinoespressif32-libs/esp32s3/qio_opi/include/sdkconfig.h:1094:9: warning: "CONFIG_ESP_TASK_WDT_EN" redefined
 1094 | #define CONFIG_ESP_TASK_WDT_EN 1
      |         ^~~~~~~~~~~~~~~~~~~~~~
<command-line>: note: this is the location of the previous definition
C:/Users/Louis/.platformio/packages/framework-arduinoespressif32-libs/esp32s3/qio_opi/include/sdkconfig.h:1095:9: warning: "CONFIG_ESP_TASK_WDT_INIT" redefined
 1095 | #define CONFIG_ESP_TASK_WDT_INIT 1
      |         ^~~~~~~~~~~~~~~~~~~~~~~~
<command-line>: note: this is the location of the previous definition
C:/Users/Louis/.platformio/packages/framework-arduinoespressif32-libs/esp32s3/qio_opi/include/sdkconfig.h:1098:9: warning: "CONFIG_ESP_TASK_WDT_CHECK_IDLE_TASK_CPU0" redefined
 1098 | #define CONFIG_ESP_TASK_WDT_CHECK_IDLE_TASK_CPU0 1
      |         ^~~~~~~~~~~~~~~~~~~~~~~~~~~~~~~~~~~~~~~~
<command-line>: note: this is the location of the previous definition
C:/Users/Louis/.platformio/packages/framework-arduinoespressif32-libs/esp32s3/qio_opi/include/sdkconfig.h:1155:9: warning: "CONFIG_ESP_COREDUMP_ENABLE" redefined
 1155 | #define CONFIG_ESP_COREDUMP_ENABLE 1
      |         ^~~~~~~~~~~~~~~~~~~~~~~~~~
<command-line>: note: this is the location of the previous definition
C:/Users/Louis/.platformio/packages/framework-arduinoespressif32-libs/esp32s3/qio_opi/include/sdkconfig.h:1879:9: warning: "CONFIG_ESP32S3_SPIRAM_SUPPORT" redefined
 1879 | #define CONFIG_ESP32S3_SPIRAM_SUPPORT CONFIG_SPIRAM
      |         ^~~~~~~~~~~~~~~~~~~~~~~~~~~~~
<command-line>: note: this is the location of the previous definition
Compiling .pio\build\WaveshareESP32S3LCD2\lib020\lvgl\misc\lv_ll.c.o
In file included from .pio/libdeps/WaveshareESP32S3LCD2/lvgl/src/misc/../lv_conf_kconfig.h:15,
                 from .pio/libdeps/WaveshareESP32S3LCD2/lvgl/src/misc/../lv_conf_internal.h:15,
                 from .pio/libdeps/WaveshareESP32S3LCD2/lvgl/src/misc/lv_bidi.h:16,
                 from .pio/libdeps/WaveshareESP32S3LCD2/lvgl/src/misc/lv_bidi.c:10:
C:/Users/Louis/.platformio/packages/framework-arduinoespressif32-libs/esp32s3/qio_opi/include/sdkconfig.h:1094:9: warning: "CONFIG_ESP_TASK_WDT_EN" redefined
 1094 | #define CONFIG_ESP_TASK_WDT_EN 1
      |         ^~~~~~~~~~~~~~~~~~~~~~
<command-line>: note: this is the location of the previous definition
C:/Users/Louis/.platformio/packages/framework-arduinoespressif32-libs/esp32s3/qio_opi/include/sdkconfig.h:1095:9: warning: "CONFIG_ESP_TASK_WDT_INIT" redefined
 1095 | #define CONFIG_ESP_TASK_WDT_INIT 1
      |         ^~~~~~~~~~~~~~~~~~~~~~~~
<command-line>: note: this is the location of the previous definition
C:/Users/Louis/.platformio/packages/framework-arduinoespressif32-libs/esp32s3/qio_opi/include/sdkconfig.h:1098:9: warning: "CONFIG_ESP_TASK_WDT_CHECK_IDLE_TASK_CPU0" redefined
 1098 | #define CONFIG_ESP_TASK_WDT_CHECK_IDLE_TASK_CPU0 1
      |         ^~~~~~~~~~~~~~~~~~~~~~~~~~~~~~~~~~~~~~~~
<command-line>: note: this is the location of the previous definition
C:/Users/Louis/.platformio/packages/framework-arduinoespressif32-libs/esp32s3/qio_opi/include/sdkconfig.h:1155:9: warning: "CONFIG_ESP_COREDUMP_ENABLE" redefined
 1155 | #define CONFIG_ESP_COREDUMP_ENABLE 1
      |         ^~~~~~~~~~~~~~~~~~~~~~~~~~
<command-line>: note: this is the location of the previous definition
C:/Users/Louis/.platformio/packages/framework-arduinoespressif32-libs/esp32s3/qio_opi/include/sdkconfig.h:1879:9: warning: "CONFIG_ESP32S3_SPIRAM_SUPPORT" redefined
 1879 | #define CONFIG_ESP32S3_SPIRAM_SUPPORT CONFIG_SPIRAM
      |         ^~~~~~~~~~~~~~~~~~~~~~~~~~~~~
<command-line>: note: this is the location of the previous definition
Compiling .pio\build\WaveshareESP32S3LCD2\lib020\lvgl\misc\lv_log.c.o
Compiling .pio\build\WaveshareESP32S3LCD2\lib020\lvgl\misc\lv_lru.c.o
In file included from .pio/libdeps/WaveshareESP32S3LCD2/lvgl/src/misc/../lv_conf_kconfig.h:15,
                 from .pio/libdeps/WaveshareESP32S3LCD2/lvgl/src/misc/../lv_conf_internal.h:15,
                 from .pio/libdeps/WaveshareESP32S3LCD2/lvgl/src/misc/lv_color.h:16,
                 from .pio/libdeps/WaveshareESP32S3LCD2/lvgl/src/misc/lv_color.c:9:
C:/Users/Louis/.platformio/packages/framework-arduinoespressif32-libs/esp32s3/qio_opi/include/sdkconfig.h:1094:9: warning: "CONFIG_ESP_TASK_WDT_EN" redefined
 1094 | #define CONFIG_ESP_TASK_WDT_EN 1
      |         ^~~~~~~~~~~~~~~~~~~~~~
<command-line>: note: this is the location of the previous definition
C:/Users/Louis/.platformio/packages/framework-arduinoespressif32-libs/esp32s3/qio_opi/include/sdkconfig.h:1095:9: warning: "CONFIG_ESP_TASK_WDT_INIT" redefined
 1095 | #define CONFIG_ESP_TASK_WDT_INIT 1
      |         ^~~~~~~~~~~~~~~~~~~~~~~~
<command-line>: note: this is the location of the previous definition
C:/Users/Louis/.platformio/packages/framework-arduinoespressif32-libs/esp32s3/qio_opi/include/sdkconfig.h:1098:9: warning: "CONFIG_ESP_TASK_WDT_CHECK_IDLE_TASK_CPU0" redefined
 1098 | #define CONFIG_ESP_TASK_WDT_CHECK_IDLE_TASK_CPU0 1
      |         ^~~~~~~~~~~~~~~~~~~~~~~~~~~~~~~~~~~~~~~~
<command-line>: note: this is the location of the previous definition
C:/Users/Louis/.platformio/packages/framework-arduinoespressif32-libs/esp32s3/qio_opi/include/sdkconfig.h:1155:9: warning: "CONFIG_ESP_COREDUMP_ENABLE" redefined
 1155 | #define CONFIG_ESP_COREDUMP_ENABLE 1
      |         ^~~~~~~~~~~~~~~~~~~~~~~~~~
<command-line>: note: this is the location of the previous definition
C:/Users/Louis/.platformio/packages/framework-arduinoespressif32-libs/esp32s3/qio_opi/include/sdkconfig.h:1879:9: warning: "CONFIG_ESP32S3_SPIRAM_SUPPORT" redefined
 1879 | #define CONFIG_ESP32S3_SPIRAM_SUPPORT CONFIG_SPIRAM
      |         ^~~~~~~~~~~~~~~~~~~~~~~~~~~~~
<command-line>: note: this is the location of the previous definition
Compiling .pio\build\WaveshareESP32S3LCD2\lib020\lvgl\misc\lv_math.c.o
In file included from .pio/libdeps/WaveshareESP32S3LCD2/lvgl/src/misc/../lv_conf_kconfig.h:15,
                 from .pio/libdeps/WaveshareESP32S3LCD2/lvgl/src/misc/../lv_conf_internal.h:15,
                 from .pio/libdeps/WaveshareESP32S3LCD2/lvgl/src/misc/lv_fs.h:16,
                 from .pio/libdeps/WaveshareESP32S3LCD2/lvgl/src/misc/lv_fs.c:9:
C:/Users/Louis/.platformio/packages/framework-arduinoespressif32-libs/esp32s3/qio_opi/include/sdkconfig.h:1094:9: warning: "CONFIG_ESP_TASK_WDT_EN" redefined
 1094 | #define CONFIG_ESP_TASK_WDT_EN 1
      |         ^~~~~~~~~~~~~~~~~~~~~~
<command-line>: note: this is the location of the previous definition
C:/Users/Louis/.platformio/packages/framework-arduinoespressif32-libs/esp32s3/qio_opi/include/sdkconfig.h:1095:9: warning: "CONFIG_ESP_TASK_WDT_INIT" redefined
 1095 | #define CONFIG_ESP_TASK_WDT_INIT 1
      |         ^~~~~~~~~~~~~~~~~~~~~~~~
<command-line>: note: this is the location of the previous definition
C:/Users/Louis/.platformio/packages/framework-arduinoespressif32-libs/esp32s3/qio_opi/include/sdkconfig.h:1098:9: warning: "CONFIG_ESP_TASK_WDT_CHECK_IDLE_TASK_CPU0" redefined
 1098 | #define CONFIG_ESP_TASK_WDT_CHECK_IDLE_TASK_CPU0 1
      |         ^~~~~~~~~~~~~~~~~~~~~~~~~~~~~~~~~~~~~~~~
<command-line>: note: this is the location of the previous definition
C:/Users/Louis/.platformio/packages/framework-arduinoespressif32-libs/esp32s3/qio_opi/include/sdkconfig.h:1155:9: warning: "CONFIG_ESP_COREDUMP_ENABLE" redefined
 1155 | #define CONFIG_ESP_COREDUMP_ENABLE 1
      |         ^~~~~~~~~~~~~~~~~~~~~~~~~~
<command-line>: note: this is the location of the previous definition
C:/Users/Louis/.platformio/packages/framework-arduinoespressif32-libs/esp32s3/qio_opi/include/sdkconfig.h:1879:9: warning: "CONFIG_ESP32S3_SPIRAM_SUPPORT" redefined
 1879 | #define CONFIG_ESP32S3_SPIRAM_SUPPORT CONFIG_SPIRAM
      |         ^~~~~~~~~~~~~~~~~~~~~~~~~~~~~
<command-line>: note: this is the location of the previous definition
In file included from .pio/libdeps/WaveshareESP32S3LCD2/lvgl/src/misc/../lv_conf_kconfig.h:15,
                 from .pio/libdeps/WaveshareESP32S3LCD2/lvgl/src/misc/../lv_conf_internal.h:15,
                 from .pio/libdeps/WaveshareESP32S3LCD2/lvgl/src/misc/lv_gc.h:16,
                 from .pio/libdeps/WaveshareESP32S3LCD2/lvgl/src/misc/lv_gc.c:9:
C:/Users/Louis/.platformio/packages/framework-arduinoespressif32-libs/esp32s3/qio_opi/include/sdkconfig.h:1094:9: warning: "CONFIG_ESP_TASK_WDT_EN" redefined
 1094 | #define CONFIG_ESP_TASK_WDT_EN 1
      |         ^~~~~~~~~~~~~~~~~~~~~~
<command-line>: note: this is the location of the previous definition
Compiling .pio\build\WaveshareESP32S3LCD2\lib020\lvgl\misc\lv_mem.c.o
C:/Users/Louis/.platformio/packages/framework-arduinoespressif32-libs/esp32s3/qio_opi/include/sdkconfig.h:1095:9: warning: "CONFIG_ESP_TASK_WDT_INIT" redefined
 1095 | #define CONFIG_ESP_TASK_WDT_INIT 1
      |         ^~~~~~~~~~~~~~~~~~~~~~~~
<command-line>: note: this is the location of the previous definition
C:/Users/Louis/.platformio/packages/framework-arduinoespressif32-libs/esp32s3/qio_opi/include/sdkconfig.h:1098:9: warning: "CONFIG_ESP_TASK_WDT_CHECK_IDLE_TASK_CPU0" redefined
 1098 | #define CONFIG_ESP_TASK_WDT_CHECK_IDLE_TASK_CPU0 1
      |         ^~~~~~~~~~~~~~~~~~~~~~~~~~~~~~~~~~~~~~~~
<command-line>: note: this is the location of the previous definition
C:/Users/Louis/.platformio/packages/framework-arduinoespressif32-libs/esp32s3/qio_opi/include/sdkconfig.h:1155:9: warning: "CONFIG_ESP_COREDUMP_ENABLE" redefined
 1155 | #define CONFIG_ESP_COREDUMP_ENABLE 1
      |         ^~~~~~~~~~~~~~~~~~~~~~~~~~
<command-line>: note: this is the location of the previous definition
C:/Users/Louis/.platformio/packages/framework-arduinoespressif32-libs/esp32s3/qio_opi/include/sdkconfig.h:1879:9: warning: "CONFIG_ESP32S3_SPIRAM_SUPPORT" redefined
 1879 | #define CONFIG_ESP32S3_SPIRAM_SUPPORT CONFIG_SPIRAM
      |         ^~~~~~~~~~~~~~~~~~~~~~~~~~~~~
<command-line>: note: this is the location of the previous definition
Compiling .pio\build\WaveshareESP32S3LCD2\lib020\lvgl\misc\lv_printf.c.o
Compiling .pio\build\WaveshareESP32S3LCD2\lib020\lvgl\misc\lv_style.c.o
Compiling .pio\build\WaveshareESP32S3LCD2\lib020\lvgl\misc\lv_style_gen.c.o
Compiling .pio\build\WaveshareESP32S3LCD2\lib020\lvgl\misc\lv_templ.c.o
In file included from .pio/libdeps/WaveshareESP32S3LCD2/lvgl/src/misc/../lv_conf_kconfig.h:15,
                 from .pio/libdeps/WaveshareESP32S3LCD2/lvgl/src/misc/../lv_conf_internal.h:15,
                 from .pio/libdeps/WaveshareESP32S3LCD2/lvgl/src/misc/lv_lru.h:17,
                 from .pio/libdeps/WaveshareESP32S3LCD2/lvgl/src/misc/lv_lru.c:11:
C:/Users/Louis/.platformio/packages/framework-arduinoespressif32-libs/esp32s3/qio_opi/include/sdkconfig.h:1094:9: warning: "CONFIG_ESP_TASK_WDT_EN" redefined
 1094 | #define CONFIG_ESP_TASK_WDT_EN 1
      |         ^~~~~~~~~~~~~~~~~~~~~~
<command-line>: note: this is the location of the previous definition
C:/Users/Louis/.platformio/packages/framework-arduinoespressif32-libs/esp32s3/qio_opi/include/sdkconfig.h:1095:9: warning: "CONFIG_ESP_TASK_WDT_INIT" redefined
 1095 | #define CONFIG_ESP_TASK_WDT_INIT 1
      |         ^~~~~~~~~~~~~~~~~~~~~~~~
<command-line>: note: this is the location of the previous definition
C:/Users/Louis/.platformio/packages/framework-arduinoespressif32-libs/esp32s3/qio_opi/include/sdkconfig.h:1098:9: warning: "CONFIG_ESP_TASK_WDT_CHECK_IDLE_TASK_CPU0" redefined
 1098 | #define CONFIG_ESP_TASK_WDT_CHECK_IDLE_TASK_CPU0 1
      |         ^~~~~~~~~~~~~~~~~~~~~~~~~~~~~~~~~~~~~~~~
<command-line>: note: this is the location of the previous definition
C:/Users/Louis/.platformio/packages/framework-arduinoespressif32-libs/esp32s3/qio_opi/include/sdkconfig.h:1155:9: warning: "CONFIG_ESP_COREDUMP_ENABLE" redefined
 1155 | #define CONFIG_ESP_COREDUMP_ENABLE 1
      |         ^~~~~~~~~~~~~~~~~~~~~~~~~~
<command-line>: note: this is the location of the previous definition
C:/Users/Louis/.platformio/packages/framework-arduinoespressif32-libs/esp32s3/qio_opi/include/sdkconfig.h:1879:9: warning: "CONFIG_ESP32S3_SPIRAM_SUPPORT" redefined
 1879 | #define CONFIG_ESP32S3_SPIRAM_SUPPORT CONFIG_SPIRAM
      |         ^~~~~~~~~~~~~~~~~~~~~~~~~~~~~
<command-line>: note: this is the location of the previous definition
In file included from .pio/libdeps/WaveshareESP32S3LCD2/lvgl/src/misc/../lv_conf_kconfig.h:15,
                 from .pio/libdeps/WaveshareESP32S3LCD2/lvgl/src/misc/../lv_conf_internal.h:15,
                 from .pio/libdeps/WaveshareESP32S3LCD2/lvgl/src/misc/lv_mem.h:16,
                 from .pio/libdeps/WaveshareESP32S3LCD2/lvgl/src/misc/lv_ll.c:11:
C:/Users/Louis/.platformio/packages/framework-arduinoespressif32-libs/esp32s3/qio_opi/include/sdkconfig.h:1094:9: warning: "CONFIG_ESP_TASK_WDT_EN" redefined
 1094 | #define CONFIG_ESP_TASK_WDT_EN 1
      |         ^~~~~~~~~~~~~~~~~~~~~~
<command-line>: note: this is the location of the previous definition
C:/Users/Louis/.platformio/packages/framework-arduinoespressif32-libs/esp32s3/qio_opi/include/sdkconfig.h:1095:9: warning: "CONFIG_ESP_TASK_WDT_INIT" redefined
 1095 | #define CONFIG_ESP_TASK_WDT_INIT 1
      |         ^~~~~~~~~~~~~~~~~~~~~~~~
<command-line>: note: this is the location of the previous definition
C:/Users/Louis/.platformio/packages/framework-arduinoespressif32-libs/esp32s3/qio_opi/include/sdkconfig.h:1098:9: warning: "CONFIG_ESP_TASK_WDT_CHECK_IDLE_TASK_CPU0" redefined
 1098 | #define CONFIG_ESP_TASK_WDT_CHECK_IDLE_TASK_CPU0 1
      |         ^~~~~~~~~~~~~~~~~~~~~~~~~~~~~~~~~~~~~~~~
<command-line>: note: this is the location of the previous definition
C:/Users/Louis/.platformio/packages/framework-arduinoespressif32-libs/esp32s3/qio_opi/include/sdkconfig.h:1155:9: warning: "CONFIG_ESP_COREDUMP_ENABLE" redefined
 1155 | #define CONFIG_ESP_COREDUMP_ENABLE 1
      |         ^~~~~~~~~~~~~~~~~~~~~~~~~~
<command-line>: note: this is the location of the previous definition
C:/Users/Louis/.platformio/packages/framework-arduinoespressif32-libs/esp32s3/qio_opi/include/sdkconfig.h:1879:9: warning: "CONFIG_ESP32S3_SPIRAM_SUPPORT" redefined
 1879 | #define CONFIG_ESP32S3_SPIRAM_SUPPORT CONFIG_SPIRAM
      |         ^~~~~~~~~~~~~~~~~~~~~~~~~~~~~
<command-line>: note: this is the location of the previous definition
In file included from .pio/libdeps/WaveshareESP32S3LCD2/lvgl/src/misc/../lv_conf_kconfig.h:15,
                 from .pio/libdeps/WaveshareESP32S3LCD2/lvgl/src/misc/../lv_conf_internal.h:15,
                 from .pio/libdeps/WaveshareESP32S3LCD2/lvgl/src/misc/lv_log.h:16,
                 from .pio/libdeps/WaveshareESP32S3LCD2/lvgl/src/misc/lv_log.c:9:
C:/Users/Louis/.platformio/packages/framework-arduinoespressif32-libs/esp32s3/qio_opi/include/sdkconfig.h:1094:9: warning: "CONFIG_ESP_TASK_WDT_EN" redefined
 1094 | #define CONFIG_ESP_TASK_WDT_EN 1
      |         ^~~~~~~~~~~~~~~~~~~~~~
<command-line>: note: this is the location of the previous definition
C:/Users/Louis/.platformio/packages/framework-arduinoespressif32-libs/esp32s3/qio_opi/include/sdkconfig.h:1095:9: warning: "CONFIG_ESP_TASK_WDT_INIT" redefined
 1095 | #define CONFIG_ESP_TASK_WDT_INIT 1
      |         ^~~~~~~~~~~~~~~~~~~~~~~~
<command-line>: note: this is the location of the previous definition
C:/Users/Louis/.platformio/packages/framework-arduinoespressif32-libs/esp32s3/qio_opi/include/sdkconfig.h:1098:9: warning: "CONFIG_ESP_TASK_WDT_CHECK_IDLE_TASK_CPU0" redefined
 1098 | #define CONFIG_ESP_TASK_WDT_CHECK_IDLE_TASK_CPU0 1
      |         ^~~~~~~~~~~~~~~~~~~~~~~~~~~~~~~~~~~~~~~~
<command-line>: note: this is the location of the previous definition
C:/Users/Louis/.platformio/packages/framework-arduinoespressif32-libs/esp32s3/qio_opi/include/sdkconfig.h:1155:9: warning: "CONFIG_ESP_COREDUMP_ENABLE" redefined
 1155 | #define CONFIG_ESP_COREDUMP_ENABLE 1
      |         ^~~~~~~~~~~~~~~~~~~~~~~~~~
<command-line>: note: this is the location of the previous definition
C:/Users/Louis/.platformio/packages/framework-arduinoespressif32-libs/esp32s3/qio_opi/include/sdkconfig.h:1879:9: warning: "CONFIG_ESP32S3_SPIRAM_SUPPORT" redefined
 1879 | #define CONFIG_ESP32S3_SPIRAM_SUPPORT CONFIG_SPIRAM
      |         ^~~~~~~~~~~~~~~~~~~~~~~~~~~~~
<command-line>: note: this is the location of the previous definition
Compiling .pio\build\WaveshareESP32S3LCD2\lib020\lvgl\misc\lv_timer.c.o
Compiling .pio\build\WaveshareESP32S3LCD2\lib020\lvgl\misc\lv_tlsf.c.o
Compiling .pio\build\WaveshareESP32S3LCD2\lib020\lvgl\misc\lv_txt.c.o
Compiling .pio\build\WaveshareESP32S3LCD2\lib020\lvgl\misc\lv_txt_ap.c.o
In file included from .pio/libdeps/WaveshareESP32S3LCD2/lvgl/src/misc/../lv_conf_kconfig.h:15,
                 from .pio/libdeps/WaveshareESP32S3LCD2/lvgl/src/misc/../lv_conf_internal.h:15,
                 from .pio/libdeps/WaveshareESP32S3LCD2/lvgl/src/misc/lv_mem.h:16,
                 from .pio/libdeps/WaveshareESP32S3LCD2/lvgl/src/misc/lv_mem.c:10:
C:/Users/Louis/.platformio/packages/framework-arduinoespressif32-libs/esp32s3/qio_opi/include/sdkconfig.h:1094:9: warning: "CONFIG_ESP_TASK_WDT_EN" redefined
 1094 | #define CONFIG_ESP_TASK_WDT_EN 1
      |         ^~~~~~~~~~~~~~~~~~~~~~
<command-line>: note: this is the location of the previous definition
C:/Users/Louis/.platformio/packages/framework-arduinoespressif32-libs/esp32s3/qio_opi/include/sdkconfig.h:1095:9: warning: "CONFIG_ESP_TASK_WDT_INIT" redefined
 1095 | #define CONFIG_ESP_TASK_WDT_INIT 1
      |         ^~~~~~~~~~~~~~~~~~~~~~~~
<command-line>: note: this is the location of the previous definition
C:/Users/Louis/.platformio/packages/framework-arduinoespressif32-libs/esp32s3/qio_opi/include/sdkconfig.h:1098:9: warning: "CONFIG_ESP_TASK_WDT_CHECK_IDLE_TASK_CPU0" redefined
 1098 | #define CONFIG_ESP_TASK_WDT_CHECK_IDLE_TASK_CPU0 1
      |         ^~~~~~~~~~~~~~~~~~~~~~~~~~~~~~~~~~~~~~~~
<command-line>: note: this is the location of the previous definition
C:/Users/Louis/.platformio/packages/framework-arduinoespressif32-libs/esp32s3/qio_opi/include/sdkconfig.h:1155:9: warning: "CONFIG_ESP_COREDUMP_ENABLE" redefined
 1155 | #define CONFIG_ESP_COREDUMP_ENABLE 1
      |         ^~~~~~~~~~~~~~~~~~~~~~~~~~
<command-line>: note: this is the location of the previous definition
C:/Users/Louis/.platformio/packages/framework-arduinoespressif32-libs/esp32s3/qio_opi/include/sdkconfig.h:1879:9: warning: "CONFIG_ESP32S3_SPIRAM_SUPPORT" redefined
 1879 | #define CONFIG_ESP32S3_SPIRAM_SUPPORT CONFIG_SPIRAM
      |         ^~~~~~~~~~~~~~~~~~~~~~~~~~~~~
<command-line>: note: this is the location of the previous definition
In file included from .pio/libdeps/WaveshareESP32S3LCD2/lvgl/src/misc/../lv_conf_kconfig.h:15,
                 from .pio/libdeps/WaveshareESP32S3LCD2/lvgl/src/misc/../lv_conf_internal.h:15,
                 from .pio/libdeps/WaveshareESP32S3LCD2/lvgl/src/misc/lv_math.h:16,
                 from .pio/libdeps/WaveshareESP32S3LCD2/lvgl/src/misc/lv_math.c:9:
C:/Users/Louis/.platformio/packages/framework-arduinoespressif32-libs/esp32s3/qio_opi/include/sdkconfig.h:1094:9: warning: "CONFIG_ESP_TASK_WDT_EN" redefined
 1094 | #define CONFIG_ESP_TASK_WDT_EN 1
      |         ^~~~~~~~~~~~~~~~~~~~~~
<command-line>: note: this is the location of the previous definition
C:/Users/Louis/.platformio/packages/framework-arduinoespressif32-libs/esp32s3/qio_opi/include/sdkconfig.h:1095:9: warning: "CONFIG_ESP_TASK_WDT_INIT" redefined
 1095 | #define CONFIG_ESP_TASK_WDT_INIT 1
      |         ^~~~~~~~~~~~~~~~~~~~~~~~
<command-line>: note: this is the location of the previous definition
C:/Users/Louis/.platformio/packages/framework-arduinoespressif32-libs/esp32s3/qio_opi/include/sdkconfig.h:1098:9: warning: "CONFIG_ESP_TASK_WDT_CHECK_IDLE_TASK_CPU0" redefined
 1098 | #define CONFIG_ESP_TASK_WDT_CHECK_IDLE_TASK_CPU0 1
      |         ^~~~~~~~~~~~~~~~~~~~~~~~~~~~~~~~~~~~~~~~
<command-line>: note: this is the location of the previous definition
C:/Users/Louis/.platformio/packages/framework-arduinoespressif32-libs/esp32s3/qio_opi/include/sdkconfig.h:1155:9: warning: "CONFIG_ESP_COREDUMP_ENABLE" redefined
 1155 | #define CONFIG_ESP_COREDUMP_ENABLE 1
      |         ^~~~~~~~~~~~~~~~~~~~~~~~~~
<command-line>: note: this is the location of the previous definition
C:/Users/Louis/.platformio/packages/framework-arduinoespressif32-libs/esp32s3/qio_opi/include/sdkconfig.h:1879:9: warning: "CONFIG_ESP32S3_SPIRAM_SUPPORT" redefined
 1879 | #define CONFIG_ESP32S3_SPIRAM_SUPPORT CONFIG_SPIRAM
      |         ^~~~~~~~~~~~~~~~~~~~~~~~~~~~~
<command-line>: note: this is the location of the previous definition
Compiling .pio\build\WaveshareESP32S3LCD2\lib020\lvgl\misc\lv_utils.c.o
In file included from .pio/libdeps/WaveshareESP32S3LCD2/lvgl/src/misc/../font/../lv_conf_kconfig.h:15,
                 from .pio/libdeps/WaveshareESP32S3LCD2/lvgl/src/misc/../font/../lv_conf_internal.h:15,
                 from .pio/libdeps/WaveshareESP32S3LCD2/lvgl/src/misc/../font/lv_font.h:16,
                 from .pio/libdeps/WaveshareESP32S3LCD2/lvgl/src/misc/lv_style.h:18,
                 from .pio/libdeps/WaveshareESP32S3LCD2/lvgl/src/misc/lv_style_gen.c:1:
C:/Users/Louis/.platformio/packages/framework-arduinoespressif32-libs/esp32s3/qio_opi/include/sdkconfig.h:1094:9: warning: "CONFIG_ESP_TASK_WDT_EN" redefined
 1094 | #define CONFIG_ESP_TASK_WDT_EN 1
      |         ^~~~~~~~~~~~~~~~~~~~~~
<command-line>: note: this is the location of the previous definition
C:/Users/Louis/.platformio/packages/framework-arduinoespressif32-libs/esp32s3/qio_opi/include/sdkconfig.h:1095:9: warning: "CONFIG_ESP_TASK_WDT_INIT" redefined
 1095 | #define CONFIG_ESP_TASK_WDT_INIT 1
      |         ^~~~~~~~~~~~~~~~~~~~~~~~
<command-line>: note: this is the location of the previous definition
C:/Users/Louis/.platformio/packages/framework-arduinoespressif32-libs/esp32s3/qio_opi/include/sdkconfig.h:1098:9: warning: "CONFIG_ESP_TASK_WDT_CHECK_IDLE_TASK_CPU0" redefined
 1098 | #define CONFIG_ESP_TASK_WDT_CHECK_IDLE_TASK_CPU0 1
      |         ^~~~~~~~~~~~~~~~~~~~~~~~~~~~~~~~~~~~~~~~
<command-line>: note: this is the location of the previous definition
C:/Users/Louis/.platformio/packages/framework-arduinoespressif32-libs/esp32s3/qio_opi/include/sdkconfig.h:1155:9: warning: "CONFIG_ESP_COREDUMP_ENABLE" redefined
 1155 | #define CONFIG_ESP_COREDUMP_ENABLE 1
      |         ^~~~~~~~~~~~~~~~~~~~~~~~~~
<command-line>: note: this is the location of the previous definition
C:/Users/Louis/.platformio/packages/framework-arduinoespressif32-libs/esp32s3/qio_opi/include/sdkconfig.h:1879:9: warning: "CONFIG_ESP32S3_SPIRAM_SUPPORT" redefined
 1879 | #define CONFIG_ESP32S3_SPIRAM_SUPPORT CONFIG_SPIRAM
      |         ^~~~~~~~~~~~~~~~~~~~~~~~~~~~~
<command-line>: note: this is the location of the previous definition
In file included from .pio/libdeps/WaveshareESP32S3LCD2/lvgl/src/misc/../font/../lv_conf_kconfig.h:15,
                 from .pio/libdeps/WaveshareESP32S3LCD2/lvgl/src/misc/../font/../lv_conf_internal.h:15,
                 from .pio/libdeps/WaveshareESP32S3LCD2/lvgl/src/misc/../font/lv_font.h:16,
                 from .pio/libdeps/WaveshareESP32S3LCD2/lvgl/src/misc/lv_style.h:18,
                 from .pio/libdeps/WaveshareESP32S3LCD2/lvgl/src/misc/lv_style.c:9:
C:/Users/Louis/.platformio/packages/framework-arduinoespressif32-libs/esp32s3/qio_opi/include/sdkconfig.h:1094:9: warning: "CONFIG_ESP_TASK_WDT_EN" redefined
 1094 | #define CONFIG_ESP_TASK_WDT_EN 1
      |         ^~~~~~~~~~~~~~~~~~~~~~
<command-line>: note: this is the location of the previous definition
C:/Users/Louis/.platformio/packages/framework-arduinoespressif32-libs/esp32s3/qio_opi/include/sdkconfig.h:1095:9: warning: "CONFIG_ESP_TASK_WDT_INIT" redefined
 1095 | #define CONFIG_ESP_TASK_WDT_INIT 1
      |         ^~~~~~~~~~~~~~~~~~~~~~~~
<command-line>: note: this is the location of the previous definition
C:/Users/Louis/.platformio/packages/framework-arduinoespressif32-libs/esp32s3/qio_opi/include/sdkconfig.h:1098:9: warning: "CONFIG_ESP_TASK_WDT_CHECK_IDLE_TASK_CPU0" redefined
 1098 | #define CONFIG_ESP_TASK_WDT_CHECK_IDLE_TASK_CPU0 1
      |         ^~~~~~~~~~~~~~~~~~~~~~~~~~~~~~~~~~~~~~~~
<command-line>: note: this is the location of the previous definition
C:/Users/Louis/.platformio/packages/framework-arduinoespressif32-libs/esp32s3/qio_opi/include/sdkconfig.h:1155:9: warning: "CONFIG_ESP_COREDUMP_ENABLE" redefined
 1155 | #define CONFIG_ESP_COREDUMP_ENABLE 1
      |         ^~~~~~~~~~~~~~~~~~~~~~~~~~
<command-line>: note: this is the location of the previous definition
C:/Users/Louis/.platformio/packages/framework-arduinoespressif32-libs/esp32s3/qio_opi/include/sdkconfig.h:1879:9: warning: "CONFIG_ESP32S3_SPIRAM_SUPPORT" redefined
 1879 | #define CONFIG_ESP32S3_SPIRAM_SUPPORT CONFIG_SPIRAM
      |         ^~~~~~~~~~~~~~~~~~~~~~~~~~~~~
<command-line>: note: this is the location of the previous definition
In file included from .pio/libdeps/WaveshareESP32S3LCD2/lvgl/src/misc/../lv_conf_kconfig.h:15,
                 from .pio/libdeps/WaveshareESP32S3LCD2/lvgl/src/misc/../lv_conf_internal.h:15,
                 from .pio/libdeps/WaveshareESP32S3LCD2/lvgl/src/misc/lv_printf.h:63,
                 from .pio/libdeps/WaveshareESP32S3LCD2/lvgl/src/misc/lv_printf.c:35:
C:/Users/Louis/.platformio/packages/framework-arduinoespressif32-libs/esp32s3/qio_opi/include/sdkconfig.h:1094:9: warning: "CONFIG_ESP_TASK_WDT_EN" redefined
 1094 | #define CONFIG_ESP_TASK_WDT_EN 1
      |         ^~~~~~~~~~~~~~~~~~~~~~
<command-line>: note: this is the location of the previous definition
C:/Users/Louis/.platformio/packages/framework-arduinoespressif32-libs/esp32s3/qio_opi/include/sdkconfig.h:1095:9: warning: "CONFIG_ESP_TASK_WDT_INIT" redefined
 1095 | #define CONFIG_ESP_TASK_WDT_INIT 1
      |         ^~~~~~~~~~~~~~~~~~~~~~~~
<command-line>: note: this is the location of the previous definition
C:/Users/Louis/.platformio/packages/framework-arduinoespressif32-libs/esp32s3/qio_opi/include/sdkconfig.h:1098:9: warning: "CONFIG_ESP_TASK_WDT_CHECK_IDLE_TASK_CPU0" redefined
 1098 | #define CONFIG_ESP_TASK_WDT_CHECK_IDLE_TASK_CPU0 1
      |         ^~~~~~~~~~~~~~~~~~~~~~~~~~~~~~~~~~~~~~~~
<command-line>: note: this is the location of the previous definition
C:/Users/Louis/.platformio/packages/framework-arduinoespressif32-libs/esp32s3/qio_opi/include/sdkconfig.h:1155:9: warning: "CONFIG_ESP_COREDUMP_ENABLE" redefined
 1155 | #define CONFIG_ESP_COREDUMP_ENABLE 1
      |         ^~~~~~~~~~~~~~~~~~~~~~~~~~
<command-line>: note: this is the location of the previous definition
C:/Users/Louis/.platformio/packages/framework-arduinoespressif32-libs/esp32s3/qio_opi/include/sdkconfig.h:1879:9: warning: "CONFIG_ESP32S3_SPIRAM_SUPPORT" redefined
 1879 | #define CONFIG_ESP32S3_SPIRAM_SUPPORT CONFIG_SPIRAM
      |         ^~~~~~~~~~~~~~~~~~~~~~~~~~~~~
<command-line>: note: this is the location of the previous definition
Compiling .pio\build\WaveshareESP32S3LCD2\lib020\lvgl\widgets\lv_arc.c.o
In file included from .pio/libdeps/WaveshareESP32S3LCD2/lvgl/src/misc/../lv_conf_kconfig.h:15,
                 from .pio/libdeps/WaveshareESP32S3LCD2/lvgl/src/misc/../lv_conf_internal.h:15,
                 from .pio/libdeps/WaveshareESP32S3LCD2/lvgl/src/misc/lv_timer.h:15,
                 from .pio/libdeps/WaveshareESP32S3LCD2/lvgl/src/misc/lv_timer.c:8:
C:/Users/Louis/.platformio/packages/framework-arduinoespressif32-libs/esp32s3/qio_opi/include/sdkconfig.h:1094:9: warning: "CONFIG_ESP_TASK_WDT_EN" redefined
 1094 | #define CONFIG_ESP_TASK_WDT_EN 1
      |         ^~~~~~~~~~~~~~~~~~~~~~
<command-line>: note: this is the location of the previous definition
C:/Users/Louis/.platformio/packages/framework-arduinoespressif32-libs/esp32s3/qio_opi/include/sdkconfig.h:1095:9: warning: "CONFIG_ESP_TASK_WDT_INIT" redefined
 1095 | #define CONFIG_ESP_TASK_WDT_INIT 1
      |         ^~~~~~~~~~~~~~~~~~~~~~~~
<command-line>: note: this is the location of the previous definition
C:/Users/Louis/.platformio/packages/framework-arduinoespressif32-libs/esp32s3/qio_opi/include/sdkconfig.h:1098:9: warning: "CONFIG_ESP_TASK_WDT_CHECK_IDLE_TASK_CPU0" redefined
 1098 | #define CONFIG_ESP_TASK_WDT_CHECK_IDLE_TASK_CPU0 1
      |         ^~~~~~~~~~~~~~~~~~~~~~~~~~~~~~~~~~~~~~~~
<command-line>: note: this is the location of the previous definition
C:/Users/Louis/.platformio/packages/framework-arduinoespressif32-libs/esp32s3/qio_opi/include/sdkconfig.h:1155:9: warning: "CONFIG_ESP_COREDUMP_ENABLE" redefined
 1155 | #define CONFIG_ESP_COREDUMP_ENABLE 1
      |         ^~~~~~~~~~~~~~~~~~~~~~~~~~
<command-line>: note: this is the location of the previous definition
C:/Users/Louis/.platformio/packages/framework-arduinoespressif32-libs/esp32s3/qio_opi/include/sdkconfig.h:1879:9: warning: "CONFIG_ESP32S3_SPIRAM_SUPPORT" redefined
 1879 | #define CONFIG_ESP32S3_SPIRAM_SUPPORT CONFIG_SPIRAM
      |         ^~~~~~~~~~~~~~~~~~~~~~~~~~~~~
<command-line>: note: this is the location of the previous definition
Compiling .pio\build\WaveshareESP32S3LCD2\lib020\lvgl\widgets\lv_bar.c.o
Compiling .pio\build\WaveshareESP32S3LCD2\lib020\lvgl\widgets\lv_btn.c.o
In file included from .pio/libdeps/WaveshareESP32S3LCD2/lvgl/src/misc/../lv_conf_kconfig.h:15,
                 from .pio/libdeps/WaveshareESP32S3LCD2/lvgl/src/misc/../lv_conf_internal.h:15,
                 from .pio/libdeps/WaveshareESP32S3LCD2/lvgl/src/misc/lv_txt.h:16,
                 from .pio/libdeps/WaveshareESP32S3LCD2/lvgl/src/misc/lv_txt.c:10:
C:/Users/Louis/.platformio/packages/framework-arduinoespressif32-libs/esp32s3/qio_opi/include/sdkconfig.h:1094:9: warning: "CONFIG_ESP_TASK_WDT_EN" redefined
 1094 | #define CONFIG_ESP_TASK_WDT_EN 1
      |         ^~~~~~~~~~~~~~~~~~~~~~
<command-line>: note: this is the location of the previous definition
Compiling .pio\build\WaveshareESP32S3LCD2\lib020\lvgl\widgets\lv_btnmatrix.c.o
C:/Users/Louis/.platformio/packages/framework-arduinoespressif32-libs/esp32s3/qio_opi/include/sdkconfig.h:1095:9: warning: "CONFIG_ESP_TASK_WDT_INIT" redefined
 1095 | #define CONFIG_ESP_TASK_WDT_INIT 1
      |         ^~~~~~~~~~~~~~~~~~~~~~~~
<command-line>: note: this is the location of the previous definition
C:/Users/Louis/.platformio/packages/framework-arduinoespressif32-libs/esp32s3/qio_opi/include/sdkconfig.h:1098:9: warning: "CONFIG_ESP_TASK_WDT_CHECK_IDLE_TASK_CPU0" redefined
 1098 | #define CONFIG_ESP_TASK_WDT_CHECK_IDLE_TASK_CPU0 1
      |         ^~~~~~~~~~~~~~~~~~~~~~~~~~~~~~~~~~~~~~~~
<command-line>: note: this is the location of the previous definition
C:/Users/Louis/.platformio/packages/framework-arduinoespressif32-libs/esp32s3/qio_opi/include/sdkconfig.h:1155:9: warning: "CONFIG_ESP_COREDUMP_ENABLE" redefined
 1155 | #define CONFIG_ESP_COREDUMP_ENABLE 1
      |         ^~~~~~~~~~~~~~~~~~~~~~~~~~
<command-line>: note: this is the location of the previous definition
C:/Users/Louis/.platformio/packages/framework-arduinoespressif32-libs/esp32s3/qio_opi/include/sdkconfig.h:1879:9: warning: "CONFIG_ESP32S3_SPIRAM_SUPPORT" redefined
 1879 | #define CONFIG_ESP32S3_SPIRAM_SUPPORT CONFIG_SPIRAM
      |         ^~~~~~~~~~~~~~~~~~~~~~~~~~~~~
<command-line>: note: this is the location of the previous definition
In file included from .pio/libdeps/WaveshareESP32S3LCD2/lvgl/src/misc/../lv_conf_kconfig.h:15,
                 from .pio/libdeps/WaveshareESP32S3LCD2/lvgl/src/misc/../lv_conf_internal.h:15,
                 from .pio/libdeps/WaveshareESP32S3LCD2/lvgl/src/misc/lv_tlsf.c:1:
C:/Users/Louis/.platformio/packages/framework-arduinoespressif32-libs/esp32s3/qio_opi/include/sdkconfig.h:1094:9: warning: "CONFIG_ESP_TASK_WDT_EN" redefined
 1094 | #define CONFIG_ESP_TASK_WDT_EN 1
      |         ^~~~~~~~~~~~~~~~~~~~~~
<command-line>: note: this is the location of the previous definition
C:/Users/Louis/.platformio/packages/framework-arduinoespressif32-libs/esp32s3/qio_opi/include/sdkconfig.h:1095:9: warning: "CONFIG_ESP_TASK_WDT_INIT" redefined
 1095 | #define CONFIG_ESP_TASK_WDT_INIT 1
      |         ^~~~~~~~~~~~~~~~~~~~~~~~
<command-line>: note: this is the location of the previous definition
C:/Users/Louis/.platformio/packages/framework-arduinoespressif32-libs/esp32s3/qio_opi/include/sdkconfig.h:1098:9: warning: "CONFIG_ESP_TASK_WDT_CHECK_IDLE_TASK_CPU0" redefined
 1098 | #define CONFIG_ESP_TASK_WDT_CHECK_IDLE_TASK_CPU0 1
      |         ^~~~~~~~~~~~~~~~~~~~~~~~~~~~~~~~~~~~~~~~
<command-line>: note: this is the location of the previous definition
C:/Users/Louis/.platformio/packages/framework-arduinoespressif32-libs/esp32s3/qio_opi/include/sdkconfig.h:1155:9: warning: "CONFIG_ESP_COREDUMP_ENABLE" redefined
 1155 | #define CONFIG_ESP_COREDUMP_ENABLE 1
      |         ^~~~~~~~~~~~~~~~~~~~~~~~~~
<command-line>: note: this is the location of the previous definition
C:/Users/Louis/.platformio/packages/framework-arduinoespressif32-libs/esp32s3/qio_opi/include/sdkconfig.h:1879:9: warning: "CONFIG_ESP32S3_SPIRAM_SUPPORT" redefined
 1879 | #define CONFIG_ESP32S3_SPIRAM_SUPPORT CONFIG_SPIRAM
      |         ^~~~~~~~~~~~~~~~~~~~~~~~~~~~~
<command-line>: note: this is the location of the previous definition
In file included from .pio/libdeps/WaveshareESP32S3LCD2/lvgl/src/misc/../lv_conf_kconfig.h:15,
                 from .pio/libdeps/WaveshareESP32S3LCD2/lvgl/src/misc/../lv_conf_internal.h:15,
                 from .pio/libdeps/WaveshareESP32S3LCD2/lvgl/src/misc/lv_bidi.h:16,
                 from .pio/libdeps/WaveshareESP32S3LCD2/lvgl/src/misc/lv_txt_ap.c:10:
C:/Users/Louis/.platformio/packages/framework-arduinoespressif32-libs/esp32s3/qio_opi/include/sdkconfig.h:1094:9: warning: "CONFIG_ESP_TASK_WDT_EN" redefined
 1094 | #define CONFIG_ESP_TASK_WDT_EN 1
      |         ^~~~~~~~~~~~~~~~~~~~~~
<command-line>: note: this is the location of the previous definition
C:/Users/Louis/.platformio/packages/framework-arduinoespressif32-libs/esp32s3/qio_opi/include/sdkconfig.h:1095:9: warning: "CONFIG_ESP_TASK_WDT_INIT" redefined
 1095 | #define CONFIG_ESP_TASK_WDT_INIT 1
      |         ^~~~~~~~~~~~~~~~~~~~~~~~
<command-line>: note: this is the location of the previous definition
C:/Users/Louis/.platformio/packages/framework-arduinoespressif32-libs/esp32s3/qio_opi/include/sdkconfig.h:1098:9: warning: "CONFIG_ESP_TASK_WDT_CHECK_IDLE_TASK_CPU0" redefined
 1098 | #define CONFIG_ESP_TASK_WDT_CHECK_IDLE_TASK_CPU0 1
      |         ^~~~~~~~~~~~~~~~~~~~~~~~~~~~~~~~~~~~~~~~
<command-line>: note: this is the location of the previous definition
C:/Users/Louis/.platformio/packages/framework-arduinoespressif32-libs/esp32s3/qio_opi/include/sdkconfig.h:1155:9: warning: "CONFIG_ESP_COREDUMP_ENABLE" redefined
 1155 | #define CONFIG_ESP_COREDUMP_ENABLE 1
      |         ^~~~~~~~~~~~~~~~~~~~~~~~~~
<command-line>: note: this is the location of the previous definition
C:/Users/Louis/.platformio/packages/framework-arduinoespressif32-libs/esp32s3/qio_opi/include/sdkconfig.h:1879:9: warning: "CONFIG_ESP32S3_SPIRAM_SUPPORT" redefined
 1879 | #define CONFIG_ESP32S3_SPIRAM_SUPPORT CONFIG_SPIRAM
      |         ^~~~~~~~~~~~~~~~~~~~~~~~~~~~~
<command-line>: note: this is the location of the previous definition
Compiling .pio\build\WaveshareESP32S3LCD2\lib020\lvgl\widgets\lv_canvas.c.o
Compiling .pio\build\WaveshareESP32S3LCD2\lib020\lvgl\widgets\lv_checkbox.c.o
Compiling .pio\build\WaveshareESP32S3LCD2\lib020\lvgl\widgets\lv_dropdown.c.o
Compiling .pio\build\WaveshareESP32S3LCD2\lib020\lvgl\widgets\lv_img.c.o
In file included from .pio/libdeps/WaveshareESP32S3LCD2/lvgl/src/widgets/../lv_conf_kconfig.h:15,
                 from .pio/libdeps/WaveshareESP32S3LCD2/lvgl/src/widgets/../lv_conf_internal.h:15,
                 from .pio/libdeps/WaveshareESP32S3LCD2/lvgl/src/widgets/lv_arc.h:16,
                 from .pio/libdeps/WaveshareESP32S3LCD2/lvgl/src/widgets/lv_arc.c:9:
C:/Users/Louis/.platformio/packages/framework-arduinoespressif32-libs/esp32s3/qio_opi/include/sdkconfig.h:1094:9: warning: "CONFIG_ESP_TASK_WDT_EN" redefined
 1094 | #define CONFIG_ESP_TASK_WDT_EN 1
      |         ^~~~~~~~~~~~~~~~~~~~~~
<command-line>: note: this is the location of the previous definition
C:/Users/Louis/.platformio/packages/framework-arduinoespressif32-libs/esp32s3/qio_opi/include/sdkconfig.h:1095:9: warning: "CONFIG_ESP_TASK_WDT_INIT" redefined
 1095 | #define CONFIG_ESP_TASK_WDT_INIT 1
      |         ^~~~~~~~~~~~~~~~~~~~~~~~
<command-line>: note: this is the location of the previous definition
C:/Users/Louis/.platformio/packages/framework-arduinoespressif32-libs/esp32s3/qio_opi/include/sdkconfig.h:1098:9: warning: "CONFIG_ESP_TASK_WDT_CHECK_IDLE_TASK_CPU0" redefined
 1098 | #define CONFIG_ESP_TASK_WDT_CHECK_IDLE_TASK_CPU0 1
      |         ^~~~~~~~~~~~~~~~~~~~~~~~~~~~~~~~~~~~~~~~
<command-line>: note: this is the location of the previous definition
C:/Users/Louis/.platformio/packages/framework-arduinoespressif32-libs/esp32s3/qio_opi/include/sdkconfig.h:1155:9: warning: "CONFIG_ESP_COREDUMP_ENABLE" redefined
 1155 | #define CONFIG_ESP_COREDUMP_ENABLE 1
      |         ^~~~~~~~~~~~~~~~~~~~~~~~~~
<command-line>: note: this is the location of the previous definition
C:/Users/Louis/.platformio/packages/framework-arduinoespressif32-libs/esp32s3/qio_opi/include/sdkconfig.h:1879:9: warning: "CONFIG_ESP32S3_SPIRAM_SUPPORT" redefined
 1879 | #define CONFIG_ESP32S3_SPIRAM_SUPPORT CONFIG_SPIRAM
      |         ^~~~~~~~~~~~~~~~~~~~~~~~~~~~~
<command-line>: note: this is the location of the previous definition
In file included from .pio/libdeps/WaveshareESP32S3LCD2/lvgl/src/widgets/../lv_conf_kconfig.h:15,
                 from .pio/libdeps/WaveshareESP32S3LCD2/lvgl/src/widgets/../lv_conf_internal.h:15,
Compiling .pio\build\WaveshareESP32S3LCD2\lib020\lvgl\widgets\lv_label.c.o
                 from .pio/libdeps/WaveshareESP32S3LCD2/lvgl/src/widgets/lv_bar.h:16,
                 from .pio/libdeps/WaveshareESP32S3LCD2/lvgl/src/widgets/lv_bar.c:9:
C:/Users/Louis/.platformio/packages/framework-arduinoespressif32-libs/esp32s3/qio_opi/include/sdkconfig.h:1094:9: warning: "CONFIG_ESP_TASK_WDT_EN" redefined
 1094 | #define CONFIG_ESP_TASK_WDT_EN 1
      |         ^~~~~~~~~~~~~~~~~~~~~~
<command-line>: note: this is the location of the previous definition
C:/Users/Louis/.platformio/packages/framework-arduinoespressif32-libs/esp32s3/qio_opi/include/sdkconfig.h:1095:9: warning: "CONFIG_ESP_TASK_WDT_INIT" redefined
 1095 | #define CONFIG_ESP_TASK_WDT_INIT 1
      |         ^~~~~~~~~~~~~~~~~~~~~~~~
<command-line>: note: this is the location of the previous definition
C:/Users/Louis/.platformio/packages/framework-arduinoespressif32-libs/esp32s3/qio_opi/include/sdkconfig.h:1098:9: warning: "CONFIG_ESP_TASK_WDT_CHECK_IDLE_TASK_CPU0" redefined
 1098 | #define CONFIG_ESP_TASK_WDT_CHECK_IDLE_TASK_CPU0 1
      |         ^~~~~~~~~~~~~~~~~~~~~~~~~~~~~~~~~~~~~~~~
<command-line>: note: this is the location of the previous definition
C:/Users/Louis/.platformio/packages/framework-arduinoespressif32-libs/esp32s3/qio_opi/include/sdkconfig.h:1155:9: warning: "CONFIG_ESP_COREDUMP_ENABLE" redefined
 1155 | #define CONFIG_ESP_COREDUMP_ENABLE 1
      |         ^~~~~~~~~~~~~~~~~~~~~~~~~~
<command-line>: note: this is the location of the previous definition
C:/Users/Louis/.platformio/packages/framework-arduinoespressif32-libs/esp32s3/qio_opi/include/sdkconfig.h:1879:9: warning: "CONFIG_ESP32S3_SPIRAM_SUPPORT" redefined
 1879 | #define CONFIG_ESP32S3_SPIRAM_SUPPORT CONFIG_SPIRAM
      |         ^~~~~~~~~~~~~~~~~~~~~~~~~~~~~
<command-line>: note: this is the location of the previous definition
In file included from .pio/libdeps/WaveshareESP32S3LCD2/lvgl/src/widgets/../lv_conf_kconfig.h:15,
                 from .pio/libdeps/WaveshareESP32S3LCD2/lvgl/src/widgets/../lv_conf_internal.h:15,
                 from .pio/libdeps/WaveshareESP32S3LCD2/lvgl/src/widgets/lv_btn.h:16,
                 from .pio/libdeps/WaveshareESP32S3LCD2/lvgl/src/widgets/lv_btn.c:10:
C:/Users/Louis/.platformio/packages/framework-arduinoespressif32-libs/esp32s3/qio_opi/include/sdkconfig.h:1094:9: warning: "CONFIG_ESP_TASK_WDT_EN" redefined
 1094 | #define CONFIG_ESP_TASK_WDT_EN 1
      |         ^~~~~~~~~~~~~~~~~~~~~~
<command-line>: note: this is the location of the previous definition
C:/Users/Louis/.platformio/packages/framework-arduinoespressif32-libs/esp32s3/qio_opi/include/sdkconfig.h:1095:9: warning: "CONFIG_ESP_TASK_WDT_INIT" redefined
 1095 | #define CONFIG_ESP_TASK_WDT_INIT 1
      |         ^~~~~~~~~~~~~~~~~~~~~~~~
<command-line>: note: this is the location of the previous definition
C:/Users/Louis/.platformio/packages/framework-arduinoespressif32-libs/esp32s3/qio_opi/include/sdkconfig.h:1098:9: warning: "CONFIG_ESP_TASK_WDT_CHECK_IDLE_TASK_CPU0" redefined
 1098 | #define CONFIG_ESP_TASK_WDT_CHECK_IDLE_TASK_CPU0 1
      |         ^~~~~~~~~~~~~~~~~~~~~~~~~~~~~~~~~~~~~~~~
<command-line>: note: this is the location of the previous definition
C:/Users/Louis/.platformio/packages/framework-arduinoespressif32-libs/esp32s3/qio_opi/include/sdkconfig.h:1155:9: warning: "CONFIG_ESP_COREDUMP_ENABLE" redefined
 1155 | #define CONFIG_ESP_COREDUMP_ENABLE 1
      |         ^~~~~~~~~~~~~~~~~~~~~~~~~~
<command-line>: note: this is the location of the previous definition
C:/Users/Louis/.platformio/packages/framework-arduinoespressif32-libs/esp32s3/qio_opi/include/sdkconfig.h:1879:9: warning: "CONFIG_ESP32S3_SPIRAM_SUPPORT" redefined
 1879 | #define CONFIG_ESP32S3_SPIRAM_SUPPORT CONFIG_SPIRAM
      |         ^~~~~~~~~~~~~~~~~~~~~~~~~~~~~
<command-line>: note: this is the location of the previous definition
In file included from .pio/libdeps/WaveshareESP32S3LCD2/lvgl/src/widgets/../lv_conf_kconfig.h:15,
                 from .pio/libdeps/WaveshareESP32S3LCD2/lvgl/src/widgets/../lv_conf_internal.h:15,
                 from .pio/libdeps/WaveshareESP32S3LCD2/lvgl/src/widgets/lv_btnmatrix.h:16,
                 from .pio/libdeps/WaveshareESP32S3LCD2/lvgl/src/widgets/lv_btnmatrix.c:9:
C:/Users/Louis/.platformio/packages/framework-arduinoespressif32-libs/esp32s3/qio_opi/include/sdkconfig.h:1094:9: warning: "CONFIG_ESP_TASK_WDT_EN" redefined
 1094 | #define CONFIG_ESP_TASK_WDT_EN 1
      |         ^~~~~~~~~~~~~~~~~~~~~~
<command-line>: note: this is the location of the previous definition
C:/Users/Louis/.platformio/packages/framework-arduinoespressif32-libs/esp32s3/qio_opi/include/sdkconfig.h:1095:9: warning: "CONFIG_ESP_TASK_WDT_INIT" redefined
 1095 | #define CONFIG_ESP_TASK_WDT_INIT 1
      |         ^~~~~~~~~~~~~~~~~~~~~~~~
<command-line>: note: this is the location of the previous definition
C:/Users/Louis/.platformio/packages/framework-arduinoespressif32-libs/esp32s3/qio_opi/include/sdkconfig.h:1098:9: warning: "CONFIG_ESP_TASK_WDT_CHECK_IDLE_TASK_CPU0" redefined
 1098 | #define CONFIG_ESP_TASK_WDT_CHECK_IDLE_TASK_CPU0 1
      |         ^~~~~~~~~~~~~~~~~~~~~~~~~~~~~~~~~~~~~~~~
<command-line>: note: this is the location of the previous definition
C:/Users/Louis/.platformio/packages/framework-arduinoespressif32-libs/esp32s3/qio_opi/include/sdkconfig.h:1155:9: warning: "CONFIG_ESP_COREDUMP_ENABLE" redefined
 1155 | #define CONFIG_ESP_COREDUMP_ENABLE 1
      |         ^~~~~~~~~~~~~~~~~~~~~~~~~~
<command-line>: note: this is the location of the previous definition
C:/Users/Louis/.platformio/packages/framework-arduinoespressif32-libs/esp32s3/qio_opi/include/sdkconfig.h:1879:9: warning: "CONFIG_ESP32S3_SPIRAM_SUPPORT" redefined
 1879 | #define CONFIG_ESP32S3_SPIRAM_SUPPORT CONFIG_SPIRAM
      |         ^~~~~~~~~~~~~~~~~~~~~~~~~~~~~
<command-line>: note: this is the location of the previous definition
In file included from .pio/libdeps/WaveshareESP32S3LCD2/lvgl/src/widgets/../lv_conf_kconfig.h:15,
                 from .pio/libdeps/WaveshareESP32S3LCD2/lvgl/src/widgets/../lv_conf_internal.h:15,
                 from .pio/libdeps/WaveshareESP32S3LCD2/lvgl/src/widgets/lv_canvas.h:16,
                 from .pio/libdeps/WaveshareESP32S3LCD2/lvgl/src/widgets/lv_canvas.c:9:
C:/Users/Louis/.platformio/packages/framework-arduinoespressif32-libs/esp32s3/qio_opi/include/sdkconfig.h:1094:9: warning: "CONFIG_ESP_TASK_WDT_EN" redefined
 1094 | #define CONFIG_ESP_TASK_WDT_EN 1
      |         ^~~~~~~~~~~~~~~~~~~~~~
<command-line>: note: this is the location of the previous definition
C:/Users/Louis/.platformio/packages/framework-arduinoespressif32-libs/esp32s3/qio_opi/include/sdkconfig.h:1095:9: warning: "CONFIG_ESP_TASK_WDT_INIT" redefined
 1095 | #define CONFIG_ESP_TASK_WDT_INIT 1
      |         ^~~~~~~~~~~~~~~~~~~~~~~~
<command-line>: note: this is the location of the previous definition
C:/Users/Louis/.platformio/packages/framework-arduinoespressif32-libs/esp32s3/qio_opi/include/sdkconfig.h:1098:9: warning: "CONFIG_ESP_TASK_WDT_CHECK_IDLE_TASK_CPU0" redefined
 1098 | #define CONFIG_ESP_TASK_WDT_CHECK_IDLE_TASK_CPU0 1
      |         ^~~~~~~~~~~~~~~~~~~~~~~~~~~~~~~~~~~~~~~~
<command-line>: note: this is the location of the previous definition
C:/Users/Louis/.platformio/packages/framework-arduinoespressif32-libs/esp32s3/qio_opi/include/sdkconfig.h:1155:9: warning: "CONFIG_ESP_COREDUMP_ENABLE" redefined
 1155 | #define CONFIG_ESP_COREDUMP_ENABLE 1
      |         ^~~~~~~~~~~~~~~~~~~~~~~~~~
<command-line>: note: this is the location of the previous definition
C:/Users/Louis/.platformio/packages/framework-arduinoespressif32-libs/esp32s3/qio_opi/include/sdkconfig.h:1879:9: warning: "CONFIG_ESP32S3_SPIRAM_SUPPORT" redefined
 1879 | #define CONFIG_ESP32S3_SPIRAM_SUPPORT CONFIG_SPIRAM
      |         ^~~~~~~~~~~~~~~~~~~~~~~~~~~~~
<command-line>: note: this is the location of the previous definition
Compiling .pio\build\WaveshareESP32S3LCD2\lib020\lvgl\widgets\lv_line.c.o
Compiling .pio\build\WaveshareESP32S3LCD2\lib020\lvgl\widgets\lv_objx_templ.c.o
Compiling .pio\build\WaveshareESP32S3LCD2\lib020\lvgl\widgets\lv_roller.c.o
Compiling .pio\build\WaveshareESP32S3LCD2\lib020\lvgl\widgets\lv_slider.c.o
In file included from .pio/libdeps/WaveshareESP32S3LCD2/lvgl/src/widgets/../lv_conf_kconfig.h:15,
                 from .pio/libdeps/WaveshareESP32S3LCD2/lvgl/src/widgets/../lv_conf_internal.h:15,
                 from .pio/libdeps/WaveshareESP32S3LCD2/lvgl/src/widgets/lv_checkbox.h:16,
                 from .pio/libdeps/WaveshareESP32S3LCD2/lvgl/src/widgets/lv_checkbox.c:9:
C:/Users/Louis/.platformio/packages/framework-arduinoespressif32-libs/esp32s3/qio_opi/include/sdkconfig.h:1094:9: warning: "CONFIG_ESP_TASK_WDT_EN" redefined
 1094 | #define CONFIG_ESP_TASK_WDT_EN 1
      |         ^~~~~~~~~~~~~~~~~~~~~~
<command-line>: note: this is the location of the previous definition
C:/Users/Louis/.platformio/packages/framework-arduinoespressif32-libs/esp32s3/qio_opi/include/sdkconfig.h:1095:9: warning: "CONFIG_ESP_TASK_WDT_INIT" redefined
 1095 | #define CONFIG_ESP_TASK_WDT_INIT 1
      |         ^~~~~~~~~~~~~~~~~~~~~~~~
<command-line>: note: this is the location of the previous definition
C:/Users/Louis/.platformio/packages/framework-arduinoespressif32-libs/esp32s3/qio_opi/include/sdkconfig.h:1098:9: warning: "CONFIG_ESP_TASK_WDT_CHECK_IDLE_TASK_CPU0" redefined
 1098 | #define CONFIG_ESP_TASK_WDT_CHECK_IDLE_TASK_CPU0 1
      |         ^~~~~~~~~~~~~~~~~~~~~~~~~~~~~~~~~~~~~~~~
<command-line>: note: this is the location of the previous definition
C:/Users/Louis/.platformio/packages/framework-arduinoespressif32-libs/esp32s3/qio_opi/include/sdkconfig.h:1155:9: warning: "CONFIG_ESP_COREDUMP_ENABLE" redefined
 1155 | #define CONFIG_ESP_COREDUMP_ENABLE 1
      |         ^~~~~~~~~~~~~~~~~~~~~~~~~~
<command-line>: note: this is the location of the previous definition
C:/Users/Louis/.platformio/packages/framework-arduinoespressif32-libs/esp32s3/qio_opi/include/sdkconfig.h:1879:9: warning: "CONFIG_ESP32S3_SPIRAM_SUPPORT" redefined
 1879 | #define CONFIG_ESP32S3_SPIRAM_SUPPORT CONFIG_SPIRAM
      |         ^~~~~~~~~~~~~~~~~~~~~~~~~~~~~
<command-line>: note: this is the location of the previous definition
Compiling .pio\build\WaveshareESP32S3LCD2\lib020\lvgl\widgets\lv_switch.c.o
In file included from .pio/libdeps/WaveshareESP32S3LCD2/lvgl/src/widgets/../core/../lv_conf_kconfig.h:15,
                 from .pio/libdeps/WaveshareESP32S3LCD2/lvgl/src/widgets/../core/../lv_conf_internal.h:15,
                 from .pio/libdeps/WaveshareESP32S3LCD2/lvgl/src/widgets/../core/lv_obj.h:16,
                 from .pio/libdeps/WaveshareESP32S3LCD2/lvgl/src/widgets/lv_dropdown.c:9:
C:/Users/Louis/.platformio/packages/framework-arduinoespressif32-libs/esp32s3/qio_opi/include/sdkconfig.h:1094:9: warning: "CONFIG_ESP_TASK_WDT_EN" redefined
 1094 | #define CONFIG_ESP_TASK_WDT_EN 1
      |         ^~~~~~~~~~~~~~~~~~~~~~
<command-line>: note: this is the location of the previous definition
C:/Users/Louis/.platformio/packages/framework-arduinoespressif32-libs/esp32s3/qio_opi/include/sdkconfig.h:1095:9: warning: "CONFIG_ESP_TASK_WDT_INIT" redefined
 1095 | #define CONFIG_ESP_TASK_WDT_INIT 1
      |         ^~~~~~~~~~~~~~~~~~~~~~~~
<command-line>: note: this is the location of the previous definition
C:/Users/Louis/.platformio/packages/framework-arduinoespressif32-libs/esp32s3/qio_opi/include/sdkconfig.h:1098:9: warning: "CONFIG_ESP_TASK_WDT_CHECK_IDLE_TASK_CPU0" redefined
 1098 | #define CONFIG_ESP_TASK_WDT_CHECK_IDLE_TASK_CPU0 1
      |         ^~~~~~~~~~~~~~~~~~~~~~~~~~~~~~~~~~~~~~~~
<command-line>: note: this is the location of the previous definition
C:/Users/Louis/.platformio/packages/framework-arduinoespressif32-libs/esp32s3/qio_opi/include/sdkconfig.h:1155:9: warning: "CONFIG_ESP_COREDUMP_ENABLE" redefined
 1155 | #define CONFIG_ESP_COREDUMP_ENABLE 1
      |         ^~~~~~~~~~~~~~~~~~~~~~~~~~
<command-line>: note: this is the location of the previous definition
C:/Users/Louis/.platformio/packages/framework-arduinoespressif32-libs/esp32s3/qio_opi/include/sdkconfig.h:1879:9: warning: "CONFIG_ESP32S3_SPIRAM_SUPPORT" redefined
 1879 | #define CONFIG_ESP32S3_SPIRAM_SUPPORT CONFIG_SPIRAM
      |         ^~~~~~~~~~~~~~~~~~~~~~~~~~~~~
<command-line>: note: this is the location of the previous definition
Compiling .pio\build\WaveshareESP32S3LCD2\lib020\lvgl\widgets\lv_table.c.o
In file included from .pio/libdeps/WaveshareESP32S3LCD2/lvgl/src/widgets/../lv_conf_kconfig.h:15,
                 from .pio/libdeps/WaveshareESP32S3LCD2/lvgl/src/widgets/../lv_conf_internal.h:15,
                 from .pio/libdeps/WaveshareESP32S3LCD2/lvgl/src/widgets/lv_img.h:16,
                 from .pio/libdeps/WaveshareESP32S3LCD2/lvgl/src/widgets/lv_img.c:9:
C:/Users/Louis/.platformio/packages/framework-arduinoespressif32-libs/esp32s3/qio_opi/include/sdkconfig.h:1094:9: warning: "CONFIG_ESP_TASK_WDT_EN" redefined
 1094 | #define CONFIG_ESP_TASK_WDT_EN 1
      |         ^~~~~~~~~~~~~~~~~~~~~~
<command-line>: note: this is the location of the previous definition
C:/Users/Louis/.platformio/packages/framework-arduinoespressif32-libs/esp32s3/qio_opi/include/sdkconfig.h:1095:9: warning: "CONFIG_ESP_TASK_WDT_INIT" redefined
 1095 | #define CONFIG_ESP_TASK_WDT_INIT 1
      |         ^~~~~~~~~~~~~~~~~~~~~~~~
<command-line>: note: this is the location of the previous definition
C:/Users/Louis/.platformio/packages/framework-arduinoespressif32-libs/esp32s3/qio_opi/include/sdkconfig.h:1098:9: warning: "CONFIG_ESP_TASK_WDT_CHECK_IDLE_TASK_CPU0" redefined
 1098 | #define CONFIG_ESP_TASK_WDT_CHECK_IDLE_TASK_CPU0 1
      |         ^~~~~~~~~~~~~~~~~~~~~~~~~~~~~~~~~~~~~~~~
<command-line>: note: this is the location of the previous definition
C:/Users/Louis/.platformio/packages/framework-arduinoespressif32-libs/esp32s3/qio_opi/include/sdkconfig.h:1155:9: warning: "CONFIG_ESP_COREDUMP_ENABLE" redefined
 1155 | #define CONFIG_ESP_COREDUMP_ENABLE 1
      |         ^~~~~~~~~~~~~~~~~~~~~~~~~~
<command-line>: note: this is the location of the previous definition
C:/Users/Louis/.platformio/packages/framework-arduinoespressif32-libs/esp32s3/qio_opi/include/sdkconfig.h:1879:9: warning: "CONFIG_ESP32S3_SPIRAM_SUPPORT" redefined
 1879 | #define CONFIG_ESP32S3_SPIRAM_SUPPORT CONFIG_SPIRAM
      |         ^~~~~~~~~~~~~~~~~~~~~~~~~~~~~
<command-line>: note: this is the location of the previous definition
In file included from .pio/libdeps/WaveshareESP32S3LCD2/lvgl/src/widgets/../lv_conf_kconfig.h:15,
                 from .pio/libdeps/WaveshareESP32S3LCD2/lvgl/src/widgets/../lv_conf_internal.h:15,
                 from .pio/libdeps/WaveshareESP32S3LCD2/lvgl/src/widgets/lv_label.h:16,
                 from .pio/libdeps/WaveshareESP32S3LCD2/lvgl/src/widgets/lv_label.c:9:
C:/Users/Louis/.platformio/packages/framework-arduinoespressif32-libs/esp32s3/qio_opi/include/sdkconfig.h:1094:9: warning: "CONFIG_ESP_TASK_WDT_EN" redefined
 1094 | #define CONFIG_ESP_TASK_WDT_EN 1
      |         ^~~~~~~~~~~~~~~~~~~~~~
<command-line>: note: this is the location of the previous definition
C:/Users/Louis/.platformio/packages/framework-arduinoespressif32-libs/esp32s3/qio_opi/include/sdkconfig.h:1095:9: warning: "CONFIG_ESP_TASK_WDT_INIT" redefined
 1095 | #define CONFIG_ESP_TASK_WDT_INIT 1
      |         ^~~~~~~~~~~~~~~~~~~~~~~~
<command-line>: note: this is the location of the previous definition
C:/Users/Louis/.platformio/packages/framework-arduinoespressif32-libs/esp32s3/qio_opi/include/sdkconfig.h:1098:9: warning: "CONFIG_ESP_TASK_WDT_CHECK_IDLE_TASK_CPU0" redefined
 1098 | #define CONFIG_ESP_TASK_WDT_CHECK_IDLE_TASK_CPU0 1
      |         ^~~~~~~~~~~~~~~~~~~~~~~~~~~~~~~~~~~~~~~~
<command-line>: note: this is the location of the previous definition
C:/Users/Louis/.platformio/packages/framework-arduinoespressif32-libs/esp32s3/qio_opi/include/sdkconfig.h:1155:9: warning: "CONFIG_ESP_COREDUMP_ENABLE" redefined
 1155 | #define CONFIG_ESP_COREDUMP_ENABLE 1
      |         ^~~~~~~~~~~~~~~~~~~~~~~~~~
<command-line>: note: this is the location of the previous definition
C:/Users/Louis/.platformio/packages/framework-arduinoespressif32-libs/esp32s3/qio_opi/include/sdkconfig.h:1879:9: warning: "CONFIG_ESP32S3_SPIRAM_SUPPORT" redefined
 1879 | #define CONFIG_ESP32S3_SPIRAM_SUPPORT CONFIG_SPIRAM
      |         ^~~~~~~~~~~~~~~~~~~~~~~~~~~~~
<command-line>: note: this is the location of the previous definition
In file included from .pio/libdeps/WaveshareESP32S3LCD2/lvgl/src/widgets/../lv_conf_kconfig.h:15,
                 from .pio/libdeps/WaveshareESP32S3LCD2/lvgl/src/widgets/../lv_conf_internal.h:15,
                 from .pio/libdeps/WaveshareESP32S3LCD2/lvgl/src/widgets/lv_line.h:16,
                 from .pio/libdeps/WaveshareESP32S3LCD2/lvgl/src/widgets/lv_line.c:9:
C:/Users/Louis/.platformio/packages/framework-arduinoespressif32-libs/esp32s3/qio_opi/include/sdkconfig.h:1094:9: warning: "CONFIG_ESP_TASK_WDT_EN" redefined
 1094 | #define CONFIG_ESP_TASK_WDT_EN 1
      |         ^~~~~~~~~~~~~~~~~~~~~~
<command-line>: note: this is the location of the previous definition
C:/Users/Louis/.platformio/packages/framework-arduinoespressif32-libs/esp32s3/qio_opi/include/sdkconfig.h:1095:9: warning: "CONFIG_ESP_TASK_WDT_INIT" redefined
 1095 | #define CONFIG_ESP_TASK_WDT_INIT 1
      |         ^~~~~~~~~~~~~~~~~~~~~~~~
<command-line>: note: this is the location of the previous definition
C:/Users/Louis/.platformio/packages/framework-arduinoespressif32-libs/esp32s3/qio_opi/include/sdkconfig.h:1098:9: warning: "CONFIG_ESP_TASK_WDT_CHECK_IDLE_TASK_CPU0" redefined
 1098 | #define CONFIG_ESP_TASK_WDT_CHECK_IDLE_TASK_CPU0 1
      |         ^~~~~~~~~~~~~~~~~~~~~~~~~~~~~~~~~~~~~~~~
<command-line>: note: this is the location of the previous definition
C:/Users/Louis/.platformio/packages/framework-arduinoespressif32-libs/esp32s3/qio_opi/include/sdkconfig.h:1155:9: warning: "CONFIG_ESP_COREDUMP_ENABLE" redefined
 1155 | #define CONFIG_ESP_COREDUMP_ENABLE 1
      |         ^~~~~~~~~~~~~~~~~~~~~~~~~~
<command-line>: note: this is the location of the previous definition
C:/Users/Louis/.platformio/packages/framework-arduinoespressif32-libs/esp32s3/qio_opi/include/sdkconfig.h:1879:9: warning: "CONFIG_ESP32S3_SPIRAM_SUPPORT" redefined
 1879 | #define CONFIG_ESP32S3_SPIRAM_SUPPORT CONFIG_SPIRAM
      |         ^~~~~~~~~~~~~~~~~~~~~~~~~~~~~
<command-line>: note: this is the location of the previous definition
In file included from .pio/libdeps/WaveshareESP32S3LCD2/lvgl/src/widgets/../lv_conf_kconfig.h:15,
                 from .pio/libdeps/WaveshareESP32S3LCD2/lvgl/src/widgets/../lv_conf_internal.h:15,
                 from .pio/libdeps/WaveshareESP32S3LCD2/lvgl/src/widgets/lv_roller.h:16,
                 from .pio/libdeps/WaveshareESP32S3LCD2/lvgl/src/widgets/lv_roller.c:9:
C:/Users/Louis/.platformio/packages/framework-arduinoespressif32-libs/esp32s3/qio_opi/include/sdkconfig.h:1094:9: warning: "CONFIG_ESP_TASK_WDT_EN" redefined
 1094 | #define CONFIG_ESP_TASK_WDT_EN 1
      |         ^~~~~~~~~~~~~~~~~~~~~~
<command-line>: note: this is the location of the previous definition
C:/Users/Louis/.platformio/packages/framework-arduinoespressif32-libs/esp32s3/qio_opi/include/sdkconfig.h:1095:9: warning: "CONFIG_ESP_TASK_WDT_INIT" redefined
 1095 | #define CONFIG_ESP_TASK_WDT_INIT 1
      |         ^~~~~~~~~~~~~~~~~~~~~~~~
<command-line>: note: this is the location of the previous definition
C:/Users/Louis/.platformio/packages/framework-arduinoespressif32-libs/esp32s3/qio_opi/include/sdkconfig.h:1098:9: warning: "CONFIG_ESP_TASK_WDT_CHECK_IDLE_TASK_CPU0" redefined
 1098 | #define CONFIG_ESP_TASK_WDT_CHECK_IDLE_TASK_CPU0 1
      |         ^~~~~~~~~~~~~~~~~~~~~~~~~~~~~~~~~~~~~~~~
<command-line>: note: this is the location of the previous definition
C:/Users/Louis/.platformio/packages/framework-arduinoespressif32-libs/esp32s3/qio_opi/include/sdkconfig.h:1155:9: warning: "CONFIG_ESP_COREDUMP_ENABLE" redefined
 1155 | #define CONFIG_ESP_COREDUMP_ENABLE 1
      |         ^~~~~~~~~~~~~~~~~~~~~~~~~~
<command-line>: note: this is the location of the previous definition
C:/Users/Louis/.platformio/packages/framework-arduinoespressif32-libs/esp32s3/qio_opi/include/sdkconfig.h:1879:9: warning: "CONFIG_ESP32S3_SPIRAM_SUPPORT" redefined
 1879 | #define CONFIG_ESP32S3_SPIRAM_SUPPORT CONFIG_SPIRAM
      |         ^~~~~~~~~~~~~~~~~~~~~~~~~~~~~
<command-line>: note: this is the location of the previous definition
In file included from .pio/libdeps/WaveshareESP32S3LCD2/lvgl/src/widgets/../lv_conf_kconfig.h:15,
                 from .pio/libdeps/WaveshareESP32S3LCD2/lvgl/src/widgets/../lv_conf_internal.h:15,
                 from .pio/libdeps/WaveshareESP32S3LCD2/lvgl/src/widgets/lv_slider.h:16,
                 from .pio/libdeps/WaveshareESP32S3LCD2/lvgl/src/widgets/lv_slider.c:9:
C:/Users/Louis/.platformio/packages/framework-arduinoespressif32-libs/esp32s3/qio_opi/include/sdkconfig.h:1094:9: warning: "CONFIG_ESP_TASK_WDT_EN" redefined
 1094 | #define CONFIG_ESP_TASK_WDT_EN 1
      |         ^~~~~~~~~~~~~~~~~~~~~~
<command-line>: note: this is the location of the previous definition
C:/Users/Louis/.platformio/packages/framework-arduinoespressif32-libs/esp32s3/qio_opi/include/sdkconfig.h:1095:9: warning: "CONFIG_ESP_TASK_WDT_INIT" redefined
 1095 | #define CONFIG_ESP_TASK_WDT_INIT 1
      |         ^~~~~~~~~~~~~~~~~~~~~~~~
<command-line>: note: this is the location of the previous definition
C:/Users/Louis/.platformio/packages/framework-arduinoespressif32-libs/esp32s3/qio_opi/include/sdkconfig.h:1098:9: warning: "CONFIG_ESP_TASK_WDT_CHECK_IDLE_TASK_CPU0" redefined
 1098 | #define CONFIG_ESP_TASK_WDT_CHECK_IDLE_TASK_CPU0 1
      |         ^~~~~~~~~~~~~~~~~~~~~~~~~~~~~~~~~~~~~~~~
<command-line>: note: this is the location of the previous definition
C:/Users/Louis/.platformio/packages/framework-arduinoespressif32-libs/esp32s3/qio_opi/include/sdkconfig.h:1155:9: warning: "CONFIG_ESP_COREDUMP_ENABLE" redefined
 1155 | #define CONFIG_ESP_COREDUMP_ENABLE 1
      |         ^~~~~~~~~~~~~~~~~~~~~~~~~~
<command-line>: note: this is the location of the previous definition
C:/Users/Louis/.platformio/packages/framework-arduinoespressif32-libs/esp32s3/qio_opi/include/sdkconfig.h:1879:9: warning: "CONFIG_ESP32S3_SPIRAM_SUPPORT" redefined
 1879 | #define CONFIG_ESP32S3_SPIRAM_SUPPORT CONFIG_SPIRAM
      |         ^~~~~~~~~~~~~~~~~~~~~~~~~~~~~
<command-line>: note: this is the location of the previous definition
Compiling .pio\build\WaveshareESP32S3LCD2\lib020\lvgl\widgets\lv_textarea.c.o
In file included from .pio/libdeps/WaveshareESP32S3LCD2/lvgl/src/widgets/../lv_conf_kconfig.h:15,
                 from .pio/libdeps/WaveshareESP32S3LCD2/lvgl/src/widgets/../lv_conf_internal.h:15,
                 from .pio/libdeps/WaveshareESP32S3LCD2/lvgl/src/widgets/lv_switch.h:16,
                 from .pio/libdeps/WaveshareESP32S3LCD2/lvgl/src/widgets/lv_switch.c:9:
C:/Users/Louis/.platformio/packages/framework-arduinoespressif32-libs/esp32s3/qio_opi/include/sdkconfig.h:1094:9: warning: "CONFIG_ESP_TASK_WDT_EN" redefined
 1094 | #define CONFIG_ESP_TASK_WDT_EN 1
      |         ^~~~~~~~~~~~~~~~~~~~~~
<command-line>: note: this is the location of the previous definition
C:/Users/Louis/.platformio/packages/framework-arduinoespressif32-libs/esp32s3/qio_opi/include/sdkconfig.h:1095:9: warning: "CONFIG_ESP_TASK_WDT_INIT" redefined
 1095 | #define CONFIG_ESP_TASK_WDT_INIT 1
      |         ^~~~~~~~~~~~~~~~~~~~~~~~
<command-line>: note: this is the location of the previous definition
C:/Users/Louis/.platformio/packages/framework-arduinoespressif32-libs/esp32s3/qio_opi/include/sdkconfig.h:1098:9: warning: "CONFIG_ESP_TASK_WDT_CHECK_IDLE_TASK_CPU0" redefined
 1098 | #define CONFIG_ESP_TASK_WDT_CHECK_IDLE_TASK_CPU0 1
      |         ^~~~~~~~~~~~~~~~~~~~~~~~~~~~~~~~~~~~~~~~
<command-line>: note: this is the location of the previous definition
C:/Users/Louis/.platformio/packages/framework-arduinoespressif32-libs/esp32s3/qio_opi/include/sdkconfig.h:1155:9: warning: "CONFIG_ESP_COREDUMP_ENABLE" redefined
 1155 | #define CONFIG_ESP_COREDUMP_ENABLE 1
      |         ^~~~~~~~~~~~~~~~~~~~~~~~~~
<command-line>: note: this is the location of the previous definition
C:/Users/Louis/.platformio/packages/framework-arduinoespressif32-libs/esp32s3/qio_opi/include/sdkconfig.h:1879:9: warning: "CONFIG_ESP32S3_SPIRAM_SUPPORT" redefined
 1879 | #define CONFIG_ESP32S3_SPIRAM_SUPPORT CONFIG_SPIRAM
      |         ^~~~~~~~~~~~~~~~~~~~~~~~~~~~~
<command-line>: note: this is the location of the previous definition
Compiling .pio\build\WaveshareESP32S3LCD2\libd0b\SPIFFS\SPIFFS.cpp.o
In file included from .pio/libdeps/WaveshareESP32S3LCD2/lvgl/src/widgets/../lv_conf_kconfig.h:15,
                 from .pio/libdeps/WaveshareESP32S3LCD2/lvgl/src/widgets/../lv_conf_internal.h:15,
                 from .pio/libdeps/WaveshareESP32S3LCD2/lvgl/src/widgets/lv_table.h:16,
                 from .pio/libdeps/WaveshareESP32S3LCD2/lvgl/src/widgets/lv_table.c:9:
C:/Users/Louis/.platformio/packages/framework-arduinoespressif32-libs/esp32s3/qio_opi/include/sdkconfig.h:1094:9: warning: "CONFIG_ESP_TASK_WDT_EN" redefined
 1094 | #define CONFIG_ESP_TASK_WDT_EN 1
      |         ^~~~~~~~~~~~~~~~~~~~~~
<command-line>: note: this is the location of the previous definition
C:/Users/Louis/.platformio/packages/framework-arduinoespressif32-libs/esp32s3/qio_opi/include/sdkconfig.h:1095:9: warning: "CONFIG_ESP_TASK_WDT_INIT" redefined
 1095 | #define CONFIG_ESP_TASK_WDT_INIT 1
      |         ^~~~~~~~~~~~~~~~~~~~~~~~
<command-line>: note: this is the location of the previous definition
C:/Users/Louis/.platformio/packages/framework-arduinoespressif32-libs/esp32s3/qio_opi/include/sdkconfig.h:1098:9: warning: "CONFIG_ESP_TASK_WDT_CHECK_IDLE_TASK_CPU0" redefined
 1098 | #define CONFIG_ESP_TASK_WDT_CHECK_IDLE_TASK_CPU0 1
      |         ^~~~~~~~~~~~~~~~~~~~~~~~~~~~~~~~~~~~~~~~
<command-line>: note: this is the location of the previous definition
C:/Users/Louis/.platformio/packages/framework-arduinoespressif32-libs/esp32s3/qio_opi/include/sdkconfig.h:1155:9: warning: "CONFIG_ESP_COREDUMP_ENABLE" redefined
 1155 | #define CONFIG_ESP_COREDUMP_ENABLE 1
      |         ^~~~~~~~~~~~~~~~~~~~~~~~~~
<command-line>: note: this is the location of the previous definition
C:/Users/Louis/.platformio/packages/framework-arduinoespressif32-libs/esp32s3/qio_opi/include/sdkconfig.h:1879:9: warning: "CONFIG_ESP32S3_SPIRAM_SUPPORT" redefined
 1879 | #define CONFIG_ESP32S3_SPIRAM_SUPPORT CONFIG_SPIRAM
      |         ^~~~~~~~~~~~~~~~~~~~~~~~~~~~~
<command-line>: note: this is the location of the previous definition
Compiling .pio\build\WaveshareESP32S3LCD2\lib34f\TFT_eSPI\TFT_eSPI.cpp.o
Compiling .pio\build\WaveshareESP32S3LCD2\lib265\Ethernet\ETH.cpp.o
In file included from .pio/libdeps/WaveshareESP32S3LCD2/lvgl/src/widgets/../lv_conf_kconfig.h:15,
                 from .pio/libdeps/WaveshareESP32S3LCD2/lvgl/src/widgets/../lv_conf_internal.h:15,
                 from .pio/libdeps/WaveshareESP32S3LCD2/lvgl/src/widgets/lv_textarea.h:16,
                 from .pio/libdeps/WaveshareESP32S3LCD2/lvgl/src/widgets/lv_textarea.c:9:
C:/Users/Louis/.platformio/packages/framework-arduinoespressif32-libs/esp32s3/qio_opi/include/sdkconfig.h:1094:9: warning: "CONFIG_ESP_TASK_WDT_EN" redefined
 1094 | #define CONFIG_ESP_TASK_WDT_EN 1
      |         ^~~~~~~~~~~~~~~~~~~~~~
<command-line>: note: this is the location of the previous definition
C:/Users/Louis/.platformio/packages/framework-arduinoespressif32-libs/esp32s3/qio_opi/include/sdkconfig.h:1095:9: warning: "CONFIG_ESP_TASK_WDT_INIT" redefined
 1095 | #define CONFIG_ESP_TASK_WDT_INIT 1
      |         ^~~~~~~~~~~~~~~~~~~~~~~~
<command-line>: note: this is the location of the previous definition
C:/Users/Louis/.platformio/packages/framework-arduinoespressif32-libs/esp32s3/qio_opi/include/sdkconfig.h:1098:9: warning: "CONFIG_ESP_TASK_WDT_CHECK_IDLE_TASK_CPU0" redefined
 1098 | #define CONFIG_ESP_TASK_WDT_CHECK_IDLE_TASK_CPU0 1
      |         ^~~~~~~~~~~~~~~~~~~~~~~~~~~~~~~~~~~~~~~~
<command-line>: note: this is the location of the previous definition
C:/Users/Louis/.platformio/packages/framework-arduinoespressif32-libs/esp32s3/qio_opi/include/sdkconfig.h:1155:9: warning: "CONFIG_ESP_COREDUMP_ENABLE" redefined
 1155 | #define CONFIG_ESP_COREDUMP_ENABLE 1
      |         ^~~~~~~~~~~~~~~~~~~~~~~~~~
<command-line>: note: this is the location of the previous definition
C:/Users/Louis/.platformio/packages/framework-arduinoespressif32-libs/esp32s3/qio_opi/include/sdkconfig.h:1879:9: warning: "CONFIG_ESP32S3_SPIRAM_SUPPORT" redefined
 1879 | #define CONFIG_ESP32S3_SPIRAM_SUPPORT CONFIG_SPIRAM
      |         ^~~~~~~~~~~~~~~~~~~~~~~~~~~~~
<command-line>: note: this is the location of the previous definition
In file included from C:/Users/Louis/.platformio/packages/framework-arduinoespressif32/libraries/Ethernet/src/ETH.h:21,
                 from C:/Users/Louis/.platformio/packages/framework-arduinoespressif32/libraries/Ethernet/src/ETH.cpp:24:
C:/Users/Louis/.platformio/packages/framework-arduinoespressif32-libs/esp32s3/qio_opi/include/sdkconfig.h:1094:9: warning: "CONFIG_ESP_TASK_WDT_EN" redefined
 1094 | #define CONFIG_ESP_TASK_WDT_EN 1
      |         ^~~~~~~~~~~~~~~~~~~~~~
<command-line>: note: this is the location of the previous definition
C:/Users/Louis/.platformio/packages/framework-arduinoespressif32-libs/esp32s3/qio_opi/include/sdkconfig.h:1095:9: warning: "CONFIG_ESP_TASK_WDT_INIT" redefined
 1095 | #define CONFIG_ESP_TASK_WDT_INIT 1
      |         ^~~~~~~~~~~~~~~~~~~~~~~~
<command-line>: note: this is the location of the previous definition
C:/Users/Louis/.platformio/packages/framework-arduinoespressif32-libs/esp32s3/qio_opi/include/sdkconfig.h:1098:9: warning: "CONFIG_ESP_TASK_WDT_CHECK_IDLE_TASK_CPU0" redefined
 1098 | #define CONFIG_ESP_TASK_WDT_CHECK_IDLE_TASK_CPU0 1
      |         ^~~~~~~~~~~~~~~~~~~~~~~~~~~~~~~~~~~~~~~~
<command-line>: note: this is the location of the previous definition
C:/Users/Louis/.platformio/packages/framework-arduinoespressif32-libs/esp32s3/qio_opi/include/sdkconfig.h:1155:9: warning: "CONFIG_ESP_COREDUMP_ENABLE" redefined
 1155 | #define CONFIG_ESP_COREDUMP_ENABLE 1
      |         ^~~~~~~~~~~~~~~~~~~~~~~~~~
<command-line>: note: this is the location of the previous definition
C:/Users/Louis/.platformio/packages/framework-arduinoespressif32-libs/esp32s3/qio_opi/include/sdkconfig.h:1879:9: warning: "CONFIG_ESP32S3_SPIRAM_SUPPORT" redefined
 1879 | #define CONFIG_ESP32S3_SPIRAM_SUPPORT CONFIG_SPIRAM
      |         ^~~~~~~~~~~~~~~~~~~~~~~~~~~~~
<command-line>: note: this is the location of the previous definition
Compiling .pio\build\WaveshareESP32S3LCD2\libaf1\NetworkClientSecure\NetworkClientSecure.cpp.o
Compiling .pio\build\WaveshareESP32S3LCD2\libaf1\NetworkClientSecure\ssl_client.cpp.o
Compiling .pio\build\WaveshareESP32S3LCD2\lib62b\WebSockets\SocketIOclient.cpp.o
Compiling .pio\build\WaveshareESP32S3LCD2\lib62b\WebSockets\WebSockets.cpp.o
Compiling .pio\build\WaveshareESP32S3LCD2\lib62b\WebSockets\WebSocketsClient.cpp.o
Compiling .pio\build\WaveshareESP32S3LCD2\lib62b\WebSockets\WebSocketsServer.cpp.o
Compiling .pio\build\WaveshareESP32S3LCD2\lib62b\WebSockets\libb64\cdecode.c.o
Compiling .pio\build\WaveshareESP32S3LCD2\lib62b\WebSockets\libb64\cencode.c.o
Compiling .pio\build\WaveshareESP32S3LCD2\lib62b\WebSockets\libsha1\libsha1.c.o
Compiling .pio\build\WaveshareESP32S3LCD2\lib754\LED\led.cpp.o
Compiling .pio\build\WaveshareESP32S3LCD2\libd06\RX5808\RX5808.cpp.o
Compiling .pio\build\WaveshareESP32S3LCD2\lib012\BATTERY\battery.cpp.o
Compiling .pio\build\WaveshareESP32S3LCD2\lib4a2\STORAGE\storage.cpp.o
Compiling .pio\build\WaveshareESP32S3LCD2\libdd1\EEPROM\EEPROM.cpp.o
Compiling .pio\build\WaveshareESP32S3LCD2\libb09\CONFIG\config.cpp.o
Compiling .pio\build\WaveshareESP32S3LCD2\lib3da\BUZZER\buzzer.cpp.o
In file included from .pio/libdeps/WaveshareESP32S3LCD2/TFT_eSPI/TFT_eSPI.cpp:16:
.pio/libdeps/WaveshareESP32S3LCD2/TFT_eSPI/TFT_eSPI.h:973:8: warning: #warning >>>>------>> TOUCH_CS pin not defined, TFT_eSPI touch functions will not be available! [-Wcpp]
  973 |       #warning >>>>------>> TOUCH_CS pin not defined, TFT_eSPI touch functions will not be available!
      |        ^~~~~~~
Compiling .pio\build\WaveshareESP32S3LCD2\lib292\QMI8658\qmi8658.cpp.o
Compiling .pio\build\WaveshareESP32S3LCD2\lib1ff\LCD_UI\CST820.cpp.o
In file included from lib/RX5808/RX5808.cpp:4:
lib/CONFIG/config.h:74:9: warning: "PIN_RGB_LED" redefined
   74 | #define PIN_RGB_LED -1         // Optional external WS2812 DIN on header (safe for USB)
      |         ^~~~~~~~~~~
In file included from C:/Users/Louis/.platformio/packages/framework-arduinoespressif32/cores/esp32/Arduino.h:43,
                 from lib/RX5808/RX5808.cpp:2:
C:/Users/Louis/.platformio/packages/framework-arduinoespressif32/variants/esp32s3/pins_arduino.h:13:9: note: this is the location of the previous definition
   13 | #define PIN_RGB_LED 48
      |         ^~~~~~~~~~~
Compiling .pio\build\WaveshareESP32S3LCD2\lib1ff\LCD_UI\fpv_lcd_ui.cpp.o
Compiling .pio\build\WaveshareESP32S3LCD2\lib2a2\ELRS_BACKPACK\elrs_backpack_espnow.cpp.o
In file included from lib/STORAGE/storage.h:6,
                 from lib/STORAGE/storage.cpp:1:
lib/CONFIG/config.h:74:9: warning: "PIN_RGB_LED" redefined
   74 | #define PIN_RGB_LED -1         // Optional external WS2812 DIN on header (safe for USB)
      |         ^~~~~~~~~~~
In file included from C:/Users/Louis/.platformio/packages/framework-arduinoespressif32/cores/esp32/Arduino.h:43,
                 from lib/STORAGE/storage.h:4:
C:/Users/Louis/.platformio/packages/framework-arduinoespressif32/variants/esp32s3/pins_arduino.h:13:9: note: this is the location of the previous definition
   13 | #define PIN_RGB_LED 48
      |         ^~~~~~~~~~~
In file included from lib/CONFIG/config.cpp:1:
lib/CONFIG/config.h:74:9: warning: "PIN_RGB_LED" redefined
   74 | #define PIN_RGB_LED -1         // Optional external WS2812 DIN on header (safe for USB)
      |         ^~~~~~~~~~~
In file included from C:/Users/Louis/.platformio/packages/framework-arduinoespressif32/cores/esp32/Arduino.h:43,
                 from .pio/libdeps/WaveshareESP32S3LCD2/ArduinoJson/src/ArduinoJson.hpp:18,
                 from .pio/libdeps/WaveshareESP32S3LCD2/ArduinoJson/src/ArduinoJson.h:9,
                 from lib/CONFIG/config.h:4:
C:/Users/Louis/.platformio/packages/framework-arduinoespressif32/variants/esp32s3/pins_arduino.h:13:9: note: this is the location of the previous definition
   13 | #define PIN_RGB_LED 48
      |         ^~~~~~~~~~~
In file included from .pio/libdeps/WaveshareESP32S3LCD2/lvgl/src/misc/../lv_conf_kconfig.h:15,
                 from .pio/libdeps/WaveshareESP32S3LCD2/lvgl/src/misc/../lv_conf_internal.h:15,
                 from .pio/libdeps/WaveshareESP32S3LCD2/lvgl/src/misc/lv_log.h:16,
                 from .pio/libdeps/WaveshareESP32S3LCD2/lvgl/lvgl.h:25,
                 from lib/LCD_UI/fpv_lcd_ui.h:3,
                 from lib/LCD_UI/fpv_lcd_ui.cpp:1:
C:/Users/Louis/.platformio/packages/framework-arduinoespressif32-libs/esp32s3/qio_opi/include/sdkconfig.h:1094:9: warning: "CONFIG_ESP_TASK_WDT_EN" redefined
 1094 | #define CONFIG_ESP_TASK_WDT_EN 1
      |         ^~~~~~~~~~~~~~~~~~~~~~
<command-line>: note: this is the location of the previous definition
C:/Users/Louis/.platformio/packages/framework-arduinoespressif32-libs/esp32s3/qio_opi/include/sdkconfig.h:1095:9: warning: "CONFIG_ESP_TASK_WDT_INIT" redefined
 1095 | #define CONFIG_ESP_TASK_WDT_INIT 1
      |         ^~~~~~~~~~~~~~~~~~~~~~~~
<command-line>: note: this is the location of the previous definition
C:/Users/Louis/.platformio/packages/framework-arduinoespressif32-libs/esp32s3/qio_opi/include/sdkconfig.h:1098:9: warning: "CONFIG_ESP_TASK_WDT_CHECK_IDLE_TASK_CPU0" redefined
 1098 | #define CONFIG_ESP_TASK_WDT_CHECK_IDLE_TASK_CPU0 1
      |         ^~~~~~~~~~~~~~~~~~~~~~~~~~~~~~~~~~~~~~~~
<command-line>: note: this is the location of the previous definition
C:/Users/Louis/.platformio/packages/framework-arduinoespressif32-libs/esp32s3/qio_opi/include/sdkconfig.h:1155:9: warning: "CONFIG_ESP_COREDUMP_ENABLE" redefined
 1155 | #define CONFIG_ESP_COREDUMP_ENABLE 1
      |         ^~~~~~~~~~~~~~~~~~~~~~~~~~
<command-line>: note: this is the location of the previous definition
C:/Users/Louis/.platformio/packages/framework-arduinoespressif32-libs/esp32s3/qio_opi/include/sdkconfig.h:1879:9: warning: "CONFIG_ESP32S3_SPIRAM_SUPPORT" redefined
 1879 | #define CONFIG_ESP32S3_SPIRAM_SUPPORT CONFIG_SPIRAM
      |         ^~~~~~~~~~~~~~~~~~~~~~~~~~~~~
<command-line>: note: this is the location of the previous definition
In file included from lib/BUZZER/buzzer.cpp:2:
lib/CONFIG/config.h:74:9: warning: "PIN_RGB_LED" redefined
   74 | #define PIN_RGB_LED -1         // Optional external WS2812 DIN on header (safe for USB)
      |         ^~~~~~~~~~~
In file included from C:/Users/Louis/.platformio/packages/framework-arduinoespressif32/cores/esp32/Arduino.h:43,
                 from lib/BUZZER/buzzer.h:1,
                 from lib/BUZZER/buzzer.cpp:1:
C:/Users/Louis/.platformio/packages/framework-arduinoespressif32/variants/esp32s3/pins_arduino.h:13:9: note: this is the location of the previous definition
   13 | #define PIN_RGB_LED 48
      |         ^~~~~~~~~~~
Compiling .pio\build\WaveshareESP32S3LCD2\lib2a2\ELRS_BACKPACK\elrs_bind_uid.cpp.o
.pio/libdeps/WaveshareESP32S3LCD2/WebSockets/src/WebSocketsClient.cpp: In member function 'void WebSocketsClient::clientDisconnect(WSclient_t*, const char*)':
.pio/libdeps/WaveshareESP32S3LCD2/WebSockets/src/WebSocketsClient.cpp:573:31: warning: 'virtual void NetworkClient::flush()' is deprecated: Use clear() instead. [-Wdeprecated-declarations]
  573 |             client->tcp->flush();
      |             ~~~~~~~~~~~~~~~~~~^~
In file included from C:/Users/Louis/.platformio/packages/framework-arduinoespressif32/libraries/Network/src/Network.h:12,
                 from C:/Users/Louis/.platformio/packages/framework-arduinoespressif32/libraries/WiFi/src/WiFiGeneric.h:44,
                 from C:/Users/Louis/.platformio/packages/framework-arduinoespressif32/libraries/WiFi/src/WiFiSTA.h:30,
                 from C:/Users/Louis/.platformio/packages/framework-arduinoespressif32/libraries/WiFi/src/WiFi.h:34,
                 from .pio/libdeps/WaveshareESP32S3LCD2/WebSockets/src/WebSockets.h:236,
                 from .pio/libdeps/WaveshareESP32S3LCD2/WebSockets/src/WebSocketsClient.cpp:25:
C:/Users/Louis/.platformio/packages/framework-arduinoespressif32/libraries/Network/src/NetworkClient.h:61:8: note: declared here
   61 |   void flush();  // Print::flush tx
      |        ^~~~~
lib/RX5808/RX5808.cpp: In function 'bool adcConvDoneHandler(adc_continuous_handle_t, const adc_continuous_evt_data_t*, void*)':
lib/RX5808/RX5808.cpp:272:5: warning: '++' expression of 'volatile'-qualified type is deprecated [-Wvolatile]
  272 |     s_dmaFrameCounter++;
      |     ^~~~~~~~~~~~~~~~~
Compiling .pio\build\WaveshareESP32S3LCD2\lib2a2\ELRS_BACKPACK\msp.cpp.o
Compiling .pio\build\WaveshareESP32S3LCD2\lib2c2\POWER\power.cpp.o
Compiling .pio\build\WaveshareESP32S3LCD2\lib78a\RACEHISTORY\racehistory.cpp.o
Compiling .pio\build\WaveshareESP32S3LCD2\libf9b\RGBLED\rgbled.cpp.o
Compiling .pio\build\WaveshareESP32S3LCD2\lib96e\HTTPClient\HTTPClient.cpp.o
Compiling .pio\build\WaveshareESP32S3LCD2\lib28e\ROTORHAZARD\rotorhazard.cpp.o
Compiling .pio\build\WaveshareESP32S3LCD2\lib50d\KALMAN\kalman.cpp.o
Compiling .pio\build\WaveshareESP32S3LCD2\libd9e\TRACKMANAGER\trackmanager.cpp.o
Compiling .pio\build\WaveshareESP32S3LCD2\libd8f\WEBHOOK\webhook.cpp.o
Compiling .pio\build\WaveshareESP32S3LCD2\libdbd\LAPTIMER\laptimer.cpp.o
Compiling .pio\build\WaveshareESP32S3LCD2\lib536\USB\usb.cpp.o
Compiling .pio\build\WaveshareESP32S3LCD2\libb72\SELFTEST\selftest.cpp.o
Compiling .pio\build\WaveshareESP32S3LCD2\libd11\AsyncUDP\AsyncUDP.cpp.o
In file included from lib/QMI8658/qmi8658.cpp:2:
lib/QMI8658/../CONFIG/config.h:74:9: warning: "PIN_RGB_LED" redefined
   74 | #define PIN_RGB_LED -1         // Optional external WS2812 DIN on header (safe for USB)
      |         ^~~~~~~~~~~
In file included from C:/Users/Louis/.platformio/packages/framework-arduinoespressif32/cores/esp32/Arduino.h:43,
                 from lib/QMI8658/qmi8658.h:3,
                 from lib/QMI8658/qmi8658.cpp:1:
C:/Users/Louis/.platformio/packages/framework-arduinoespressif32/variants/esp32s3/pins_arduino.h:13:9: note: this is the location of the previous definition
   13 | #define PIN_RGB_LED 48
      |         ^~~~~~~~~~~
Compiling .pio\build\WaveshareESP32S3LCD2\libebf\DNSServer\DNSServer.cpp.o
Compiling .pio\build\WaveshareESP32S3LCD2\libc71\ESPmDNS\ESPmDNS.cpp.o
In file included from C:/Users/Louis/.platformio/packages/framework-arduinoespressif32/libraries/ESPmDNS/src/ESPmDNS.h:44,
                 from C:/Users/Louis/.platformio/packages/framework-arduinoespressif32/libraries/ESPmDNS/src/ESPmDNS.cpp:41:
C:/Users/Louis/.platformio/packages/framework-arduinoespressif32-libs/esp32s3/qio_opi/include/sdkconfig.h:1094:9: warning: "CONFIG_ESP_TASK_WDT_EN" redefined
 1094 | #define CONFIG_ESP_TASK_WDT_EN 1
      |         ^~~~~~~~~~~~~~~~~~~~~~
<command-line>: note: this is the location of the previous definition
C:/Users/Louis/.platformio/packages/framework-arduinoespressif32-libs/esp32s3/qio_opi/include/sdkconfig.h:1095:9: warning: "CONFIG_ESP_TASK_WDT_INIT" redefined
 1095 | #define CONFIG_ESP_TASK_WDT_INIT 1
      |         ^~~~~~~~~~~~~~~~~~~~~~~~
<command-line>: note: this is the location of the previous definition
C:/Users/Louis/.platformio/packages/framework-arduinoespressif32-libs/esp32s3/qio_opi/include/sdkconfig.h:1098:9: warning: "CONFIG_ESP_TASK_WDT_CHECK_IDLE_TASK_CPU0" redefined
 1098 | #define CONFIG_ESP_TASK_WDT_CHECK_IDLE_TASK_CPU0 1
      |         ^~~~~~~~~~~~~~~~~~~~~~~~~~~~~~~~~~~~~~~~
<command-line>: note: this is the location of the previous definition
C:/Users/Louis/.platformio/packages/framework-arduinoespressif32-libs/esp32s3/qio_opi/include/sdkconfig.h:1155:9: warning: "CONFIG_ESP_COREDUMP_ENABLE" redefined
 1155 | #define CONFIG_ESP_COREDUMP_ENABLE 1
      |         ^~~~~~~~~~~~~~~~~~~~~~~~~~
<command-line>: note: this is the location of the previous definition
C:/Users/Louis/.platformio/packages/framework-arduinoespressif32-libs/esp32s3/qio_opi/include/sdkconfig.h:1879:9: warning: "CONFIG_ESP32S3_SPIRAM_SUPPORT" redefined
 1879 | #define CONFIG_ESP32S3_SPIRAM_SUPPORT CONFIG_SPIRAM
      |         ^~~~~~~~~~~~~~~~~~~~~~~~~~~~~
<command-line>: note: this is the location of the previous definition
In file included from lib/ELRS_BACKPACK/elrs_backpack_espnow.cpp:2:
lib/CONFIG/config.h:74:9: warning: "PIN_RGB_LED" redefined
   74 | #define PIN_RGB_LED -1         // Optional external WS2812 DIN on header (safe for USB)
      |         ^~~~~~~~~~~
In file included from C:/Users/Louis/.platformio/packages/framework-arduinoespressif32/cores/esp32/Arduino.h:43,
                 from .pio/libdeps/WaveshareESP32S3LCD2/ArduinoJson/src/ArduinoJson.hpp:18,
                 from .pio/libdeps/WaveshareESP32S3LCD2/ArduinoJson/src/ArduinoJson.h:9,
                 from lib/CONFIG/config.h:4:
C:/Users/Louis/.platformio/packages/framework-arduinoespressif32/variants/esp32s3/pins_arduino.h:13:9: note: this is the location of the previous definition
   13 | #define PIN_RGB_LED 48
      |         ^~~~~~~~~~~
In file included from lib/LCD_UI/fpv_lcd_ui.cpp:2:
lib/CONFIG/config.h:74:9: warning: "PIN_RGB_LED" redefined
   74 | #define PIN_RGB_LED -1         // Optional external WS2812 DIN on header (safe for USB)
      |         ^~~~~~~~~~~
In file included from C:/Users/Louis/.platformio/packages/framework-arduinoespressif32/cores/esp32/Arduino.h:43,
                 from lib/LCD_UI/fpv_lcd_ui.h:4:
C:/Users/Louis/.platformio/packages/framework-arduinoespressif32/variants/esp32s3/pins_arduino.h:13:9: note: this is the location of the previous definition
   13 | #define PIN_RGB_LED 48
      |         ^~~~~~~~~~~
In file included from lib/STORAGE/storage.h:6,
                 from lib/RACEHISTORY/racehistory.h:7,
                 from lib/RACEHISTORY/racehistory.cpp:1:
lib/CONFIG/config.h:74:9: warning: "PIN_RGB_LED" redefined
   74 | #define PIN_RGB_LED -1         // Optional external WS2812 DIN on header (safe for USB)
      |         ^~~~~~~~~~~
In file included from C:/Users/Louis/.platformio/packages/framework-arduinoespressif32/cores/esp32/Arduino.h:43,
                 from lib/RACEHISTORY/racehistory.h:4:
C:/Users/Louis/.platformio/packages/framework-arduinoespressif32/variants/esp32s3/pins_arduino.h:13:9: note: this is the location of the previous definition
   13 | #define PIN_RGB_LED 48
      |         ^~~~~~~~~~~
Compiling .pio\build\WaveshareESP32S3LCD2\libdd9\WEBSERVER\webserver.cpp.o
In file included from lib/RGBLED/rgbled.cpp:1:
lib/CONFIG/config.h:74:9: warning: "PIN_RGB_LED" redefined
   74 | #define PIN_RGB_LED -1         // Optional external WS2812 DIN on header (safe for USB)
      |         ^~~~~~~~~~~
In file included from C:/Users/Louis/.platformio/packages/framework-arduinoespressif32/cores/esp32/Arduino.h:43,
                 from .pio/libdeps/WaveshareESP32S3LCD2/ArduinoJson/src/ArduinoJson.hpp:18,
                 from .pio/libdeps/WaveshareESP32S3LCD2/ArduinoJson/src/ArduinoJson.h:9,
                 from lib/CONFIG/config.h:4:
C:/Users/Louis/.platformio/packages/framework-arduinoespressif32/variants/esp32s3/pins_arduino.h:13:9: note: this is the location of the previous definition
   13 | #define PIN_RGB_LED 48
      |         ^~~~~~~~~~~
In file included from lib/STORAGE/storage.h:6,
                 from lib/TRACKMANAGER/trackmanager.h:7,
                 from lib/TRACKMANAGER/trackmanager.cpp:1:
lib/CONFIG/config.h:74:9: warning: "PIN_RGB_LED" redefined
   74 | #define PIN_RGB_LED -1         // Optional external WS2812 DIN on header (safe for USB)
      |         ^~~~~~~~~~~
In file included from C:/Users/Louis/.platformio/packages/framework-arduinoespressif32/cores/esp32/Arduino.h:43,
                 from lib/TRACKMANAGER/trackmanager.h:4:
C:/Users/Louis/.platformio/packages/framework-arduinoespressif32/variants/esp32s3/pins_arduino.h:13:9: note: this is the location of the previous definition
   13 | #define PIN_RGB_LED 48
      |         ^~~~~~~~~~~
lib/LCD_UI/fpv_lcd_ui.cpp: In member function 'void FpvLcdUI::createRacingTab()':
lib/LCD_UI/fpv_lcd_ui.cpp:1001:79: warning: bitwise operation between different enumeration types '<unnamed enum>' and '<unnamed enum>' is deprecated [-Wdeprecated-enum-enum-conversion]
 1001 |     lv_obj_set_style_bg_color(start_btn, lv_color_hex(0x00aa00), LV_PART_MAIN | LV_STATE_DEFAULT);
      |                                                                  ~~~~~~~~~~~~~^~~~~~~~~~~~~~~~~~
lib/LCD_UI/fpv_lcd_ui.cpp:1002:67: warning: bitwise operation between different enumeration types '<unnamed enum>' and '<unnamed enum>' is deprecated [-Wdeprecated-enum-enum-conversion]
 1002 |     lv_obj_set_style_bg_opa(start_btn, LV_OPA_COVER, LV_PART_MAIN | LV_STATE_DEFAULT);
      |                                                      ~~~~~~~~~~~~~^~~~~~~~~~~~~~~~~~
lib/LCD_UI/fpv_lcd_ui.cpp:1016:78: warning: bitwise operation between different enumeration types '<unnamed enum>' and '<unnamed enum>' is deprecated [-Wdeprecated-enum-enum-conversion]
 1016 |     lv_obj_set_style_bg_color(stop_btn, lv_color_hex(0xaa0000), LV_PART_MAIN | LV_STATE_DEFAULT);
      |                                                                 ~~~~~~~~~~~~~^~~~~~~~~~~~~~~~~~
lib/LCD_UI/fpv_lcd_ui.cpp:1017:66: warning: bitwise operation between different enumeration types '<unnamed enum>' and '<unnamed enum>' is deprecated [-Wdeprecated-enum-enum-conversion]
 1017 |     lv_obj_set_style_bg_opa(stop_btn, LV_OPA_COVER, LV_PART_MAIN | LV_STATE_DEFAULT);
      |                                                     ~~~~~~~~~~~~~^~~~~~~~~~~~~~~~~~
lib/LCD_UI/fpv_lcd_ui.cpp:1032:79: warning: bitwise operation between different enumeration types '<unnamed enum>' and '<unnamed enum>' is deprecated [-Wdeprecated-enum-enum-conversion]
 1032 |     lv_obj_set_style_bg_color(clear_btn, lv_color_hex(0x555555), LV_PART_MAIN | LV_STATE_DEFAULT);
      |                                                                  ~~~~~~~~~~~~~^~~~~~~~~~~~~~~~~~
lib/LCD_UI/fpv_lcd_ui.cpp:1033:67: warning: bitwise operation between different enumeration types '<unnamed enum>' and '<unnamed enum>' is deprecated [-Wdeprecated-enum-enum-conversion]
 1033 |     lv_obj_set_style_bg_opa(clear_btn, LV_OPA_COVER, LV_PART_MAIN | LV_STATE_DEFAULT);
      |                                                      ~~~~~~~~~~~~~^~~~~~~~~~~~~~~~~~
lib/LCD_UI/fpv_lcd_ui.cpp: In member function 'void FpvLcdUI::createPilotTab()':
lib/LCD_UI/fpv_lcd_ui.cpp:1100:81: warning: bitwise operation between different enumeration types '<unnamed enum>' and '<unnamed enum>' is deprecated [-Wdeprecated-enum-enum-conversion]
 1100 |     lv_obj_set_style_bg_color(system_prev, lv_color_hex(0x444444), LV_PART_MAIN | LV_STATE_DEFAULT);
      |                                                                    ~~~~~~~~~~~~~^~~~~~~~~~~~~~~~~~
lib/LCD_UI/fpv_lcd_ui.cpp:1115:81: warning: bitwise operation between different enumeration types '<unnamed enum>' and '<unnamed enum>' is deprecated [-Wdeprecated-enum-enum-conversion]
 1115 |     lv_obj_set_style_bg_color(system_next, lv_color_hex(0x444444), LV_PART_MAIN | LV_STATE_DEFAULT);
      |                                                                    ~~~~~~~~~~~~~^~~~~~~~~~~~~~~~~~
lib/LCD_UI/fpv_lcd_ui.cpp:1140:79: warning: bitwise operation between different enumeration types '<unnamed enum>' and '<unnamed enum>' is deprecated [-Wdeprecated-enum-enum-conversion]
 1140 |     lv_obj_set_style_bg_color(band_prev, lv_color_hex(0x444444), LV_PART_MAIN | LV_STATE_DEFAULT);
      |                                                                  ~~~~~~~~~~~~~^~~~~~~~~~~~~~~~~~
lib/LCD_UI/fpv_lcd_ui.cpp:1155:79: warning: bitwise operation between different enumeration types '<unnamed enum>' and '<unnamed enum>' is deprecated [-Wdeprecated-enum-enum-conversion]
 1155 |     lv_obj_set_style_bg_color(band_next, lv_color_hex(0x444444), LV_PART_MAIN | LV_STATE_DEFAULT);
      |                                                                  ~~~~~~~~~~~~~^~~~~~~~~~~~~~~~~~
lib/LCD_UI/fpv_lcd_ui.cpp:1180:82: warning: bitwise operation between different enumeration types '<unnamed enum>' and '<unnamed enum>' is deprecated [-Wdeprecated-enum-enum-conversion]
 1180 |     lv_obj_set_style_bg_color(channel_prev, lv_color_hex(0x444444), LV_PART_MAIN | LV_STATE_DEFAULT);
      |                                                                     ~~~~~~~~~~~~~^~~~~~~~~~~~~~~~~~
lib/LCD_UI/fpv_lcd_ui.cpp:1195:82: warning: bitwise operation between different enumeration types '<unnamed enum>' and '<unnamed enum>' is deprecated [-Wdeprecated-enum-enum-conversion]
 1195 |     lv_obj_set_style_bg_color(channel_next, lv_color_hex(0x444444), LV_PART_MAIN | LV_STATE_DEFAULT);
      |                                                                     ~~~~~~~~~~~~~^~~~~~~~~~~~~~~~~~
lib/LCD_UI/fpv_lcd_ui.cpp: In member function 'void FpvLcdUI::createCalibTab()':
lib/LCD_UI/fpv_lcd_ui.cpp:1337:80: warning: bitwise operation between different enumeration types '<unnamed enum>' and '<unnamed enum>' is deprecated [-Wdeprecated-enum-enum-conversion]
 1337 |     lv_obj_set_style_bg_color(enter_prev, lv_color_hex(0x333333), LV_PART_MAIN | LV_STATE_DEFAULT);
      |                                                                   ~~~~~~~~~~~~~^~~~~~~~~~~~~~~~~~
lib/LCD_UI/fpv_lcd_ui.cpp:1355:80: warning: bitwise operation between different enumeration types '<unnamed enum>' and '<unnamed enum>' is deprecated [-Wdeprecated-enum-enum-conversion]
 1355 |     lv_obj_set_style_bg_color(enter_next, lv_color_hex(0x333333), LV_PART_MAIN | LV_STATE_DEFAULT);
      |                                                                   ~~~~~~~~~~~~~^~~~~~~~~~~~~~~~~~
lib/LCD_UI/fpv_lcd_ui.cpp:1373:79: warning: bitwise operation between different enumeration types '<unnamed enum>' and '<unnamed enum>' is deprecated [-Wdeprecated-enum-enum-conversion]
 1373 |     lv_obj_set_style_bg_color(exit_prev, lv_color_hex(0x333333), LV_PART_MAIN | LV_STATE_DEFAULT);
      |                                                                  ~~~~~~~~~~~~~^~~~~~~~~~~~~~~~~~
lib/LCD_UI/fpv_lcd_ui.cpp:1391:79: warning: bitwise operation between different enumeration types '<unnamed enum>' and '<unnamed enum>' is deprecated [-Wdeprecated-enum-enum-conversion]
 1391 |     lv_obj_set_style_bg_color(exit_next, lv_color_hex(0x333333), LV_PART_MAIN | LV_STATE_DEFAULT);
      |                                                                  ~~~~~~~~~~~~~^~~~~~~~~~~~~~~~~~
lib/LCD_UI/fpv_lcd_ui.cpp: In member function 'void FpvLcdUI::createSystemTab()':
lib/LCD_UI/fpv_lcd_ui.cpp:1486:79: warning: bitwise operation between different enumeration types '<unnamed enum>' and '<unnamed enum>' is deprecated [-Wdeprecated-enum-enum-conversion]
 1486 |     lv_obj_set_style_bg_color(sleep_btn, lv_color_hex(0x553333), LV_PART_MAIN | LV_STATE_DEFAULT);
      |                                                                  ~~~~~~~~~~~~~^~~~~~~~~~~~~~~~~~
lib/LCD_UI/fpv_lcd_ui.cpp: In member function 'void FpvLcdUI::createElrsTab()':
lib/LCD_UI/fpv_lcd_ui.cpp:1641:95: warning: bitwise operation between different enumeration types '<unnamed enum>' and '<unnamed enum>' is deprecated [-Wdeprecated-enum-enum-conversion]
 1641 |     lv_obj_set_style_bg_color(elrs_backpack_switch, lv_color_hex(0x00aa66), LV_PART_INDICATOR | LV_STATE_CHECKED);
      |                                                                             ~~~~~~~~~~~~~~~~~~^~~~~~~~~~~~~~~~~~
lib/LCD_UI/fpv_lcd_ui.cpp:1642:83: warning: bitwise operation between different enumeration types '<unnamed enum>' and '<unnamed enum>' is deprecated [-Wdeprecated-enum-enum-conversion]
 1642 |     lv_obj_set_style_bg_opa(elrs_backpack_switch, LV_OPA_COVER, LV_PART_INDICATOR | LV_STATE_CHECKED);
      |                                                                 ~~~~~~~~~~~~~~~~~~^~~~~~~~~~~~~~~~~~
lib/LCD_UI/fpv_lcd_ui.cpp:1733:95: warning: bitwise operation between different enumeration types '<unnamed enum>' and '<unnamed enum>' is deprecated [-Wdeprecated-enum-enum-conversion]
 1733 |     lv_obj_set_style_bg_color(elrs_auto_col_switch, lv_color_hex(0x0088aa), LV_PART_INDICATOR | LV_STATE_CHECKED);
      |                                                                             ~~~~~~~~~~~~~~~~~~^~~~~~~~~~~~~~~~~~
lib/LCD_UI/fpv_lcd_ui.cpp:1734:83: warning: bitwise operation between different enumeration types '<unnamed enum>' and '<unnamed enum>' is deprecated [-Wdeprecated-enum-enum-conversion]
 1734 |     lv_obj_set_style_bg_opa(elrs_auto_col_switch, LV_OPA_COVER, LV_PART_INDICATOR | LV_STATE_CHECKED);
      |                                                                 ~~~~~~~~~~~~~~~~~~^~~~~~~~~~~~~~~~~~
lib/LCD_UI/fpv_lcd_ui.cpp:1780:96: warning: bitwise operation between different enumeration types '<unnamed enum>' and '<unnamed enum>' is deprecated [-Wdeprecated-enum-enum-conversion]
 1780 |     lv_obj_set_style_bg_color(elrs_clear_osd_switch, lv_color_hex(0xaa6600), LV_PART_INDICATOR | LV_STATE_CHECKED);
      |                                                                              ~~~~~~~~~~~~~~~~~~^~~~~~~~~~~~~~~~~~
lib/LCD_UI/fpv_lcd_ui.cpp:1781:84: warning: bitwise operation between different enumeration types '<unnamed enum>' and '<unnamed enum>' is deprecated [-Wdeprecated-enum-enum-conversion]
 1781 |     lv_obj_set_style_bg_opa(elrs_clear_osd_switch, LV_OPA_COVER, LV_PART_INDICATOR | LV_STATE_CHECKED);
      |                                                                  ~~~~~~~~~~~~~~~~~~^~~~~~~~~~~~~~~~~~
lib/LCD_UI/fpv_lcd_ui.cpp:1804:95: warning: bitwise operation between different enumeration types '<unnamed enum>' and '<unnamed enum>' is deprecated [-Wdeprecated-enum-enum-conversion]
 1804 |     lv_obj_set_style_bg_color(elrs_playback_switch, lv_color_hex(0x8844aa), LV_PART_INDICATOR | LV_STATE_CHECKED);
      |                                                                             ~~~~~~~~~~~~~~~~~~^~~~~~~~~~~~~~~~~~
lib/LCD_UI/fpv_lcd_ui.cpp:1805:83: warning: bitwise operation between different enumeration types '<unnamed enum>' and '<unnamed enum>' is deprecated [-Wdeprecated-enum-enum-conversion]
 1805 |     lv_obj_set_style_bg_opa(elrs_playback_switch, LV_OPA_COVER, LV_PART_INDICATOR | LV_STATE_CHECKED);
      |                                                                 ~~~~~~~~~~~~~~~~~~^~~~~~~~~~~~~~~~~~
Compiling .pio\build\WaveshareESP32S3LCD2\src\main.cpp.o
In file included from lib/ROTORHAZARD/rotorhazard.cpp:2:
lib/CONFIG/config.h:74:9: warning: "PIN_RGB_LED" redefined
   74 | #define PIN_RGB_LED -1         // Optional external WS2812 DIN on header (safe for USB)
      |         ^~~~~~~~~~~
In file included from C:/Users/Louis/.platformio/packages/framework-arduinoespressif32/cores/esp32/Arduino.h:43,
                 from lib/ROTORHAZARD/rotorhazard.h:4,
                 from lib/ROTORHAZARD/rotorhazard.cpp:1:
C:/Users/Louis/.platformio/packages/framework-arduinoespressif32/variants/esp32s3/pins_arduino.h:13:9: note: this is the location of the previous definition
   13 | #define PIN_RGB_LED 48
      |         ^~~~~~~~~~~
In file included from lib/LAPTIMER/laptimer.h:7,
                 from lib/LAPTIMER/laptimer.cpp:1:
lib/CONFIG/config.h:74:9: warning: "PIN_RGB_LED" redefined
   74 | #define PIN_RGB_LED -1         // Optional external WS2812 DIN on header (safe for USB)
      |         ^~~~~~~~~~~
In file included from C:/Users/Louis/.platformio/packages/framework-arduinoespressif32/cores/esp32/Arduino.h:43,
                 from lib/BUZZER/buzzer.h:1,
                 from lib/LAPTIMER/laptimer.h:6:
C:/Users/Louis/.platformio/packages/framework-arduinoespressif32/variants/esp32s3/pins_arduino.h:13:9: note: this is the location of the previous definition
   13 | #define PIN_RGB_LED 48
      |         ^~~~~~~~~~~
Building .pio\build\WaveshareESP32S3LCD2\bootloader.bin
Generating partitions .pio\build\WaveshareESP32S3LCD2\partitions.bin
In file included from lib/SELFTEST/selftest.h:7,
                 from lib/SELFTEST/selftest.cpp:1:
lib/CONFIG/config.h:74:9: warning: "PIN_RGB_LED" redefined
   74 | #define PIN_RGB_LED -1         // Optional external WS2812 DIN on header (safe for USB)
      |         ^~~~~~~~~~~
In file included from C:/Users/Louis/.platformio/packages/framework-arduinoespressif32/cores/esp32/Arduino.h:43,
                 from lib/SELFTEST/selftest.h:4:
C:/Users/Louis/.platformio/packages/framework-arduinoespressif32/variants/esp32s3/pins_arduino.h:13:9: note: this is the location of the previous definition
   13 | #define PIN_RGB_LED 48
      |         ^~~~~~~~~~~
In file included from lib/USB/usb.h:28,
                 from lib/USB/usb.cpp:1:
lib/CONFIG/config.h:74:9: warning: "PIN_RGB_LED" redefined
   74 | #define PIN_RGB_LED -1         // Optional external WS2812 DIN on header (safe for USB)
      |         ^~~~~~~~~~~
In file included from C:/Users/Louis/.platformio/packages/framework-arduinoespressif32/cores/esp32/Arduino.h:43,
                 from lib/USB/usb.h:26:
C:/Users/Louis/.platformio/packages/framework-arduinoespressif32/variants/esp32s3/pins_arduino.h:13:9: note: this is the location of the previous definition
   13 | #define PIN_RGB_LED 48
      |         ^~~~~~~~~~~
Compiling .pio\build\WaveshareESP32S3LCD2\FrameworkArduino\ColorFormat.c.o
Compiling .pio\build\WaveshareESP32S3LCD2\FrameworkArduino\Esp.cpp.o
esptool v5.1.0
Creating ESP32S3 image...
Merged 2 ELF sections.
Successfully created ESP32S3 image.
Compiling .pio\build\WaveshareESP32S3LCD2\FrameworkArduino\FirmwareMSC.cpp.o
Compiling .pio\build\WaveshareESP32S3LCD2\FrameworkArduino\FunctionalInterrupt.cpp.o
Compiling .pio\build\WaveshareESP32S3LCD2\FrameworkArduino\HEXBuilder.cpp.o
Compiling .pio\build\WaveshareESP32S3LCD2\FrameworkArduino\HWCDC.cpp.o
In file included from C:/Users/Louis/.platformio/packages/framework-arduinoespressif32/cores/esp32/USBMSC.h:22,
                 from C:/Users/Louis/.platformio/packages/framework-arduinoespressif32/cores/esp32/FirmwareMSC.h:17,
                 from C:/Users/Louis/.platformio/packages/framework-arduinoespressif32/cores/esp32/FirmwareMSC.cpp:14:
C:/Users/Louis/.platformio/packages/framework-arduinoespressif32-libs/esp32s3/qio_opi/include/sdkconfig.h:1094:9: warning: "CONFIG_ESP_TASK_WDT_EN" redefined
 1094 | #define CONFIG_ESP_TASK_WDT_EN 1
      |         ^~~~~~~~~~~~~~~~~~~~~~
<command-line>: note: this is the location of the previous definition
C:/Users/Louis/.platformio/packages/framework-arduinoespressif32-libs/esp32s3/qio_opi/include/sdkconfig.h:1095:9: warning: "CONFIG_ESP_TASK_WDT_INIT" redefined
 1095 | #define CONFIG_ESP_TASK_WDT_INIT 1
      |         ^~~~~~~~~~~~~~~~~~~~~~~~
<command-line>: note: this is the location of the previous definition
C:/Users/Louis/.platformio/packages/framework-arduinoespressif32-libs/esp32s3/qio_opi/include/sdkconfig.h:1098:9: warning: "CONFIG_ESP_TASK_WDT_CHECK_IDLE_TASK_CPU0" redefined
 1098 | #define CONFIG_ESP_TASK_WDT_CHECK_IDLE_TASK_CPU0 1
      |         ^~~~~~~~~~~~~~~~~~~~~~~~~~~~~~~~~~~~~~~~
<command-line>: note: this is the location of the previous definition
C:/Users/Louis/.platformio/packages/framework-arduinoespressif32-libs/esp32s3/qio_opi/include/sdkconfig.h:1155:9: warning: "CONFIG_ESP_COREDUMP_ENABLE" redefined
 1155 | #define CONFIG_ESP_COREDUMP_ENABLE 1
      |         ^~~~~~~~~~~~~~~~~~~~~~~~~~
<command-line>: note: this is the location of the previous definition
C:/Users/Louis/.platformio/packages/framework-arduinoespressif32-libs/esp32s3/qio_opi/include/sdkconfig.h:1879:9: warning: "CONFIG_ESP32S3_SPIRAM_SUPPORT" redefined
 1879 | #define CONFIG_ESP32S3_SPIRAM_SUPPORT CONFIG_SPIRAM
      |         ^~~~~~~~~~~~~~~~~~~~~~~~~~~~~
<command-line>: note: this is the location of the previous definition
Compiling .pio\build\WaveshareESP32S3LCD2\FrameworkArduino\HardwareSerial.cpp.o
In file included from C:/Users/Louis/.platformio/packages/framework-arduinoespressif32/cores/esp32/USB.h:19,
                 from C:/Users/Louis/.platformio/packages/framework-arduinoespressif32/cores/esp32/HWCDC.cpp:14:
C:/Users/Louis/.platformio/packages/framework-arduinoespressif32-libs/esp32s3/qio_opi/include/sdkconfig.h:1094:9: warning: "CONFIG_ESP_TASK_WDT_EN" redefined
 1094 | #define CONFIG_ESP_TASK_WDT_EN 1
      |         ^~~~~~~~~~~~~~~~~~~~~~
<command-line>: note: this is the location of the previous definition
C:/Users/Louis/.platformio/packages/framework-arduinoespressif32-libs/esp32s3/qio_opi/include/sdkconfig.h:1095:9: warning: "CONFIG_ESP_TASK_WDT_INIT" redefined
 1095 | #define CONFIG_ESP_TASK_WDT_INIT 1
      |         ^~~~~~~~~~~~~~~~~~~~~~~~
<command-line>: note: this is the location of the previous definition
C:/Users/Louis/.platformio/packages/framework-arduinoespressif32-libs/esp32s3/qio_opi/include/sdkconfig.h:1098:9: warning: "CONFIG_ESP_TASK_WDT_CHECK_IDLE_TASK_CPU0" redefined
 1098 | #define CONFIG_ESP_TASK_WDT_CHECK_IDLE_TASK_CPU0 1
      |         ^~~~~~~~~~~~~~~~~~~~~~~~~~~~~~~~~~~~~~~~
<command-line>: note: this is the location of the previous definition
C:/Users/Louis/.platformio/packages/framework-arduinoespressif32-libs/esp32s3/qio_opi/include/sdkconfig.h:1155:9: warning: "CONFIG_ESP_COREDUMP_ENABLE" redefined
 1155 | #define CONFIG_ESP_COREDUMP_ENABLE 1
      |         ^~~~~~~~~~~~~~~~~~~~~~~~~~
<command-line>: note: this is the location of the previous definition
C:/Users/Louis/.platformio/packages/framework-arduinoespressif32-libs/esp32s3/qio_opi/include/sdkconfig.h:1879:9: warning: "CONFIG_ESP32S3_SPIRAM_SUPPORT" redefined
 1879 | #define CONFIG_ESP32S3_SPIRAM_SUPPORT CONFIG_SPIRAM
      |         ^~~~~~~~~~~~~~~~~~~~~~~~~~~~~
<command-line>: note: this is the location of the previous definition
Compiling .pio\build\WaveshareESP32S3LCD2\FrameworkArduino\HashBuilder.cpp.o
lib/USB/usb.cpp: In member function 'void USBTransport::processCommand(const char*)':
lib/USB/usb.cpp:151:61: warning: 'ArduinoJson::V720PB22::detail::enable_if_t<((bool)ArduinoJson::V720PB22::detail::IsString<TChar*>::value), bool> ArduinoJson::V720PB22::detail::VariantRefBase<TDerived>::containsKey(TChar*) const [with TChar = const char; TDerived = 
ArduinoJson::V720PB22::detail::MemberProxy<ArduinoJson::V720PB22::JsonDocument&, const char*>; ArduinoJson::V720PB22::detail::enable_if_t<((bool)ArduinoJson::V720PB22::detail::IsString<TChar*>::value), bool> = bool]' is deprecated: use obj["key"].is<T>() instead [-Wdeprecated-declarations]
  151 |         if (!doc["data"].isNull() && doc["data"].containsKey("lapTime")) {
      |                                      ~~~~~~~~~~~~~~~~~~~~~~~^~~~~~~~~~~
In file included from .pio/libdeps/WaveshareESP32S3LCD2/ArduinoJson/src/ArduinoJson.hpp:46,
                 from .pio/libdeps/WaveshareESP32S3LCD2/ArduinoJson/src/ArduinoJson.h:9,
                 from lib/CONFIG/config.h:4:
.pio/libdeps/WaveshareESP32S3LCD2/ArduinoJson/src/ArduinoJson/Variant/VariantRefBaseImpl.hpp:89:1: note: declared here
   89 | VariantRefBase<TDerived>::containsKey(TChar* key) const {
      | ^~~~~~~~~~~~~~~~~~~~~~~~
lib/USB/usb.cpp:244:61: warning: 'ArduinoJson::V720PB22::detail::enable_if_t<((bool)ArduinoJson::V720PB22::detail::IsString<TChar*>::value), bool> ArduinoJson::V720PB22::detail::VariantRefBase<TDerived>::containsKey(TChar*) const [with TChar = const char; TDerived = 
ArduinoJson::V720PB22::detail::MemberProxy<ArduinoJson::V720PB22::JsonDocument&, const char*>; ArduinoJson::V720PB22::detail::enable_if_t<((bool)ArduinoJson::V720PB22::detail::IsString<TChar*>::value), bool> = bool]' is deprecated: use obj["key"].is<T>() instead [-Wdeprecated-declarations]
  244 |         if (!doc["data"].isNull() && doc["data"].containsKey("preset")) {
      |                                      ~~~~~~~~~~~~~~~~~~~~~~~^~~~~~~~~~
.pio/libdeps/WaveshareESP32S3LCD2/ArduinoJson/src/ArduinoJson/Variant/VariantRefBaseImpl.hpp:89:1: note: declared here
   89 | VariantRefBase<TDerived>::containsKey(TChar* key) const {
      | ^~~~~~~~~~~~~~~~~~~~~~~~
lib/USB/usb.cpp:261:61: warning: 'ArduinoJson::V720PB22::detail::enable_if_t<((bool)ArduinoJson::V720PB22::detail::IsString<TChar*>::value), bool> ArduinoJson::V720PB22::detail::VariantRefBase<TDerived>::containsKey(TChar*) const [with TChar = const char; TDerived = 
ArduinoJson::V720PB22::detail::MemberProxy<ArduinoJson::V720PB22::JsonDocument&, const char*>; ArduinoJson::V720PB22::detail::enable_if_t<((bool)ArduinoJson::V720PB22::detail::IsString<TChar*>::value), bool> = bool]' is deprecated: use obj["key"].is<T>() instead [-Wdeprecated-declarations]
  261 |         if (!doc["data"].isNull() && doc["data"].containsKey("color")) {
      |                                      ~~~~~~~~~~~~~~~~~~~~~~~^~~~~~~~~
.pio/libdeps/WaveshareESP32S3LCD2/ArduinoJson/src/ArduinoJson/Variant/VariantRefBaseImpl.hpp:89:1: note: declared here
   89 | VariantRefBase<TDerived>::containsKey(TChar* key) const {
      | ^~~~~~~~~~~~~~~~~~~~~~~~
lib/USB/usb.cpp:279:61: warning: 'ArduinoJson::V720PB22::detail::enable_if_t<((bool)ArduinoJson::V720PB22::detail::IsString<TChar*>::value), bool> ArduinoJson::V720PB22::detail::VariantRefBase<TDerived>::containsKey(TChar*) const [with TChar = const char; TDerived = 
ArduinoJson::V720PB22::detail::MemberProxy<ArduinoJson::V720PB22::JsonDocument&, const char*>; ArduinoJson::V720PB22::detail::enable_if_t<((bool)ArduinoJson::V720PB22::detail::IsString<TChar*>::value), bool> = bool]' is deprecated: use obj["key"].is<T>() instead [-Wdeprecated-declarations]
  279 |         if (!doc["data"].isNull() && doc["data"].containsKey("brightness")) {
      |                                      ~~~~~~~~~~~~~~~~~~~~~~~^~~~~~~~~~~~~~
.pio/libdeps/WaveshareESP32S3LCD2/ArduinoJson/src/ArduinoJson/Variant/VariantRefBaseImpl.hpp:89:1: note: declared here
   89 | VariantRefBase<TDerived>::containsKey(TChar* key) const {
      | ^~~~~~~~~~~~~~~~~~~~~~~~
lib/USB/usb.cpp:296:61: warning: 'ArduinoJson::V720PB22::detail::enable_if_t<((bool)ArduinoJson::V720PB22::detail::IsString<TChar*>::value), bool> ArduinoJson::V720PB22::detail::VariantRefBase<TDerived>::containsKey(TChar*) const [with TChar = const char; TDerived = 
ArduinoJson::V720PB22::detail::MemberProxy<ArduinoJson::V720PB22::JsonDocument&, const char*>; ArduinoJson::V720PB22::detail::enable_if_t<((bool)ArduinoJson::V720PB22::detail::IsString<TChar*>::value), bool> = bool]' is deprecated: use obj["key"].is<T>() instead [-Wdeprecated-declarations]
  296 |         if (!doc["data"].isNull() && doc["data"].containsKey("speed")) {
      |                                      ~~~~~~~~~~~~~~~~~~~~~~~^~~~~~~~~
.pio/libdeps/WaveshareESP32S3LCD2/ArduinoJson/src/ArduinoJson/Variant/VariantRefBaseImpl.hpp:89:1: note: declared here
   89 | VariantRefBase<TDerived>::containsKey(TChar* key) const {
      | ^~~~~~~~~~~~~~~~~~~~~~~~
lib/USB/usb.cpp:313:61: warning: 'ArduinoJson::V720PB22::detail::enable_if_t<((bool)ArduinoJson::V720PB22::detail::IsString<TChar*>::value), bool> ArduinoJson::V720PB22::detail::VariantRefBase<TDerived>::containsKey(TChar*) const [with TChar = const char; TDerived = 
ArduinoJson::V720PB22::detail::MemberProxy<ArduinoJson::V720PB22::JsonDocument&, const char*>; ArduinoJson::V720PB22::detail::enable_if_t<((bool)ArduinoJson::V720PB22::detail::IsString<TChar*>::value), bool> = bool]' is deprecated: use obj["key"].is<T>() instead [-Wdeprecated-declarations]
  313 |         if (!doc["data"].isNull() && doc["data"].containsKey("enable")) {
      |                                      ~~~~~~~~~~~~~~~~~~~~~~~^~~~~~~~~~
.pio/libdeps/WaveshareESP32S3LCD2/ArduinoJson/src/ArduinoJson/Variant/VariantRefBaseImpl.hpp:89:1: note: declared here
   89 | VariantRefBase<TDerived>::containsKey(TChar* key) const {
      | ^~~~~~~~~~~~~~~~~~~~~~~~
lib/USB/usb.cpp:330:61: warning: 'ArduinoJson::V720PB22::detail::enable_if_t<((bool)ArduinoJson::V720PB22::detail::IsString<TChar*>::value), bool> ArduinoJson::V720PB22::detail::VariantRefBase<TDerived>::containsKey(TChar*) const [with TChar = const char; TDerived = 
ArduinoJson::V720PB22::detail::MemberProxy<ArduinoJson::V720PB22::JsonDocument&, const char*>; ArduinoJson::V720PB22::detail::enable_if_t<((bool)ArduinoJson::V720PB22::detail::IsString<TChar*>::value), bool> = bool]' is deprecated: use obj["key"].is<T>() instead [-Wdeprecated-declarations]
  330 |         if (!doc["data"].isNull() && doc["data"].containsKey("color")) {
      |                                      ~~~~~~~~~~~~~~~~~~~~~~~^~~~~~~~~
.pio/libdeps/WaveshareESP32S3LCD2/ArduinoJson/src/ArduinoJson/Variant/VariantRefBaseImpl.hpp:89:1: note: declared here
   89 | VariantRefBase<TDerived>::containsKey(TChar* key) const {
      | ^~~~~~~~~~~~~~~~~~~~~~~~
lib/USB/usb.cpp:348:61: warning: 'ArduinoJson::V720PB22::detail::enable_if_t<((bool)ArduinoJson::V720PB22::detail::IsString<TChar*>::value), bool> ArduinoJson::V720PB22::detail::VariantRefBase<TDerived>::containsKey(TChar*) const [with TChar = const char; TDerived = 
ArduinoJson::V720PB22::detail::MemberProxy<ArduinoJson::V720PB22::JsonDocument&, const char*>; ArduinoJson::V720PB22::detail::enable_if_t<((bool)ArduinoJson::V720PB22::detail::IsString<TChar*>::value), bool> = bool]' is deprecated: use obj["key"].is<T>() instead [-Wdeprecated-declarations]
  348 |         if (!doc["data"].isNull() && doc["data"].containsKey("color")) {
      |                                      ~~~~~~~~~~~~~~~~~~~~~~~^~~~~~~~~
.pio/libdeps/WaveshareESP32S3LCD2/ArduinoJson/src/ArduinoJson/Variant/VariantRefBaseImpl.hpp:89:1: note: declared here
   89 | VariantRefBase<TDerived>::containsKey(TChar* key) const {
      | ^~~~~~~~~~~~~~~~~~~~~~~~
Compiling .pio\build\WaveshareESP32S3LCD2\FrameworkArduino\IPAddress.cpp.o
Compiling .pio\build\WaveshareESP32S3LCD2\FrameworkArduino\MD5Builder.cpp.o
Compiling .pio\build\WaveshareESP32S3LCD2\FrameworkArduino\MacAddress.cpp.o
Compiling .pio\build\WaveshareESP32S3LCD2\FrameworkArduino\Print.cpp.o
Compiling .pio\build\WaveshareESP32S3LCD2\FrameworkArduino\Stream.cpp.o
Compiling .pio\build\WaveshareESP32S3LCD2\FrameworkArduino\StreamString.cpp.o
Compiling .pio\build\WaveshareESP32S3LCD2\FrameworkArduino\Tone.cpp.o
Compiling .pio\build\WaveshareESP32S3LCD2\FrameworkArduino\USB.cpp.o
Compiling .pio\build\WaveshareESP32S3LCD2\FrameworkArduino\USBCDC.cpp.o
In file included from C:/Users/Louis/.platformio/packages/framework-arduinoespressif32/cores/esp32/USB.h:19,
                 from C:/Users/Louis/.platformio/packages/framework-arduinoespressif32/cores/esp32/USB.cpp:15:
C:/Users/Louis/.platformio/packages/framework-arduinoespressif32-libs/esp32s3/qio_opi/include/sdkconfig.h:1094:9: warning: "CONFIG_ESP_TASK_WDT_EN" redefined
 1094 | #define CONFIG_ESP_TASK_WDT_EN 1
      |         ^~~~~~~~~~~~~~~~~~~~~~
<command-line>: note: this is the location of the previous definition
C:/Users/Louis/.platformio/packages/framework-arduinoespressif32-libs/esp32s3/qio_opi/include/sdkconfig.h:1095:9: warning: "CONFIG_ESP_TASK_WDT_INIT" redefined
 1095 | #define CONFIG_ESP_TASK_WDT_INIT 1
      |         ^~~~~~~~~~~~~~~~~~~~~~~~
<command-line>: note: this is the location of the previous definition
C:/Users/Louis/.platformio/packages/framework-arduinoespressif32-libs/esp32s3/qio_opi/include/sdkconfig.h:1098:9: warning: "CONFIG_ESP_TASK_WDT_CHECK_IDLE_TASK_CPU0" redefined
 1098 | #define CONFIG_ESP_TASK_WDT_CHECK_IDLE_TASK_CPU0 1
      |         ^~~~~~~~~~~~~~~~~~~~~~~~~~~~~~~~~~~~~~~~
<command-line>: note: this is the location of the previous definition
C:/Users/Louis/.platformio/packages/framework-arduinoespressif32-libs/esp32s3/qio_opi/include/sdkconfig.h:1155:9: warning: "CONFIG_ESP_COREDUMP_ENABLE" redefined
 1155 | #define CONFIG_ESP_COREDUMP_ENABLE 1
      |         ^~~~~~~~~~~~~~~~~~~~~~~~~~
<command-line>: note: this is the location of the previous definition
C:/Users/Louis/.platformio/packages/framework-arduinoespressif32-libs/esp32s3/qio_opi/include/sdkconfig.h:1879:9: warning: "CONFIG_ESP32S3_SPIRAM_SUPPORT" redefined
 1879 | #define CONFIG_ESP32S3_SPIRAM_SUPPORT CONFIG_SPIRAM
      |         ^~~~~~~~~~~~~~~~~~~~~~~~~~~~~
<command-line>: note: this is the location of the previous definition
In file included from C:/Users/Louis/.platformio/packages/framework-arduinoespressif32/cores/esp32/USBCDC.h:19,
                 from C:/Users/Louis/.platformio/packages/framework-arduinoespressif32/cores/esp32/USBCDC.cpp:15:
C:/Users/Louis/.platformio/packages/framework-arduinoespressif32-libs/esp32s3/qio_opi/include/sdkconfig.h:1094:9: warning: "CONFIG_ESP_TASK_WDT_EN" redefined
 1094 | #define CONFIG_ESP_TASK_WDT_EN 1
      |         ^~~~~~~~~~~~~~~~~~~~~~
<command-line>: note: this is the location of the previous definition
C:/Users/Louis/.platformio/packages/framework-arduinoespressif32-libs/esp32s3/qio_opi/include/sdkconfig.h:1095:9: warning: "CONFIG_ESP_TASK_WDT_INIT" redefined
 1095 | #define CONFIG_ESP_TASK_WDT_INIT 1
      |         ^~~~~~~~~~~~~~~~~~~~~~~~
<command-line>: note: this is the location of the previous definition
C:/Users/Louis/.platformio/packages/framework-arduinoespressif32-libs/esp32s3/qio_opi/include/sdkconfig.h:1098:9: warning: "CONFIG_ESP_TASK_WDT_CHECK_IDLE_TASK_CPU0" redefined
 1098 | #define CONFIG_ESP_TASK_WDT_CHECK_IDLE_TASK_CPU0 1
      |         ^~~~~~~~~~~~~~~~~~~~~~~~~~~~~~~~~~~~~~~~
<command-line>: note: this is the location of the previous definition
C:/Users/Louis/.platformio/packages/framework-arduinoespressif32-libs/esp32s3/qio_opi/include/sdkconfig.h:1155:9: warning: "CONFIG_ESP_COREDUMP_ENABLE" redefined
 1155 | #define CONFIG_ESP_COREDUMP_ENABLE 1
      |         ^~~~~~~~~~~~~~~~~~~~~~~~~~
<command-line>: note: this is the location of the previous definition
C:/Users/Louis/.platformio/packages/framework-arduinoespressif32-libs/esp32s3/qio_opi/include/sdkconfig.h:1879:9: warning: "CONFIG_ESP32S3_SPIRAM_SUPPORT" redefined
 1879 | #define CONFIG_ESP32S3_SPIRAM_SUPPORT CONFIG_SPIRAM
      |         ^~~~~~~~~~~~~~~~~~~~~~~~~~~~~
<command-line>: note: this is the location of the previous definition
Compiling .pio\build\WaveshareESP32S3LCD2\FrameworkArduino\USBMSC.cpp.o
Compiling .pio\build\WaveshareESP32S3LCD2\FrameworkArduino\WMath.cpp.o
Compiling .pio\build\WaveshareESP32S3LCD2\FrameworkArduino\WString.cpp.o
In file included from C:/Users/Louis/.platformio/packages/framework-arduinoespressif32/cores/esp32/USBMSC.h:22,
                 from C:/Users/Louis/.platformio/packages/framework-arduinoespressif32/cores/esp32/USBMSC.cpp:15:
C:/Users/Louis/.platformio/packages/framework-arduinoespressif32-libs/esp32s3/qio_opi/include/sdkconfig.h:1094:9: warning: "CONFIG_ESP_TASK_WDT_EN" redefined
 1094 | #define CONFIG_ESP_TASK_WDT_EN 1
      |         ^~~~~~~~~~~~~~~~~~~~~~
<command-line>: note: this is the location of the previous definition
C:/Users/Louis/.platformio/packages/framework-arduinoespressif32-libs/esp32s3/qio_opi/include/sdkconfig.h:1095:9: warning: "CONFIG_ESP_TASK_WDT_INIT" redefined
 1095 | #define CONFIG_ESP_TASK_WDT_INIT 1
      |         ^~~~~~~~~~~~~~~~~~~~~~~~
<command-line>: note: this is the location of the previous definition
C:/Users/Louis/.platformio/packages/framework-arduinoespressif32-libs/esp32s3/qio_opi/include/sdkconfig.h:1098:9: warning: "CONFIG_ESP_TASK_WDT_CHECK_IDLE_TASK_CPU0" redefined
 1098 | #define CONFIG_ESP_TASK_WDT_CHECK_IDLE_TASK_CPU0 1
      |         ^~~~~~~~~~~~~~~~~~~~~~~~~~~~~~~~~~~~~~~~
<command-line>: note: this is the location of the previous definition
C:/Users/Louis/.platformio/packages/framework-arduinoespressif32-libs/esp32s3/qio_opi/include/sdkconfig.h:1155:9: warning: "CONFIG_ESP_COREDUMP_ENABLE" redefined
 1155 | #define CONFIG_ESP_COREDUMP_ENABLE 1
      |         ^~~~~~~~~~~~~~~~~~~~~~~~~~
<command-line>: note: this is the location of the previous definition
C:/Users/Louis/.platformio/packages/framework-arduinoespressif32-libs/esp32s3/qio_opi/include/sdkconfig.h:1879:9: warning: "CONFIG_ESP32S3_SPIRAM_SUPPORT" redefined
 1879 | #define CONFIG_ESP32S3_SPIRAM_SUPPORT CONFIG_SPIRAM
      |         ^~~~~~~~~~~~~~~~~~~~~~~~~~~~~
<command-line>: note: this is the location of the previous definition
In file included from lib/LAPTIMER/laptimer.h:7,
                 from lib/WEBSERVER/webserver.h:5,
                 from lib/WEBSERVER/webserver.cpp:1:
lib/CONFIG/config.h:74:9: warning: "PIN_RGB_LED" redefined
   74 | #define PIN_RGB_LED -1         // Optional external WS2812 DIN on header (safe for USB)
      |         ^~~~~~~~~~~
In file included from C:/Users/Louis/.platformio/packages/framework-arduinoespressif32/cores/esp32/Arduino.h:43,
                 from .pio/libdeps/WaveshareESP32S3LCD2/ESPAsyncWebServer@src-8a740033305cb1c99d89b522d725653f/src/ESPAsyncWebServer.h:24,
                 from lib/WEBSERVER/webserver.h:1:
C:/Users/Louis/.platformio/packages/framework-arduinoespressif32/variants/esp32s3/pins_arduino.h:13:9: note: this is the location of the previous definition
   13 | #define PIN_RGB_LED 48
      |         ^~~~~~~~~~~
Compiling .pio\build\WaveshareESP32S3LCD2\FrameworkArduino\base64.cpp.o
In file included from lib/LAPTIMER/laptimer.h:7,
                 from lib/WEBSERVER/webserver.h:5,
                 from src/main.cpp:5:
lib/CONFIG/config.h:74:9: warning: "PIN_RGB_LED" redefined
   74 | #define PIN_RGB_LED -1         // Optional external WS2812 DIN on header (safe for USB)
      |         ^~~~~~~~~~~
In file included from C:/Users/Louis/.platformio/packages/framework-arduinoespressif32/cores/esp32/Arduino.h:43,
                 from src/main.cpp:1:
C:/Users/Louis/.platformio/packages/framework-arduinoespressif32/variants/esp32s3/pins_arduino.h:13:9: note: this is the location of the previous definition
   13 | #define PIN_RGB_LED 48
      |         ^~~~~~~~~~~
Compiling .pio\build\WaveshareESP32S3LCD2\FrameworkArduino\cbuf.cpp.o
Compiling .pio\build\WaveshareESP32S3LCD2\FrameworkArduino\chip-debug-report.cpp.o
Compiling .pio\build\WaveshareESP32S3LCD2\FrameworkArduino\esp32-hal-adc.c.o
Compiling .pio\build\WaveshareESP32S3LCD2\FrameworkArduino\esp32-hal-bt.c.o
Compiling .pio\build\WaveshareESP32S3LCD2\FrameworkArduino\esp32-hal-cpu.c.o
In file included from C:/Users/Louis/.platformio/packages/framework-arduinoespressif32/cores/esp32/esp32-hal-cpu.c:15:
C:/Users/Louis/.platformio/packages/framework-arduinoespressif32-libs/esp32s3/qio_opi/include/sdkconfig.h:1094:9: warning: "CONFIG_ESP_TASK_WDT_EN" redefined
 1094 | #define CONFIG_ESP_TASK_WDT_EN 1
      |         ^~~~~~~~~~~~~~~~~~~~~~
<command-line>: note: this is the location of the previous definition
C:/Users/Louis/.platformio/packages/framework-arduinoespressif32-libs/esp32s3/qio_opi/include/sdkconfig.h:1095:9: warning: "CONFIG_ESP_TASK_WDT_INIT" redefined
 1095 | #define CONFIG_ESP_TASK_WDT_INIT 1
      |         ^~~~~~~~~~~~~~~~~~~~~~~~
<command-line>: note: this is the location of the previous definition
C:/Users/Louis/.platformio/packages/framework-arduinoespressif32-libs/esp32s3/qio_opi/include/sdkconfig.h:1098:9: warning: "CONFIG_ESP_TASK_WDT_CHECK_IDLE_TASK_CPU0" redefined
 1098 | #define CONFIG_ESP_TASK_WDT_CHECK_IDLE_TASK_CPU0 1
      |         ^~~~~~~~~~~~~~~~~~~~~~~~~~~~~~~~~~~~~~~~
<command-line>: note: this is the location of the previous definition
C:/Users/Louis/.platformio/packages/framework-arduinoespressif32-libs/esp32s3/qio_opi/include/sdkconfig.h:1155:9: warning: "CONFIG_ESP_COREDUMP_ENABLE" redefined
 1155 | #define CONFIG_ESP_COREDUMP_ENABLE 1
      |         ^~~~~~~~~~~~~~~~~~~~~~~~~~
<command-line>: note: this is the location of the previous definition
C:/Users/Louis/.platformio/packages/framework-arduinoespressif32-libs/esp32s3/qio_opi/include/sdkconfig.h:1879:9: warning: "CONFIG_ESP32S3_SPIRAM_SUPPORT" redefined
 1879 | #define CONFIG_ESP32S3_SPIRAM_SUPPORT CONFIG_SPIRAM
      |         ^~~~~~~~~~~~~~~~~~~~~~~~~~~~~
<command-line>: note: this is the location of the previous definition
Compiling .pio\build\WaveshareESP32S3LCD2\FrameworkArduino\esp32-hal-dac.c.o
Compiling .pio\build\WaveshareESP32S3LCD2\FrameworkArduino\esp32-hal-gpio.c.o
Compiling .pio\build\WaveshareESP32S3LCD2\FrameworkArduino\esp32-hal-hosted.c.o
Compiling .pio\build\WaveshareESP32S3LCD2\FrameworkArduino\esp32-hal-i2c-ng.c.o
In file included from C:/Users/Louis/.platformio/packages/framework-arduinoespressif32/cores/esp32/esp32-hal-hosted.c:15:
C:/Users/Louis/.platformio/packages/framework-arduinoespressif32-libs/esp32s3/qio_opi/include/sdkconfig.h:1094:9: warning: "CONFIG_ESP_TASK_WDT_EN" redefined
 1094 | #define CONFIG_ESP_TASK_WDT_EN 1
      |         ^~~~~~~~~~~~~~~~~~~~~~
<command-line>: note: this is the location of the previous definition
C:/Users/Louis/.platformio/packages/framework-arduinoespressif32-libs/esp32s3/qio_opi/include/sdkconfig.h:1095:9: warning: "CONFIG_ESP_TASK_WDT_INIT" redefined
 1095 | #define CONFIG_ESP_TASK_WDT_INIT 1
      |         ^~~~~~~~~~~~~~~~~~~~~~~~
<command-line>: note: this is the location of the previous definition
C:/Users/Louis/.platformio/packages/framework-arduinoespressif32-libs/esp32s3/qio_opi/include/sdkconfig.h:1098:9: warning: "CONFIG_ESP_TASK_WDT_CHECK_IDLE_TASK_CPU0" redefined
 1098 | #define CONFIG_ESP_TASK_WDT_CHECK_IDLE_TASK_CPU0 1
      |         ^~~~~~~~~~~~~~~~~~~~~~~~~~~~~~~~~~~~~~~~
<command-line>: note: this is the location of the previous definition
C:/Users/Louis/.platformio/packages/framework-arduinoespressif32-libs/esp32s3/qio_opi/include/sdkconfig.h:1155:9: warning: "CONFIG_ESP_COREDUMP_ENABLE" redefined
 1155 | #define CONFIG_ESP_COREDUMP_ENABLE 1
      |         ^~~~~~~~~~~~~~~~~~~~~~~~~~
<command-line>: note: this is the location of the previous definition
C:/Users/Louis/.platformio/packages/framework-arduinoespressif32-libs/esp32s3/qio_opi/include/sdkconfig.h:1879:9: warning: "CONFIG_ESP32S3_SPIRAM_SUPPORT" redefined
 1879 | #define CONFIG_ESP32S3_SPIRAM_SUPPORT CONFIG_SPIRAM
      |         ^~~~~~~~~~~~~~~~~~~~~~~~~~~~~
<command-line>: note: this is the location of the previous definition
Compiling .pio\build\WaveshareESP32S3LCD2\FrameworkArduino\esp32-hal-i2c-slave.c.o
Compiling .pio\build\WaveshareESP32S3LCD2\FrameworkArduino\esp32-hal-i2c.c.o
Compiling .pio\build\WaveshareESP32S3LCD2\FrameworkArduino\esp32-hal-ledc.c.o
Compiling .pio\build\WaveshareESP32S3LCD2\FrameworkArduino\esp32-hal-matrix.c.o
Compiling .pio\build\WaveshareESP32S3LCD2\FrameworkArduino\esp32-hal-misc.c.o
In file included from C:/Users/Louis/.platformio/packages/framework-arduinoespressif32/cores/esp32/esp32-hal-misc.c:15:
C:/Users/Louis/.platformio/packages/framework-arduinoespressif32-libs/esp32s3/qio_opi/include/sdkconfig.h:1094:9: warning: "CONFIG_ESP_TASK_WDT_EN" redefined
 1094 | #define CONFIG_ESP_TASK_WDT_EN 1
      |         ^~~~~~~~~~~~~~~~~~~~~~
<command-line>: note: this is the location of the previous definition
C:/Users/Louis/.platformio/packages/framework-arduinoespressif32-libs/esp32s3/qio_opi/include/sdkconfig.h:1095:9: warning: "CONFIG_ESP_TASK_WDT_INIT" redefined
 1095 | #define CONFIG_ESP_TASK_WDT_INIT 1
      |         ^~~~~~~~~~~~~~~~~~~~~~~~
<command-line>: note: this is the location of the previous definition
C:/Users/Louis/.platformio/packages/framework-arduinoespressif32-libs/esp32s3/qio_opi/include/sdkconfig.h:1098:9: warning: "CONFIG_ESP_TASK_WDT_CHECK_IDLE_TASK_CPU0" redefined
 1098 | #define CONFIG_ESP_TASK_WDT_CHECK_IDLE_TASK_CPU0 1
      |         ^~~~~~~~~~~~~~~~~~~~~~~~~~~~~~~~~~~~~~~~
<command-line>: note: this is the location of the previous definition
C:/Users/Louis/.platformio/packages/framework-arduinoespressif32-libs/esp32s3/qio_opi/include/sdkconfig.h:1155:9: warning: "CONFIG_ESP_COREDUMP_ENABLE" redefined
 1155 | #define CONFIG_ESP_COREDUMP_ENABLE 1
      |         ^~~~~~~~~~~~~~~~~~~~~~~~~~
<command-line>: note: this is the location of the previous definition
C:/Users/Louis/.platformio/packages/framework-arduinoespressif32-libs/esp32s3/qio_opi/include/sdkconfig.h:1879:9: warning: "CONFIG_ESP32S3_SPIRAM_SUPPORT" redefined
 1879 | #define CONFIG_ESP32S3_SPIRAM_SUPPORT CONFIG_SPIRAM
      |         ^~~~~~~~~~~~~~~~~~~~~~~~~~~~~
<command-line>: note: this is the location of the previous definition
Compiling .pio\build\WaveshareESP32S3LCD2\FrameworkArduino\esp32-hal-periman.c.o
In file included from C:/Users/Louis/.platformio/packages/framework-arduinoespressif32/cores/esp32/esp32-hal-log.h:21,
                 from C:/Users/Louis/.platformio/packages/framework-arduinoespressif32/cores/esp32/esp32-hal-periman.c:7:
C:/Users/Louis/.platformio/packages/framework-arduinoespressif32-libs/esp32s3/qio_opi/include/sdkconfig.h:1094:9: warning: "CONFIG_ESP_TASK_WDT_EN" redefined
 1094 | #define CONFIG_ESP_TASK_WDT_EN 1
      |         ^~~~~~~~~~~~~~~~~~~~~~
<command-line>: note: this is the location of the previous definition
C:/Users/Louis/.platformio/packages/framework-arduinoespressif32-libs/esp32s3/qio_opi/include/sdkconfig.h:1095:9: warning: "CONFIG_ESP_TASK_WDT_INIT" redefined
 1095 | #define CONFIG_ESP_TASK_WDT_INIT 1
      |         ^~~~~~~~~~~~~~~~~~~~~~~~
<command-line>: note: this is the location of the previous definition
C:/Users/Louis/.platformio/packages/framework-arduinoespressif32-libs/esp32s3/qio_opi/include/sdkconfig.h:1098:9: warning: "CONFIG_ESP_TASK_WDT_CHECK_IDLE_TASK_CPU0" redefined
 1098 | #define CONFIG_ESP_TASK_WDT_CHECK_IDLE_TASK_CPU0 1
      |         ^~~~~~~~~~~~~~~~~~~~~~~~~~~~~~~~~~~~~~~~
<command-line>: note: this is the location of the previous definition
C:/Users/Louis/.platformio/packages/framework-arduinoespressif32-libs/esp32s3/qio_opi/include/sdkconfig.h:1155:9: warning: "CONFIG_ESP_COREDUMP_ENABLE" redefined
 1155 | #define CONFIG_ESP_COREDUMP_ENABLE 1
      |         ^~~~~~~~~~~~~~~~~~~~~~~~~~
<command-line>: note: this is the location of the previous definition
C:/Users/Louis/.platformio/packages/framework-arduinoespressif32-libs/esp32s3/qio_opi/include/sdkconfig.h:1879:9: warning: "CONFIG_ESP32S3_SPIRAM_SUPPORT" redefined
 1879 | #define CONFIG_ESP32S3_SPIRAM_SUPPORT CONFIG_SPIRAM
      |         ^~~~~~~~~~~~~~~~~~~~~~~~~~~~~
<command-line>: note: this is the location of the previous definition
Compiling .pio\build\WaveshareESP32S3LCD2\FrameworkArduino\esp32-hal-psram.c.o
Compiling .pio\build\WaveshareESP32S3LCD2\FrameworkArduino\esp32-hal-rgb-led.c.o
Compiling .pio\build\WaveshareESP32S3LCD2\FrameworkArduino\esp32-hal-rmt.c.o
Compiling .pio\build\WaveshareESP32S3LCD2\FrameworkArduino\esp32-hal-sigmadelta.c.o
Compiling .pio\build\WaveshareESP32S3LCD2\FrameworkArduino\esp32-hal-spi.c.o
In file included from C:/Users/Louis/.platformio/packages/framework-arduinoespressif32/cores/esp32/esp32-hal-spi.h:25,
                 from C:/Users/Louis/.platformio/packages/framework-arduinoespressif32/cores/esp32/esp32-hal-spi.c:15:
C:/Users/Louis/.platformio/packages/framework-arduinoespressif32-libs/esp32s3/qio_opi/include/sdkconfig.h:1094:9: warning: "CONFIG_ESP_TASK_WDT_EN" redefined
 1094 | #define CONFIG_ESP_TASK_WDT_EN 1
      |         ^~~~~~~~~~~~~~~~~~~~~~
<command-line>: note: this is the location of the previous definition
C:/Users/Louis/.platformio/packages/framework-arduinoespressif32-libs/esp32s3/qio_opi/include/sdkconfig.h:1095:9: warning: "CONFIG_ESP_TASK_WDT_INIT" redefined
 1095 | #define CONFIG_ESP_TASK_WDT_INIT 1
      |         ^~~~~~~~~~~~~~~~~~~~~~~~
<command-line>: note: this is the location of the previous definition
C:/Users/Louis/.platformio/packages/framework-arduinoespressif32-libs/esp32s3/qio_opi/include/sdkconfig.h:1098:9: warning: "CONFIG_ESP_TASK_WDT_CHECK_IDLE_TASK_CPU0" redefined
 1098 | #define CONFIG_ESP_TASK_WDT_CHECK_IDLE_TASK_CPU0 1
      |         ^~~~~~~~~~~~~~~~~~~~~~~~~~~~~~~~~~~~~~~~
<command-line>: note: this is the location of the previous definition
C:/Users/Louis/.platformio/packages/framework-arduinoespressif32-libs/esp32s3/qio_opi/include/sdkconfig.h:1155:9: warning: "CONFIG_ESP_COREDUMP_ENABLE" redefined
 1155 | #define CONFIG_ESP_COREDUMP_ENABLE 1
      |         ^~~~~~~~~~~~~~~~~~~~~~~~~~
<command-line>: note: this is the location of the previous definition
C:/Users/Louis/.platformio/packages/framework-arduinoespressif32-libs/esp32s3/qio_opi/include/sdkconfig.h:1879:9: warning: "CONFIG_ESP32S3_SPIRAM_SUPPORT" redefined
 1879 | #define CONFIG_ESP32S3_SPIRAM_SUPPORT CONFIG_SPIRAM
      |         ^~~~~~~~~~~~~~~~~~~~~~~~~~~~~
<command-line>: note: this is the location of the previous definition
Compiling .pio\build\WaveshareESP32S3LCD2\FrameworkArduino\esp32-hal-time.c.o
Compiling .pio\build\WaveshareESP32S3LCD2\FrameworkArduino\esp32-hal-timer.c.o
Compiling .pio\build\WaveshareESP32S3LCD2\FrameworkArduino\esp32-hal-tinyusb.c.o
Compiling .pio\build\WaveshareESP32S3LCD2\FrameworkArduino\esp32-hal-touch-ng.c.o
Compiling .pio\build\WaveshareESP32S3LCD2\FrameworkArduino\esp32-hal-touch.c.o
In file included from C:/Users/Louis/.platformio/packages/framework-arduinoespressif32/cores/esp32/esp32-hal-tinyusb.c:4:
C:/Users/Louis/.platformio/packages/framework-arduinoespressif32-libs/esp32s3/qio_opi/include/sdkconfig.h:1094:9: warning: "CONFIG_ESP_TASK_WDT_EN" redefined
 1094 | #define CONFIG_ESP_TASK_WDT_EN 1
      |         ^~~~~~~~~~~~~~~~~~~~~~
<command-line>: note: this is the location of the previous definition
C:/Users/Louis/.platformio/packages/framework-arduinoespressif32-libs/esp32s3/qio_opi/include/sdkconfig.h:1095:9: warning: "CONFIG_ESP_TASK_WDT_INIT" redefined
 1095 | #define CONFIG_ESP_TASK_WDT_INIT 1
      |         ^~~~~~~~~~~~~~~~~~~~~~~~
<command-line>: note: this is the location of the previous definition
C:/Users/Louis/.platformio/packages/framework-arduinoespressif32-libs/esp32s3/qio_opi/include/sdkconfig.h:1098:9: warning: "CONFIG_ESP_TASK_WDT_CHECK_IDLE_TASK_CPU0" redefined
 1098 | #define CONFIG_ESP_TASK_WDT_CHECK_IDLE_TASK_CPU0 1
      |         ^~~~~~~~~~~~~~~~~~~~~~~~~~~~~~~~~~~~~~~~
<command-line>: note: this is the location of the previous definition
C:/Users/Louis/.platformio/packages/framework-arduinoespressif32-libs/esp32s3/qio_opi/include/sdkconfig.h:1155:9: warning: "CONFIG_ESP_COREDUMP_ENABLE" redefined
 1155 | #define CONFIG_ESP_COREDUMP_ENABLE 1
      |         ^~~~~~~~~~~~~~~~~~~~~~~~~~
<command-line>: note: this is the location of the previous definition
C:/Users/Louis/.platformio/packages/framework-arduinoespressif32-libs/esp32s3/qio_opi/include/sdkconfig.h:1879:9: warning: "CONFIG_ESP32S3_SPIRAM_SUPPORT" redefined
 1879 | #define CONFIG_ESP32S3_SPIRAM_SUPPORT CONFIG_SPIRAM
      |         ^~~~~~~~~~~~~~~~~~~~~~~~~~~~~
<command-line>: note: this is the location of the previous definition
Compiling .pio\build\WaveshareESP32S3LCD2\FrameworkArduino\esp32-hal-uart.c.o
Compiling .pio\build\WaveshareESP32S3LCD2\FrameworkArduino\firmware_msc_fat.c.o
Compiling .pio\build\WaveshareESP32S3LCD2\FrameworkArduino\freertos_stats.cpp.o
Compiling .pio\build\WaveshareESP32S3LCD2\FrameworkArduino\libb64\cdecode.c.o
Compiling .pio\build\WaveshareESP32S3LCD2\FrameworkArduino\libb64\cencode.c.o
Compiling .pio\build\WaveshareESP32S3LCD2\FrameworkArduino\main.cpp.o
Compiling .pio\build\WaveshareESP32S3LCD2\FrameworkArduino\stdlib_noniso.c.o
Compiling .pio\build\WaveshareESP32S3LCD2\FrameworkArduino\wiring_pulse.c.o
Compiling .pio\build\WaveshareESP32S3LCD2\FrameworkArduino\wiring_shift.c.o
Archiving .pio\build\WaveshareESP32S3LCD2\libFrameworkArduino.a
Linking .pio\build\WaveshareESP32S3LCD2\firmware.elf
Firmware metrics can not be shown. Set the terminal codepage to "utf-8" or "cp65001" on Windows.
Retrieving maximum program size .pio\build\WaveshareESP32S3LCD2\firmware.elf
Checking size .pio\build\WaveshareESP32S3LCD2\firmware.elf
Advanced Memory Usage is available via "PlatformIO Home > Project Inspect"
RAM:   [==        ]  24.7% (used 80992 bytes from 327680 bytes)
Flash: [========= ]  92.5% (used 1939583 bytes from 2097152 bytes)
Building .pio\build\WaveshareESP32S3LCD2\firmware.bin
esptool v5.1.0
Creating ESP32S3 image...
Merged 3 ELF sections.
Successfully created ESP32S3 image.
======================== [SUCCESS] Took 174.29 seconds ========================

Processing FPVGateAIO (framework: arduino; platform: espressif32@6.9.0; board: seeed_xiao_esp32s3)
--------------------------------------------------------------------------------
Tool Manager: Installing platformio/framework-arduinoespressif32 @ ~3.20017.0
Unpacking 0% 10% 20% 30% 40% 50% 60% 70% 80% 90% 100%
Tool Manager: framework-arduinoespressif32@3.20017.241212+sha.dcc1105b has been installed!
Tool Manager: Installing platformio/tool-esptoolpy @ ~1.40501.0
Unpacking 0% 10% 20% 30% 40% 50% 60% 70% 80% 90% 100%
Tool Manager: tool-esptoolpy@1.40501.0 has been installed!
Verbose mode can be enabled via `-v, --verbose` option
CONFIGURATION: https://docs.platformio.org/page/boards/espressif32/seeed_xiao_esp32s3.html
PLATFORM: Espressif 32 (6.9.0) > Seeed Studio XIAO ESP32S3
HARDWARE: ESP32S3 240MHz, 320KB RAM, 8MB Flash
DEBUG: Current (cmsis-dap) External (cmsis-dap, esp-bridge, esp-builtin, esp-prog, iot-bus-jtag, jlink, minimodule, olimex-arm-usb-ocd, olimex-arm-usb-ocd-h, olimex-arm-usb-tiny-h, olimex-jtag-tiny, tumpa)
PACKAGES: 
 - framework-arduinoespressif32 @ 3.20017.241212+sha.dcc1105b 
 - tool-esptoolpy @ 1.40501.0 (4.5.1) 
 - toolchain-riscv32-esp @ 8.4.0+2021r2-patch5 
 - toolchain-xtensa-esp32s3 @ 8.4.0+2021r2-patch5
LDF: Library Dependency Finder -> https://bit.ly/configure-pio-ldf
LDF Modes: Finder ~ chain, Compatibility ~ strict
Found 65 compatible libraries
Scanning dependencies...
Dependency Graph
|-- AsyncTCP @ 3.3.2+sha.ef448a8
|-- ESPAsyncWebServer @ 3.6.0+sha.ad3741d
|-- ArduinoJson @ 7.2.0
|-- ElegantOTA @ 3.1.7
|-- FastLED @ 3.10.3
|-- AUDIO @ 1.0.0
|-- DEBUG
|-- ELRS_BACKPACK
|-- LED
|-- POWER
|-- QMI8658
|-- RACEHISTORY
|-- RGBLED
|-- ROTORHAZARD
|-- SELFTEST
|-- STORAGE
|-- TRACKMANAGER
|-- TRANSPORT
|-- USB
|-- WEBHOOK
|-- WEBSERVER
Building in release mode
Compiling .pio\build\FPVGateAIO\src\main.cpp.o
Building .pio\build\FPVGateAIO\bootloader.bin
Generating partitions .pio\build\FPVGateAIO\partitions.bin
esptool.py v4.5.1
Creating esp32s3 image...
Merged 1 ELF section
Successfully created esp32s3 image.
Compiling .pio\build\FPVGateAIO\lib6a5\AsyncTCP@src-7fb2940bccb78b8d2de6915ae328b7fc\AsyncTCP.cpp.o
Compiling .pio\build\FPVGateAIO\lib971\FS\FS.cpp.o
Compiling .pio\build\FPVGateAIO\lib971\FS\vfs_api.cpp.o
Compiling .pio\build\FPVGateAIO\lib868\WiFi\WiFi.cpp.o
Compiling .pio\build\FPVGateAIO\lib868\WiFi\WiFiAP.cpp.o
Compiling .pio\build\FPVGateAIO\lib868\WiFi\WiFiClient.cpp.o
Compiling .pio\build\FPVGateAIO\lib868\WiFi\WiFiGeneric.cpp.o
Compiling .pio\build\FPVGateAIO\lib868\WiFi\WiFiMulti.cpp.o
Compiling .pio\build\FPVGateAIO\lib868\WiFi\WiFiSTA.cpp.o
Compiling .pio\build\FPVGateAIO\lib868\WiFi\WiFiScan.cpp.o
Compiling .pio\build\FPVGateAIO\lib868\WiFi\WiFiServer.cpp.o
Compiling .pio\build\FPVGateAIO\lib868\WiFi\WiFiUdp.cpp.o
Compiling .pio\build\FPVGateAIO\lib453\WebServer\Parsing.cpp.o
Compiling .pio\build\FPVGateAIO\lib453\WebServer\WebServer.cpp.o
Compiling .pio\build\FPVGateAIO\lib453\WebServer\detail\mimetable.cpp.o
Compiling .pio\build\FPVGateAIO\lib801\ESPAsyncWebServer@src-8a740033305cb1c99d89b522d725653f\AsyncEventSource.cpp.o
Compiling .pio\build\FPVGateAIO\lib801\ESPAsyncWebServer@src-8a740033305cb1c99d89b522d725653f\AsyncJson.cpp.o
Archiving .pio\build\FPVGateAIO\lib971\libFS.a
Archiving .pio\build\FPVGateAIO\lib6a5\libAsyncTCP@src-7fb2940bccb78b8d2de6915ae328b7fc.a
Compiling .pio\build\FPVGateAIO\lib801\ESPAsyncWebServer@src-8a740033305cb1c99d89b522d725653f\AsyncMessagePack.cpp.o
Compiling .pio\build\FPVGateAIO\lib801\ESPAsyncWebServer@src-8a740033305cb1c99d89b522d725653f\AsyncWebHeader.cpp.o
Compiling .pio\build\FPVGateAIO\lib801\ESPAsyncWebServer@src-8a740033305cb1c99d89b522d725653f\AsyncWebSocket.cpp.o
Compiling .pio\build\FPVGateAIO\lib801\ESPAsyncWebServer@src-8a740033305cb1c99d89b522d725653f\BackPort_SHA1Builder.cpp.o
Compiling .pio\build\FPVGateAIO\lib801\ESPAsyncWebServer@src-8a740033305cb1c99d89b522d725653f\ChunkPrint.cpp.o
Compiling .pio\build\FPVGateAIO\lib801\ESPAsyncWebServer@src-8a740033305cb1c99d89b522d725653f\Middleware.cpp.o
Compiling .pio\build\FPVGateAIO\lib801\ESPAsyncWebServer@src-8a740033305cb1c99d89b522d725653f\WebAuthentication.cpp.o
Compiling .pio\build\FPVGateAIO\lib801\ESPAsyncWebServer@src-8a740033305cb1c99d89b522d725653f\WebHandlers.cpp.o
Compiling .pio\build\FPVGateAIO\lib801\ESPAsyncWebServer@src-8a740033305cb1c99d89b522d725653f\WebRequest.cpp.o
Compiling .pio\build\FPVGateAIO\lib801\ESPAsyncWebServer@src-8a740033305cb1c99d89b522d725653f\WebResponses.cpp.o
Compiling .pio\build\FPVGateAIO\lib801\ESPAsyncWebServer@src-8a740033305cb1c99d89b522d725653f\WebServer.cpp.o
Archiving .pio\build\FPVGateAIO\lib868\libWiFi.a
Compiling .pio\build\FPVGateAIO\lib255\LittleFS\LittleFS.cpp.o
Compiling .pio\build\FPVGateAIO\lib7cd\Update\HttpsOTAUpdate.cpp.o
Archiving .pio\build\FPVGateAIO\lib453\libWebServer.a
Compiling .pio\build\FPVGateAIO\lib7cd\Update\Updater.cpp.o
Compiling .pio\build\FPVGateAIO\lib0c0\ElegantOTA\ElegantOTA.cpp.o
Compiling .pio\build\FPVGateAIO\lib0c0\ElegantOTA\elop.cpp.o
Compiling .pio\build\FPVGateAIO\lib05b\SPI\SPI.cpp.o
Compiling .pio\build\FPVGateAIO\libd4e\I2S\I2S.cpp.o
Compiling .pio\build\FPVGateAIO\lib53e\SD\SD.cpp.o
Archiving .pio\build\FPVGateAIO\lib255\libLittleFS.a
Compiling .pio\build\FPVGateAIO\lib53e\SD\sd_diskio.cpp.o
Compiling .pio\build\FPVGateAIO\lib53e\SD\sd_diskio_crc.c.o
Compiling .pio\build\FPVGateAIO\lib0f6\FastLED\FastLED.cpp.o
Archiving .pio\build\FPVGateAIO\lib801\libESPAsyncWebServer@src-8a740033305cb1c99d89b522d725653f.a
Archiving .pio\build\FPVGateAIO\lib7cd\libUpdate.a
Compiling .pio\build\FPVGateAIO\lib0f6\FastLED\bitswap.cpp.o
Compiling .pio\build\FPVGateAIO\lib0f6\FastLED\cled_controller.cpp.o
Compiling .pio\build\FPVGateAIO\lib0f6\FastLED\colorpalettes.cpp.o
Compiling .pio\build\FPVGateAIO\lib0f6\FastLED\crgb.cpp.o
Compiling .pio\build\FPVGateAIO\lib0f6\FastLED\fl\allocator.cpp.o
Compiling .pio\build\FPVGateAIO\lib0f6\FastLED\fl\async.cpp.o
Compiling .pio\build\FPVGateAIO\lib0f6\FastLED\fl\audio.cpp.o
Archiving .pio\build\FPVGateAIO\lib05b\libSPI.a
Compiling .pio\build\FPVGateAIO\lib0f6\FastLED\fl\audio_input.cpp.o
Compiling .pio\build\FPVGateAIO\lib0f6\FastLED\fl\audio_reactive.cpp.o
Compiling .pio\build\FPVGateAIO\lib0f6\FastLED\fl\bitset.cpp.o
Compiling .pio\build\FPVGateAIO\lib0f6\FastLED\fl\blur.cpp.o
Compiling .pio\build\FPVGateAIO\lib0f6\FastLED\fl\bytestreammemory.cpp.o
Archiving .pio\build\FPVGateAIO\libd4e\libI2S.a
Compiling .pio\build\FPVGateAIO\lib0f6\FastLED\fl\colorutils.cpp.o
Compiling .pio\build\FPVGateAIO\lib0f6\FastLED\fl\corkscrew.cpp.o
Archiving .pio\build\FPVGateAIO\lib0c0\libElegantOTA.a
Compiling .pio\build\FPVGateAIO\lib0f6\FastLED\fl\crgb_hsv16.cpp.o
Compiling .pio\build\FPVGateAIO\lib0f6\FastLED\fl\downscale.cpp.o
Compiling .pio\build\FPVGateAIO\lib0f6\FastLED\fl\ease.cpp.o
Compiling .pio\build\FPVGateAIO\lib0f6\FastLED\fl\engine_events.cpp.o
Compiling .pio\build\FPVGateAIO\lib0f6\FastLED\fl\fetch.cpp.o
Compiling .pio\build\FPVGateAIO\lib0f6\FastLED\fl\fft.cpp.o
Compiling .pio\build\FPVGateAIO\lib0f6\FastLED\fl\fft_impl.cpp.o
Archiving .pio\build\FPVGateAIO\lib53e\libSD.a
Compiling .pio\build\FPVGateAIO\lib0f6\FastLED\fl\file_system.cpp.o
Compiling .pio\build\FPVGateAIO\lib0f6\FastLED\fl\fill.cpp.o
Compiling .pio\build\FPVGateAIO\lib0f6\FastLED\fl\gamma.cpp.o
Compiling .pio\build\FPVGateAIO\lib0f6\FastLED\fl\gradient.cpp.o
Compiling .pio\build\FPVGateAIO\lib0f6\FastLED\fl\hsv16.cpp.o
Compiling .pio\build\FPVGateAIO\lib0f6\FastLED\fl\id_tracker.cpp.o
Compiling .pio\build\FPVGateAIO\lib0f6\FastLED\fl\io.cpp.o
Compiling .pio\build\FPVGateAIO\lib0f6\FastLED\fl\istream.cpp.o
Compiling .pio\build\FPVGateAIO\lib0f6\FastLED\fl\json.cpp.o
Compiling .pio\build\FPVGateAIO\lib0f6\FastLED\fl\leds.cpp.o
Compiling .pio\build\FPVGateAIO\lib0f6\FastLED\fl\line_simplification.cpp.o
Compiling .pio\build\FPVGateAIO\lib0f6\FastLED\fl\noise_woryley.cpp.o
Compiling .pio\build\FPVGateAIO\lib0f6\FastLED\fl\ostream.cpp.o
Compiling .pio\build\FPVGateAIO\lib0f6\FastLED\fl\ptr.cpp.o
Compiling .pio\build\FPVGateAIO\lib0f6\FastLED\fl\random.cpp.o
Compiling .pio\build\FPVGateAIO\lib0f6\FastLED\fl\raster_sparse.cpp.o
Compiling .pio\build\FPVGateAIO\lib0f6\FastLED\fl\rectangular_draw_buffer.cpp.o
Compiling .pio\build\FPVGateAIO\lib0f6\FastLED\fl\referent.cpp.o
Compiling .pio\build\FPVGateAIO\lib0f6\FastLED\fl\rgbw.cpp.o
Compiling .pio\build\FPVGateAIO\lib0f6\FastLED\fl\screenmap.cpp.o
Compiling .pio\build\FPVGateAIO\lib0f6\FastLED\fl\sin32.cpp.o
Compiling .pio\build\FPVGateAIO\lib0f6\FastLED\fl\splat.cpp.o
Compiling .pio\build\FPVGateAIO\lib0f6\FastLED\fl\str.cpp.o
Compiling .pio\build\FPVGateAIO\lib0f6\FastLED\fl\str_ui.cpp.o
Compiling .pio\build\FPVGateAIO\lib0f6\FastLED\fl\strstream.cpp.o
Compiling .pio\build\FPVGateAIO\lib0f6\FastLED\fl\stub_main.cpp.o
Compiling .pio\build\FPVGateAIO\lib0f6\FastLED\fl\task.cpp.o
Compiling .pio\build\FPVGateAIO\lib0f6\FastLED\fl\tile2x2.cpp.o
Compiling .pio\build\FPVGateAIO\lib0f6\FastLED\fl\time.cpp.o
Compiling .pio\build\FPVGateAIO\lib0f6\FastLED\fl\time_alpha.cpp.o
Compiling .pio\build\FPVGateAIO\lib0f6\FastLED\fl\transform.cpp.o
Compiling .pio\build\FPVGateAIO\lib0f6\FastLED\fl\type_traits.cpp.o
Compiling .pio\build\FPVGateAIO\lib0f6\FastLED\fl\ui.cpp.o
Compiling .pio\build\FPVGateAIO\lib0f6\FastLED\fl\upscale.cpp.o
Compiling .pio\build\FPVGateAIO\lib0f6\FastLED\fl\wave_simulation.cpp.o
Compiling .pio\build\FPVGateAIO\lib0f6\FastLED\fl\wave_simulation_real.cpp.o
Compiling .pio\build\FPVGateAIO\lib0f6\FastLED\fl\xmap.cpp.o
Compiling .pio\build\FPVGateAIO\lib0f6\FastLED\fl\xymap.cpp.o
Compiling .pio\build\FPVGateAIO\lib0f6\FastLED\fl\xypath.cpp.o
Compiling .pio\build\FPVGateAIO\lib0f6\FastLED\fl\xypath_impls.cpp.o
Compiling .pio\build\FPVGateAIO\lib0f6\FastLED\fl\xypath_renderer.cpp.o
Compiling .pio\build\FPVGateAIO\lib0f6\FastLED\fx\2d\blend.cpp.o
Compiling .pio\build\FPVGateAIO\lib0f6\FastLED\fx\2d\luminova.cpp.o
Compiling .pio\build\FPVGateAIO\lib0f6\FastLED\fx\2d\noisepalette.cpp.o
Compiling .pio\build\FPVGateAIO\lib0f6\FastLED\fx\2d\scale_up.cpp.o
Compiling .pio\build\FPVGateAIO\lib0f6\FastLED\fx\2d\wave.cpp.o
Compiling .pio\build\FPVGateAIO\lib0f6\FastLED\fx\detail\fx_layer.cpp.o
Compiling .pio\build\FPVGateAIO\lib0f6\FastLED\fx\frame.cpp.o
Compiling .pio\build\FPVGateAIO\lib0f6\FastLED\fx\fx_engine.cpp.o
Compiling .pio\build\FPVGateAIO\lib0f6\FastLED\fx\time.cpp.o
Compiling .pio\build\FPVGateAIO\lib0f6\FastLED\fx\video.cpp.o
Compiling .pio\build\FPVGateAIO\lib0f6\FastLED\fx\video\frame_interpolator.cpp.o
Compiling .pio\build\FPVGateAIO\lib0f6\FastLED\fx\video\frame_tracker.cpp.o
Compiling .pio\build\FPVGateAIO\lib0f6\FastLED\fx\video\pixel_stream.cpp.o
Compiling .pio\build\FPVGateAIO\lib0f6\FastLED\fx\video\video_impl.cpp.o
Compiling .pio\build\FPVGateAIO\lib0f6\FastLED\hsv2rgb.cpp.o
Compiling .pio\build\FPVGateAIO\lib0f6\FastLED\lib8tion.cpp.o
Compiling .pio\build\FPVGateAIO\lib0f6\FastLED\noise.cpp.o
Compiling .pio\build\FPVGateAIO\lib0f6\FastLED\platforms.cpp.o
Compiling .pio\build\FPVGateAIO\lib0f6\FastLED\platforms\adafruit\clockless.cpp.o
Compiling .pio\build\FPVGateAIO\lib0f6\FastLED\platforms\arm\k20\clockless_objectfled.cpp.o
Compiling .pio\build\FPVGateAIO\lib0f6\FastLED\platforms\arm\mgm240\fastpin_arm_mgm240.cpp.o
Compiling .pio\build\FPVGateAIO\lib0f6\FastLED\platforms\compile_test.cpp.o
Compiling .pio\build\FPVGateAIO\lib0f6\FastLED\platforms\esp\32\audio\audio.cpp.o
Compiling .pio\build\FPVGateAIO\lib0f6\FastLED\platforms\esp\32\audio\sound_util.cpp.o
Compiling .pio\build\FPVGateAIO\lib0f6\FastLED\platforms\esp\32\clockless_i2s_esp32s3.cpp.o
Compiling .pio\build\FPVGateAIO\lib0f6\FastLED\platforms\esp\32\i2s\i2s_esp32dev.cpp.o
Compiling .pio\build\FPVGateAIO\lib0f6\FastLED\platforms\esp\32\rmt_4\idf4_rmt.cpp.o
.pio/libdeps/FPVGateAIO/FastLED/src/platforms/esp/32/clockless_i2s_esp32s3.cpp:10:2: warning: #warning "esp_memory_utils.h is not available, are you on esp-idf 4? The parallel clockless i2s driver will not be available" [-Wcpp]
 #warning "esp_memory_utils.h is not available, are you on esp-idf 4? The parallel clockless i2s driver will not be available"
  ^~~~~~~
Compiling .pio\build\FPVGateAIO\lib0f6\FastLED\platforms\esp\32\rmt_4\idf4_rmt_impl.cpp.o
Compiling .pio\build\FPVGateAIO\lib0f6\FastLED\platforms\esp\32\rmt_5\idf5_rmt.cpp.o
Compiling .pio\build\FPVGateAIO\lib0f6\FastLED\platforms\esp\32\rmt_5\strip_rmt.cpp.o
Compiling .pio\build\FPVGateAIO\lib0f6\FastLED\platforms\esp\32\spi_ws2812\strip_spi.cpp.o
Compiling .pio\build\FPVGateAIO\lib0f6\FastLED\platforms\stub\Arduino.cpp.o
Compiling .pio\build\FPVGateAIO\lib0f6\FastLED\platforms\stub\led_sysdefs_stub.cpp.o
Compiling .pio\build\FPVGateAIO\lib0f6\FastLED\platforms\stub\time_stub.cpp.o
Compiling .pio\build\FPVGateAIO\lib0f6\FastLED\platforms\wasm\active_strip_data.cpp.o
Compiling .pio\build\FPVGateAIO\lib0f6\FastLED\platforms\wasm\engine_listener.cpp.o
Compiling .pio\build\FPVGateAIO\lib0f6\FastLED\platforms\wasm\entry_point.cpp.o
Compiling .pio\build\FPVGateAIO\lib0f6\FastLED\platforms\wasm\fastspi_wasm.cpp.o
Compiling .pio\build\FPVGateAIO\lib0f6\FastLED\platforms\wasm\fs_wasm.cpp.o
Compiling .pio\build\FPVGateAIO\lib0f6\FastLED\platforms\wasm\js.cpp.o
Compiling .pio\build\FPVGateAIO\lib0f6\FastLED\platforms\wasm\js_bindings.cpp.o
Compiling .pio\build\FPVGateAIO\lib0f6\FastLED\platforms\wasm\js_fetch.cpp.o
Compiling .pio\build\FPVGateAIO\lib0f6\FastLED\platforms\wasm\timer.cpp.o
Compiling .pio\build\FPVGateAIO\lib0f6\FastLED\platforms\wasm\ui.cpp.o
Compiling .pio\build\FPVGateAIO\lib0f6\FastLED\power_mgt.cpp.o
Compiling .pio\build\FPVGateAIO\lib0f6\FastLED\sensors\button.cpp.o
Compiling .pio\build\FPVGateAIO\lib0f6\FastLED\sensors\digital_pin.cpp.o
Compiling .pio\build\FPVGateAIO\lib0f6\FastLED\sensors\pir.cpp.o
Compiling .pio\build\FPVGateAIO\lib0f6\FastLED\simplex.cpp.o
Compiling .pio\build\FPVGateAIO\lib0f6\FastLED\third_party\cq_kernel\cq_kernel.cpp.o
Compiling .pio\build\FPVGateAIO\lib0f6\FastLED\third_party\cq_kernel\kiss_fft.cpp.o
Compiling .pio\build\FPVGateAIO\lib0f6\FastLED\third_party\cq_kernel\kiss_fftr.cpp.o
Compiling .pio\build\FPVGateAIO\lib0f6\FastLED\third_party\espressif\led_strip\src\led_strip_api.c.o
Compiling .pio\build\FPVGateAIO\lib0f6\FastLED\third_party\espressif\led_strip\src\led_strip_rmt_dev.c.o
Compiling .pio\build\FPVGateAIO\lib0f6\FastLED\third_party\espressif\led_strip\src\led_strip_rmt_encoder.c.o
Compiling .pio\build\FPVGateAIO\lib0f6\FastLED\third_party\espressif\led_strip\src\led_strip_spi_dev.c.o
Compiling .pio\build\FPVGateAIO\lib0f6\FastLED\third_party\object_fled\src\OjectFLED.cpp.o
Compiling .pio\build\FPVGateAIO\lib0f6\FastLED\transpose8x1_noinline.cpp.o
Compiling .pio\build\FPVGateAIO\lib0f6\FastLED\wiring.cpp.o
Compiling .pio\build\FPVGateAIO\libd0b\SPIFFS\SPIFFS.cpp.o
Compiling .pio\build\FPVGateAIO\lib2a0\WiFiClientSecure\WiFiClientSecure.cpp.o
Compiling .pio\build\FPVGateAIO\lib2a0\WiFiClientSecure\esp_crt_bundle.c.o
Compiling .pio\build\FPVGateAIO\lib2a0\WiFiClientSecure\ssl_client.cpp.o
Compiling .pio\build\FPVGateAIO\lib96e\HTTPClient\HTTPClient.cpp.o
Compiling .pio\build\FPVGateAIO\lib4df\ESP8266Audio\AudioFileSourceBuffer.cpp.o
Compiling .pio\build\FPVGateAIO\lib4df\ESP8266Audio\AudioFileSourceFS.cpp.o
Compiling .pio\build\FPVGateAIO\lib4df\ESP8266Audio\AudioFileSourceFunction.cpp.o
Compiling .pio\build\FPVGateAIO\lib4df\ESP8266Audio\AudioFileSourceHTTPStream.cpp.o
Compiling .pio\build\FPVGateAIO\lib4df\ESP8266Audio\AudioFileSourceICYStream.cpp.o
Compiling .pio\build\FPVGateAIO\lib4df\ESP8266Audio\AudioFileSourceID3.cpp.o
Compiling .pio\build\FPVGateAIO\lib4df\ESP8266Audio\AudioFileSourcePROGMEM.cpp.o
Compiling .pio\build\FPVGateAIO\lib4df\ESP8266Audio\AudioFileSourceSD.cpp.o
Compiling .pio\build\FPVGateAIO\lib4df\ESP8266Audio\AudioFileSourceSPIRAMBuffer.cpp.o
Compiling .pio\build\FPVGateAIO\lib4df\ESP8266Audio\AudioFileSourceSTDIO.cpp.o
Compiling .pio\build\FPVGateAIO\lib4df\ESP8266Audio\AudioFileStream.cpp.o
Archiving .pio\build\FPVGateAIO\libd0b\libSPIFFS.a
Archiving .pio\build\FPVGateAIO\lib0f6\libFastLED.a
Compiling .pio\build\FPVGateAIO\lib4df\ESP8266Audio\AudioGeneratorAAC.cpp.o
Compiling .pio\build\FPVGateAIO\lib4df\ESP8266Audio\AudioGeneratorFLAC.cpp.o
Compiling .pio\build\FPVGateAIO\lib4df\ESP8266Audio\AudioGeneratorMIDI.cpp.o
Archiving .pio\build\FPVGateAIO\lib2a0\libWiFiClientSecure.a
Compiling .pio\build\FPVGateAIO\lib4df\ESP8266Audio\AudioGeneratorMOD.cpp.o
Compiling .pio\build\FPVGateAIO\lib4df\ESP8266Audio\AudioGeneratorMP3.cpp.o
Compiling .pio\build\FPVGateAIO\lib4df\ESP8266Audio\AudioGeneratorMP3a.cpp.o
Compiling .pio\build\FPVGateAIO\lib4df\ESP8266Audio\AudioGeneratorOpus.cpp.o
Compiling .pio\build\FPVGateAIO\lib4df\ESP8266Audio\AudioGeneratorRTTTL.cpp.o
Compiling .pio\build\FPVGateAIO\lib4df\ESP8266Audio\AudioGeneratorTalkie.cpp.o
Compiling .pio\build\FPVGateAIO\lib4df\ESP8266Audio\AudioGeneratorWAV.cpp.o
Compiling .pio\build\FPVGateAIO\lib4df\ESP8266Audio\AudioLogger.cpp.o
Compiling .pio\build\FPVGateAIO\lib4df\ESP8266Audio\AudioOutputBuffer.cpp.o
Compiling .pio\build\FPVGateAIO\lib4df\ESP8266Audio\AudioOutputFilterBiquad.cpp.o
Compiling .pio\build\FPVGateAIO\lib4df\ESP8266Audio\AudioOutputFilterDecimate.cpp.o
Compiling .pio\build\FPVGateAIO\lib4df\ESP8266Audio\AudioOutputI2S.cpp.o
Archiving .pio\build\FPVGateAIO\lib96e\libHTTPClient.a
Compiling .pio\build\FPVGateAIO\lib4df\ESP8266Audio\AudioOutputI2SNoDAC.cpp.o
Compiling .pio\build\FPVGateAIO\lib4df\ESP8266Audio\AudioOutputMixer.cpp.o
Compiling .pio\build\FPVGateAIO\lib4df\ESP8266Audio\AudioOutputPWM.cpp.o
Compiling .pio\build\FPVGateAIO\lib4df\ESP8266Audio\AudioOutputSPDIF.cpp.o
Compiling .pio\build\FPVGateAIO\lib4df\ESP8266Audio\AudioOutputSPIFFSWAV.cpp.o
Compiling .pio\build\FPVGateAIO\lib4df\ESP8266Audio\AudioOutputSTDIO.cpp.o
Compiling .pio\build\FPVGateAIO\lib4df\ESP8266Audio\AudioOutputSerialWAV.cpp.o
Compiling .pio\build\FPVGateAIO\lib4df\ESP8266Audio\AudioOutputULP.cpp.o
Compiling .pio\build\FPVGateAIO\lib4df\ESP8266Audio\driver\SinglePinI2SDriver.cpp.o
Compiling .pio\build\FPVGateAIO\lib4df\ESP8266Audio\libflac\bitmath.c.o
Compiling .pio\build\FPVGateAIO\lib4df\ESP8266Audio\libflac\bitreader.c.o
Compiling .pio\build\FPVGateAIO\lib4df\ESP8266Audio\libflac\cpu.c.o
Compiling .pio\build\FPVGateAIO\lib4df\ESP8266Audio\libflac\crc.c.o
Compiling .pio\build\FPVGateAIO\lib4df\ESP8266Audio\libflac\fixed.c.o
Compiling .pio\build\FPVGateAIO\lib4df\ESP8266Audio\libflac\float.c.o
Compiling .pio\build\FPVGateAIO\lib4df\ESP8266Audio\libflac\format.c.o
Compiling .pio\build\FPVGateAIO\lib4df\ESP8266Audio\libflac\lpc.c.o
Compiling .pio\build\FPVGateAIO\lib4df\ESP8266Audio\libflac\md5.c.o
Compiling .pio\build\FPVGateAIO\lib4df\ESP8266Audio\libflac\memory.c.o
Compiling .pio\build\FPVGateAIO\lib4df\ESP8266Audio\libflac\stream_decoder.c.o
Compiling .pio\build\FPVGateAIO\lib4df\ESP8266Audio\libflac\window.c.o
Compiling .pio\build\FPVGateAIO\lib4df\ESP8266Audio\libhelix-aac\aacdec.c.o
Compiling .pio\build\FPVGateAIO\lib4df\ESP8266Audio\libhelix-aac\aactabs.c.o
Compiling .pio\build\FPVGateAIO\lib4df\ESP8266Audio\libhelix-aac\bitstream.c.o
Compiling .pio\build\FPVGateAIO\lib4df\ESP8266Audio\libhelix-aac\buffers.c.o
Compiling .pio\build\FPVGateAIO\lib4df\ESP8266Audio\libhelix-aac\dct4.c.o
Compiling .pio\build\FPVGateAIO\lib4df\ESP8266Audio\libhelix-aac\decelmnt.c.o
Compiling .pio\build\FPVGateAIO\lib4df\ESP8266Audio\libhelix-aac\dequant.c.o
Compiling .pio\build\FPVGateAIO\lib4df\ESP8266Audio\libhelix-aac\fft.c.o
Compiling .pio\build\FPVGateAIO\lib4df\ESP8266Audio\libhelix-aac\filefmt.c.o
Compiling .pio\build\FPVGateAIO\lib4df\ESP8266Audio\libhelix-aac\huffman.c.o
Compiling .pio\build\FPVGateAIO\lib4df\ESP8266Audio\libhelix-aac\hufftabs.c.o
Compiling .pio\build\FPVGateAIO\lib4df\ESP8266Audio\libhelix-aac\imdct.c.o
Compiling .pio\build\FPVGateAIO\lib4df\ESP8266Audio\libhelix-aac\noiseless.c.o
Compiling .pio\build\FPVGateAIO\lib4df\ESP8266Audio\libhelix-aac\pns.c.o
Compiling .pio\build\FPVGateAIO\lib4df\ESP8266Audio\libhelix-aac\sbr.c.o
Compiling .pio\build\FPVGateAIO\lib4df\ESP8266Audio\libhelix-aac\sbrfft.c.o
Compiling .pio\build\FPVGateAIO\lib4df\ESP8266Audio\libhelix-aac\sbrfreq.c.o
Compiling .pio\build\FPVGateAIO\lib4df\ESP8266Audio\libhelix-aac\sbrhfadj.c.o
Compiling .pio\build\FPVGateAIO\lib4df\ESP8266Audio\libhelix-aac\sbrhfgen.c.o
Compiling .pio\build\FPVGateAIO\lib4df\ESP8266Audio\libhelix-aac\sbrhuff.c.o
Compiling .pio\build\FPVGateAIO\lib4df\ESP8266Audio\libhelix-aac\sbrimdct.c.o
Compiling .pio\build\FPVGateAIO\lib4df\ESP8266Audio\libhelix-aac\sbrmath.c.o
Compiling .pio\build\FPVGateAIO\lib4df\ESP8266Audio\libhelix-aac\sbrqmf.c.o
Compiling .pio\build\FPVGateAIO\lib4df\ESP8266Audio\libhelix-aac\sbrside.c.o
Compiling .pio\build\FPVGateAIO\lib4df\ESP8266Audio\libhelix-aac\sbrtabs.c.o
Compiling .pio\build\FPVGateAIO\lib4df\ESP8266Audio\libhelix-aac\stproc.c.o
Compiling .pio\build\FPVGateAIO\lib4df\ESP8266Audio\libhelix-aac\tns.c.o
Compiling .pio\build\FPVGateAIO\lib4df\ESP8266Audio\libhelix-aac\trigtabs.c.o
Compiling .pio\build\FPVGateAIO\lib4df\ESP8266Audio\libhelix-mp3\bitstream.c.o
Compiling .pio\build\FPVGateAIO\lib4df\ESP8266Audio\libhelix-mp3\buffers.c.o
Compiling .pio\build\FPVGateAIO\lib4df\ESP8266Audio\libhelix-mp3\dct32.c.o
Compiling .pio\build\FPVGateAIO\lib4df\ESP8266Audio\libhelix-mp3\dequant.c.o
Compiling .pio\build\FPVGateAIO\lib4df\ESP8266Audio\libhelix-mp3\dqchan.c.o
Compiling .pio\build\FPVGateAIO\lib4df\ESP8266Audio\libhelix-mp3\huffman.c.o
Compiling .pio\build\FPVGateAIO\lib4df\ESP8266Audio\libhelix-mp3\hufftabs.c.o
Compiling .pio\build\FPVGateAIO\lib4df\ESP8266Audio\libhelix-mp3\imdct.c.o
Compiling .pio\build\FPVGateAIO\lib4df\ESP8266Audio\libhelix-mp3\mp3dec.c.o
Compiling .pio\build\FPVGateAIO\lib4df\ESP8266Audio\libhelix-mp3\mp3tabs.c.o
Compiling .pio\build\FPVGateAIO\lib4df\ESP8266Audio\libhelix-mp3\polyphase.c.o
Compiling .pio\build\FPVGateAIO\lib4df\ESP8266Audio\libhelix-mp3\scalfact.c.o
Compiling .pio\build\FPVGateAIO\lib4df\ESP8266Audio\libhelix-mp3\stproc.c.o
Compiling .pio\build\FPVGateAIO\lib4df\ESP8266Audio\libhelix-mp3\subband.c.o
Compiling .pio\build\FPVGateAIO\lib4df\ESP8266Audio\libhelix-mp3\trigtabs.c.o
Compiling .pio\build\FPVGateAIO\lib4df\ESP8266Audio\libmad\bit.c.o
Compiling .pio\build\FPVGateAIO\lib4df\ESP8266Audio\libmad\decoder.c.o
Compiling .pio\build\FPVGateAIO\lib4df\ESP8266Audio\libmad\fixed.c.o
Compiling .pio\build\FPVGateAIO\lib4df\ESP8266Audio\libmad\frame.c.o
Compiling .pio\build\FPVGateAIO\lib4df\ESP8266Audio\libmad\huffman.c.o
Compiling .pio\build\FPVGateAIO\lib4df\ESP8266Audio\libmad\layer3.c.o
Compiling .pio\build\FPVGateAIO\lib4df\ESP8266Audio\libmad\stream.c.o
Compiling .pio\build\FPVGateAIO\lib4df\ESP8266Audio\libmad\synth.c.o
Compiling .pio\build\FPVGateAIO\lib4df\ESP8266Audio\libmad\timer.c.o
Compiling .pio\build\FPVGateAIO\lib4df\ESP8266Audio\libmad\version.c.o
Compiling .pio\build\FPVGateAIO\lib4df\ESP8266Audio\libogg\bitwise.c.o
Compiling .pio\build\FPVGateAIO\lib4df\ESP8266Audio\libogg\framing.c.o
Compiling .pio\build\FPVGateAIO\lib4df\ESP8266Audio\libopus\celt\bands.c.o
Compiling .pio\build\FPVGateAIO\lib4df\ESP8266Audio\libopus\celt\celt.c.o
Compiling .pio\build\FPVGateAIO\lib4df\ESP8266Audio\libopus\celt\celt_decoder.c.o
Compiling .pio\build\FPVGateAIO\lib4df\ESP8266Audio\libopus\celt\celt_encoder.c.o
Compiling .pio\build\FPVGateAIO\lib4df\ESP8266Audio\libopus\celt\celt_lpc.c.o
Compiling .pio\build\FPVGateAIO\lib4df\ESP8266Audio\libopus\celt\cwrs.c.o
Compiling .pio\build\FPVGateAIO\lib4df\ESP8266Audio\libopus\celt\entcode.c.o
Compiling .pio\build\FPVGateAIO\lib4df\ESP8266Audio\libopus\celt\entdec.c.o
Compiling .pio\build\FPVGateAIO\lib4df\ESP8266Audio\libopus\celt\entenc.c.o
Compiling .pio\build\FPVGateAIO\lib4df\ESP8266Audio\libopus\celt\kiss_fft.c.o
Compiling .pio\build\FPVGateAIO\lib4df\ESP8266Audio\libopus\celt\laplace.c.o
Compiling .pio\build\FPVGateAIO\lib4df\ESP8266Audio\libopus\celt\mathops.c.o
Compiling .pio\build\FPVGateAIO\lib4df\ESP8266Audio\libopus\celt\mdct.c.o
Compiling .pio\build\FPVGateAIO\lib4df\ESP8266Audio\libopus\celt\modes.c.o
Compiling .pio\build\FPVGateAIO\lib4df\ESP8266Audio\libopus\celt\pitch.c.o
Compiling .pio\build\FPVGateAIO\lib4df\ESP8266Audio\libopus\celt\quant_bands.c.o
Compiling .pio\build\FPVGateAIO\lib4df\ESP8266Audio\libopus\celt\rate.c.o
Compiling .pio\build\FPVGateAIO\lib4df\ESP8266Audio\libopus\celt\vq.c.o
Compiling .pio\build\FPVGateAIO\lib4df\ESP8266Audio\libopus\mapping_matrix.c.o
Compiling .pio\build\FPVGateAIO\lib4df\ESP8266Audio\libopus\opus.c.o
Compiling .pio\build\FPVGateAIO\lib4df\ESP8266Audio\libopus\opus_decoder.c.o
Compiling .pio\build\FPVGateAIO\lib4df\ESP8266Audio\libopus\opus_encoder.c.o
Compiling .pio\build\FPVGateAIO\lib4df\ESP8266Audio\libopus\opus_multistream.c.o
Compiling .pio\build\FPVGateAIO\lib4df\ESP8266Audio\libopus\opus_multistream_decoder.c.o
Compiling .pio\build\FPVGateAIO\lib4df\ESP8266Audio\libopus\opus_multistream_encoder.c.o
Compiling .pio\build\FPVGateAIO\lib4df\ESP8266Audio\libopus\opus_projection_decoder.c.o
Compiling .pio\build\FPVGateAIO\lib4df\ESP8266Audio\libopus\opus_projection_encoder.c.o
Compiling .pio\build\FPVGateAIO\lib4df\ESP8266Audio\libopus\repacketizer.c.o
Compiling .pio\build\FPVGateAIO\lib4df\ESP8266Audio\libopus\silk\A2NLSF.c.o
Compiling .pio\build\FPVGateAIO\lib4df\ESP8266Audio\libopus\silk\CNG.c.o
Compiling .pio\build\FPVGateAIO\lib4df\ESP8266Audio\libopus\silk\HP_variable_cutoff.c.o
Compiling .pio\build\FPVGateAIO\lib4df\ESP8266Audio\libopus\silk\LPC_analysis_filter.c.o
Compiling .pio\build\FPVGateAIO\lib4df\ESP8266Audio\libopus\silk\LPC_fit.c.o
Compiling .pio\build\FPVGateAIO\lib4df\ESP8266Audio\libopus\silk\LPC_inv_pred_gain.c.o
Compiling .pio\build\FPVGateAIO\lib4df\ESP8266Audio\libopus\silk\LP_variable_cutoff.c.o
Compiling .pio\build\FPVGateAIO\lib4df\ESP8266Audio\libopus\silk\NLSF2A.c.o
Compiling .pio\build\FPVGateAIO\lib4df\ESP8266Audio\libopus\silk\NLSF_VQ.c.o
Compiling .pio\build\FPVGateAIO\lib4df\ESP8266Audio\libopus\silk\NLSF_VQ_weights_laroia.c.o
Compiling .pio\build\FPVGateAIO\lib4df\ESP8266Audio\libopus\silk\NLSF_decode.c.o
Compiling .pio\build\FPVGateAIO\lib4df\ESP8266Audio\libopus\silk\NLSF_del_dec_quant.c.o
Compiling .pio\build\FPVGateAIO\lib4df\ESP8266Audio\libopus\silk\NLSF_encode.c.o
Compiling .pio\build\FPVGateAIO\lib4df\ESP8266Audio\libopus\silk\NLSF_stabilize.c.o
Compiling .pio\build\FPVGateAIO\lib4df\ESP8266Audio\libopus\silk\NLSF_unpack.c.o
Compiling .pio\build\FPVGateAIO\lib4df\ESP8266Audio\libopus\silk\NSQ.c.o
Compiling .pio\build\FPVGateAIO\lib4df\ESP8266Audio\libopus\silk\NSQ_del_dec.c.o
Compiling .pio\build\FPVGateAIO\lib4df\ESP8266Audio\libopus\silk\PLC.c.o
Compiling .pio\build\FPVGateAIO\lib4df\ESP8266Audio\libopus\silk\VAD.c.o
Compiling .pio\build\FPVGateAIO\lib4df\ESP8266Audio\libopus\silk\VQ_WMat_EC.c.o
Compiling .pio\build\FPVGateAIO\lib4df\ESP8266Audio\libopus\silk\ana_filt_bank_1.c.o
Compiling .pio\build\FPVGateAIO\lib4df\ESP8266Audio\libopus\silk\biquad_alt.c.o
Compiling .pio\build\FPVGateAIO\lib4df\ESP8266Audio\libopus\silk\bwexpander.c.o
Compiling .pio\build\FPVGateAIO\lib4df\ESP8266Audio\libopus\silk\bwexpander_32.c.o
Compiling .pio\build\FPVGateAIO\lib4df\ESP8266Audio\libopus\silk\check_control_input.c.o
Compiling .pio\build\FPVGateAIO\lib4df\ESP8266Audio\libopus\silk\code_signs.c.o
Compiling .pio\build\FPVGateAIO\lib4df\ESP8266Audio\libopus\silk\control_SNR.c.o
Compiling .pio\build\FPVGateAIO\lib4df\ESP8266Audio\libopus\silk\control_audio_bandwidth.c.o
Compiling .pio\build\FPVGateAIO\lib4df\ESP8266Audio\libopus\silk\control_codec.c.o
Compiling .pio\build\FPVGateAIO\lib4df\ESP8266Audio\libopus\silk\debug.c.o
Compiling .pio\build\FPVGateAIO\lib4df\ESP8266Audio\libopus\silk\dec_API.c.o
Compiling .pio\build\FPVGateAIO\lib4df\ESP8266Audio\libopus\silk\decode_core.c.o
Compiling .pio\build\FPVGateAIO\lib4df\ESP8266Audio\libopus\silk\decode_frame.c.o
Compiling .pio\build\FPVGateAIO\lib4df\ESP8266Audio\libopus\silk\decode_indices.c.o
Compiling .pio\build\FPVGateAIO\lib4df\ESP8266Audio\libopus\silk\decode_parameters.c.o
Compiling .pio\build\FPVGateAIO\lib4df\ESP8266Audio\libopus\silk\decode_pitch.c.o
Compiling .pio\build\FPVGateAIO\lib4df\ESP8266Audio\libopus\silk\decode_pulses.c.o
Compiling .pio\build\FPVGateAIO\lib4df\ESP8266Audio\libopus\silk\decoder_set_fs.c.o
Compiling .pio\build\FPVGateAIO\lib4df\ESP8266Audio\libopus\silk\enc_API.c.o
Compiling .pio\build\FPVGateAIO\lib4df\ESP8266Audio\libopus\silk\encode_indices.c.o
Compiling .pio\build\FPVGateAIO\lib4df\ESP8266Audio\libopus\silk\encode_pulses.c.o
Compiling .pio\build\FPVGateAIO\lib4df\ESP8266Audio\libopus\silk\fixed\LTP_analysis_filter_FIX.c.o
Compiling .pio\build\FPVGateAIO\lib4df\ESP8266Audio\libopus\silk\fixed\LTP_scale_ctrl_FIX.c.o
Compiling .pio\build\FPVGateAIO\lib4df\ESP8266Audio\libopus\silk\fixed\apply_sine_window_FIX.c.o
Compiling .pio\build\FPVGateAIO\lib4df\ESP8266Audio\libopus\silk\fixed\autocorr_FIX.c.o
Compiling .pio\build\FPVGateAIO\lib4df\ESP8266Audio\libopus\silk\fixed\burg_modified_FIX.c.o
Compiling .pio\build\FPVGateAIO\lib4df\ESP8266Audio\libopus\silk\fixed\corrMatrix_FIX.c.o
Compiling .pio\build\FPVGateAIO\lib4df\ESP8266Audio\libopus\silk\fixed\encode_frame_FIX.c.o
Compiling .pio\build\FPVGateAIO\lib4df\ESP8266Audio\libopus\silk\fixed\find_LPC_FIX.c.o
Compiling .pio\build\FPVGateAIO\lib4df\ESP8266Audio\libopus\silk\fixed\find_LTP_FIX.c.o
Compiling .pio\build\FPVGateAIO\lib4df\ESP8266Audio\libopus\silk\fixed\find_pitch_lags_FIX.c.o
Compiling .pio\build\FPVGateAIO\lib4df\ESP8266Audio\libopus\silk\fixed\find_pred_coefs_FIX.c.o
Compiling .pio\build\FPVGateAIO\lib4df\ESP8266Audio\libopus\silk\fixed\k2a_FIX.c.o
Compiling .pio\build\FPVGateAIO\lib4df\ESP8266Audio\libopus\silk\fixed\k2a_Q16_FIX.c.o
Compiling .pio\build\FPVGateAIO\lib4df\ESP8266Audio\libopus\silk\fixed\noise_shape_analysis_FIX.c.o
Compiling .pio\build\FPVGateAIO\lib4df\ESP8266Audio\libopus\silk\fixed\pitch_analysis_core_FIX.c.o
Compiling .pio\build\FPVGateAIO\lib4df\ESP8266Audio\libopus\silk\fixed\process_gains_FIX.c.o
Compiling .pio\build\FPVGateAIO\lib4df\ESP8266Audio\libopus\silk\fixed\regularize_correlations_FIX.c.o
Compiling .pio\build\FPVGateAIO\lib4df\ESP8266Audio\libopus\silk\fixed\residual_energy16_FIX.c.o
Compiling .pio\build\FPVGateAIO\lib4df\ESP8266Audio\libopus\silk\fixed\residual_energy_FIX.c.o
Compiling .pio\build\FPVGateAIO\lib4df\ESP8266Audio\libopus\silk\fixed\schur64_FIX.c.o
Compiling .pio\build\FPVGateAIO\lib4df\ESP8266Audio\libopus\silk\fixed\schur_FIX.c.o
Compiling .pio\build\FPVGateAIO\lib4df\ESP8266Audio\libopus\silk\fixed\vector_ops_FIX.c.o
Compiling .pio\build\FPVGateAIO\lib4df\ESP8266Audio\libopus\silk\fixed\warped_autocorrelation_FIX.c.o
Compiling .pio\build\FPVGateAIO\lib4df\ESP8266Audio\libopus\silk\gain_quant.c.o
Compiling .pio\build\FPVGateAIO\lib4df\ESP8266Audio\libopus\silk\init_decoder.c.o
Compiling .pio\build\FPVGateAIO\lib4df\ESP8266Audio\libopus\silk\init_encoder.c.o
Compiling .pio\build\FPVGateAIO\lib4df\ESP8266Audio\libopus\silk\inner_prod_aligned.c.o
Compiling .pio\build\FPVGateAIO\lib4df\ESP8266Audio\libopus\silk\interpolate.c.o
Compiling .pio\build\FPVGateAIO\lib4df\ESP8266Audio\libopus\silk\lin2log.c.o
Compiling .pio\build\FPVGateAIO\lib4df\ESP8266Audio\libopus\silk\log2lin.c.o
Compiling .pio\build\FPVGateAIO\lib4df\ESP8266Audio\libopus\silk\pitch_est_tables.c.o
Compiling .pio\build\FPVGateAIO\lib4df\ESP8266Audio\libopus\silk\process_NLSFs.c.o
Compiling .pio\build\FPVGateAIO\lib4df\ESP8266Audio\libopus\silk\quant_LTP_gains.c.o
Compiling .pio\build\FPVGateAIO\lib4df\ESP8266Audio\libopus\silk\resampler.c.o
Compiling .pio\build\FPVGateAIO\lib4df\ESP8266Audio\libopus\silk\resampler_down2.c.o
Compiling .pio\build\FPVGateAIO\lib4df\ESP8266Audio\libopus\silk\resampler_down2_3.c.o
Compiling .pio\build\FPVGateAIO\lib4df\ESP8266Audio\libopus\silk\resampler_private_AR2.c.o
Compiling .pio\build\FPVGateAIO\lib4df\ESP8266Audio\libopus\silk\resampler_private_IIR_FIR.c.o
Compiling .pio\build\FPVGateAIO\lib4df\ESP8266Audio\libopus\silk\resampler_private_down_FIR.c.o
Compiling .pio\build\FPVGateAIO\lib4df\ESP8266Audio\libopus\silk\resampler_private_up2_HQ.c.o
Compiling .pio\build\FPVGateAIO\lib4df\ESP8266Audio\libopus\silk\resampler_rom.c.o
Compiling .pio\build\FPVGateAIO\lib4df\ESP8266Audio\libopus\silk\shell_coder.c.o
Compiling .pio\build\FPVGateAIO\lib4df\ESP8266Audio\libopus\silk\sigm_Q15.c.o
Compiling .pio\build\FPVGateAIO\lib4df\ESP8266Audio\libopus\silk\sort.c.o
Compiling .pio\build\FPVGateAIO\lib4df\ESP8266Audio\libopus\silk\stereo_LR_to_MS.c.o
Compiling .pio\build\FPVGateAIO\lib4df\ESP8266Audio\libopus\silk\stereo_MS_to_LR.c.o
Compiling .pio\build\FPVGateAIO\lib4df\ESP8266Audio\libopus\silk\stereo_decode_pred.c.o
Compiling .pio\build\FPVGateAIO\lib4df\ESP8266Audio\libopus\silk\stereo_encode_pred.c.o
Compiling .pio\build\FPVGateAIO\lib4df\ESP8266Audio\libopus\silk\stereo_find_predictor.c.o
Compiling .pio\build\FPVGateAIO\lib4df\ESP8266Audio\libopus\silk\stereo_quant_pred.c.o
Compiling .pio\build\FPVGateAIO\lib4df\ESP8266Audio\libopus\silk\sum_sqr_shift.c.o
Compiling .pio\build\FPVGateAIO\lib4df\ESP8266Audio\libopus\silk\table_LSF_cos.c.o
Compiling .pio\build\FPVGateAIO\lib4df\ESP8266Audio\libopus\silk\tables_LTP.c.o
Compiling .pio\build\FPVGateAIO\lib4df\ESP8266Audio\libopus\silk\tables_NLSF_CB_NB_MB.c.o
Compiling .pio\build\FPVGateAIO\lib4df\ESP8266Audio\libopus\silk\tables_NLSF_CB_WB.c.o
Compiling .pio\build\FPVGateAIO\lib4df\ESP8266Audio\libopus\silk\tables_gain.c.o
Compiling .pio\build\FPVGateAIO\lib4df\ESP8266Audio\libopus\silk\tables_other.c.o
Compiling .pio\build\FPVGateAIO\lib4df\ESP8266Audio\libopus\silk\tables_pitch_lag.c.o
Compiling .pio\build\FPVGateAIO\lib4df\ESP8266Audio\libopus\silk\tables_pulses_per_block.c.o
Compiling .pio\build\FPVGateAIO\lib4df\ESP8266Audio\opusfile\info.c.o
Compiling .pio\build\FPVGateAIO\lib4df\ESP8266Audio\opusfile\internal.c.o
Compiling .pio\build\FPVGateAIO\lib4df\ESP8266Audio\opusfile\opusfile.c.o
Compiling .pio\build\FPVGateAIO\lib4df\ESP8266Audio\opusfile\stream.c.o
Compiling .pio\build\FPVGateAIO\lib3da\BUZZER\buzzer.cpp.o
Compiling .pio\build\FPVGateAIO\lib754\LED\led.cpp.o
Compiling .pio\build\FPVGateAIO\libd06\RX5808\RX5808.cpp.o
Archiving .pio\build\FPVGateAIO\lib4df\libESP8266Audio.a
Compiling .pio\build\FPVGateAIO\lib012\BATTERY\battery.cpp.o
Compiling .pio\build\FPVGateAIO\lib4a2\STORAGE\storage.cpp.o
Compiling .pio\build\FPVGateAIO\libdd1\EEPROM\EEPROM.cpp.o
Archiving .pio\build\FPVGateAIO\lib754\libLED.a
Compiling .pio\build\FPVGateAIO\libb09\CONFIG\config.cpp.o
Compiling .pio\build\FPVGateAIO\lib6ca\AUDIO\audio.cpp.o
Compiling .pio\build\FPVGateAIO\lib2a2\ELRS_BACKPACK\elrs_backpack_espnow.cpp.o
Archiving .pio\build\FPVGateAIO\lib3da\libBUZZER.a
Archiving .pio\build\FPVGateAIO\lib012\libBATTERY.a
Compiling .pio\build\FPVGateAIO\lib2a2\ELRS_BACKPACK\elrs_bind_uid.cpp.o
Compiling .pio\build\FPVGateAIO\lib2a2\ELRS_BACKPACK\msp.cpp.o
Compiling .pio\build\FPVGateAIO\lib2c2\POWER\power.cpp.o
Compiling .pio\build\FPVGateAIO\libda4\Wire\Wire.cpp.o
Archiving .pio\build\FPVGateAIO\libdd1\libEEPROM.a
Compiling .pio\build\FPVGateAIO\lib292\QMI8658\qmi8658.cpp.o
Archiving .pio\build\FPVGateAIO\libd06\libRX5808.a
Compiling .pio\build\FPVGateAIO\lib78a\RACEHISTORY\racehistory.cpp.o
Compiling .pio\build\FPVGateAIO\libf9b\RGBLED\rgbled.cpp.o
Archiving .pio\build\FPVGateAIO\lib6ca\libAUDIO.a
Archiving .pio\build\FPVGateAIO\libda4\libWire.a
Archiving .pio\build\FPVGateAIO\lib2c2\libPOWER.a
Archiving .pio\build\FPVGateAIO\lib4a2\libSTORAGE.a
Compiling .pio\build\FPVGateAIO\lib28e\ROTORHAZARD\rotorhazard.cpp.o
Archiving .pio\build\FPVGateAIO\lib2a2\libELRS_BACKPACK.a
Compiling .pio\build\FPVGateAIO\lib50d\KALMAN\kalman.cpp.o
Compiling .pio\build\FPVGateAIO\libd9e\TRACKMANAGER\trackmanager.cpp.o
Archiving .pio\build\FPVGateAIO\lib292\libQMI8658.a
Archiving .pio\build\FPVGateAIO\lib50d\libKALMAN.a
Archiving .pio\build\FPVGateAIO\libb09\libCONFIG.a
Compiling .pio\build\FPVGateAIO\libd8f\WEBHOOK\webhook.cpp.o
Compiling .pio\build\FPVGateAIO\libdbd\LAPTIMER\laptimer.cpp.o
Compiling .pio\build\FPVGateAIO\lib536\USB\usb.cpp.o
Archiving .pio\build\FPVGateAIO\libd8f\libWEBHOOK.a
Archiving .pio\build\FPVGateAIO\libf9b\libRGBLED.a
Compiling .pio\build\FPVGateAIO\libb72\SELFTEST\selftest.cpp.o
Archiving .pio\build\FPVGateAIO\lib78a\libRACEHISTORY.a
Archiving .pio\build\FPVGateAIO\lib28e\libROTORHAZARD.a
Compiling .pio\build\FPVGateAIO\libebf\DNSServer\DNSServer.cpp.o
Compiling .pio\build\FPVGateAIO\libc71\ESPmDNS\ESPmDNS.cpp.o
lib/USB/usb.cpp: In member function 'void USBTransport::processCommand(const char*)':
lib/USB/usb.cpp:151:71: warning: 'ArduinoJson::V720PB22::detail::enable_if_t<ArduinoJson::V720PB22::detail::IsString<TChar*>::value, bool> ArduinoJson::V720PB22::detail::VariantRefBase<TDerived>::containsKey(TChar*) const [with TChar = const char; TDerived = 
ArduinoJson::V720PB22::detail::MemberProxy<ArduinoJson::V720PB22::JsonDocument&, const char*>; ArduinoJson::V720PB22::detail::enable_if_t<ArduinoJson::V720PB22::detail::IsString<TChar*>::value, bool> = bool]' is deprecated: use obj["key"].is<T>() instead [-Wdeprecated-declarations]
         if (!doc["data"].isNull() && doc["data"].containsKey("lapTime")) {
                                                                       ^
In file included from .pio/libdeps/FPVGateAIO/ArduinoJson/src/ArduinoJson.hpp:46,
                 from .pio/libdeps/FPVGateAIO/ArduinoJson/src/ArduinoJson.h:9,
                 from lib/CONFIG/config.h:4,
                 from lib/USB/usb.h:28,
                 from lib/USB/usb.cpp:1:
.pio/libdeps/FPVGateAIO/ArduinoJson/src/ArduinoJson/Variant/VariantRefBaseImpl.hpp:89:1: note: declared here
 VariantRefBase<TDerived>::containsKey(TChar* key) const {
 ^~~~~~~~~~~~~~~~~~~~~~~~
lib/USB/usb.cpp:244:70: warning: 'ArduinoJson::V720PB22::detail::enable_if_t<ArduinoJson::V720PB22::detail::IsString<TChar*>::value, bool> ArduinoJson::V720PB22::detail::VariantRefBase<TDerived>::containsKey(TChar*) const [with TChar = const char; TDerived = 
ArduinoJson::V720PB22::detail::MemberProxy<ArduinoJson::V720PB22::JsonDocument&, const char*>; ArduinoJson::V720PB22::detail::enable_if_t<ArduinoJson::V720PB22::detail::IsString<TChar*>::value, bool> = bool]' is deprecated: use obj["key"].is<T>() instead [-Wdeprecated-declarations]
         if (!doc["data"].isNull() && doc["data"].containsKey("preset")) {
                                                                      ^
In file included from .pio/libdeps/FPVGateAIO/ArduinoJson/src/ArduinoJson.hpp:46,
                 from .pio/libdeps/FPVGateAIO/ArduinoJson/src/ArduinoJson.h:9,
                 from lib/CONFIG/config.h:4,
                 from lib/USB/usb.h:28,
                 from lib/USB/usb.cpp:1:
.pio/libdeps/FPVGateAIO/ArduinoJson/src/ArduinoJson/Variant/VariantRefBaseImpl.hpp:89:1: note: declared here
 VariantRefBase<TDerived>::containsKey(TChar* key) const {
 ^~~~~~~~~~~~~~~~~~~~~~~~
Compiling .pio\build\FPVGateAIO\libdd9\WEBSERVER\webserver.cpp.o
lib/USB/usb.cpp:261:69: warning: 'ArduinoJson::V720PB22::detail::enable_if_t<ArduinoJson::V720PB22::detail::IsString<TChar*>::value, bool> ArduinoJson::V720PB22::detail::VariantRefBase<TDerived>::containsKey(TChar*) const [with TChar = const char; TDerived = 
ArduinoJson::V720PB22::detail::MemberProxy<ArduinoJson::V720PB22::JsonDocument&, const char*>; ArduinoJson::V720PB22::detail::enable_if_t<ArduinoJson::V720PB22::detail::IsString<TChar*>::value, bool> = bool]' is deprecated: use obj["key"].is<T>() instead [-Wdeprecated-declarations]
         if (!doc["data"].isNull() && doc["data"].containsKey("color")) {
                                                                     ^
In file included from .pio/libdeps/FPVGateAIO/ArduinoJson/src/ArduinoJson.hpp:46,
                 from .pio/libdeps/FPVGateAIO/ArduinoJson/src/ArduinoJson.h:9,
                 from lib/CONFIG/config.h:4,
                 from lib/USB/usb.h:28,
                 from lib/USB/usb.cpp:1:
.pio/libdeps/FPVGateAIO/ArduinoJson/src/ArduinoJson/Variant/VariantRefBaseImpl.hpp:89:1: note: declared here
 VariantRefBase<TDerived>::containsKey(TChar* key) const {
 ^~~~~~~~~~~~~~~~~~~~~~~~
lib/USB/usb.cpp:279:74: warning: 'ArduinoJson::V720PB22::detail::enable_if_t<ArduinoJson::V720PB22::detail::IsString<TChar*>::value, bool> ArduinoJson::V720PB22::detail::VariantRefBase<TDerived>::containsKey(TChar*) const [with TChar = const char; TDerived = 
ArduinoJson::V720PB22::detail::MemberProxy<ArduinoJson::V720PB22::JsonDocument&, const char*>; ArduinoJson::V720PB22::detail::enable_if_t<ArduinoJson::V720PB22::detail::IsString<TChar*>::value, bool> = bool]' is deprecated: use obj["key"].is<T>() instead [-Wdeprecated-declarations]
         if (!doc["data"].isNull() && doc["data"].containsKey("brightness")) {
                                                                          ^
In file included from .pio/libdeps/FPVGateAIO/ArduinoJson/src/ArduinoJson.hpp:46,
                 from .pio/libdeps/FPVGateAIO/ArduinoJson/src/ArduinoJson.h:9,
                 from lib/CONFIG/config.h:4,
                 from lib/USB/usb.h:28,
                 from lib/USB/usb.cpp:1:
.pio/libdeps/FPVGateAIO/ArduinoJson/src/ArduinoJson/Variant/VariantRefBaseImpl.hpp:89:1: note: declared here
 VariantRefBase<TDerived>::containsKey(TChar* key) const {
 ^~~~~~~~~~~~~~~~~~~~~~~~
lib/USB/usb.cpp:296:69: warning: 'ArduinoJson::V720PB22::detail::enable_if_t<ArduinoJson::V720PB22::detail::IsString<TChar*>::value, bool> ArduinoJson::V720PB22::detail::VariantRefBase<TDerived>::containsKey(TChar*) const [with TChar = const char; TDerived = 
ArduinoJson::V720PB22::detail::MemberProxy<ArduinoJson::V720PB22::JsonDocument&, const char*>; ArduinoJson::V720PB22::detail::enable_if_t<ArduinoJson::V720PB22::detail::IsString<TChar*>::value, bool> = bool]' is deprecated: use obj["key"].is<T>() instead [-Wdeprecated-declarations]
         if (!doc["data"].isNull() && doc["data"].containsKey("speed")) {
                                                                     ^
In file included from .pio/libdeps/FPVGateAIO/ArduinoJson/src/ArduinoJson.hpp:46,
                 from .pio/libdeps/FPVGateAIO/ArduinoJson/src/ArduinoJson.h:9,
                 from lib/CONFIG/config.h:4,
                 from lib/USB/usb.h:28,
                 from lib/USB/usb.cpp:1:
.pio/libdeps/FPVGateAIO/ArduinoJson/src/ArduinoJson/Variant/VariantRefBaseImpl.hpp:89:1: note: declared here
 VariantRefBase<TDerived>::containsKey(TChar* key) const {
 ^~~~~~~~~~~~~~~~~~~~~~~~
lib/USB/usb.cpp:313:70: warning: 'ArduinoJson::V720PB22::detail::enable_if_t<ArduinoJson::V720PB22::detail::IsString<TChar*>::value, bool> ArduinoJson::V720PB22::detail::VariantRefBase<TDerived>::containsKey(TChar*) const [with TChar = const char; TDerived = 
ArduinoJson::V720PB22::detail::MemberProxy<ArduinoJson::V720PB22::JsonDocument&, const char*>; ArduinoJson::V720PB22::detail::enable_if_t<ArduinoJson::V720PB22::detail::IsString<TChar*>::value, bool> = bool]' is deprecated: use obj["key"].is<T>() instead [-Wdeprecated-declarations]
         if (!doc["data"].isNull() && doc["data"].containsKey("enable")) {
                                                                      ^
In file included from .pio/libdeps/FPVGateAIO/ArduinoJson/src/ArduinoJson.hpp:46,
                 from .pio/libdeps/FPVGateAIO/ArduinoJson/src/ArduinoJson.h:9,
                 from lib/CONFIG/config.h:4,
                 from lib/USB/usb.h:28,
                 from lib/USB/usb.cpp:1:
.pio/libdeps/FPVGateAIO/ArduinoJson/src/ArduinoJson/Variant/VariantRefBaseImpl.hpp:89:1: note: declared here
 VariantRefBase<TDerived>::containsKey(TChar* key) const {
 ^~~~~~~~~~~~~~~~~~~~~~~~
lib/USB/usb.cpp:330:69: warning: 'ArduinoJson::V720PB22::detail::enable_if_t<ArduinoJson::V720PB22::detail::IsString<TChar*>::value, bool> ArduinoJson::V720PB22::detail::VariantRefBase<TDerived>::containsKey(TChar*) const [with TChar = const char; TDerived = 
ArduinoJson::V720PB22::detail::MemberProxy<ArduinoJson::V720PB22::JsonDocument&, const char*>; ArduinoJson::V720PB22::detail::enable_if_t<ArduinoJson::V720PB22::detail::IsString<TChar*>::value, bool> = bool]' is deprecated: use obj["key"].is<T>() instead [-Wdeprecated-declarations]
         if (!doc["data"].isNull() && doc["data"].containsKey("color")) {
                                                                     ^
In file included from .pio/libdeps/FPVGateAIO/ArduinoJson/src/ArduinoJson.hpp:46,
                 from .pio/libdeps/FPVGateAIO/ArduinoJson/src/ArduinoJson.h:9,
                 from lib/CONFIG/config.h:4,
                 from lib/USB/usb.h:28,
                 from lib/USB/usb.cpp:1:
.pio/libdeps/FPVGateAIO/ArduinoJson/src/ArduinoJson/Variant/VariantRefBaseImpl.hpp:89:1: note: declared here
 VariantRefBase<TDerived>::containsKey(TChar* key) const {
 ^~~~~~~~~~~~~~~~~~~~~~~~
lib/USB/usb.cpp:348:69: warning: 'ArduinoJson::V720PB22::detail::enable_if_t<ArduinoJson::V720PB22::detail::IsString<TChar*>::value, bool> ArduinoJson::V720PB22::detail::VariantRefBase<TDerived>::containsKey(TChar*) const [with TChar = const char; TDerived = 
ArduinoJson::V720PB22::detail::MemberProxy<ArduinoJson::V720PB22::JsonDocument&, const char*>; ArduinoJson::V720PB22::detail::enable_if_t<ArduinoJson::V720PB22::detail::IsString<TChar*>::value, bool> = bool]' is deprecated: use obj["key"].is<T>() instead [-Wdeprecated-declarations]
         if (!doc["data"].isNull() && doc["data"].containsKey("color")) {
                                                                     ^
In file included from .pio/libdeps/FPVGateAIO/ArduinoJson/src/ArduinoJson.hpp:46,
                 from .pio/libdeps/FPVGateAIO/ArduinoJson/src/ArduinoJson.h:9,
                 from lib/CONFIG/config.h:4,
                 from lib/USB/usb.h:28,
                 from lib/USB/usb.cpp:1:
.pio/libdeps/FPVGateAIO/ArduinoJson/src/ArduinoJson/Variant/VariantRefBaseImpl.hpp:89:1: note: declared here
 VariantRefBase<TDerived>::containsKey(TChar* key) const {
 ^~~~~~~~~~~~~~~~~~~~~~~~
Archiving .pio\build\FPVGateAIO\libdbd\libLAPTIMER.a
Archiving .pio\build\FPVGateAIO\libd9e\libTRACKMANAGER.a
Compiling .pio\build\FPVGateAIO\FrameworkArduino\Esp.cpp.o
Archiving .pio\build\FPVGateAIO\libebf\libDNSServer.a
Compiling .pio\build\FPVGateAIO\FrameworkArduino\FirmwareMSC.cpp.o
Compiling .pio\build\FPVGateAIO\FrameworkArduino\FunctionalInterrupt.cpp.o
Compiling .pio\build\FPVGateAIO\FrameworkArduino\HWCDC.cpp.o
Compiling .pio\build\FPVGateAIO\FrameworkArduino\HardwareSerial.cpp.o
Compiling .pio\build\FPVGateAIO\FrameworkArduino\IPAddress.cpp.o
Compiling .pio\build\FPVGateAIO\FrameworkArduino\IPv6Address.cpp.o
Compiling .pio\build\FPVGateAIO\FrameworkArduino\MD5Builder.cpp.o
Compiling .pio\build\FPVGateAIO\FrameworkArduino\Print.cpp.o
Compiling .pio\build\FPVGateAIO\FrameworkArduino\Stream.cpp.o
Compiling .pio\build\FPVGateAIO\FrameworkArduino\StreamString.cpp.o
Compiling .pio\build\FPVGateAIO\FrameworkArduino\Tone.cpp.o
Archiving .pio\build\FPVGateAIO\libc71\libESPmDNS.a
Compiling .pio\build\FPVGateAIO\FrameworkArduino\USB.cpp.o
Compiling .pio\build\FPVGateAIO\FrameworkArduino\USBCDC.cpp.o
Compiling .pio\build\FPVGateAIO\FrameworkArduino\USBMSC.cpp.o
Compiling .pio\build\FPVGateAIO\FrameworkArduino\WMath.cpp.o
Compiling .pio\build\FPVGateAIO\FrameworkArduino\WString.cpp.o
Compiling .pio\build\FPVGateAIO\FrameworkArduino\base64.cpp.o
Compiling .pio\build\FPVGateAIO\FrameworkArduino\cbuf.cpp.o
Compiling .pio\build\FPVGateAIO\FrameworkArduino\esp32-hal-adc.c.o
Archiving .pio\build\FPVGateAIO\lib536\libUSB.a
Compiling .pio\build\FPVGateAIO\FrameworkArduino\esp32-hal-bt.c.o
Archiving .pio\build\FPVGateAIO\libb72\libSELFTEST.a
Compiling .pio\build\FPVGateAIO\FrameworkArduino\esp32-hal-cpu.c.o
Compiling .pio\build\FPVGateAIO\FrameworkArduino\esp32-hal-dac.c.o
Compiling .pio\build\FPVGateAIO\FrameworkArduino\esp32-hal-gpio.c.o
Compiling .pio\build\FPVGateAIO\FrameworkArduino\esp32-hal-i2c-slave.c.o
Compiling .pio\build\FPVGateAIO\FrameworkArduino\esp32-hal-i2c.c.o
Compiling .pio\build\FPVGateAIO\FrameworkArduino\esp32-hal-ledc.c.o
Compiling .pio\build\FPVGateAIO\FrameworkArduino\esp32-hal-matrix.c.o
Compiling .pio\build\FPVGateAIO\FrameworkArduino\esp32-hal-misc.c.o
Compiling .pio\build\FPVGateAIO\FrameworkArduino\esp32-hal-psram.c.o
Compiling .pio\build\FPVGateAIO\FrameworkArduino\esp32-hal-rgb-led.c.o
Compiling .pio\build\FPVGateAIO\FrameworkArduino\esp32-hal-rmt.c.o
Compiling .pio\build\FPVGateAIO\FrameworkArduino\esp32-hal-sigmadelta.c.o
Compiling .pio\build\FPVGateAIO\FrameworkArduino\esp32-hal-spi.c.o
Compiling .pio\build\FPVGateAIO\FrameworkArduino\esp32-hal-time.c.o
Compiling .pio\build\FPVGateAIO\FrameworkArduino\esp32-hal-timer.c.o
Compiling .pio\build\FPVGateAIO\FrameworkArduino\esp32-hal-tinyusb.c.o
Compiling .pio\build\FPVGateAIO\FrameworkArduino\esp32-hal-touch.c.o
Compiling .pio\build\FPVGateAIO\FrameworkArduino\esp32-hal-uart.c.o
Compiling .pio\build\FPVGateAIO\FrameworkArduino\firmware_msc_fat.c.o
Compiling .pio\build\FPVGateAIO\FrameworkArduino\libb64\cdecode.c.o
Compiling .pio\build\FPVGateAIO\FrameworkArduino\libb64\cencode.c.o
Compiling .pio\build\FPVGateAIO\FrameworkArduino\main.cpp.o
Compiling .pio\build\FPVGateAIO\FrameworkArduino\stdlib_noniso.c.o
Compiling .pio\build\FPVGateAIO\FrameworkArduino\wiring_pulse.c.o
Compiling .pio\build\FPVGateAIO\FrameworkArduino\wiring_shift.c.o
Archiving .pio\build\FPVGateAIO\libFrameworkArduino.a
Archiving .pio\build\FPVGateAIO\libdd9\libWEBSERVER.a
Linking .pio\build\FPVGateAIO\firmware.elf
Retrieving maximum program size .pio\build\FPVGateAIO\firmware.elf
Checking size .pio\build\FPVGateAIO\firmware.elf
Advanced Memory Usage is available via "PlatformIO Home > Project Inspect"
RAM:   [==        ]  23.4% (used 76540 bytes from 327680 bytes)
Flash: [======    ]  59.6% (used 1249101 bytes from 2097152 bytes)
Building .pio\build\FPVGateAIO\firmware.bin
esptool.py v4.5.1
Creating esp32s3 image...
Merged 2 ELF sections
Successfully created esp32s3 image.
======================== [SUCCESS] Took 113.52 seconds ========================

Processing XIAOS3Plus (framework: arduino; platform: espressif32@6.9.0; board: seeed_xiao_esp32s3)
--------------------------------------------------------------------------------
Verbose mode can be enabled via `-v, --verbose` option
CONFIGURATION: https://docs.platformio.org/page/boards/espressif32/seeed_xiao_esp32s3.html
PLATFORM: Espressif 32 (6.9.0) > Seeed Studio XIAO ESP32S3
HARDWARE: ESP32S3 240MHz, 320KB RAM, 8MB Flash
DEBUG: Current (cmsis-dap) External (cmsis-dap, esp-bridge, esp-builtin, esp-prog, iot-bus-jtag, jlink, minimodule, olimex-arm-usb-ocd, olimex-arm-usb-ocd-h, olimex-arm-usb-tiny-h, olimex-jtag-tiny, tumpa)
PACKAGES: 
 - framework-arduinoespressif32 @ 3.20017.241212+sha.dcc1105b 
 - tool-esptoolpy @ 1.40501.0 (4.5.1) 
 - toolchain-riscv32-esp @ 8.4.0+2021r2-patch5 
 - toolchain-xtensa-esp32s3 @ 8.4.0+2021r2-patch5
LDF: Library Dependency Finder -> https://bit.ly/configure-pio-ldf
LDF Modes: Finder ~ chain, Compatibility ~ strict
Found 65 compatible libraries
Scanning dependencies...
Dependency Graph
|-- AsyncTCP @ 3.3.2+sha.ef448a8
|-- ESPAsyncWebServer @ 3.6.0+sha.ad3741d
|-- ArduinoJson @ 7.2.0
|-- ElegantOTA @ 3.1.7
|-- FastLED @ 3.10.3
|-- AUDIO @ 1.0.0
|-- DEBUG
|-- ELRS_BACKPACK
|-- LED
|-- POWER
|-- QMI8658
|-- RACEHISTORY
|-- RGBLED
|-- ROTORHAZARD
|-- SELFTEST
|-- STORAGE
|-- TRACKMANAGER
|-- TRANSPORT
|-- USB
|-- WEBHOOK
|-- WEBSERVER
Building in release mode
Compiling .pio\build\XIAOS3Plus\src\main.cpp.o
Building .pio\build\XIAOS3Plus\bootloader.bin
Generating partitions .pio\build\XIAOS3Plus\partitions.bin
esptool.py v4.5.1
Creating esp32s3 image...
Merged 1 ELF section
Successfully created esp32s3 image.
Compiling .pio\build\XIAOS3Plus\lib5da\AsyncTCP@src-7fb2940bccb78b8d2de6915ae328b7fc\AsyncTCP.cpp.o
Compiling .pio\build\XIAOS3Plus\lib971\FS\FS.cpp.o
Compiling .pio\build\XIAOS3Plus\lib971\FS\vfs_api.cpp.o
Compiling .pio\build\XIAOS3Plus\lib868\WiFi\WiFi.cpp.o
Compiling .pio\build\XIAOS3Plus\lib868\WiFi\WiFiAP.cpp.o
Compiling .pio\build\XIAOS3Plus\lib868\WiFi\WiFiClient.cpp.o
Compiling .pio\build\XIAOS3Plus\lib868\WiFi\WiFiGeneric.cpp.o
Compiling .pio\build\XIAOS3Plus\lib868\WiFi\WiFiMulti.cpp.o
Compiling .pio\build\XIAOS3Plus\lib868\WiFi\WiFiSTA.cpp.o
Compiling .pio\build\XIAOS3Plus\lib868\WiFi\WiFiScan.cpp.o
Compiling .pio\build\XIAOS3Plus\lib868\WiFi\WiFiServer.cpp.o
Compiling .pio\build\XIAOS3Plus\lib868\WiFi\WiFiUdp.cpp.o
Compiling .pio\build\XIAOS3Plus\lib453\WebServer\Parsing.cpp.o
Compiling .pio\build\XIAOS3Plus\lib453\WebServer\WebServer.cpp.o
Compiling .pio\build\XIAOS3Plus\lib453\WebServer\detail\mimetable.cpp.o
Compiling .pio\build\XIAOS3Plus\lib55d\ESPAsyncWebServer@src-8a740033305cb1c99d89b522d725653f\AsyncEventSource.cpp.o
Compiling .pio\build\XIAOS3Plus\lib55d\ESPAsyncWebServer@src-8a740033305cb1c99d89b522d725653f\AsyncJson.cpp.o
Archiving .pio\build\XIAOS3Plus\lib971\libFS.a
Archiving .pio\build\XIAOS3Plus\lib5da\libAsyncTCP@src-7fb2940bccb78b8d2de6915ae328b7fc.a
Compiling .pio\build\XIAOS3Plus\lib55d\ESPAsyncWebServer@src-8a740033305cb1c99d89b522d725653f\AsyncMessagePack.cpp.o
Compiling .pio\build\XIAOS3Plus\lib55d\ESPAsyncWebServer@src-8a740033305cb1c99d89b522d725653f\AsyncWebHeader.cpp.o
Compiling .pio\build\XIAOS3Plus\lib55d\ESPAsyncWebServer@src-8a740033305cb1c99d89b522d725653f\AsyncWebSocket.cpp.o
Compiling .pio\build\XIAOS3Plus\lib55d\ESPAsyncWebServer@src-8a740033305cb1c99d89b522d725653f\BackPort_SHA1Builder.cpp.o
Compiling .pio\build\XIAOS3Plus\lib55d\ESPAsyncWebServer@src-8a740033305cb1c99d89b522d725653f\ChunkPrint.cpp.o
Compiling .pio\build\XIAOS3Plus\lib55d\ESPAsyncWebServer@src-8a740033305cb1c99d89b522d725653f\Middleware.cpp.o
Compiling .pio\build\XIAOS3Plus\lib55d\ESPAsyncWebServer@src-8a740033305cb1c99d89b522d725653f\WebAuthentication.cpp.o
Compiling .pio\build\XIAOS3Plus\lib55d\ESPAsyncWebServer@src-8a740033305cb1c99d89b522d725653f\WebHandlers.cpp.o
Compiling .pio\build\XIAOS3Plus\lib55d\ESPAsyncWebServer@src-8a740033305cb1c99d89b522d725653f\WebRequest.cpp.o
Compiling .pio\build\XIAOS3Plus\lib55d\ESPAsyncWebServer@src-8a740033305cb1c99d89b522d725653f\WebResponses.cpp.o
Compiling .pio\build\XIAOS3Plus\lib55d\ESPAsyncWebServer@src-8a740033305cb1c99d89b522d725653f\WebServer.cpp.o
Archiving .pio\build\XIAOS3Plus\lib868\libWiFi.a
Compiling .pio\build\XIAOS3Plus\lib255\LittleFS\LittleFS.cpp.o
Compiling .pio\build\XIAOS3Plus\lib7cd\Update\HttpsOTAUpdate.cpp.o
Archiving .pio\build\XIAOS3Plus\lib453\libWebServer.a
Compiling .pio\build\XIAOS3Plus\lib7cd\Update\Updater.cpp.o
Compiling .pio\build\XIAOS3Plus\lib46c\ElegantOTA\ElegantOTA.cpp.o
Compiling .pio\build\XIAOS3Plus\lib46c\ElegantOTA\elop.cpp.o
Compiling .pio\build\XIAOS3Plus\lib05b\SPI\SPI.cpp.o
Compiling .pio\build\XIAOS3Plus\libd4e\I2S\I2S.cpp.o
Compiling .pio\build\XIAOS3Plus\lib53e\SD\SD.cpp.o
Archiving .pio\build\XIAOS3Plus\lib255\libLittleFS.a
Compiling .pio\build\XIAOS3Plus\lib53e\SD\sd_diskio.cpp.o
Compiling .pio\build\XIAOS3Plus\lib53e\SD\sd_diskio_crc.c.o
Compiling .pio\build\XIAOS3Plus\libc98\FastLED\FastLED.cpp.o
Archiving .pio\build\XIAOS3Plus\lib55d\libESPAsyncWebServer@src-8a740033305cb1c99d89b522d725653f.a
Archiving .pio\build\XIAOS3Plus\lib7cd\libUpdate.a
Compiling .pio\build\XIAOS3Plus\libc98\FastLED\bitswap.cpp.o
Compiling .pio\build\XIAOS3Plus\libc98\FastLED\cled_controller.cpp.o
Compiling .pio\build\XIAOS3Plus\libc98\FastLED\colorpalettes.cpp.o
Compiling .pio\build\XIAOS3Plus\libc98\FastLED\crgb.cpp.o
Compiling .pio\build\XIAOS3Plus\libc98\FastLED\fl\allocator.cpp.o
Compiling .pio\build\XIAOS3Plus\libc98\FastLED\fl\async.cpp.o
Compiling .pio\build\XIAOS3Plus\libc98\FastLED\fl\audio.cpp.o
Compiling .pio\build\XIAOS3Plus\libc98\FastLED\fl\audio_input.cpp.o
Compiling .pio\build\XIAOS3Plus\libc98\FastLED\fl\audio_reactive.cpp.o
Compiling .pio\build\XIAOS3Plus\libc98\FastLED\fl\bitset.cpp.o
Compiling .pio\build\XIAOS3Plus\libc98\FastLED\fl\blur.cpp.o
Archiving .pio\build\XIAOS3Plus\lib05b\libSPI.a
Compiling .pio\build\XIAOS3Plus\libc98\FastLED\fl\bytestreammemory.cpp.o
Compiling .pio\build\XIAOS3Plus\libc98\FastLED\fl\colorutils.cpp.o
Archiving .pio\build\XIAOS3Plus\libd4e\libI2S.a
Compiling .pio\build\XIAOS3Plus\libc98\FastLED\fl\corkscrew.cpp.o
Archiving .pio\build\XIAOS3Plus\lib46c\libElegantOTA.a
Compiling .pio\build\XIAOS3Plus\libc98\FastLED\fl\crgb_hsv16.cpp.o
Compiling .pio\build\XIAOS3Plus\libc98\FastLED\fl\downscale.cpp.o
Compiling .pio\build\XIAOS3Plus\libc98\FastLED\fl\ease.cpp.o
Compiling .pio\build\XIAOS3Plus\libc98\FastLED\fl\engine_events.cpp.o
Compiling .pio\build\XIAOS3Plus\libc98\FastLED\fl\fetch.cpp.o
Compiling .pio\build\XIAOS3Plus\libc98\FastLED\fl\fft.cpp.o
Archiving .pio\build\XIAOS3Plus\lib53e\libSD.a
Compiling .pio\build\XIAOS3Plus\libc98\FastLED\fl\fft_impl.cpp.o
Compiling .pio\build\XIAOS3Plus\libc98\FastLED\fl\file_system.cpp.o
Compiling .pio\build\XIAOS3Plus\libc98\FastLED\fl\fill.cpp.o
Compiling .pio\build\XIAOS3Plus\libc98\FastLED\fl\gamma.cpp.o
Compiling .pio\build\XIAOS3Plus\libc98\FastLED\fl\gradient.cpp.o
Compiling .pio\build\XIAOS3Plus\libc98\FastLED\fl\hsv16.cpp.o
Compiling .pio\build\XIAOS3Plus\libc98\FastLED\fl\id_tracker.cpp.o
Compiling .pio\build\XIAOS3Plus\libc98\FastLED\fl\io.cpp.o
Compiling .pio\build\XIAOS3Plus\libc98\FastLED\fl\istream.cpp.o
Compiling .pio\build\XIAOS3Plus\libc98\FastLED\fl\json.cpp.o
Compiling .pio\build\XIAOS3Plus\libc98\FastLED\fl\leds.cpp.o
Compiling .pio\build\XIAOS3Plus\libc98\FastLED\fl\line_simplification.cpp.o
Compiling .pio\build\XIAOS3Plus\libc98\FastLED\fl\noise_woryley.cpp.o
Compiling .pio\build\XIAOS3Plus\libc98\FastLED\fl\ostream.cpp.o
Compiling .pio\build\XIAOS3Plus\libc98\FastLED\fl\ptr.cpp.o
Compiling .pio\build\XIAOS3Plus\libc98\FastLED\fl\random.cpp.o
Compiling .pio\build\XIAOS3Plus\libc98\FastLED\fl\raster_sparse.cpp.o
Compiling .pio\build\XIAOS3Plus\libc98\FastLED\fl\rectangular_draw_buffer.cpp.o
Compiling .pio\build\XIAOS3Plus\libc98\FastLED\fl\referent.cpp.o
Compiling .pio\build\XIAOS3Plus\libc98\FastLED\fl\rgbw.cpp.o
Compiling .pio\build\XIAOS3Plus\libc98\FastLED\fl\screenmap.cpp.o
Compiling .pio\build\XIAOS3Plus\libc98\FastLED\fl\sin32.cpp.o
Compiling .pio\build\XIAOS3Plus\libc98\FastLED\fl\splat.cpp.o
Compiling .pio\build\XIAOS3Plus\libc98\FastLED\fl\str.cpp.o
Compiling .pio\build\XIAOS3Plus\libc98\FastLED\fl\str_ui.cpp.o
Compiling .pio\build\XIAOS3Plus\libc98\FastLED\fl\strstream.cpp.o
Compiling .pio\build\XIAOS3Plus\libc98\FastLED\fl\stub_main.cpp.o
Compiling .pio\build\XIAOS3Plus\libc98\FastLED\fl\task.cpp.o
Compiling .pio\build\XIAOS3Plus\libc98\FastLED\fl\tile2x2.cpp.o
Compiling .pio\build\XIAOS3Plus\libc98\FastLED\fl\time.cpp.o
Compiling .pio\build\XIAOS3Plus\libc98\FastLED\fl\time_alpha.cpp.o
Compiling .pio\build\XIAOS3Plus\libc98\FastLED\fl\transform.cpp.o
Compiling .pio\build\XIAOS3Plus\libc98\FastLED\fl\type_traits.cpp.o
Compiling .pio\build\XIAOS3Plus\libc98\FastLED\fl\ui.cpp.o
Compiling .pio\build\XIAOS3Plus\libc98\FastLED\fl\upscale.cpp.o
Compiling .pio\build\XIAOS3Plus\libc98\FastLED\fl\wave_simulation.cpp.o
Compiling .pio\build\XIAOS3Plus\libc98\FastLED\fl\wave_simulation_real.cpp.o
Compiling .pio\build\XIAOS3Plus\libc98\FastLED\fl\xmap.cpp.o
Compiling .pio\build\XIAOS3Plus\libc98\FastLED\fl\xymap.cpp.o
Compiling .pio\build\XIAOS3Plus\libc98\FastLED\fl\xypath.cpp.o
Compiling .pio\build\XIAOS3Plus\libc98\FastLED\fl\xypath_impls.cpp.o
Compiling .pio\build\XIAOS3Plus\libc98\FastLED\fl\xypath_renderer.cpp.o
Compiling .pio\build\XIAOS3Plus\libc98\FastLED\fx\2d\blend.cpp.o
Compiling .pio\build\XIAOS3Plus\libc98\FastLED\fx\2d\luminova.cpp.o
Compiling .pio\build\XIAOS3Plus\libc98\FastLED\fx\2d\noisepalette.cpp.o
Compiling .pio\build\XIAOS3Plus\libc98\FastLED\fx\2d\scale_up.cpp.o
Compiling .pio\build\XIAOS3Plus\libc98\FastLED\fx\2d\wave.cpp.o
Compiling .pio\build\XIAOS3Plus\libc98\FastLED\fx\detail\fx_layer.cpp.o
Compiling .pio\build\XIAOS3Plus\libc98\FastLED\fx\frame.cpp.o
Compiling .pio\build\XIAOS3Plus\libc98\FastLED\fx\fx_engine.cpp.o
Compiling .pio\build\XIAOS3Plus\libc98\FastLED\fx\time.cpp.o
Compiling .pio\build\XIAOS3Plus\libc98\FastLED\fx\video.cpp.o
Compiling .pio\build\XIAOS3Plus\libc98\FastLED\fx\video\frame_interpolator.cpp.o
Compiling .pio\build\XIAOS3Plus\libc98\FastLED\fx\video\frame_tracker.cpp.o
Compiling .pio\build\XIAOS3Plus\libc98\FastLED\fx\video\pixel_stream.cpp.o
Compiling .pio\build\XIAOS3Plus\libc98\FastLED\fx\video\video_impl.cpp.o
Compiling .pio\build\XIAOS3Plus\libc98\FastLED\hsv2rgb.cpp.o
Compiling .pio\build\XIAOS3Plus\libc98\FastLED\lib8tion.cpp.o
Compiling .pio\build\XIAOS3Plus\libc98\FastLED\noise.cpp.o
Compiling .pio\build\XIAOS3Plus\libc98\FastLED\platforms.cpp.o
Compiling .pio\build\XIAOS3Plus\libc98\FastLED\platforms\adafruit\clockless.cpp.o
Compiling .pio\build\XIAOS3Plus\libc98\FastLED\platforms\arm\k20\clockless_objectfled.cpp.o
Compiling .pio\build\XIAOS3Plus\libc98\FastLED\platforms\arm\mgm240\fastpin_arm_mgm240.cpp.o
Compiling .pio\build\XIAOS3Plus\libc98\FastLED\platforms\compile_test.cpp.o
Compiling .pio\build\XIAOS3Plus\libc98\FastLED\platforms\esp\32\audio\audio.cpp.o
Compiling .pio\build\XIAOS3Plus\libc98\FastLED\platforms\esp\32\audio\sound_util.cpp.o
Compiling .pio\build\XIAOS3Plus\libc98\FastLED\platforms\esp\32\clockless_i2s_esp32s3.cpp.o
Compiling .pio\build\XIAOS3Plus\libc98\FastLED\platforms\esp\32\i2s\i2s_esp32dev.cpp.o
Compiling .pio\build\XIAOS3Plus\libc98\FastLED\platforms\esp\32\rmt_4\idf4_rmt.cpp.o
Compiling .pio\build\XIAOS3Plus\libc98\FastLED\platforms\esp\32\rmt_4\idf4_rmt_impl.cpp.o
.pio/libdeps/XIAOS3Plus/FastLED/src/platforms/esp/32/clockless_i2s_esp32s3.cpp:10:2: warning: #warning "esp_memory_utils.h is not available, are you on esp-idf 4? The parallel clockless i2s driver will not be available" [-Wcpp]
 #warning "esp_memory_utils.h is not available, are you on esp-idf 4? The parallel clockless i2s driver will not be available"
  ^~~~~~~
Compiling .pio\build\XIAOS3Plus\libc98\FastLED\platforms\esp\32\rmt_5\idf5_rmt.cpp.o
Compiling .pio\build\XIAOS3Plus\libc98\FastLED\platforms\esp\32\rmt_5\strip_rmt.cpp.o
Compiling .pio\build\XIAOS3Plus\libc98\FastLED\platforms\esp\32\spi_ws2812\strip_spi.cpp.o
Compiling .pio\build\XIAOS3Plus\libc98\FastLED\platforms\stub\Arduino.cpp.o
Compiling .pio\build\XIAOS3Plus\libc98\FastLED\platforms\stub\led_sysdefs_stub.cpp.o
Compiling .pio\build\XIAOS3Plus\libc98\FastLED\platforms\stub\time_stub.cpp.o
Compiling .pio\build\XIAOS3Plus\libc98\FastLED\platforms\wasm\active_strip_data.cpp.o
Compiling .pio\build\XIAOS3Plus\libc98\FastLED\platforms\wasm\engine_listener.cpp.o
Compiling .pio\build\XIAOS3Plus\libc98\FastLED\platforms\wasm\entry_point.cpp.o
Compiling .pio\build\XIAOS3Plus\libc98\FastLED\platforms\wasm\fastspi_wasm.cpp.o
Compiling .pio\build\XIAOS3Plus\libc98\FastLED\platforms\wasm\fs_wasm.cpp.o
Compiling .pio\build\XIAOS3Plus\libc98\FastLED\platforms\wasm\js.cpp.o
Compiling .pio\build\XIAOS3Plus\libc98\FastLED\platforms\wasm\js_bindings.cpp.o
Compiling .pio\build\XIAOS3Plus\libc98\FastLED\platforms\wasm\js_fetch.cpp.o
Compiling .pio\build\XIAOS3Plus\libc98\FastLED\platforms\wasm\timer.cpp.o
Compiling .pio\build\XIAOS3Plus\libc98\FastLED\platforms\wasm\ui.cpp.o
Compiling .pio\build\XIAOS3Plus\libc98\FastLED\power_mgt.cpp.o
Compiling .pio\build\XIAOS3Plus\libc98\FastLED\sensors\button.cpp.o
Compiling .pio\build\XIAOS3Plus\libc98\FastLED\sensors\digital_pin.cpp.o
Compiling .pio\build\XIAOS3Plus\libc98\FastLED\sensors\pir.cpp.o
Compiling .pio\build\XIAOS3Plus\libc98\FastLED\simplex.cpp.o
Compiling .pio\build\XIAOS3Plus\libc98\FastLED\third_party\cq_kernel\cq_kernel.cpp.o
Compiling .pio\build\XIAOS3Plus\libc98\FastLED\third_party\cq_kernel\kiss_fft.cpp.o
Compiling .pio\build\XIAOS3Plus\libc98\FastLED\third_party\cq_kernel\kiss_fftr.cpp.o
Compiling .pio\build\XIAOS3Plus\libc98\FastLED\third_party\espressif\led_strip\src\led_strip_api.c.o
Compiling .pio\build\XIAOS3Plus\libc98\FastLED\third_party\espressif\led_strip\src\led_strip_rmt_dev.c.o
Compiling .pio\build\XIAOS3Plus\libc98\FastLED\third_party\espressif\led_strip\src\led_strip_rmt_encoder.c.o
Compiling .pio\build\XIAOS3Plus\libc98\FastLED\third_party\espressif\led_strip\src\led_strip_spi_dev.c.o
Compiling .pio\build\XIAOS3Plus\libc98\FastLED\third_party\object_fled\src\OjectFLED.cpp.o
Compiling .pio\build\XIAOS3Plus\libc98\FastLED\transpose8x1_noinline.cpp.o
Compiling .pio\build\XIAOS3Plus\libc98\FastLED\wiring.cpp.o
Compiling .pio\build\XIAOS3Plus\libd0b\SPIFFS\SPIFFS.cpp.o
Compiling .pio\build\XIAOS3Plus\lib2a0\WiFiClientSecure\WiFiClientSecure.cpp.o
Compiling .pio\build\XIAOS3Plus\lib2a0\WiFiClientSecure\esp_crt_bundle.c.o
Compiling .pio\build\XIAOS3Plus\lib2a0\WiFiClientSecure\ssl_client.cpp.o
Compiling .pio\build\XIAOS3Plus\lib96e\HTTPClient\HTTPClient.cpp.o
Compiling .pio\build\XIAOS3Plus\lib791\ESP8266Audio\AudioFileSourceBuffer.cpp.o
Compiling .pio\build\XIAOS3Plus\lib791\ESP8266Audio\AudioFileSourceFS.cpp.o
Compiling .pio\build\XIAOS3Plus\lib791\ESP8266Audio\AudioFileSourceFunction.cpp.o
Compiling .pio\build\XIAOS3Plus\lib791\ESP8266Audio\AudioFileSourceHTTPStream.cpp.o
Compiling .pio\build\XIAOS3Plus\lib791\ESP8266Audio\AudioFileSourceICYStream.cpp.o
Compiling .pio\build\XIAOS3Plus\lib791\ESP8266Audio\AudioFileSourceID3.cpp.o
Compiling .pio\build\XIAOS3Plus\lib791\ESP8266Audio\AudioFileSourcePROGMEM.cpp.o
Compiling .pio\build\XIAOS3Plus\lib791\ESP8266Audio\AudioFileSourceSD.cpp.o
Compiling .pio\build\XIAOS3Plus\lib791\ESP8266Audio\AudioFileSourceSPIRAMBuffer.cpp.o
Compiling .pio\build\XIAOS3Plus\lib791\ESP8266Audio\AudioFileSourceSTDIO.cpp.o
Compiling .pio\build\XIAOS3Plus\lib791\ESP8266Audio\AudioFileStream.cpp.o
Archiving .pio\build\XIAOS3Plus\libd0b\libSPIFFS.a
Compiling .pio\build\XIAOS3Plus\lib791\ESP8266Audio\AudioGeneratorAAC.cpp.o
Archiving .pio\build\XIAOS3Plus\libc98\libFastLED.a
Compiling .pio\build\XIAOS3Plus\lib791\ESP8266Audio\AudioGeneratorFLAC.cpp.o
Compiling .pio\build\XIAOS3Plus\lib791\ESP8266Audio\AudioGeneratorMIDI.cpp.o
Archiving .pio\build\XIAOS3Plus\lib2a0\libWiFiClientSecure.a
Compiling .pio\build\XIAOS3Plus\lib791\ESP8266Audio\AudioGeneratorMOD.cpp.o
Compiling .pio\build\XIAOS3Plus\lib791\ESP8266Audio\AudioGeneratorMP3.cpp.o
Compiling .pio\build\XIAOS3Plus\lib791\ESP8266Audio\AudioGeneratorMP3a.cpp.o
Compiling .pio\build\XIAOS3Plus\lib791\ESP8266Audio\AudioGeneratorOpus.cpp.o
Compiling .pio\build\XIAOS3Plus\lib791\ESP8266Audio\AudioGeneratorRTTTL.cpp.o
Compiling .pio\build\XIAOS3Plus\lib791\ESP8266Audio\AudioGeneratorTalkie.cpp.o
Compiling .pio\build\XIAOS3Plus\lib791\ESP8266Audio\AudioGeneratorWAV.cpp.o
Compiling .pio\build\XIAOS3Plus\lib791\ESP8266Audio\AudioLogger.cpp.o
Compiling .pio\build\XIAOS3Plus\lib791\ESP8266Audio\AudioOutputBuffer.cpp.o
Compiling .pio\build\XIAOS3Plus\lib791\ESP8266Audio\AudioOutputFilterBiquad.cpp.o
Compiling .pio\build\XIAOS3Plus\lib791\ESP8266Audio\AudioOutputFilterDecimate.cpp.o
Compiling .pio\build\XIAOS3Plus\lib791\ESP8266Audio\AudioOutputI2S.cpp.o
Archiving .pio\build\XIAOS3Plus\lib96e\libHTTPClient.a
Compiling .pio\build\XIAOS3Plus\lib791\ESP8266Audio\AudioOutputI2SNoDAC.cpp.o
Compiling .pio\build\XIAOS3Plus\lib791\ESP8266Audio\AudioOutputMixer.cpp.o
Compiling .pio\build\XIAOS3Plus\lib791\ESP8266Audio\AudioOutputPWM.cpp.o
Compiling .pio\build\XIAOS3Plus\lib791\ESP8266Audio\AudioOutputSPDIF.cpp.o
Compiling .pio\build\XIAOS3Plus\lib791\ESP8266Audio\AudioOutputSPIFFSWAV.cpp.o
Compiling .pio\build\XIAOS3Plus\lib791\ESP8266Audio\AudioOutputSTDIO.cpp.o
Compiling .pio\build\XIAOS3Plus\lib791\ESP8266Audio\AudioOutputSerialWAV.cpp.o
Compiling .pio\build\XIAOS3Plus\lib791\ESP8266Audio\AudioOutputULP.cpp.o
Compiling .pio\build\XIAOS3Plus\lib791\ESP8266Audio\driver\SinglePinI2SDriver.cpp.o
Compiling .pio\build\XIAOS3Plus\lib791\ESP8266Audio\libflac\bitmath.c.o
Compiling .pio\build\XIAOS3Plus\lib791\ESP8266Audio\libflac\bitreader.c.o
Compiling .pio\build\XIAOS3Plus\lib791\ESP8266Audio\libflac\cpu.c.o
Compiling .pio\build\XIAOS3Plus\lib791\ESP8266Audio\libflac\crc.c.o
Compiling .pio\build\XIAOS3Plus\lib791\ESP8266Audio\libflac\fixed.c.o
Compiling .pio\build\XIAOS3Plus\lib791\ESP8266Audio\libflac\float.c.o
Compiling .pio\build\XIAOS3Plus\lib791\ESP8266Audio\libflac\format.c.o
Compiling .pio\build\XIAOS3Plus\lib791\ESP8266Audio\libflac\lpc.c.o
Compiling .pio\build\XIAOS3Plus\lib791\ESP8266Audio\libflac\md5.c.o
Compiling .pio\build\XIAOS3Plus\lib791\ESP8266Audio\libflac\memory.c.o
Compiling .pio\build\XIAOS3Plus\lib791\ESP8266Audio\libflac\stream_decoder.c.o
Compiling .pio\build\XIAOS3Plus\lib791\ESP8266Audio\libflac\window.c.o
Compiling .pio\build\XIAOS3Plus\lib791\ESP8266Audio\libhelix-aac\aacdec.c.o
Compiling .pio\build\XIAOS3Plus\lib791\ESP8266Audio\libhelix-aac\aactabs.c.o
Compiling .pio\build\XIAOS3Plus\lib791\ESP8266Audio\libhelix-aac\bitstream.c.o
Compiling .pio\build\XIAOS3Plus\lib791\ESP8266Audio\libhelix-aac\buffers.c.o
Compiling .pio\build\XIAOS3Plus\lib791\ESP8266Audio\libhelix-aac\dct4.c.o
Compiling .pio\build\XIAOS3Plus\lib791\ESP8266Audio\libhelix-aac\decelmnt.c.o
Compiling .pio\build\XIAOS3Plus\lib791\ESP8266Audio\libhelix-aac\dequant.c.o
Compiling .pio\build\XIAOS3Plus\lib791\ESP8266Audio\libhelix-aac\fft.c.o
Compiling .pio\build\XIAOS3Plus\lib791\ESP8266Audio\libhelix-aac\filefmt.c.o
Compiling .pio\build\XIAOS3Plus\lib791\ESP8266Audio\libhelix-aac\huffman.c.o
Compiling .pio\build\XIAOS3Plus\lib791\ESP8266Audio\libhelix-aac\hufftabs.c.o
Compiling .pio\build\XIAOS3Plus\lib791\ESP8266Audio\libhelix-aac\imdct.c.o
Compiling .pio\build\XIAOS3Plus\lib791\ESP8266Audio\libhelix-aac\noiseless.c.o
Compiling .pio\build\XIAOS3Plus\lib791\ESP8266Audio\libhelix-aac\pns.c.o
Compiling .pio\build\XIAOS3Plus\lib791\ESP8266Audio\libhelix-aac\sbr.c.o
Compiling .pio\build\XIAOS3Plus\lib791\ESP8266Audio\libhelix-aac\sbrfft.c.o
Compiling .pio\build\XIAOS3Plus\lib791\ESP8266Audio\libhelix-aac\sbrfreq.c.o
Compiling .pio\build\XIAOS3Plus\lib791\ESP8266Audio\libhelix-aac\sbrhfadj.c.o
Compiling .pio\build\XIAOS3Plus\lib791\ESP8266Audio\libhelix-aac\sbrhfgen.c.o
Compiling .pio\build\XIAOS3Plus\lib791\ESP8266Audio\libhelix-aac\sbrhuff.c.o
Compiling .pio\build\XIAOS3Plus\lib791\ESP8266Audio\libhelix-aac\sbrimdct.c.o
Compiling .pio\build\XIAOS3Plus\lib791\ESP8266Audio\libhelix-aac\sbrmath.c.o
Compiling .pio\build\XIAOS3Plus\lib791\ESP8266Audio\libhelix-aac\sbrqmf.c.o
Compiling .pio\build\XIAOS3Plus\lib791\ESP8266Audio\libhelix-aac\sbrside.c.o
Compiling .pio\build\XIAOS3Plus\lib791\ESP8266Audio\libhelix-aac\sbrtabs.c.o
Compiling .pio\build\XIAOS3Plus\lib791\ESP8266Audio\libhelix-aac\stproc.c.o
Compiling .pio\build\XIAOS3Plus\lib791\ESP8266Audio\libhelix-aac\tns.c.o
Compiling .pio\build\XIAOS3Plus\lib791\ESP8266Audio\libhelix-aac\trigtabs.c.o
Compiling .pio\build\XIAOS3Plus\lib791\ESP8266Audio\libhelix-mp3\bitstream.c.o
Compiling .pio\build\XIAOS3Plus\lib791\ESP8266Audio\libhelix-mp3\buffers.c.o
Compiling .pio\build\XIAOS3Plus\lib791\ESP8266Audio\libhelix-mp3\dct32.c.o
Compiling .pio\build\XIAOS3Plus\lib791\ESP8266Audio\libhelix-mp3\dequant.c.o
Compiling .pio\build\XIAOS3Plus\lib791\ESP8266Audio\libhelix-mp3\dqchan.c.o
Compiling .pio\build\XIAOS3Plus\lib791\ESP8266Audio\libhelix-mp3\huffman.c.o
Compiling .pio\build\XIAOS3Plus\lib791\ESP8266Audio\libhelix-mp3\hufftabs.c.o
Compiling .pio\build\XIAOS3Plus\lib791\ESP8266Audio\libhelix-mp3\imdct.c.o
Compiling .pio\build\XIAOS3Plus\lib791\ESP8266Audio\libhelix-mp3\mp3dec.c.o
Compiling .pio\build\XIAOS3Plus\lib791\ESP8266Audio\libhelix-mp3\mp3tabs.c.o
Compiling .pio\build\XIAOS3Plus\lib791\ESP8266Audio\libhelix-mp3\polyphase.c.o
Compiling .pio\build\XIAOS3Plus\lib791\ESP8266Audio\libhelix-mp3\scalfact.c.o
Compiling .pio\build\XIAOS3Plus\lib791\ESP8266Audio\libhelix-mp3\stproc.c.o
Compiling .pio\build\XIAOS3Plus\lib791\ESP8266Audio\libhelix-mp3\subband.c.o
Compiling .pio\build\XIAOS3Plus\lib791\ESP8266Audio\libhelix-mp3\trigtabs.c.o
Compiling .pio\build\XIAOS3Plus\lib791\ESP8266Audio\libmad\bit.c.o
Compiling .pio\build\XIAOS3Plus\lib791\ESP8266Audio\libmad\decoder.c.o
Compiling .pio\build\XIAOS3Plus\lib791\ESP8266Audio\libmad\fixed.c.o
Compiling .pio\build\XIAOS3Plus\lib791\ESP8266Audio\libmad\frame.c.o
Compiling .pio\build\XIAOS3Plus\lib791\ESP8266Audio\libmad\huffman.c.o
Compiling .pio\build\XIAOS3Plus\lib791\ESP8266Audio\libmad\layer3.c.o
Compiling .pio\build\XIAOS3Plus\lib791\ESP8266Audio\libmad\stream.c.o
Compiling .pio\build\XIAOS3Plus\lib791\ESP8266Audio\libmad\synth.c.o
Compiling .pio\build\XIAOS3Plus\lib791\ESP8266Audio\libmad\timer.c.o
Compiling .pio\build\XIAOS3Plus\lib791\ESP8266Audio\libmad\version.c.o
Compiling .pio\build\XIAOS3Plus\lib791\ESP8266Audio\libogg\bitwise.c.o
Compiling .pio\build\XIAOS3Plus\lib791\ESP8266Audio\libogg\framing.c.o
Compiling .pio\build\XIAOS3Plus\lib791\ESP8266Audio\libopus\celt\bands.c.o
Compiling .pio\build\XIAOS3Plus\lib791\ESP8266Audio\libopus\celt\celt.c.o
Compiling .pio\build\XIAOS3Plus\lib791\ESP8266Audio\libopus\celt\celt_decoder.c.o
Compiling .pio\build\XIAOS3Plus\lib791\ESP8266Audio\libopus\celt\celt_encoder.c.o
Compiling .pio\build\XIAOS3Plus\lib791\ESP8266Audio\libopus\celt\celt_lpc.c.o
Compiling .pio\build\XIAOS3Plus\lib791\ESP8266Audio\libopus\celt\cwrs.c.o
Compiling .pio\build\XIAOS3Plus\lib791\ESP8266Audio\libopus\celt\entcode.c.o
Compiling .pio\build\XIAOS3Plus\lib791\ESP8266Audio\libopus\celt\entdec.c.o
Compiling .pio\build\XIAOS3Plus\lib791\ESP8266Audio\libopus\celt\entenc.c.o
Compiling .pio\build\XIAOS3Plus\lib791\ESP8266Audio\libopus\celt\kiss_fft.c.o
Compiling .pio\build\XIAOS3Plus\lib791\ESP8266Audio\libopus\celt\laplace.c.o
Compiling .pio\build\XIAOS3Plus\lib791\ESP8266Audio\libopus\celt\mathops.c.o
Compiling .pio\build\XIAOS3Plus\lib791\ESP8266Audio\libopus\celt\mdct.c.o
Compiling .pio\build\XIAOS3Plus\lib791\ESP8266Audio\libopus\celt\modes.c.o
Compiling .pio\build\XIAOS3Plus\lib791\ESP8266Audio\libopus\celt\pitch.c.o
Compiling .pio\build\XIAOS3Plus\lib791\ESP8266Audio\libopus\celt\quant_bands.c.o
Compiling .pio\build\XIAOS3Plus\lib791\ESP8266Audio\libopus\celt\rate.c.o
Compiling .pio\build\XIAOS3Plus\lib791\ESP8266Audio\libopus\celt\vq.c.o
Compiling .pio\build\XIAOS3Plus\lib791\ESP8266Audio\libopus\mapping_matrix.c.o
Compiling .pio\build\XIAOS3Plus\lib791\ESP8266Audio\libopus\opus.c.o
Compiling .pio\build\XIAOS3Plus\lib791\ESP8266Audio\libopus\opus_decoder.c.o
Compiling .pio\build\XIAOS3Plus\lib791\ESP8266Audio\libopus\opus_encoder.c.o
Compiling .pio\build\XIAOS3Plus\lib791\ESP8266Audio\libopus\opus_multistream.c.o
Compiling .pio\build\XIAOS3Plus\lib791\ESP8266Audio\libopus\opus_multistream_decoder.c.o
Compiling .pio\build\XIAOS3Plus\lib791\ESP8266Audio\libopus\opus_multistream_encoder.c.o
Compiling .pio\build\XIAOS3Plus\lib791\ESP8266Audio\libopus\opus_projection_decoder.c.o
Compiling .pio\build\XIAOS3Plus\lib791\ESP8266Audio\libopus\opus_projection_encoder.c.o
Compiling .pio\build\XIAOS3Plus\lib791\ESP8266Audio\libopus\repacketizer.c.o
Compiling .pio\build\XIAOS3Plus\lib791\ESP8266Audio\libopus\silk\A2NLSF.c.o
Compiling .pio\build\XIAOS3Plus\lib791\ESP8266Audio\libopus\silk\CNG.c.o
Compiling .pio\build\XIAOS3Plus\lib791\ESP8266Audio\libopus\silk\HP_variable_cutoff.c.o
Compiling .pio\build\XIAOS3Plus\lib791\ESP8266Audio\libopus\silk\LPC_analysis_filter.c.o
Compiling .pio\build\XIAOS3Plus\lib791\ESP8266Audio\libopus\silk\LPC_fit.c.o
Compiling .pio\build\XIAOS3Plus\lib791\ESP8266Audio\libopus\silk\LPC_inv_pred_gain.c.o
Compiling .pio\build\XIAOS3Plus\lib791\ESP8266Audio\libopus\silk\LP_variable_cutoff.c.o
Compiling .pio\build\XIAOS3Plus\lib791\ESP8266Audio\libopus\silk\NLSF2A.c.o
Compiling .pio\build\XIAOS3Plus\lib791\ESP8266Audio\libopus\silk\NLSF_VQ.c.o
Compiling .pio\build\XIAOS3Plus\lib791\ESP8266Audio\libopus\silk\NLSF_VQ_weights_laroia.c.o
Compiling .pio\build\XIAOS3Plus\lib791\ESP8266Audio\libopus\silk\NLSF_decode.c.o
Compiling .pio\build\XIAOS3Plus\lib791\ESP8266Audio\libopus\silk\NLSF_del_dec_quant.c.o
Compiling .pio\build\XIAOS3Plus\lib791\ESP8266Audio\libopus\silk\NLSF_encode.c.o
Compiling .pio\build\XIAOS3Plus\lib791\ESP8266Audio\libopus\silk\NLSF_stabilize.c.o
Compiling .pio\build\XIAOS3Plus\lib791\ESP8266Audio\libopus\silk\NLSF_unpack.c.o
Compiling .pio\build\XIAOS3Plus\lib791\ESP8266Audio\libopus\silk\NSQ.c.o
Compiling .pio\build\XIAOS3Plus\lib791\ESP8266Audio\libopus\silk\NSQ_del_dec.c.o
Compiling .pio\build\XIAOS3Plus\lib791\ESP8266Audio\libopus\silk\PLC.c.o
Compiling .pio\build\XIAOS3Plus\lib791\ESP8266Audio\libopus\silk\VAD.c.o
Compiling .pio\build\XIAOS3Plus\lib791\ESP8266Audio\libopus\silk\VQ_WMat_EC.c.o
Compiling .pio\build\XIAOS3Plus\lib791\ESP8266Audio\libopus\silk\ana_filt_bank_1.c.o
Compiling .pio\build\XIAOS3Plus\lib791\ESP8266Audio\libopus\silk\biquad_alt.c.o
Compiling .pio\build\XIAOS3Plus\lib791\ESP8266Audio\libopus\silk\bwexpander.c.o
Compiling .pio\build\XIAOS3Plus\lib791\ESP8266Audio\libopus\silk\bwexpander_32.c.o
Compiling .pio\build\XIAOS3Plus\lib791\ESP8266Audio\libopus\silk\check_control_input.c.o
Compiling .pio\build\XIAOS3Plus\lib791\ESP8266Audio\libopus\silk\code_signs.c.o
Compiling .pio\build\XIAOS3Plus\lib791\ESP8266Audio\libopus\silk\control_SNR.c.o
Compiling .pio\build\XIAOS3Plus\lib791\ESP8266Audio\libopus\silk\control_audio_bandwidth.c.o
Compiling .pio\build\XIAOS3Plus\lib791\ESP8266Audio\libopus\silk\control_codec.c.o
Compiling .pio\build\XIAOS3Plus\lib791\ESP8266Audio\libopus\silk\debug.c.o
Compiling .pio\build\XIAOS3Plus\lib791\ESP8266Audio\libopus\silk\dec_API.c.o
Compiling .pio\build\XIAOS3Plus\lib791\ESP8266Audio\libopus\silk\decode_core.c.o
Compiling .pio\build\XIAOS3Plus\lib791\ESP8266Audio\libopus\silk\decode_frame.c.o
Compiling .pio\build\XIAOS3Plus\lib791\ESP8266Audio\libopus\silk\decode_indices.c.o
Compiling .pio\build\XIAOS3Plus\lib791\ESP8266Audio\libopus\silk\decode_parameters.c.o
Compiling .pio\build\XIAOS3Plus\lib791\ESP8266Audio\libopus\silk\decode_pitch.c.o
Compiling .pio\build\XIAOS3Plus\lib791\ESP8266Audio\libopus\silk\decode_pulses.c.o
Compiling .pio\build\XIAOS3Plus\lib791\ESP8266Audio\libopus\silk\decoder_set_fs.c.o
Compiling .pio\build\XIAOS3Plus\lib791\ESP8266Audio\libopus\silk\enc_API.c.o
Compiling .pio\build\XIAOS3Plus\lib791\ESP8266Audio\libopus\silk\encode_indices.c.o
Compiling .pio\build\XIAOS3Plus\lib791\ESP8266Audio\libopus\silk\encode_pulses.c.o
Compiling .pio\build\XIAOS3Plus\lib791\ESP8266Audio\libopus\silk\fixed\LTP_analysis_filter_FIX.c.o
Compiling .pio\build\XIAOS3Plus\lib791\ESP8266Audio\libopus\silk\fixed\LTP_scale_ctrl_FIX.c.o
Compiling .pio\build\XIAOS3Plus\lib791\ESP8266Audio\libopus\silk\fixed\apply_sine_window_FIX.c.o
Compiling .pio\build\XIAOS3Plus\lib791\ESP8266Audio\libopus\silk\fixed\autocorr_FIX.c.o
Compiling .pio\build\XIAOS3Plus\lib791\ESP8266Audio\libopus\silk\fixed\burg_modified_FIX.c.o
Compiling .pio\build\XIAOS3Plus\lib791\ESP8266Audio\libopus\silk\fixed\corrMatrix_FIX.c.o
Compiling .pio\build\XIAOS3Plus\lib791\ESP8266Audio\libopus\silk\fixed\encode_frame_FIX.c.o
Compiling .pio\build\XIAOS3Plus\lib791\ESP8266Audio\libopus\silk\fixed\find_LPC_FIX.c.o
Compiling .pio\build\XIAOS3Plus\lib791\ESP8266Audio\libopus\silk\fixed\find_LTP_FIX.c.o
Compiling .pio\build\XIAOS3Plus\lib791\ESP8266Audio\libopus\silk\fixed\find_pitch_lags_FIX.c.o
Compiling .pio\build\XIAOS3Plus\lib791\ESP8266Audio\libopus\silk\fixed\find_pred_coefs_FIX.c.o
Compiling .pio\build\XIAOS3Plus\lib791\ESP8266Audio\libopus\silk\fixed\k2a_FIX.c.o
Compiling .pio\build\XIAOS3Plus\lib791\ESP8266Audio\libopus\silk\fixed\k2a_Q16_FIX.c.o
Compiling .pio\build\XIAOS3Plus\lib791\ESP8266Audio\libopus\silk\fixed\noise_shape_analysis_FIX.c.o
Compiling .pio\build\XIAOS3Plus\lib791\ESP8266Audio\libopus\silk\fixed\pitch_analysis_core_FIX.c.o
Compiling .pio\build\XIAOS3Plus\lib791\ESP8266Audio\libopus\silk\fixed\process_gains_FIX.c.o
Compiling .pio\build\XIAOS3Plus\lib791\ESP8266Audio\libopus\silk\fixed\regularize_correlations_FIX.c.o
Compiling .pio\build\XIAOS3Plus\lib791\ESP8266Audio\libopus\silk\fixed\residual_energy16_FIX.c.o
Compiling .pio\build\XIAOS3Plus\lib791\ESP8266Audio\libopus\silk\fixed\residual_energy_FIX.c.o
Compiling .pio\build\XIAOS3Plus\lib791\ESP8266Audio\libopus\silk\fixed\schur64_FIX.c.o
Compiling .pio\build\XIAOS3Plus\lib791\ESP8266Audio\libopus\silk\fixed\schur_FIX.c.o
Compiling .pio\build\XIAOS3Plus\lib791\ESP8266Audio\libopus\silk\fixed\vector_ops_FIX.c.o
Compiling .pio\build\XIAOS3Plus\lib791\ESP8266Audio\libopus\silk\fixed\warped_autocorrelation_FIX.c.o
Compiling .pio\build\XIAOS3Plus\lib791\ESP8266Audio\libopus\silk\gain_quant.c.o
Compiling .pio\build\XIAOS3Plus\lib791\ESP8266Audio\libopus\silk\init_decoder.c.o
Compiling .pio\build\XIAOS3Plus\lib791\ESP8266Audio\libopus\silk\init_encoder.c.o
Compiling .pio\build\XIAOS3Plus\lib791\ESP8266Audio\libopus\silk\inner_prod_aligned.c.o
Compiling .pio\build\XIAOS3Plus\lib791\ESP8266Audio\libopus\silk\interpolate.c.o
Compiling .pio\build\XIAOS3Plus\lib791\ESP8266Audio\libopus\silk\lin2log.c.o
Compiling .pio\build\XIAOS3Plus\lib791\ESP8266Audio\libopus\silk\log2lin.c.o
Compiling .pio\build\XIAOS3Plus\lib791\ESP8266Audio\libopus\silk\pitch_est_tables.c.o
Compiling .pio\build\XIAOS3Plus\lib791\ESP8266Audio\libopus\silk\process_NLSFs.c.o
Compiling .pio\build\XIAOS3Plus\lib791\ESP8266Audio\libopus\silk\quant_LTP_gains.c.o
Compiling .pio\build\XIAOS3Plus\lib791\ESP8266Audio\libopus\silk\resampler.c.o
Compiling .pio\build\XIAOS3Plus\lib791\ESP8266Audio\libopus\silk\resampler_down2.c.o
Compiling .pio\build\XIAOS3Plus\lib791\ESP8266Audio\libopus\silk\resampler_down2_3.c.o
Compiling .pio\build\XIAOS3Plus\lib791\ESP8266Audio\libopus\silk\resampler_private_AR2.c.o
Compiling .pio\build\XIAOS3Plus\lib791\ESP8266Audio\libopus\silk\resampler_private_IIR_FIR.c.o
Compiling .pio\build\XIAOS3Plus\lib791\ESP8266Audio\libopus\silk\resampler_private_down_FIR.c.o
Compiling .pio\build\XIAOS3Plus\lib791\ESP8266Audio\libopus\silk\resampler_private_up2_HQ.c.o
Compiling .pio\build\XIAOS3Plus\lib791\ESP8266Audio\libopus\silk\resampler_rom.c.o
Compiling .pio\build\XIAOS3Plus\lib791\ESP8266Audio\libopus\silk\shell_coder.c.o
Compiling .pio\build\XIAOS3Plus\lib791\ESP8266Audio\libopus\silk\sigm_Q15.c.o
Compiling .pio\build\XIAOS3Plus\lib791\ESP8266Audio\libopus\silk\sort.c.o
Compiling .pio\build\XIAOS3Plus\lib791\ESP8266Audio\libopus\silk\stereo_LR_to_MS.c.o
Compiling .pio\build\XIAOS3Plus\lib791\ESP8266Audio\libopus\silk\stereo_MS_to_LR.c.o
Compiling .pio\build\XIAOS3Plus\lib791\ESP8266Audio\libopus\silk\stereo_decode_pred.c.o
Compiling .pio\build\XIAOS3Plus\lib791\ESP8266Audio\libopus\silk\stereo_encode_pred.c.o
Compiling .pio\build\XIAOS3Plus\lib791\ESP8266Audio\libopus\silk\stereo_find_predictor.c.o
Compiling .pio\build\XIAOS3Plus\lib791\ESP8266Audio\libopus\silk\stereo_quant_pred.c.o
Compiling .pio\build\XIAOS3Plus\lib791\ESP8266Audio\libopus\silk\sum_sqr_shift.c.o
Compiling .pio\build\XIAOS3Plus\lib791\ESP8266Audio\libopus\silk\table_LSF_cos.c.o
Compiling .pio\build\XIAOS3Plus\lib791\ESP8266Audio\libopus\silk\tables_LTP.c.o
Compiling .pio\build\XIAOS3Plus\lib791\ESP8266Audio\libopus\silk\tables_NLSF_CB_NB_MB.c.o
Compiling .pio\build\XIAOS3Plus\lib791\ESP8266Audio\libopus\silk\tables_NLSF_CB_WB.c.o
Compiling .pio\build\XIAOS3Plus\lib791\ESP8266Audio\libopus\silk\tables_gain.c.o
Compiling .pio\build\XIAOS3Plus\lib791\ESP8266Audio\libopus\silk\tables_other.c.o
Compiling .pio\build\XIAOS3Plus\lib791\ESP8266Audio\libopus\silk\tables_pitch_lag.c.o
Compiling .pio\build\XIAOS3Plus\lib791\ESP8266Audio\libopus\silk\tables_pulses_per_block.c.o
Compiling .pio\build\XIAOS3Plus\lib791\ESP8266Audio\opusfile\info.c.o
Compiling .pio\build\XIAOS3Plus\lib791\ESP8266Audio\opusfile\internal.c.o
Compiling .pio\build\XIAOS3Plus\lib791\ESP8266Audio\opusfile\opusfile.c.o
Compiling .pio\build\XIAOS3Plus\lib791\ESP8266Audio\opusfile\stream.c.o
Compiling .pio\build\XIAOS3Plus\lib3da\BUZZER\buzzer.cpp.o
Compiling .pio\build\XIAOS3Plus\lib754\LED\led.cpp.o
Compiling .pio\build\XIAOS3Plus\libd06\RX5808\RX5808.cpp.o
Archiving .pio\build\XIAOS3Plus\lib791\libESP8266Audio.a
Compiling .pio\build\XIAOS3Plus\lib012\BATTERY\battery.cpp.o
Compiling .pio\build\XIAOS3Plus\lib4a2\STORAGE\storage.cpp.o
Compiling .pio\build\XIAOS3Plus\libdd1\EEPROM\EEPROM.cpp.o
Archiving .pio\build\XIAOS3Plus\lib754\libLED.a
Compiling .pio\build\XIAOS3Plus\libb09\CONFIG\config.cpp.o
Compiling .pio\build\XIAOS3Plus\lib6ca\AUDIO\audio.cpp.o
Compiling .pio\build\XIAOS3Plus\lib2a2\ELRS_BACKPACK\elrs_backpack_espnow.cpp.o
Archiving .pio\build\XIAOS3Plus\lib3da\libBUZZER.a
Archiving .pio\build\XIAOS3Plus\lib012\libBATTERY.a
Compiling .pio\build\XIAOS3Plus\lib2a2\ELRS_BACKPACK\elrs_bind_uid.cpp.o
Compiling .pio\build\XIAOS3Plus\lib2a2\ELRS_BACKPACK\msp.cpp.o
Compiling .pio\build\XIAOS3Plus\lib2c2\POWER\power.cpp.o
Compiling .pio\build\XIAOS3Plus\libda4\Wire\Wire.cpp.o
Archiving .pio\build\XIAOS3Plus\libdd1\libEEPROM.a
Compiling .pio\build\XIAOS3Plus\lib292\QMI8658\qmi8658.cpp.o
Archiving .pio\build\XIAOS3Plus\libd06\libRX5808.a
Compiling .pio\build\XIAOS3Plus\lib78a\RACEHISTORY\racehistory.cpp.o
Archiving .pio\build\XIAOS3Plus\lib4a2\libSTORAGE.a
Compiling .pio\build\XIAOS3Plus\libf9b\RGBLED\rgbled.cpp.o
Archiving .pio\build\XIAOS3Plus\lib2a2\libELRS_BACKPACK.a
Archiving .pio\build\XIAOS3Plus\libda4\libWire.a
Archiving .pio\build\XIAOS3Plus\lib6ca\libAUDIO.a
Archiving .pio\build\XIAOS3Plus\lib2c2\libPOWER.a
Compiling .pio\build\XIAOS3Plus\lib28e\ROTORHAZARD\rotorhazard.cpp.o
Archiving .pio\build\XIAOS3Plus\libb09\libCONFIG.a
Compiling .pio\build\XIAOS3Plus\lib50d\KALMAN\kalman.cpp.o
Compiling .pio\build\XIAOS3Plus\libd9e\TRACKMANAGER\trackmanager.cpp.o
Archiving .pio\build\XIAOS3Plus\lib50d\libKALMAN.a
Archiving .pio\build\XIAOS3Plus\lib292\libQMI8658.a
Compiling .pio\build\XIAOS3Plus\libd8f\WEBHOOK\webhook.cpp.o
Compiling .pio\build\XIAOS3Plus\libdbd\LAPTIMER\laptimer.cpp.o
Compiling .pio\build\XIAOS3Plus\lib536\USB\usb.cpp.o
Archiving .pio\build\XIAOS3Plus\libd8f\libWEBHOOK.a
Archiving .pio\build\XIAOS3Plus\lib28e\libROTORHAZARD.a
Archiving .pio\build\XIAOS3Plus\lib78a\libRACEHISTORY.a
Compiling .pio\build\XIAOS3Plus\libb72\SELFTEST\selftest.cpp.o
Archiving .pio\build\XIAOS3Plus\libf9b\libRGBLED.a
Compiling .pio\build\XIAOS3Plus\libebf\DNSServer\DNSServer.cpp.o
Compiling .pio\build\XIAOS3Plus\libc71\ESPmDNS\ESPmDNS.cpp.o
Archiving .pio\build\XIAOS3Plus\libd9e\libTRACKMANAGER.a
Compiling .pio\build\XIAOS3Plus\libdd9\WEBSERVER\webserver.cpp.o
Archiving .pio\build\XIAOS3Plus\libebf\libDNSServer.a
Archiving .pio\build\XIAOS3Plus\libdbd\libLAPTIMER.a
lib/USB/usb.cpp: In member function 'void USBTransport::processCommand(const char*)':
lib/USB/usb.cpp:151:71: warning: 'ArduinoJson::V720PB22::detail::enable_if_t<ArduinoJson::V720PB22::detail::IsString<TChar*>::value, bool> ArduinoJson::V720PB22::detail::VariantRefBase<TDerived>::containsKey(TChar*) const [with TChar = const char; TDerived = 
ArduinoJson::V720PB22::detail::MemberProxy<ArduinoJson::V720PB22::JsonDocument&, const char*>; ArduinoJson::V720PB22::detail::enable_if_t<ArduinoJson::V720PB22::detail::IsString<TChar*>::value, bool> = bool]' is deprecated: use obj["key"].is<T>() instead [-Wdeprecated-declarations]
         if (!doc["data"].isNull() && doc["data"].containsKey("lapTime")) {
                                                                       ^
In file included from .pio/libdeps/XIAOS3Plus/ArduinoJson/src/ArduinoJson.hpp:46,
                 from .pio/libdeps/XIAOS3Plus/ArduinoJson/src/ArduinoJson.h:9,
                 from lib/CONFIG/config.h:4,
                 from lib/USB/usb.h:28,
                 from lib/USB/usb.cpp:1:
.pio/libdeps/XIAOS3Plus/ArduinoJson/src/ArduinoJson/Variant/VariantRefBaseImpl.hpp:89:1: note: declared here
 VariantRefBase<TDerived>::containsKey(TChar* key) const {
 ^~~~~~~~~~~~~~~~~~~~~~~~
lib/USB/usb.cpp:244:70: warning: 'ArduinoJson::V720PB22::detail::enable_if_t<ArduinoJson::V720PB22::detail::IsString<TChar*>::value, bool> ArduinoJson::V720PB22::detail::VariantRefBase<TDerived>::containsKey(TChar*) const [with TChar = const char; TDerived = 
ArduinoJson::V720PB22::detail::MemberProxy<ArduinoJson::V720PB22::JsonDocument&, const char*>; ArduinoJson::V720PB22::detail::enable_if_t<ArduinoJson::V720PB22::detail::IsString<TChar*>::value, bool> = bool]' is deprecated: use obj["key"].is<T>() instead [-Wdeprecated-declarations]
         if (!doc["data"].isNull() && doc["data"].containsKey("preset")) {
                                                                      ^
In file included from .pio/libdeps/XIAOS3Plus/ArduinoJson/src/ArduinoJson.hpp:46,
                 from .pio/libdeps/XIAOS3Plus/ArduinoJson/src/ArduinoJson.h:9,
                 from lib/CONFIG/config.h:4,
                 from lib/USB/usb.h:28,
                 from lib/USB/usb.cpp:1:
.pio/libdeps/XIAOS3Plus/ArduinoJson/src/ArduinoJson/Variant/VariantRefBaseImpl.hpp:89:1: note: declared here
 VariantRefBase<TDerived>::containsKey(TChar* key) const {
 ^~~~~~~~~~~~~~~~~~~~~~~~
lib/USB/usb.cpp:261:69: warning: 'ArduinoJson::V720PB22::detail::enable_if_t<ArduinoJson::V720PB22::detail::IsString<TChar*>::value, bool> ArduinoJson::V720PB22::detail::VariantRefBase<TDerived>::containsKey(TChar*) const [with TChar = const char; TDerived = 
ArduinoJson::V720PB22::detail::MemberProxy<ArduinoJson::V720PB22::JsonDocument&, const char*>; ArduinoJson::V720PB22::detail::enable_if_t<ArduinoJson::V720PB22::detail::IsString<TChar*>::value, bool> = bool]' is deprecated: use obj["key"].is<T>() instead [-Wdeprecated-declarations]
         if (!doc["data"].isNull() && doc["data"].containsKey("color")) {
                                                                     ^
In file included from .pio/libdeps/XIAOS3Plus/ArduinoJson/src/ArduinoJson.hpp:46,
                 from .pio/libdeps/XIAOS3Plus/ArduinoJson/src/ArduinoJson.h:9,
                 from lib/CONFIG/config.h:4,
                 from lib/USB/usb.h:28,
                 from lib/USB/usb.cpp:1:
.pio/libdeps/XIAOS3Plus/ArduinoJson/src/ArduinoJson/Variant/VariantRefBaseImpl.hpp:89:1: note: declared here
 VariantRefBase<TDerived>::containsKey(TChar* key) const {
 ^~~~~~~~~~~~~~~~~~~~~~~~
lib/USB/usb.cpp:279:74: warning: 'ArduinoJson::V720PB22::detail::enable_if_t<ArduinoJson::V720PB22::detail::IsString<TChar*>::value, bool> ArduinoJson::V720PB22::detail::VariantRefBase<TDerived>::containsKey(TChar*) const [with TChar = const char; TDerived = 
ArduinoJson::V720PB22::detail::MemberProxy<ArduinoJson::V720PB22::JsonDocument&, const char*>; ArduinoJson::V720PB22::detail::enable_if_t<ArduinoJson::V720PB22::detail::IsString<TChar*>::value, bool> = bool]' is deprecated: use obj["key"].is<T>() instead [-Wdeprecated-declarations]
         if (!doc["data"].isNull() && doc["data"].containsKey("brightness")) {
                                                                          ^
In file included from .pio/libdeps/XIAOS3Plus/ArduinoJson/src/ArduinoJson.hpp:46,
                 from .pio/libdeps/XIAOS3Plus/ArduinoJson/src/ArduinoJson.h:9,
                 from lib/CONFIG/config.h:4,
                 from lib/USB/usb.h:28,
                 from lib/USB/usb.cpp:1:
.pio/libdeps/XIAOS3Plus/ArduinoJson/src/ArduinoJson/Variant/VariantRefBaseImpl.hpp:89:1: note: declared here
 VariantRefBase<TDerived>::containsKey(TChar* key) const {
 ^~~~~~~~~~~~~~~~~~~~~~~~
lib/USB/usb.cpp:296:69: warning: 'ArduinoJson::V720PB22::detail::enable_if_t<ArduinoJson::V720PB22::detail::IsString<TChar*>::value, bool> ArduinoJson::V720PB22::detail::VariantRefBase<TDerived>::containsKey(TChar*) const [with TChar = const char; TDerived = 
ArduinoJson::V720PB22::detail::MemberProxy<ArduinoJson::V720PB22::JsonDocument&, const char*>; ArduinoJson::V720PB22::detail::enable_if_t<ArduinoJson::V720PB22::detail::IsString<TChar*>::value, bool> = bool]' is deprecated: use obj["key"].is<T>() instead [-Wdeprecated-declarations]
         if (!doc["data"].isNull() && doc["data"].containsKey("speed")) {
                                                                     ^
In file included from .pio/libdeps/XIAOS3Plus/ArduinoJson/src/ArduinoJson.hpp:46,
                 from .pio/libdeps/XIAOS3Plus/ArduinoJson/src/ArduinoJson.h:9,
                 from lib/CONFIG/config.h:4,
                 from lib/USB/usb.h:28,
                 from lib/USB/usb.cpp:1:
.pio/libdeps/XIAOS3Plus/ArduinoJson/src/ArduinoJson/Variant/VariantRefBaseImpl.hpp:89:1: note: declared here
 VariantRefBase<TDerived>::containsKey(TChar* key) const {
 ^~~~~~~~~~~~~~~~~~~~~~~~
lib/USB/usb.cpp:313:70: warning: 'ArduinoJson::V720PB22::detail::enable_if_t<ArduinoJson::V720PB22::detail::IsString<TChar*>::value, bool> ArduinoJson::V720PB22::detail::VariantRefBase<TDerived>::containsKey(TChar*) const [with TChar = const char; TDerived = 
ArduinoJson::V720PB22::detail::MemberProxy<ArduinoJson::V720PB22::JsonDocument&, const char*>; ArduinoJson::V720PB22::detail::enable_if_t<ArduinoJson::V720PB22::detail::IsString<TChar*>::value, bool> = bool]' is deprecated: use obj["key"].is<T>() instead [-Wdeprecated-declarations]
         if (!doc["data"].isNull() && doc["data"].containsKey("enable")) {
                                                                      ^
In file included from .pio/libdeps/XIAOS3Plus/ArduinoJson/src/ArduinoJson.hpp:46,
                 from .pio/libdeps/XIAOS3Plus/ArduinoJson/src/ArduinoJson.h:9,
                 from lib/CONFIG/config.h:4,
                 from lib/USB/usb.h:28,
                 from lib/USB/usb.cpp:1:
.pio/libdeps/XIAOS3Plus/ArduinoJson/src/ArduinoJson/Variant/VariantRefBaseImpl.hpp:89:1: note: declared here
 VariantRefBase<TDerived>::containsKey(TChar* key) const {
 ^~~~~~~~~~~~~~~~~~~~~~~~
lib/USB/usb.cpp:330:69: warning: 'ArduinoJson::V720PB22::detail::enable_if_t<ArduinoJson::V720PB22::detail::IsString<TChar*>::value, bool> ArduinoJson::V720PB22::detail::VariantRefBase<TDerived>::containsKey(TChar*) const [with TChar = const char; TDerived = 
ArduinoJson::V720PB22::detail::MemberProxy<ArduinoJson::V720PB22::JsonDocument&, const char*>; ArduinoJson::V720PB22::detail::enable_if_t<ArduinoJson::V720PB22::detail::IsString<TChar*>::value, bool> = bool]' is deprecated: use obj["key"].is<T>() instead [-Wdeprecated-declarations]
         if (!doc["data"].isNull() && doc["data"].containsKey("color")) {
                                                                     ^
In file included from .pio/libdeps/XIAOS3Plus/ArduinoJson/src/ArduinoJson.hpp:46,
                 from .pio/libdeps/XIAOS3Plus/ArduinoJson/src/ArduinoJson.h:9,
                 from lib/CONFIG/config.h:4,
                 from lib/USB/usb.h:28,
                 from lib/USB/usb.cpp:1:
.pio/libdeps/XIAOS3Plus/ArduinoJson/src/ArduinoJson/Variant/VariantRefBaseImpl.hpp:89:1: note: declared here
 VariantRefBase<TDerived>::containsKey(TChar* key) const {
 ^~~~~~~~~~~~~~~~~~~~~~~~
lib/USB/usb.cpp:348:69: warning: 'ArduinoJson::V720PB22::detail::enable_if_t<ArduinoJson::V720PB22::detail::IsString<TChar*>::value, bool> ArduinoJson::V720PB22::detail::VariantRefBase<TDerived>::containsKey(TChar*) const [with TChar = const char; TDerived = 
ArduinoJson::V720PB22::detail::MemberProxy<ArduinoJson::V720PB22::JsonDocument&, const char*>; ArduinoJson::V720PB22::detail::enable_if_t<ArduinoJson::V720PB22::detail::IsString<TChar*>::value, bool> = bool]' is deprecated: use obj["key"].is<T>() instead [-Wdeprecated-declarations]
         if (!doc["data"].isNull() && doc["data"].containsKey("color")) {
                                                                     ^
In file included from .pio/libdeps/XIAOS3Plus/ArduinoJson/src/ArduinoJson.hpp:46,
                 from .pio/libdeps/XIAOS3Plus/ArduinoJson/src/ArduinoJson.h:9,
                 from lib/CONFIG/config.h:4,
                 from lib/USB/usb.h:28,
                 from lib/USB/usb.cpp:1:
.pio/libdeps/XIAOS3Plus/ArduinoJson/src/ArduinoJson/Variant/VariantRefBaseImpl.hpp:89:1: note: declared here
 VariantRefBase<TDerived>::containsKey(TChar* key) const {
 ^~~~~~~~~~~~~~~~~~~~~~~~
Compiling .pio\build\XIAOS3Plus\FrameworkArduino\Esp.cpp.o
Compiling .pio\build\XIAOS3Plus\FrameworkArduino\FirmwareMSC.cpp.o
Compiling .pio\build\XIAOS3Plus\FrameworkArduino\FunctionalInterrupt.cpp.o
Compiling .pio\build\XIAOS3Plus\FrameworkArduino\HWCDC.cpp.o
Compiling .pio\build\XIAOS3Plus\FrameworkArduino\HardwareSerial.cpp.o
Compiling .pio\build\XIAOS3Plus\FrameworkArduino\IPAddress.cpp.o
Compiling .pio\build\XIAOS3Plus\FrameworkArduino\IPv6Address.cpp.o
Compiling .pio\build\XIAOS3Plus\FrameworkArduino\MD5Builder.cpp.o
Compiling .pio\build\XIAOS3Plus\FrameworkArduino\Print.cpp.o
Compiling .pio\build\XIAOS3Plus\FrameworkArduino\Stream.cpp.o
Compiling .pio\build\XIAOS3Plus\FrameworkArduino\StreamString.cpp.o
Compiling .pio\build\XIAOS3Plus\FrameworkArduino\Tone.cpp.o
Archiving .pio\build\XIAOS3Plus\libc71\libESPmDNS.a
Compiling .pio\build\XIAOS3Plus\FrameworkArduino\USB.cpp.o
Compiling .pio\build\XIAOS3Plus\FrameworkArduino\USBCDC.cpp.o
Compiling .pio\build\XIAOS3Plus\FrameworkArduino\USBMSC.cpp.o
Compiling .pio\build\XIAOS3Plus\FrameworkArduino\WMath.cpp.o
Compiling .pio\build\XIAOS3Plus\FrameworkArduino\WString.cpp.o
Compiling .pio\build\XIAOS3Plus\FrameworkArduino\base64.cpp.o
Compiling .pio\build\XIAOS3Plus\FrameworkArduino\cbuf.cpp.o
Compiling .pio\build\XIAOS3Plus\FrameworkArduino\esp32-hal-adc.c.o
Compiling .pio\build\XIAOS3Plus\FrameworkArduino\esp32-hal-bt.c.o
Compiling .pio\build\XIAOS3Plus\FrameworkArduino\esp32-hal-cpu.c.o
Compiling .pio\build\XIAOS3Plus\FrameworkArduino\esp32-hal-dac.c.o
Compiling .pio\build\XIAOS3Plus\FrameworkArduino\esp32-hal-gpio.c.o
Compiling .pio\build\XIAOS3Plus\FrameworkArduino\esp32-hal-i2c-slave.c.o
Compiling .pio\build\XIAOS3Plus\FrameworkArduino\esp32-hal-i2c.c.o
Compiling .pio\build\XIAOS3Plus\FrameworkArduino\esp32-hal-ledc.c.o
Compiling .pio\build\XIAOS3Plus\FrameworkArduino\esp32-hal-matrix.c.o
Compiling .pio\build\XIAOS3Plus\FrameworkArduino\esp32-hal-misc.c.o
Compiling .pio\build\XIAOS3Plus\FrameworkArduino\esp32-hal-psram.c.o
Compiling .pio\build\XIAOS3Plus\FrameworkArduino\esp32-hal-rgb-led.c.o
Compiling .pio\build\XIAOS3Plus\FrameworkArduino\esp32-hal-rmt.c.o
Compiling .pio\build\XIAOS3Plus\FrameworkArduino\esp32-hal-sigmadelta.c.o
Compiling .pio\build\XIAOS3Plus\FrameworkArduino\esp32-hal-spi.c.o
Archiving .pio\build\XIAOS3Plus\lib536\libUSB.a
Compiling .pio\build\XIAOS3Plus\FrameworkArduino\esp32-hal-time.c.o
Archiving .pio\build\XIAOS3Plus\libb72\libSELFTEST.a
Compiling .pio\build\XIAOS3Plus\FrameworkArduino\esp32-hal-timer.c.o
Compiling .pio\build\XIAOS3Plus\FrameworkArduino\esp32-hal-tinyusb.c.o
Compiling .pio\build\XIAOS3Plus\FrameworkArduino\esp32-hal-touch.c.o
Compiling .pio\build\XIAOS3Plus\FrameworkArduino\esp32-hal-uart.c.o
Compiling .pio\build\XIAOS3Plus\FrameworkArduino\firmware_msc_fat.c.o
Compiling .pio\build\XIAOS3Plus\FrameworkArduino\libb64\cdecode.c.o
Compiling .pio\build\XIAOS3Plus\FrameworkArduino\libb64\cencode.c.o
Compiling .pio\build\XIAOS3Plus\FrameworkArduino\main.cpp.o
Compiling .pio\build\XIAOS3Plus\FrameworkArduino\stdlib_noniso.c.o
Compiling .pio\build\XIAOS3Plus\FrameworkArduino\wiring_pulse.c.o
Compiling .pio\build\XIAOS3Plus\FrameworkArduino\wiring_shift.c.o
Archiving .pio\build\XIAOS3Plus\libFrameworkArduino.a
Archiving .pio\build\XIAOS3Plus\libdd9\libWEBSERVER.a
Linking .pio\build\XIAOS3Plus\firmware.elf
Retrieving maximum program size .pio\build\XIAOS3Plus\firmware.elf
Checking size .pio\build\XIAOS3Plus\firmware.elf
Advanced Memory Usage is available via "PlatformIO Home > Project Inspect"
RAM:   [==        ]  23.6% (used 77472 bytes from 327680 bytes)
Flash: [====      ]  40.7% (used 1279977 bytes from 3145728 bytes)
Building .pio\build\XIAOS3Plus\firmware.bin
esptool.py v4.5.1
Creating esp32s3 image...
Merged 2 ELF sections
Successfully created esp32s3 image.
========================= [SUCCESS] Took 76.99 seconds =========================

Environment           Status    Duration
--------------------  --------  ------------
ESP32S3               SUCCESS   00:01:12.232
ESP32S3SuperMini      SUCCESS   00:01:18.789
LilyGOTEnergyS3       SUCCESS   00:01:22.875
SeeedXIAOESP32S3      SUCCESS   00:01:29.857
WaveshareESP32S3LCD2  SUCCESS   00:02:54.289
FPVGateAIO            SUCCESS   00:01:53.520
XIAOS3Plus            SUCCESS   00:01:16.986
========================= 7 succeeded in 00:11:28.550 =========================
